[ttw 2026-10-10T07:29:59-0700] WARNING: devrun (--timeout / ttw.toml timeout_s) timeout=540s is over the 400s reservation limit — RUNNING IT ANYWAY.
[ttw 2026-10-10T07:29:59-0700]   timeout_sec IS the reservation: a crash squats on the shared device for the full 540s.
[ttw 2026-10-10T07:29:59-0700]   FIX THE RUN — never skip it, never just raise the number. Two levers:
[ttw 2026-10-10T07:29:59-0700]   (a) MOVE WORK OFF THE RESERVATION (it carries device compute only):
[ttw 2026-10-10T07:29:59-0700]       cold JIT compile       -> tt_metal/tools/kernel_prewarm/prewarm_and_submit.sh
[ttw 2026-10-10T07:29:59-0700]       profiler post-process  -> capture with 'tracy -p' only; process_ops_logs.py on the host
[ttw 2026-10-10T07:29:59-0700]       CPU reference / PCC    -> run the oracle off-reservation
[ttw 2026-10-10T07:29:59-0700]   (b) CHUNK IT — each chunk lands under the limit, and ALL the work still runs:
[ttw 2026-10-10T07:29:59-0700]       monolithic pipeline    -> one capture per stage/block, stitch off-device
[ttw 2026-10-10T07:29:59-0700]       long sweep             -> several shorter jobs
[ttw 2026-10-10T07:29:59-0700]       untraced/eager gen     -> the traced/warm path
[ttw 2026-10-10T07:29:59-0700]   Proceeding with this run. Size the next from the MEASURED device-held time (aim <=400s).
================ BUILD ID ================
  cpp : #124 sha=9ab1d227 bin=b0dbf1ab0138655a t479 8f35a2ea chunk cull profile (yyzo-bh-04)
  data: # sha=
=========================================
host=yyzo-bh-04  tag=t479-Toff  timeout=540s  worry=600s  ts=2026-10-10T07:30:00-0700
cmd: T=/localdev/smarton/gstt2-t479 bash /localdev/smarton/gstt2-t479/docs/chunk-cull-t479/remote_tracy.sh 0 off ''
-----------------------------------------
=== tracy off c0 8f35a2ea 14:30:00
tracy off c0 rc=0 14:30:19
MATBLEND_PROGRAM fz=1 zerocopy=1 pinned=1 frame=0
SUMMARY scene=bicycle hero='hero' hero_vs_ref=nandB(8bit-vs-golden) hero_vs_cpu=nandB(float-vs-cpu) avg_frame_ms=130.9 p50_ms=9.9 min_ms=8.2 max_ms=1221.8 n_views=10 warmup_s=11.2 out=/localdev/smarton/gstt2-t479/tmp/t479-off-T0
STAGES n=10 head=0.002 project=2.856 tile_assign=0.005 sort=0.479 blend_setup=0.000 mat=0.000 cull=0.000 blend=6.427 d2h=0.003 assemble=0.000 tail=121.037 xview=0.041 | sum=130.850 view_total=130.851 resid_in_view=+0.001 avg_frame_ms=130.884 resid_vs_frame=+0.034 xview_hits=9 xview_misses=0
SORT_STAGES n=10 pread=0.001 bin_count=0.000 bin_hist_d2h=0.000 bin_layout=0.041 upload=0.000 bin_emit=0.193 kernel=0.000 d2h=0.000 compact=0.000 publish_host=0.144 publish_wait=0.000 mat=0.035 | sum=0.415 sort=0.479 resid=+0.064
XVIEW_HITS c0 9/10
device csv c0 rows 216610 mj_zones 0
[ttw] log: /Users/smarton/dev/gsplat_tt/tt-project/worktrees/t479/tmp/ttw-state/logs/t479-Toff-20261010-073000.log
