================ BUILD ID ================
  cpp : #124 sha=811121cd bin=184a6e6c74eb292a t485 811121cd b2b out ring (yyzo-bh-04)
  data: # sha=
=========================================
host=yyzo-bh-04  tag=t485-r5-A  timeout=380s  worry=600s  ts=2026-10-10T08:25:23-0700
cmd: T=/localdev/smarton/gstt2-t483 bash /localdev/smarton/gstt2-t483/docs/out-ring-t485/remote.sh 5 b2b A
-----------------------------------------
=== r5-b2b-A 811121c 15:25:23 load=2.99
run rc=0 out_ring_new_slots=578 last: OUT_RING new pinned slot (slots=4 grows=4 replaced=573)
[DEV] dispatch worker (worker), command queues 2, compute grid 11x10
B2B_STAGES pass=0 views=30 gap_ms=0.00 t_end=1791645926.875 period=9.482 render=9.482 py_resid=0.032 head=0.002 project=2.482 tile_assign=0.003 sort=1.099 blend_setup=0.000 mat=0.000 cull=0.000 blend=5.811 d2h=0.004 assemble=0.000 tail=0.003 xview=0.044 view_total=9.449 sort_pread=0.001 sort_bin_count=0.000 sort_bin_hist_d2h=0.000 sort_bin_layout=0.041 sort_upload=0.000 sort_bin_emit=0.323 sort_ke
B2B_STAGES pass=1 views=30 gap_ms=0.00 t_end=1791645927.262 period=9.417 render=9.417 py_resid=0.033 head=0.002 project=2.419 tile_assign=0.002 sort=0.719 blend_setup=0.000 mat=0.000 cull=0.000 blend=6.190 d2h=0.004 assemble=0.000 tail=0.003 xview=0.044 view_total=9.384 sort_pread=0.001 sort_bin_count=0.000 sort_bin_hist_d2h=0.000 sort_bin_layout=0.041 sort_upload=0.000 sort_bin_emit=0.168 sort_ke
B2B_STAGES pass=2 views=30 gap_ms=0.00 t_end=1791645927.638 period=9.418 render=9.418 py_resid=0.034 head=0.002 project=2.417 tile_assign=0.002 sort=0.552 blend_setup=0.000 mat=0.000 cull=0.000 blend=6.358 d2h=0.004 assemble=0.000 tail=0.003 xview=0.045 view_total=9.383 sort_pread=0.001 sort_bin_count=0.000 sort_bin_hist_d2h=0.000 sort_bin_layout=0.041 sort_upload=0.000 sort_bin_emit=0.171 sort_ke
B2B_STAGES pass=3 views=30 gap_ms=0.00 t_end=1791645928.013 period=9.413 render=9.413 py_resid=0.031 head=0.002 project=2.414 tile_assign=0.002 sort=0.699 blend_setup=0.000 mat=0.000 cull=0.000 blend=6.215 d2h=0.004 assemble=0.000 tail=0.003 xview=0.043 view_total=9.382 sort_pread=0.001 sort_bin_count=0.000 sort_bin_hist_d2h=0.000 sort_bin_layout=0.040 sort_upload=0.000 sort_bin_emit=0.169 sort_ke
B2B_STAGES pass=4 views=30 gap_ms=0.00 t_end=1791645928.388 period=9.406 render=9.406 py_resid=0.032 head=0.002 project=2.419 tile_assign=0.002 sort=0.576 blend_setup=0.000 mat=0.000 cull=0.000 blend=6.323 d2h=0.004 assemble=0.000 tail=0.003 xview=0.044 view_total=9.373 sort_pread=0.001 sort_bin_count=0.000 sort_bin_hist_d2h=0.000 sort_bin_layout=0.041 sort_upload=0.000 sort_bin_emit=0.171 sort_ke
B2B_STAGES pass=5 views=30 gap_ms=0.00 t_end=1791645928.763 period=9.423 render=9.423 py_resid=0.033 head=0.002 project=2.421 tile_assign=0.002 sort=0.626 blend_setup=0.000 mat=0.000 cull=0.000 blend=6.286 d2h=0.004 assemble=0.000 tail=0.003 xview=0.045 view_total=9.389 sort_pread=0.001 sort_bin_count=0.000 sort_bin_hist_d2h=0.000 sort_bin_layout=0.041 sort_upload=0.000 sort_bin_emit=0.170 sort_ke
B2B_STAGES pass=6 views=30 gap_ms=0.00 t_end=1791645929.139 period=9.410 render=9.410 py_resid=0.033 head=0.002 project=2.420 tile_assign=0.002 sort=0.570 blend_setup=0.000 mat=0.000 cull=0.000 blend=6.332 d2h=0.004 assemble=0.000 tail=0.003 xview=0.045 view_total=9.378 sort_pread=0.001 sort_bin_count=0.000 sort_bin_hist_d2h=0.000 sort_bin_layout=0.043 sort_upload=0.000 sort_bin_emit=0.177 sort_ke
B2B_STAGES pass=7 views=30 gap_ms=0.00 t_end=1791645929.525 period=9.411 render=9.411 py_resid=0.034 head=0.002 project=2.422 tile_assign=0.002 sort=0.613 blend_setup=0.000 mat=0.000 cull=0.000 blend=6.284 d2h=0.004 assemble=0.000 tail=0.003 xview=0.046 view_total=9.377 sort_pread=0.001 sort_bin_count=0.000 sort_bin_hist_d2h=0.000 sort_bin_layout=0.044 sort_upload=0.000 sort_bin_emit=0.179 sort_ke
B2B_STAGES pass=8 views=30 gap_ms=0.00 t_end=1791645929.910 period=9.405 render=9.405 py_resid=0.033 head=0.002 project=2.419 tile_assign=0.002 sort=0.558 blend_setup=0.000 mat=0.000 cull=0.000 blend=6.340 d2h=0.004 assemble=0.000 tail=0.003 xview=0.045 view_total=9.372 sort_pread=0.001 sort_bin_count=0.000 sort_bin_hist_d2h=0.000 sort_bin_layout=0.041 sort_upload=0.000 sort_bin_emit=0.172 sort_ke
B2B_STAGES pass=9 views=30 gap_ms=0.00 t_end=1791645930.296 period=9.408 render=9.408 py_resid=0.033 head=0.002 project=2.416 tile_assign=0.002 sort=0.613 blend_setup=0.000 mat=0.000 cull=0.000 blend=6.290 d2h=0.004 assemble=0.000 tail=0.003 xview=0.045 view_total=9.374 sort_pread=0.001 sort_bin_count=0.000 sort_bin_hist_d2h=0.000 sort_bin_layout=0.041 sort_upload=0.000 sort_bin_emit=0.170 sort_ke
B2B_STAGES pass=10 views=30 gap_ms=0.00 t_end=1791645930.682 period=9.408 render=9.408 py_resid=0.033 head=0.002 project=2.416 tile_assign=0.002 sort=0.551 blend_setup=0.000 mat=0.000 cull=0.000 blend=6.354 d2h=0.004 assemble=0.000 tail=0.003 xview=0.044 view_total=9.375 sort_pread=0.001 sort_bin_count=0.000 sort_bin_hist_d2h=0.000 sort_bin_layout=0.041 sort_upload=0.000 sort_bin_emit=0.170 sort_k
B2B_STAGES pass=11 views=30 gap_ms=0.00 t_end=1791645931.057 period=9.401 render=9.401 py_resid=0.034 head=0.002 project=2.421 tile_assign=0.002 sort=0.621 blend_setup=0.000 mat=0.000 cull=0.000 blend=6.268 d2h=0.004 assemble=0.000 tail=0.003 xview=0.047 view_total=9.368 sort_pread=0.001 sort_bin_count=0.000 sort_bin_hist_d2h=0.000 sort_bin_layout=0.049 sort_upload=0.000 sort_bin_emit=0.195 sort_k
B2B_STAGES pass=12 views=30 gap_ms=0.00 t_end=1791645931.431 period=9.395 render=9.395 py_resid=0.033 head=0.002 project=2.418 tile_assign=0.002 sort=0.611 blend_setup=0.000 mat=0.000 cull=0.000 blend=6.276 d2h=0.004 assemble=0.000 tail=0.003 xview=0.045 view_total=9.362 sort_pread=0.001 sort_bin_count=0.000 sort_bin_hist_d2h=0.000 sort_bin_layout=0.048 sort_upload=0.000 sort_bin_emit=0.190 sort_k
B2B_STAGES pass=13 views=30 gap_ms=0.00 t_end=1791645931.807 period=9.409 render=9.409 py_resid=0.036 head=0.002 project=2.428 tile_assign=0.002 sort=0.625 blend_setup=0.000 mat=0.000 cull=0.000 blend=6.262 d2h=0.004 assemble=0.000 tail=0.003 xview=0.045 view_total=9.373 sort_pread=0.001 sort_bin_count=0.000 sort_bin_hist_d2h=0.000 sort_bin_layout=0.049 sort_upload=0.000 sort_bin_emit=0.198 sort_k
B2B_STAGES pass=14 views=30 gap_ms=0.00 t_end=1791645932.182 period=9.408 render=9.408 py_resid=0.036 head=0.002 project=2.424 tile_assign=0.002 sort=0.619 blend_setup=0.000 mat=0.000 cull=0.000 blend=6.270 d2h=0.004 assemble=0.000 tail=0.003 xview=0.047 view_total=9.372 sort_pread=0.001 sort_bin_count=0.000 sort_bin_hist_d2h=0.000 sort_bin_layout=0.049 sort_upload=0.000 sort_bin_emit=0.198 sort_k
B2B_STAGES pass=15 views=30 gap_ms=0.00 t_end=1791645932.557 period=9.409 render=9.409 py_resid=0.041 head=0.002 project=2.420 tile_assign=0.003 sort=0.665 blend_setup=0.000 mat=0.000 cull=0.000 blend=6.220 d2h=0.004 assemble=0.000 tail=0.003 xview=0.050 view_total=9.368 sort_pread=0.001 sort_bin_count=0.000 sort_bin_hist_d2h=0.000 sort_bin_layout=0.052 sort_upload=0.000 sort_bin_emit=0.209 sort_k
B2B_STAGES pass=16 views=30 gap_ms=0.00 t_end=1791645932.942 period=9.403 render=9.403 py_resid=0.036 head=0.002 project=2.425 tile_assign=0.002 sort=0.675 blend_setup=0.000 mat=0.000 cull=0.000 blend=6.201 d2h=0.004 assemble=0.000 tail=0.003 xview=0.052 view_total=9.367 sort_pread=0.001 sort_bin_count=0.000 sort_bin_hist_d2h=0.000 sort_bin_layout=0.052 sort_upload=0.000 sort_bin_emit=0.208 sort_k
B2B_STAGES pass=17 views=30 gap_ms=0.00 t_end=1791645933.317 period=9.408 render=9.408 py_resid=0.036 head=0.002 project=2.426 tile_assign=0.003 sort=0.690 blend_setup=0.000 mat=0.000 cull=0.000 blend=6.192 d2h=0.004 assemble=0.000 tail=0.003 xview=0.051 view_total=9.372 sort_pread=0.001 sort_bin_count=0.000 sort_bin_hist_d2h=0.000 sort_bin_layout=0.055 sort_upload=0.000 sort_bin_emit=0.218 sort_k
B2B_STAGES pass=18 views=30 gap_ms=0.00 t_end=1791645933.692 period=9.404 render=9.404 py_resid=0.037 head=0.002 project=2.430 tile_assign=0.002 sort=0.681 blend_setup=0.000 mat=0.000 cull=0.000 blend=6.193 d2h=0.004 assemble=0.000 tail=0.003 xview=0.051 view_total=9.367 sort_pread=0.001 sort_bin_count=0.000 sort_bin_hist_d2h=0.000 sort_bin_layout=0.055 sort_upload=0.000 sort_bin_emit=0.214 sort_k
=== done 5 b2b 15:25:35
[ttw] log: /Users/smarton/dev/gsplat_tt/tt-project/worktrees/t485/tmp/ttw-state/logs/t485-r5-A-20261010-082522.log
