[run] warmup (hero='hero', 1024x1024, scene=bicycle)
2026-10-05 18:24:54.006 | info     |             UMD | Creating TopologyDiscovery for architecture: blackhole (topology_discovery.cpp:75)
2026-10-05 18:24:54.006 | info     |             UMD | Starting topology discovery. (topology_discovery.cpp:92)
2026-10-05 18:24:54.008 | warning  |             UMD | Low power mode is disabled while UMD holds open file descriptors. The device will return to low power mode once all file descriptors are closed. (topology_discovery.cpp:140)
2026-10-05 18:24:54.009 | info     |             UMD | Established firmware bundle version: 19.12.0 (topology_discovery.cpp:544)
2026-10-05 18:24:54.009 | info     |             UMD | Firmware bundle version 19.12.0 on the system is newer than the latest fully tested version 19.5.0 for blackhole architecture. Newest features may not be supported. (topology_discovery.cpp:570)
2026-10-05 18:24:54.009 | info     |             UMD | Completed topology discovery. (topology_discovery.cpp:96)
2026-10-05 18:24:54.010 | info     |          Device | Opening user mode device driver (tt_cluster.cpp:225)
2026-10-05 18:24:54.010 | info     |             UMD | Cluster constructor started. (cluster.cpp:317)
2026-10-05 18:24:54.010 | info     |             UMD | Creating TopologyDiscovery for architecture: blackhole (topology_discovery.cpp:75)
2026-10-05 18:24:54.010 | info     |             UMD | Starting topology discovery. (topology_discovery.cpp:92)
2026-10-05 18:24:54.012 | warning  |             UMD | Low power mode is disabled while UMD holds open file descriptors. The device will return to low power mode once all file descriptors are closed. (topology_discovery.cpp:140)
2026-10-05 18:24:54.013 | info     |             UMD | Established firmware bundle version: 19.12.0 (topology_discovery.cpp:544)
2026-10-05 18:24:54.013 | info     |             UMD | Firmware bundle version 19.12.0 on the system is newer than the latest fully tested version 19.5.0 for blackhole architecture. Newest features may not be supported. (topology_discovery.cpp:570)
2026-10-05 18:24:54.013 | info     |             UMD | Completed topology discovery. (topology_discovery.cpp:96)
2026-10-05 18:24:54.013 | info     |             UMD | Harvesting masks for Chip 0: Tensix: 0xc0 DRAM: 0x8 ETH: 0x3fff PCIe: 0x2 L2CPU: 0x0 (cluster.cpp:262)
2026-10-05 18:24:54.013 | info     |             UMD | Initializing iommu for sysmem (size: 0x40000000). (silicon_sysmem_manager.cpp:334)
2026-10-05 18:24:54.013 | info     |             UMD | Allocating sysmem for IOMMU (size: 0x40000000). (silicon_sysmem_manager.cpp:340)
2026-10-05 18:24:54.052 | info     |             UMD | Opening local chip ids/PCIe ids: {0}/[0] and remote chip ids {} (cluster.cpp:153)
2026-10-05 18:24:54.052 | info     |             UMD | IOMMU: enabled (cluster.cpp:133)
2026-10-05 18:24:54.052 | info     |             UMD | KMD version: 2.9.0 (cluster.cpp:136)
2026-10-05 18:24:54.052 | info     |             UMD | Cluster constructor completed. (cluster.cpp:409)
2026-10-05 18:24:54.052 | info     |             UMD | Starting devices in cluster (cluster.cpp:1044)
2026-10-05 18:24:54.053 | info     |             UMD | Mapped sysmem without hugepages to IOVA 0xffffffffc0000000; NOC address 0x1000000000000000 (silicon_sysmem_manager.cpp:391)
2026-10-05 18:24:54.053 | info     |             UMD | Starting devices in cluster completed. (cluster.cpp:1052)
2026-10-05 18:24:54.563 | info     |     Distributed | Using auto discovery to generate mesh graph. (metal_env.cpp:332)
2026-10-05 18:24:54.563 | info     |     Distributed | Constructing control plane using auto-discovery (no mesh graph descriptor). (metal_env.cpp:394)
2026-10-05 18:24:54.563 | info     |             UMD | Creating TopologyDiscovery for architecture: blackhole (topology_discovery.cpp:75)
2026-10-05 18:24:54.563 | info     |             UMD | Starting topology discovery. (topology_discovery.cpp:92)
2026-10-05 18:24:54.564 | warning  |             UMD | Low power mode is disabled while UMD holds open file descriptors. The device will return to low power mode once all file descriptors are closed. (topology_discovery.cpp:140)
2026-10-05 18:24:54.564 | info     |             UMD | Established firmware bundle version: 19.12.0 (topology_discovery.cpp:544)
2026-10-05 18:24:54.564 | info     |             UMD | Firmware bundle version 19.12.0 on the system is newer than the latest fully tested version 19.5.0 for blackhole architecture. Newest features may not be supported. (topology_discovery.cpp:570)
2026-10-05 18:24:54.564 | info     |             UMD | Completed topology discovery. (topology_discovery.cpp:96)
2026-10-05 18:24:54.565 | warning  |          Always | Unknown motherboard 'X670E GAMING PLUS WIFI (MS-7E16)' for chip_id=0 (bus_id=0x1) — defaulting tray_id to 0. Add this motherboard and its bus IDs to mobo_to_bus_ids in physical_system_discovery.cpp. (physical_system_discovery.cpp:56)
2026-10-05 18:24:54.565 | info     |          Fabric | TopologyMapper: Logical Multi-Mesh Adjacency Map: (topology_mapper.cpp:1474)
2026-10-05 18:24:54.565 | info     |          Fabric | 
=== Logical Mesh-Level Graph Adjacency Map ===
Total nodes: 1
Degree histogram: {0:1}
 (topology_solver.tpp:94)
2026-10-05 18:24:54.565 | info     |          Fabric | 
=== Logical Mesh 0 Internal Graph Adjacency Map ===
Total nodes: 1
Degree histogram: {0:1}
 (topology_solver.tpp:94)
2026-10-05 18:24:54.565 | info     |          Fabric | TopologyMapper: Physical Multi-Mesh Adjacency Map: (topology_mapper.cpp:1485)
2026-10-05 18:24:54.565 | info     |          Fabric | 
=== Physical Mesh-Level Graph Adjacency Map ===
Total nodes: 1
Degree histogram: {0:1}
 (topology_solver.tpp:94)
2026-10-05 18:24:54.565 | info     |          Fabric | 
=== Physical Mesh 0 Internal Graph Adjacency Map ===
Total nodes: 1
Degree histogram: {0:1}
 (topology_solver.tpp:94)
2026-10-05 18:24:54.565 | info     |          Fabric | Starting multi-mesh mapping: 1 logical mesh(es) to 1 physical mesh(es) (topology_mapper_utils.cpp:1465)
2026-10-05 18:24:54.565 | info     |          Fabric | Multi-mesh mapping attempt 1/2: Trying inter-mesh mapping (topology_mapper_utils.cpp:1506)
2026-10-05 18:24:54.565 | info     |          Fabric | Attempt 1: Inter-mesh mapping succeeded, found 1 mesh pair(s) (topology_mapper_utils.cpp:1535)
2026-10-05 18:24:54.565 | info     |          Fabric | Attempt 1: Mapping 1 mesh pair(s) (topology_mapper_utils.cpp:1547)
2026-10-05 18:24:54.565 | info     |          Fabric | Attempt 1: Mapping mesh 0 -> 0 (topology_mapper_utils.cpp:1549)
2026-10-05 18:24:54.565 | info     |          Fabric | Multi-mesh mapping succeeded after 1 attempt(s): 1 mesh pair(s) mapped (topology_mapper_utils.cpp:1682)
2026-10-05 18:24:54.612 | info     |           Metal | ShmResourceTracker: removed stale shm '/tt_d2h_1896558_700100654_0' (shm_resource_tracker.cpp:265)
2026-10-05 18:24:54.612 | info     |           Metal | ShmResourceTracker: removed stale manifest '/dev/shm/tt_socket_manifest_1896558' (shm_resource_tracker.cpp:275)
2026-10-05 18:24:55.190 | info     |           Metal | [Real-time profiler] Device 0 sync complete: 100 samples, frequency=1.349977 GHz, device_time_at_sync=38248201253359 cycles (realtime_profiler_manager.cpp:1075)
[DEV] command queues 2, compute grid 11x10
[JIT_WARMUP] ideal-path contexts compiled in 1201.7 ms
[TA] K2 fold=1 (enabled 1 dual 1 screen tiles 1024 speed split 1)
[SORT] ONELAUNCH early=1 why=0 (tiles 1024 row_pages 64 cores 110)
[SORT] ONELAUNCH v2 OL_PB=8 OL_RING=8 OL_WIN_PAGES=1024 OL_MAT_SELECT=0 OL_BREC_BULK=1 OL_EMIT_TOWN=1 cb_bytes/mover=567680 shared=22400
[SORT] ONELAUNCH k2_fold=1 early=1 cq1=1 (enqueued behind the K2; cores 110 row_pages 64 tiles 1024)
[SUBCHUNK] tiles_split=86 total_subchunks=1113 max_subchunks_per_tile=3 payload_pages=45770
[SORT] stage=ONELAUNCH P=2895629 P_kept=2895629 num_tiles=1024 max_tile_n=22979 onelaunch=0.60 layout=0.05 pub_host=0.16 total=0.84ms
[run] timing 30 views (warmup excluded)
[SUBCHUNK] tiles_split=86 total_subchunks=1113 max_subchunks_per_tile=3 payload_pages=45770
[SORT] stage=ONELAUNCH P=2895629 P_kept=2895629 num_tiles=1024 max_tile_n=22979 onelaunch=0.63 layout=0.06 pub_host=0.19 total=0.89ms
[run]   view=hero 12.5ms saved=view00_hero.png
[SUBCHUNK] tiles_split=64 total_subchunks=1090 max_subchunks_per_tile=3 payload_pages=33181
[SORT] stage=ONELAUNCH P=2090575 P_kept=2090575 num_tiles=1024 max_tile_n=19171 onelaunch=0.55 layout=0.04 pub_host=0.16 total=0.75ms
[run]   view=orb_00 10.2ms saved=view01_orb_00.png
[SUBCHUNK] tiles_split=63 total_subchunks=1090 max_subchunks_per_tile=3 payload_pages=34324
[SORT] stage=ONELAUNCH P=2164042 P_kept=2164042 num_tiles=1024 max_tile_n=18956 onelaunch=0.58 layout=0.06 pub_host=0.22 total=0.86ms
[run]   view=orb_01 10.4ms saved=view02_orb_01.png
[SUBCHUNK] tiles_split=66 total_subchunks=1093 max_subchunks_per_tile=3 payload_pages=35760
[SORT] stage=ONELAUNCH P=2255766 P_kept=2255766 num_tiles=1024 max_tile_n=18906 onelaunch=0.56 layout=0.04 pub_host=0.15 total=0.76ms
[run]   view=orb_02 10.8ms saved=view03_orb_02.png
[SUBCHUNK] tiles_split=62 total_subchunks=1090 max_subchunks_per_tile=3 payload_pages=37612
[SORT] stage=ONELAUNCH P=2374790 P_kept=2374790 num_tiles=1024 max_tile_n=17834 onelaunch=0.56 layout=0.05 pub_host=0.16 total=0.77ms
[run]   view=orb_03 11.1ms saved=view04_orb_03.png
[SUBCHUNK] tiles_split=68 total_subchunks=1096 max_subchunks_per_tile=3 payload_pages=39937
[SORT] stage=ONELAUNCH P=2523377 P_kept=2523377 num_tiles=1024 max_tile_n=20034 onelaunch=0.56 layout=0.04 pub_host=0.16 total=0.77ms
[run]   view=orb_04 11.3ms saved=view05_orb_04.png
[SUBCHUNK] tiles_split=70 total_subchunks=1097 max_subchunks_per_tile=3 payload_pages=43036
[SORT] stage=ONELAUNCH P=2722282 P_kept=2722282 num_tiles=1024 max_tile_n=22369 onelaunch=0.56 layout=0.05 pub_host=0.16 total=0.77ms
[run]   view=orb_05 12.0ms saved=view06_orb_05.png
[SUBCHUNK] tiles_split=75 total_subchunks=1104 max_subchunks_per_tile=3 payload_pages=45752
[SORT] stage=ONELAUNCH P=2895762 P_kept=2895762 num_tiles=1024 max_tile_n=21267 onelaunch=0.56 layout=0.05 pub_host=0.16 total=0.77ms
[run]   view=orb_06 12.5ms saved=view07_orb_06.png
[SUBCHUNK] tiles_split=81 total_subchunks=1109 max_subchunks_per_tile=3 payload_pages=48611
[SORT] stage=ONELAUNCH P=3078956 P_kept=3078956 num_tiles=1024 max_tile_n=21032 onelaunch=0.58 layout=0.05 pub_host=0.16 total=0.80ms
[run]   view=orb_07 12.8ms saved=view08_orb_07.png
[SUBCHUNK] tiles_split=85 total_subchunks=1114 max_subchunks_per_tile=3 payload_pages=49703
[SORT] stage=ONELAUNCH P=3149841 P_kept=3149841 num_tiles=1024 max_tile_n=19047 onelaunch=0.59 layout=0.06 pub_host=0.22 total=0.88ms
[run]   view=orb_08 13.1ms saved=view09_orb_08.png
[SUBCHUNK] tiles_split=84 total_subchunks=1113 max_subchunks_per_tile=3 payload_pages=50216
[SORT] stage=ONELAUNCH P=3181780 P_kept=3181780 num_tiles=1024 max_tile_n=19358 onelaunch=0.60 layout=0.07 pub_host=0.24 total=0.90ms
[run]   view=orb_09 13.2ms saved=view10_orb_09.png
[SUBCHUNK] tiles_split=81 total_subchunks=1109 max_subchunks_per_tile=3 payload_pages=50327
[SORT] stage=ONELAUNCH P=3188467 P_kept=3188467 num_tiles=1024 max_tile_n=19519 onelaunch=0.61 layout=0.07 pub_host=0.22 total=0.89ms
[run]   view=orb_10 13.1ms saved=view11_orb_10.png
[SUBCHUNK] tiles_split=82 total_subchunks=1111 max_subchunks_per_tile=3 payload_pages=49049
[SORT] stage=ONELAUNCH P=3106694 P_kept=3106694 num_tiles=1024 max_tile_n=20025 onelaunch=0.56 layout=0.05 pub_host=0.16 total=0.77ms
[run]   view=orb_11 12.9ms saved=view12_orb_11.png
[SUBCHUNK] tiles_split=81 total_subchunks=1108 max_subchunks_per_tile=3 payload_pages=47132
[SORT] stage=ONELAUNCH P=2984152 P_kept=2984152 num_tiles=1024 max_tile_n=20390 onelaunch=0.57 layout=0.05 pub_host=0.16 total=0.78ms
[run]   view=orb_12 12.6ms saved=view13_orb_12.png
[SUBCHUNK] tiles_split=79 total_subchunks=1106 max_subchunks_per_tile=3 payload_pages=45617
[SORT] stage=ONELAUNCH P=2887843 P_kept=2887843 num_tiles=1024 max_tile_n=20927 onelaunch=0.59 layout=0.06 pub_host=0.23 total=0.89ms
[run]   view=orb_13 12.3ms saved=view14_orb_13.png
[SUBCHUNK] tiles_split=75 total_subchunks=1101 max_subchunks_per_tile=3 payload_pages=44556
[SORT] stage=ONELAUNCH P=2818980 P_kept=2818980 num_tiles=1024 max_tile_n=21145 onelaunch=0.59 layout=0.07 pub_host=0.24 total=0.91ms
[run]   view=orb_14 12.0ms saved=view15_orb_14.png
[SUBCHUNK] tiles_split=75 total_subchunks=1101 max_subchunks_per_tile=3 payload_pages=43664
[SORT] stage=ONELAUNCH P=2762186 P_kept=2762186 num_tiles=1024 max_tile_n=19314 onelaunch=0.56 layout=0.04 pub_host=0.16 total=0.76ms
[run]   view=orb_15 11.9ms saved=view16_orb_15.png
[SUBCHUNK] tiles_split=80 total_subchunks=1106 max_subchunks_per_tile=3 payload_pages=42989
[SORT] stage=ONELAUNCH P=2719305 P_kept=2719305 num_tiles=1024 max_tile_n=19744 onelaunch=0.57 layout=0.04 pub_host=0.16 total=0.77ms
[run]   view=orb_16 11.9ms saved=view17_orb_16.png
[SUBCHUNK] tiles_split=79 total_subchunks=1105 max_subchunks_per_tile=3 payload_pages=42964
[SORT] stage=ONELAUNCH P=2717542 P_kept=2717542 num_tiles=1024 max_tile_n=18173 onelaunch=0.55 layout=0.04 pub_host=0.16 total=0.75ms
[run]   view=orb_17 11.7ms saved=view18_orb_17.png
[SUBCHUNK] tiles_split=82 total_subchunks=1110 max_subchunks_per_tile=3 payload_pages=43226
[SORT] stage=ONELAUNCH P=2733748 P_kept=2733748 num_tiles=1024 max_tile_n=18007 onelaunch=0.55 layout=0.04 pub_host=0.15 total=0.75ms
[run]   view=orb_18 11.8ms saved=view19_orb_18.png
[SUBCHUNK] tiles_split=78 total_subchunks=1105 max_subchunks_per_tile=3 payload_pages=43149
[SORT] stage=ONELAUNCH P=2729054 P_kept=2729054 num_tiles=1024 max_tile_n=18629 onelaunch=0.55 layout=0.05 pub_host=0.16 total=0.76ms
[run]   view=orb_19 11.8ms saved=view20_orb_19.png
[SUBCHUNK] tiles_split=85 total_subchunks=1112 max_subchunks_per_tile=3 payload_pages=42920
[SORT] stage=ONELAUNCH P=2713776 P_kept=2713776 num_tiles=1024 max_tile_n=18369 onelaunch=0.56 layout=0.04 pub_host=0.16 total=0.76ms
[run]   view=orb_20 11.9ms saved=view21_orb_20.png
[SUBCHUNK] tiles_split=82 total_subchunks=1109 max_subchunks_per_tile=3 payload_pages=42444
[SORT] stage=ONELAUNCH P=2684908 P_kept=2684908 num_tiles=1024 max_tile_n=22330 onelaunch=0.55 layout=0.04 pub_host=0.15 total=0.75ms
[run]   view=orb_21 11.6ms saved=view22_orb_21.png
[SUBCHUNK] tiles_split=84 total_subchunks=1111 max_subchunks_per_tile=3 payload_pages=41219
[SORT] stage=ONELAUNCH P=2605190 P_kept=2605190 num_tiles=1024 max_tile_n=18553 onelaunch=0.55 layout=0.04 pub_host=0.15 total=0.74ms
[run]   view=orb_22 11.5ms saved=view23_orb_22.png
[SUBCHUNK] tiles_split=79 total_subchunks=1105 max_subchunks_per_tile=3 payload_pages=39602
[SORT] stage=ONELAUNCH P=2502433 P_kept=2502433 num_tiles=1024 max_tile_n=20113 onelaunch=0.55 layout=0.04 pub_host=0.16 total=0.75ms
[run]   view=orb_23 11.2ms saved=view24_orb_23.png
[SUBCHUNK] tiles_split=74 total_subchunks=1101 max_subchunks_per_tile=3 payload_pages=36821
[SORT] stage=ONELAUNCH P=2324571 P_kept=2324571 num_tiles=1024 max_tile_n=18871 onelaunch=0.55 layout=0.04 pub_host=0.15 total=0.74ms
[run]   view=orb_24 10.8ms saved=view25_orb_24.png
[SUBCHUNK] tiles_split=67 total_subchunks=1094 max_subchunks_per_tile=3 payload_pages=34703
[SORT] stage=ONELAUNCH P=2188463 P_kept=2188463 num_tiles=1024 max_tile_n=21416 onelaunch=0.59 layout=0.06 pub_host=0.16 total=0.82ms
[run]   view=orb_25 10.4ms saved=view26_orb_25.png
[SUBCHUNK] tiles_split=65 total_subchunks=1092 max_subchunks_per_tile=3 payload_pages=33321
[SORT] stage=ONELAUNCH P=2100242 P_kept=2100242 num_tiles=1024 max_tile_n=21340 onelaunch=0.57 layout=0.05 pub_host=0.16 total=0.78ms
[run]   view=orb_26 10.3ms saved=view27_orb_26.png
[SUBCHUNK] tiles_split=65 total_subchunks=1092 max_subchunks_per_tile=3 payload_pages=32586
[SORT] stage=ONELAUNCH P=2052961 P_kept=2052961 num_tiles=1024 max_tile_n=21713 onelaunch=0.56 layout=0.05 pub_host=0.16 total=0.77ms
[run]   view=orb_27 10.2ms saved=view28_orb_27.png
[SUBCHUNK] tiles_split=60 total_subchunks=1087 max_subchunks_per_tile=3 payload_pages=32524
[SORT] stage=ONELAUNCH P=2050213 P_kept=2050213 num_tiles=1024 max_tile_n=20666 onelaunch=0.59 layout=0.07 pub_host=0.23 total=0.89ms
[run]   view=orb_28 10.1ms saved=view29_orb_28.png
SUMMARY scene=bicycle hero='hero' hero_vs_ref=nandB(8bit-vs-golden) hero_vs_cpu=nandB(float-vs-cpu) avg_frame_ms=11.7 p50_ms=11.8 min_ms=10.1 max_ms=13.2 n_views=30 warmup_s=2.1 out=/localdev/smarton/gstt2-t266/tmp/t266-r3-nr
TTW_TIMING ms_view=11.666
TTW_TIMING blend=11.666
TTW_TIMING stage_head=0.002
TTW_TIMING stage_project=3.030
TTW_TIMING stage_tile_assign=0.005
TTW_TIMING stage_sort=0.892
TTW_TIMING stage_blend_setup=0.000
TTW_TIMING stage_mat=0.000
TTW_TIMING stage_cull=0.000
TTW_TIMING stage_blend=7.463
TTW_TIMING stage_d2h=0.237
TTW_TIMING stage_assemble=0.000
TTW_TIMING stage_tail=0.002
TTW_TIMING stage_view_total=11.633
TTW_TIMING stage_pybind=0.033
STAGES n=30 head=0.002 project=3.030 tile_assign=0.005 sort=0.892 blend_setup=0.000 mat=0.000 cull=0.000 blend=7.463 d2h=0.237 assemble=0.000 tail=0.002 | sum=11.632 view_total=11.633 resid_in_view=+0.001 avg_frame_ms=11.666 resid_vs_frame=+0.034
TTW_TIMING stage_sort_pread=0.001
TTW_TIMING stage_sort_bin_count=0.000
TTW_TIMING stage_sort_bin_hist_d2h=0.000
TTW_TIMING stage_sort_bin_layout=0.050
TTW_TIMING stage_sort_upload=0.000
TTW_TIMING stage_sort_bin_emit=0.571
TTW_TIMING stage_sort_kernel=0.000
TTW_TIMING stage_sort_d2h=0.000
TTW_TIMING stage_sort_compact=0.000
TTW_TIMING stage_sort_publish_host=0.175
TTW_TIMING stage_sort_publish_wait=0.000
TTW_TIMING stage_sort_mat=0.059
TTW_TIMING stage_sort_other=0.036
SORT_STAGES n=30 pread=0.001 bin_count=0.000 bin_hist_d2h=0.000 bin_layout=0.050 upload=0.000 bin_emit=0.571 kernel=0.000 d2h=0.000 compact=0.000 publish_host=0.175 publish_wait=0.000 mat=0.059 | sum=0.856 sort=0.892 resid=+0.036
TTW_TIMING stage_project_cov3d=0.000
TTW_TIMING stage_project_pfwc_setup=0.004
TTW_TIMING stage_project_pfwc_rtargs=0.040
TTW_TIMING stage_project_pfwc_enqueue=0.032
TTW_TIMING stage_project_pfwc_finish=0.000
TTW_TIMING stage_project_gather_setup=0.001
TTW_TIMING stage_project_gather_rtargs=0.000
TTW_TIMING stage_project_gather_enqueue=0.000
TTW_TIMING stage_project_gather_wait=2.951
TTW_TIMING stage_project_gather_result=0.000
TTW_TIMING stage_project_other=0.001
PROJECT_STAGES n=30 cov3d=0.000 pfwc_setup=0.004 pfwc_rtargs=0.040 pfwc_enqueue=0.032 pfwc_finish=0.000 gather_setup=0.001 gather_rtargs=0.000 gather_enqueue=0.000 gather_wait=2.951 gather_result=0.000 | sum=3.029 project=3.030 resid=+0.001
TTW_TIMING stage_tile_assign_setup=0.004
TTW_TIMING stage_tile_assign_rtargs=0.000
TTW_TIMING stage_tile_assign_enqueue=0.000
TTW_TIMING stage_tile_assign_scan_finish=0.000
TTW_TIMING stage_tile_assign_p_d2h=0.000
TTW_TIMING stage_tile_assign_k2_finish=0.000
TTW_TIMING stage_tile_assign_publish=0.001
TTW_TIMING stage_tile_assign_other=0.001
TILE_ASSIGN_STAGES n=30 setup=0.004 rtargs=0.000 enqueue=0.000 scan_finish=0.000 p_d2h=0.000 k2_finish=0.000 publish=0.001 | sum=0.005 tile_assign=0.005 resid=+0.001
