================ BUILD ID ================
  cpp : #124 sha=b03c5ce8 bin=2036d79c338f0a24 t477 b03c5ce8 REC32 default p100 check (yyzo-bh-04)
  data: # sha= 
=========================================
host=yyzo-bh-04  tag=t477-r2-b2b  timeout=380s  worry=600s  ts=2026-10-10T07:16:39-0700
cmd: T=/localdev/smarton/gstt2-t477 bash /localdev/smarton/gstt2-t477/docs/rec32-p100-t477/remote_ab.sh 2 b2b off def
-----------------------------------------
=== r2-b2b-off b03c5ce PFWC_REC32=0 14:16:40 load=3.26
run rc=0
[DEV] dispatch worker (worker), command queues 2, compute grid 11x10
B2B_STAGES pass=0 views=30 gap_ms=0.00 period=9.931 render=9.931 py_resid=0.032 project=2.916 sort=1.135 blend=5.791 d2h=0.004 tail=0.003 xview=0.044 view_total=9.899 project_pfwc_rtargs=0.035 project_pfwc_enqueue=0.010 project_gather_wait=2.911 sort_bin_count=0.000 sort_bin_hist_d2h=0.000 sort_bin_layout=0.043 sort_bin_emit=0.351 sort_publish_host=0.155 sort_publish_wait=0.000 sort_mat=0.036
B2B_STAGES pass=1 views=30 gap_ms=0.00 period=9.842 render=9.842 py_resid=0.034 project=2.838 sort=0.877 blend=6.037 d2h=0.004 tail=0.003 xview=0.044 view_total=9.807 project_pfwc_rtargs=0.032 project_pfwc_enqueue=0.009 project_gather_wait=2.836 sort_bin_count=0.000 sort_bin_hist_d2h=0.000 sort_bin_layout=0.044 sort_bin_emit=0.183 sort_publish_host=0.155 sort_publish_wait=0.000 sort_mat=0.036
B2B_STAGES pass=2 views=30 gap_ms=0.00 period=9.833 render=9.833 py_resid=0.036 project=2.836 sort=0.778 blend=6.125 d2h=0.004 tail=0.003 xview=0.046 view_total=9.797 project_pfwc_rtargs=0.034 project_pfwc_enqueue=0.010 project_gather_wait=2.834 sort_bin_count=0.000 sort_bin_hist_d2h=0.000 sort_bin_layout=0.043 sort_bin_emit=0.186 sort_publish_host=0.152 sort_publish_wait=0.000 sort_mat=0.035
B2B_STAGES pass=3 views=30 gap_ms=0.00 period=9.822 render=9.822 py_resid=0.040 project=2.830 sort=0.629 blend=6.263 d2h=0.004 tail=0.004 xview=0.047 view_total=9.781 project_pfwc_rtargs=0.034 project_pfwc_enqueue=0.010 project_gather_wait=2.828 sort_bin_count=0.000 sort_bin_hist_d2h=0.000 sort_bin_layout=0.047 sort_bin_emit=0.196 sort_publish_host=0.167 sort_publish_wait=0.000 sort_mat=0.037
B2B scene=bicycle n_views=30 passes=3 drop=no ms_frame=9.832 fps=101.71 ms_frame_median=9.833 pass_ms_frame=9.842,9.833,9.822 check_pass_ms_frame=9.931 raw_md5=5a438f5a gap_ms=0.00 render_ms_frame=9.832 xview_hits=119 xview_misses=0 identical_across_passes=yes out=/localdev/smarton/gstt2-t477/tmp/t477-r2-b2b-off
TTW_TIMING b2b_ms_frame=9.832
=== r2-b2b-def b03c5ce PFWC_REC32=unset 14:16:45 load=4.28
run rc=0
[DEV] dispatch worker (worker), command queues 2, compute grid 11x10
B2B_STAGES pass=0 views=30 gap_ms=0.00 period=9.725 render=9.725 py_resid=0.032 project=2.739 sort=0.612 blend=6.281 d2h=0.004 tail=0.003 xview=0.047 view_total=9.692 project_pfwc_rtargs=0.037 project_pfwc_enqueue=0.010 project_gather_wait=2.735 sort_bin_count=0.000 sort_bin_hist_d2h=0.000 sort_bin_layout=0.048 sort_bin_emit=0.205 sort_publish_host=0.167 sort_publish_wait=0.000 sort_mat=0.040
B2B_STAGES pass=1 views=30 gap_ms=0.00 period=9.665 render=9.665 py_resid=0.033 project=2.676 sort=0.562 blend=6.338 d2h=0.004 tail=0.003 xview=0.045 view_total=9.633 project_pfwc_rtargs=0.034 project_pfwc_enqueue=0.009 project_gather_wait=2.675 sort_bin_count=0.000 sort_bin_hist_d2h=0.000 sort_bin_layout=0.042 sort_bin_emit=0.178 sort_publish_host=0.151 sort_publish_wait=0.000 sort_mat=0.036
B2B_STAGES pass=2 views=30 gap_ms=0.00 period=9.674 render=9.674 py_resid=0.033 project=2.678 sort=0.528 blend=6.381 d2h=0.004 tail=0.003 xview=0.043 view_total=9.641 project_pfwc_rtargs=0.033 project_pfwc_enqueue=0.008 project_gather_wait=2.677 sort_bin_count=0.000 sort_bin_hist_d2h=0.000 sort_bin_layout=0.041 sort_bin_emit=0.171 sort_publish_host=0.143 sort_publish_wait=0.000 sort_mat=0.033
B2B_STAGES pass=3 views=30 gap_ms=0.00 period=9.664 render=9.664 py_resid=0.030 project=2.678 sort=0.498 blend=6.407 d2h=0.003 tail=0.003 xview=0.041 view_total=9.634 project_pfwc_rtargs=0.031 project_pfwc_enqueue=0.008 project_gather_wait=2.676 sort_bin_count=0.000 sort_bin_hist_d2h=0.000 sort_bin_layout=0.040 sort_bin_emit=0.170 sort_publish_host=0.143 sort_publish_wait=0.000 sort_mat=0.033
B2B scene=bicycle n_views=30 passes=3 drop=no ms_frame=9.668 fps=103.43 ms_frame_median=9.665 pass_ms_frame=9.665,9.674,9.664 check_pass_ms_frame=9.725 raw_md5=5a438f5a gap_ms=0.00 render_ms_frame=9.668 xview_hits=119 xview_misses=0 identical_across_passes=yes out=/localdev/smarton/gstt2-t477/tmp/t477-r2-b2b-def
TTW_TIMING b2b_ms_frame=9.668
=== done 2 b2b 14:16:50
[ttw] log: /Users/smarton/dev/gstt2-wt/t477/tmp/ttw-state/logs/t477-r2-b2b-20261010-071637.log
