[run] warmup (hero='hero', 1024x1024, scene=bicycle)
2026-10-04 22:48:48.778 | info     |             UMD | Creating TopologyDiscovery for architecture: blackhole (topology_discovery.cpp:75)
2026-10-04 22:48:48.778 | info     |             UMD | Starting topology discovery. (topology_discovery.cpp:92)
2026-10-04 22:48:48.780 | warning  |             UMD | Low power mode is disabled while UMD holds open file descriptors. The device will return to low power mode once all file descriptors are closed. (topology_discovery.cpp:140)
2026-10-04 22:48:48.781 | info     |             UMD | Established firmware bundle version: 19.12.0 (topology_discovery.cpp:544)
2026-10-04 22:48:48.781 | info     |             UMD | Firmware bundle version 19.12.0 on the system is newer than the latest fully tested version 19.5.0 for blackhole architecture. Newest features may not be supported. (topology_discovery.cpp:570)
2026-10-04 22:48:48.781 | info     |             UMD | Completed topology discovery. (topology_discovery.cpp:96)
2026-10-04 22:48:48.782 | info     |          Device | Opening user mode device driver (tt_cluster.cpp:225)
2026-10-04 22:48:48.782 | info     |             UMD | Cluster constructor started. (cluster.cpp:317)
2026-10-04 22:48:48.782 | info     |             UMD | Creating TopologyDiscovery for architecture: blackhole (topology_discovery.cpp:75)
2026-10-04 22:48:48.782 | info     |             UMD | Starting topology discovery. (topology_discovery.cpp:92)
2026-10-04 22:48:48.784 | warning  |             UMD | Low power mode is disabled while UMD holds open file descriptors. The device will return to low power mode once all file descriptors are closed. (topology_discovery.cpp:140)
2026-10-04 22:48:48.785 | info     |             UMD | Established firmware bundle version: 19.12.0 (topology_discovery.cpp:544)
2026-10-04 22:48:48.785 | info     |             UMD | Firmware bundle version 19.12.0 on the system is newer than the latest fully tested version 19.5.0 for blackhole architecture. Newest features may not be supported. (topology_discovery.cpp:570)
2026-10-04 22:48:48.785 | info     |             UMD | Completed topology discovery. (topology_discovery.cpp:96)
2026-10-04 22:48:48.785 | info     |             UMD | Harvesting masks for Chip 0: Tensix: 0xc0 DRAM: 0x8 ETH: 0x3fff PCIe: 0x2 L2CPU: 0x0 (cluster.cpp:262)
2026-10-04 22:48:48.785 | info     |             UMD | Initializing iommu for sysmem (size: 0x40000000). (silicon_sysmem_manager.cpp:334)
2026-10-04 22:48:48.785 | info     |             UMD | Allocating sysmem for IOMMU (size: 0x40000000). (silicon_sysmem_manager.cpp:340)
2026-10-04 22:48:48.823 | info     |             UMD | Opening local chip ids/PCIe ids: {0}/[0] and remote chip ids {} (cluster.cpp:153)
2026-10-04 22:48:48.823 | info     |             UMD | IOMMU: enabled (cluster.cpp:133)
2026-10-04 22:48:48.823 | info     |             UMD | KMD version: 2.9.0 (cluster.cpp:136)
2026-10-04 22:48:48.823 | info     |             UMD | Cluster constructor completed. (cluster.cpp:409)
2026-10-04 22:48:48.824 | info     |             UMD | Starting devices in cluster (cluster.cpp:1044)
2026-10-04 22:48:48.825 | info     |             UMD | Mapped sysmem without hugepages to IOVA 0xffffffffc0000000; NOC address 0x1000000000000000 (silicon_sysmem_manager.cpp:391)
2026-10-04 22:48:48.825 | info     |             UMD | Starting devices in cluster completed. (cluster.cpp:1052)
2026-10-04 22:48:49.306 | info     |     Distributed | Using auto discovery to generate mesh graph. (metal_env.cpp:332)
2026-10-04 22:48:49.307 | info     |     Distributed | Constructing control plane using auto-discovery (no mesh graph descriptor). (metal_env.cpp:394)
2026-10-04 22:48:49.307 | info     |             UMD | Creating TopologyDiscovery for architecture: blackhole (topology_discovery.cpp:75)
2026-10-04 22:48:49.307 | info     |             UMD | Starting topology discovery. (topology_discovery.cpp:92)
2026-10-04 22:48:49.307 | warning  |             UMD | Low power mode is disabled while UMD holds open file descriptors. The device will return to low power mode once all file descriptors are closed. (topology_discovery.cpp:140)
2026-10-04 22:48:49.308 | info     |             UMD | Established firmware bundle version: 19.12.0 (topology_discovery.cpp:544)
2026-10-04 22:48:49.308 | info     |             UMD | Firmware bundle version 19.12.0 on the system is newer than the latest fully tested version 19.5.0 for blackhole architecture. Newest features may not be supported. (topology_discovery.cpp:570)
2026-10-04 22:48:49.308 | info     |             UMD | Completed topology discovery. (topology_discovery.cpp:96)
2026-10-04 22:48:49.309 | warning  |          Always | Unknown motherboard 'X670E GAMING PLUS WIFI (MS-7E16)' for chip_id=0 (bus_id=0x1) — defaulting tray_id to 0. Add this motherboard and its bus IDs to mobo_to_bus_ids in physical_system_discovery.cpp. (physical_system_discovery.cpp:56)
2026-10-04 22:48:49.309 | info     |          Fabric | TopologyMapper: Logical Multi-Mesh Adjacency Map: (topology_mapper.cpp:1474)
2026-10-04 22:48:49.309 | info     |          Fabric | 
=== Logical Mesh-Level Graph Adjacency Map ===
Total nodes: 1
Degree histogram: {0:1}
 (topology_solver.tpp:94)
2026-10-04 22:48:49.309 | info     |          Fabric | 
=== Logical Mesh 0 Internal Graph Adjacency Map ===
Total nodes: 1
Degree histogram: {0:1}
 (topology_solver.tpp:94)
2026-10-04 22:48:49.309 | info     |          Fabric | TopologyMapper: Physical Multi-Mesh Adjacency Map: (topology_mapper.cpp:1485)
2026-10-04 22:48:49.309 | info     |          Fabric | 
=== Physical Mesh-Level Graph Adjacency Map ===
Total nodes: 1
Degree histogram: {0:1}
 (topology_solver.tpp:94)
2026-10-04 22:48:49.309 | info     |          Fabric | 
=== Physical Mesh 0 Internal Graph Adjacency Map ===
Total nodes: 1
Degree histogram: {0:1}
 (topology_solver.tpp:94)
2026-10-04 22:48:49.309 | info     |          Fabric | Starting multi-mesh mapping: 1 logical mesh(es) to 1 physical mesh(es) (topology_mapper_utils.cpp:1465)
2026-10-04 22:48:49.309 | info     |          Fabric | Multi-mesh mapping attempt 1/2: Trying inter-mesh mapping (topology_mapper_utils.cpp:1506)
2026-10-04 22:48:49.309 | info     |          Fabric | Attempt 1: Inter-mesh mapping succeeded, found 1 mesh pair(s) (topology_mapper_utils.cpp:1535)
2026-10-04 22:48:49.309 | info     |          Fabric | Attempt 1: Mapping 1 mesh pair(s) (topology_mapper_utils.cpp:1547)
2026-10-04 22:48:49.309 | info     |          Fabric | Attempt 1: Mapping mesh 0 -> 0 (topology_mapper_utils.cpp:1549)
2026-10-04 22:48:49.309 | info     |          Fabric | Multi-mesh mapping succeeded after 1 attempt(s): 1 mesh pair(s) mapped (topology_mapper_utils.cpp:1682)
2026-10-04 22:48:49.311 | warning  |           Metal | DPRINT is deprecated and will be removed in a future release. Please migrate to DEVICE_PRINT by:
  1. Replace #include "api/debug/dprint.h" with #include "api/debug/device_print.h" in your kernels
  2. Replace DPRINT << ... << ENDL() with DEVICE_PRINT("...\n", args)
  3. Set TT_METAL_DEVICE_PRINT=1 to enable the new DEVICE_PRINT system
For more information, see the DEVICE_PRINT documentation. (metal_context.cpp:241)
2026-10-04 22:48:51.740 | info     |           Metal | DPRINT enabled on device 0, all worker cores. (dprint_server.cpp:851)
2026-10-04 22:48:51.740 | info     |           Metal | DPRINT Server attached device 0 (dprint_server.cpp:950)
2026-10-04 22:49:02.526 | info     |           Metal | ShmResourceTracker: removed stale shm '/tt_d2h_1556657_1715954215_0' (shm_resource_tracker.cpp:265)
2026-10-04 22:49:02.526 | info     |           Metal | ShmResourceTracker: removed stale manifest '/dev/shm/tt_socket_manifest_1556657' (shm_resource_tracker.cpp:275)
2026-10-04 22:49:03.553 | info     |           Metal | [Real-time profiler] Device 0 sync complete: 100 samples, frequency=1.349977 GHz, device_time_at_sync=25411525084328 cycles (realtime_profiler_manager.cpp:1075)
[JIT_WARMUP] ideal-path contexts compiled in 14792.5 ms
[SORT] ONELAUNCH v2 OL_PB=8 OL_RING=8 OL_WIN_PAGES=1024 OL_MAT_SELECT=0 cb_bytes/mover=504896 shared=22400
[SUBCHUNK] tiles_split=100 total_subchunks=1131 max_subchunks_per_tile=4 payload_pages=51088
[SORT] stage=ONELAUNCH P=3236947 P_kept=3236947 num_tiles=1024 max_tile_n=25019 onelaunch=864.21 layout=0.11 pub_host=0.17 total=864.81ms
[run] timing 30 views (warmup excluded)
[SUBCHUNK] tiles_split=100 total_subchunks=1131 max_subchunks_per_tile=4 payload_pages=51088
[SORT] stage=ONELAUNCH P=3236947 P_kept=3236947 num_tiles=1024 max_tile_n=25019 onelaunch=4.47 layout=0.10 pub_host=0.17 total=4.76ms
[run]   view=hero 805.0ms
[SUBCHUNK] tiles_split=77 total_subchunks=1108 max_subchunks_per_tile=3 payload_pages=36856
[SORT] stage=ONELAUNCH P=2326963 P_kept=2326963 num_tiles=1024 max_tile_n=21115 onelaunch=3.05 layout=0.11 pub_host=0.17 total=3.36ms
[run]   view=orb_00 652.7ms
[SUBCHUNK] tiles_split=76 total_subchunks=1107 max_subchunks_per_tile=3 payload_pages=38056
[SORT] stage=ONELAUNCH P=2403491 P_kept=2403491 num_tiles=1024 max_tile_n=20713 onelaunch=3.18 layout=0.11 pub_host=0.17 total=3.49ms
[run]   view=orb_01 656.3ms
[SUBCHUNK] tiles_split=76 total_subchunks=1107 max_subchunks_per_tile=3 payload_pages=39635
[SORT] stage=ONELAUNCH P=2503749 P_kept=2503749 num_tiles=1024 max_tile_n=20892 onelaunch=3.57 layout=0.11 pub_host=0.17 total=3.87ms
[run]   view=orb_02 671.4ms
[SUBCHUNK] tiles_split=76 total_subchunks=1110 max_subchunks_per_tile=3 payload_pages=41731
[SORT] stage=ONELAUNCH P=2638616 P_kept=2638616 num_tiles=1024 max_tile_n=19848 onelaunch=3.82 layout=0.10 pub_host=0.16 total=4.11ms
[run]   view=orb_03 720.5ms
[SUBCHUNK] tiles_split=80 total_subchunks=1113 max_subchunks_per_tile=3 payload_pages=44271
[SORT] stage=ONELAUNCH P=2801342 P_kept=2801342 num_tiles=1024 max_tile_n=22669 onelaunch=3.91 layout=0.11 pub_host=0.16 total=4.21ms
[run]   view=orb_04 749.8ms
[SUBCHUNK] tiles_split=91 total_subchunks=1120 max_subchunks_per_tile=3 payload_pages=48109
[SORT] stage=ONELAUNCH P=3046390 P_kept=3046390 num_tiles=1024 max_tile_n=24181 onelaunch=4.00 layout=0.11 pub_host=0.16 total=4.30ms
[run]   view=orb_05 787.8ms
[SUBCHUNK] tiles_split=103 total_subchunks=1135 max_subchunks_per_tile=3 payload_pages=50942
[SORT] stage=ONELAUNCH P=3227544 P_kept=3227544 num_tiles=1024 max_tile_n=23335 onelaunch=4.65 layout=0.11 pub_host=0.18 total=4.96ms
[run]   view=orb_06 829.1ms
[SUBCHUNK] tiles_split=98 total_subchunks=1134 max_subchunks_per_tile=3 payload_pages=54368
[SORT] stage=ONELAUNCH P=3446510 P_kept=3446510 num_tiles=1024 max_tile_n=23472 onelaunch=4.53 layout=0.11 pub_host=0.18 total=4.84ms
[run]   view=orb_07 919.6ms
[SUBCHUNK] tiles_split=100 total_subchunks=1137 max_subchunks_per_tile=3 payload_pages=55308
[SORT] stage=ONELAUNCH P=3508635 P_kept=3508635 num_tiles=1024 max_tile_n=20629 onelaunch=4.84 layout=0.11 pub_host=0.21 total=5.20ms
[run]   view=orb_08 928.6ms
[SUBCHUNK] tiles_split=102 total_subchunks=1137 max_subchunks_per_tile=3 payload_pages=55844
[SORT] stage=ONELAUNCH P=3542025 P_kept=3542025 num_tiles=1024 max_tile_n=21128 onelaunch=4.80 layout=0.10 pub_host=0.16 total=5.09ms
[run]   view=orb_09 910.6ms
[SUBCHUNK] tiles_split=101 total_subchunks=1136 max_subchunks_per_tile=3 payload_pages=56176
[SORT] stage=ONELAUNCH P=3562916 P_kept=3562916 num_tiles=1024 max_tile_n=21052 onelaunch=4.78 layout=0.10 pub_host=0.18 total=5.08ms
[run]   view=orb_10 882.1ms
[SUBCHUNK] tiles_split=103 total_subchunks=1133 max_subchunks_per_tile=3 payload_pages=54752
[SORT] stage=ONELAUNCH P=3472480 P_kept=3472480 num_tiles=1024 max_tile_n=21806 onelaunch=4.49 layout=0.11 pub_host=0.16 total=4.77ms
[run]   view=orb_11 868.7ms
[SUBCHUNK] tiles_split=95 total_subchunks=1124 max_subchunks_per_tile=3 payload_pages=52484
[SORT] stage=ONELAUNCH P=3326896 P_kept=3326896 num_tiles=1024 max_tile_n=21951 onelaunch=4.28 layout=0.11 pub_host=0.17 total=4.57ms
[run]   view=orb_12 854.3ms
[SUBCHUNK] tiles_split=94 total_subchunks=1122 max_subchunks_per_tile=3 payload_pages=50855
[SORT] stage=ONELAUNCH P=3220971 P_kept=3220971 num_tiles=1024 max_tile_n=22411 onelaunch=4.32 layout=0.11 pub_host=0.16 total=4.60ms
[run]   view=orb_13 808.6ms
[SUBCHUNK] tiles_split=92 total_subchunks=1119 max_subchunks_per_tile=3 payload_pages=49786
[SORT] stage=ONELAUNCH P=3154306 P_kept=3154306 num_tiles=1024 max_tile_n=23515 onelaunch=4.25 layout=0.10 pub_host=0.16 total=4.54ms
[run]   view=orb_14 809.0ms
[SUBCHUNK] tiles_split=95 total_subchunks=1124 max_subchunks_per_tile=3 payload_pages=48805
[SORT] stage=ONELAUNCH P=3091059 P_kept=3091059 num_tiles=1024 max_tile_n=21264 onelaunch=4.17 layout=0.10 pub_host=0.17 total=4.47ms
[run]   view=orb_15 781.9ms
[SUBCHUNK] tiles_split=93 total_subchunks=1122 max_subchunks_per_tile=3 payload_pages=48044
[SORT] stage=ONELAUNCH P=3043980 P_kept=3043980 num_tiles=1024 max_tile_n=21980 onelaunch=4.16 layout=0.10 pub_host=0.16 total=4.43ms
[run]   view=orb_16 766.0ms
[SUBCHUNK] tiles_split=94 total_subchunks=1126 max_subchunks_per_tile=3 payload_pages=48005
[SORT] stage=ONELAUNCH P=3039185 P_kept=3039185 num_tiles=1024 max_tile_n=20258 onelaunch=4.06 layout=0.11 pub_host=0.16 total=4.34ms
[run]   view=orb_17 773.7ms
[SUBCHUNK] tiles_split=93 total_subchunks=1123 max_subchunks_per_tile=3 payload_pages=48264
[SORT] stage=ONELAUNCH P=3056614 P_kept=3056614 num_tiles=1024 max_tile_n=19858 onelaunch=4.12 layout=0.10 pub_host=0.16 total=4.40ms
[run]   view=orb_18 758.8ms
[SUBCHUNK] tiles_split=89 total_subchunks=1120 max_subchunks_per_tile=3 payload_pages=48172
[SORT] stage=ONELAUNCH P=3050913 P_kept=3050913 num_tiles=1024 max_tile_n=20568 onelaunch=3.98 layout=0.10 pub_host=0.15 total=4.25ms
[run]   view=orb_19 774.7ms
[SUBCHUNK] tiles_split=100 total_subchunks=1130 max_subchunks_per_tile=3 payload_pages=47818
[SORT] stage=ONELAUNCH P=3028557 P_kept=3028557 num_tiles=1024 max_tile_n=19996 onelaunch=4.13 layout=0.10 pub_host=0.16 total=4.42ms
[run]   view=orb_20 797.1ms
[SUBCHUNK] tiles_split=101 total_subchunks=1131 max_subchunks_per_tile=3 payload_pages=47305
[SORT] stage=ONELAUNCH P=2995477 P_kept=2995477 num_tiles=1024 max_tile_n=24260 onelaunch=3.96 layout=0.10 pub_host=0.16 total=4.25ms
[run]   view=orb_21 769.9ms
[SUBCHUNK] tiles_split=98 total_subchunks=1128 max_subchunks_per_tile=3 payload_pages=45916
[SORT] stage=ONELAUNCH P=2905568 P_kept=2905568 num_tiles=1024 max_tile_n=20183 onelaunch=3.83 layout=0.10 pub_host=0.16 total=4.12ms
[run]   view=orb_22 731.9ms
[SUBCHUNK] tiles_split=93 total_subchunks=1124 max_subchunks_per_tile=3 payload_pages=44089
[SORT] stage=ONELAUNCH P=2789002 P_kept=2789002 num_tiles=1024 max_tile_n=22449 onelaunch=3.71 layout=0.10 pub_host=0.16 total=3.97ms
[run]   view=orb_23 756.7ms
[SUBCHUNK] tiles_split=88 total_subchunks=1120 max_subchunks_per_tile=3 payload_pages=40943
[SORT] stage=ONELAUNCH P=2588415 P_kept=2588415 num_tiles=1024 max_tile_n=21650 onelaunch=3.48 layout=0.10 pub_host=0.16 total=3.75ms
[run]   view=orb_24 692.7ms
[SUBCHUNK] tiles_split=80 total_subchunks=1110 max_subchunks_per_tile=3 payload_pages=38513
[SORT] stage=ONELAUNCH P=2432773 P_kept=2432773 num_tiles=1024 max_tile_n=23237 onelaunch=3.33 layout=0.10 pub_host=0.18 total=3.63ms
[run]   view=orb_25 691.6ms
[SUBCHUNK] tiles_split=76 total_subchunks=1105 max_subchunks_per_tile=3 payload_pages=37017
[SORT] stage=ONELAUNCH P=2337030 P_kept=2337030 num_tiles=1024 max_tile_n=23948 onelaunch=3.07 layout=0.10 pub_host=0.16 total=3.36ms
[run]   view=orb_26 646.9ms
[SUBCHUNK] tiles_split=78 total_subchunks=1107 max_subchunks_per_tile=3 payload_pages=36184
[SORT] stage=ONELAUNCH P=2283762 P_kept=2283762 num_tiles=1024 max_tile_n=23770 onelaunch=3.01 layout=0.11 pub_host=0.16 total=3.29ms
[run]   view=orb_27 629.0ms
[SUBCHUNK] tiles_split=74 total_subchunks=1105 max_subchunks_per_tile=3 payload_pages=36070
[SORT] stage=ONELAUNCH P=2277397 P_kept=2277397 num_tiles=1024 max_tile_n=22351 onelaunch=2.99 layout=0.10 pub_host=0.16 total=3.27ms
[run]   view=orb_28 632.9ms
SUMMARY scene=bicycle hero='hero' hero_vs_ref=100.00dB(8bit-vs-golden) hero_vs_cpu=nandB(float-vs-cpu) avg_frame_ms=768.6 p50_ms=771.8 min_ms=629.0 max_ms=928.6 n_views=30 warmup_s=24.6 out=/localdev/smarton/gstt2-t148/tmp/t148-stats
TTW_METRIC hero_vs_ref=100.00
TTW_TIMING ms_view=768.600
TTW_TIMING blend=768.600
TTW_TIMING stage_head=0.003
TTW_TIMING stage_project=4.684
TTW_TIMING stage_tile_assign=0.006
TTW_TIMING stage_sort=4.354
TTW_TIMING stage_blend_setup=0.000
TTW_TIMING stage_mat=0.000
TTW_TIMING stage_cull=0.000
TTW_TIMING stage_blend=759.238
TTW_TIMING stage_d2h=0.249
TTW_TIMING stage_assemble=0.000
TTW_TIMING stage_tail=0.005
TTW_TIMING stage_view_total=768.542
TTW_TIMING stage_pybind=0.058
STAGES n=30 head=0.003 project=4.684 tile_assign=0.006 sort=4.354 blend_setup=0.000 mat=0.000 cull=0.000 blend=759.238 d2h=0.249 assemble=0.000 tail=0.005 | sum=768.540 view_total=768.542 resid_in_view=+0.002 avg_frame_ms=768.600 resid_vs_frame=+0.060
TTW_TIMING stage_sort_pread=0.021
TTW_TIMING stage_sort_bin_count=0.000
TTW_TIMING stage_sort_bin_hist_d2h=0.000
TTW_TIMING stage_sort_bin_layout=0.105
TTW_TIMING stage_sort_upload=0.000
TTW_TIMING stage_sort_bin_emit=3.964
TTW_TIMING stage_sort_kernel=0.000
TTW_TIMING stage_sort_d2h=0.000
TTW_TIMING stage_sort_compact=0.000
TTW_TIMING stage_sort_publish_host=0.166
TTW_TIMING stage_sort_publish_wait=0.000
TTW_TIMING stage_sort_mat=0.054
TTW_TIMING stage_sort_other=0.045
SORT_STAGES n=30 pread=0.021 bin_count=0.000 bin_hist_d2h=0.000 bin_layout=0.105 upload=0.000 bin_emit=3.964 kernel=0.000 d2h=0.000 compact=0.000 publish_host=0.166 publish_wait=0.000 mat=0.054 | sum=4.310 sort=4.354 resid=+0.045
TTW_TIMING stage_project_cov3d=0.000
TTW_TIMING stage_project_pfwc_setup=0.006
TTW_TIMING stage_project_pfwc_rtargs=0.040
TTW_TIMING stage_project_pfwc_enqueue=0.038
TTW_TIMING stage_project_pfwc_finish=0.000
TTW_TIMING stage_project_gather_setup=0.001
TTW_TIMING stage_project_gather_rtargs=0.000
TTW_TIMING stage_project_gather_enqueue=0.000
TTW_TIMING stage_project_gather_wait=4.475
TTW_TIMING stage_project_gather_result=0.122
TTW_TIMING stage_project_other=0.002
PROJECT_STAGES n=30 cov3d=0.000 pfwc_setup=0.006 pfwc_rtargs=0.040 pfwc_enqueue=0.038 pfwc_finish=0.000 gather_setup=0.001 gather_rtargs=0.000 gather_enqueue=0.000 gather_wait=4.475 gather_result=0.122 | sum=4.683 project=4.684 resid=+0.002
TTW_TIMING stage_tile_assign_setup=0.004
TTW_TIMING stage_tile_assign_rtargs=0.000
TTW_TIMING stage_tile_assign_enqueue=0.000
TTW_TIMING stage_tile_assign_scan_finish=0.000
TTW_TIMING stage_tile_assign_p_d2h=0.000
TTW_TIMING stage_tile_assign_k2_finish=0.000
TTW_TIMING stage_tile_assign_publish=0.001
TTW_TIMING stage_tile_assign_other=0.001
TILE_ASSIGN_STAGES n=30 setup=0.004 rtargs=0.000 enqueue=0.000 scan_finish=0.000 p_d2h=0.000 k2_finish=0.000 publish=0.001 | sum=0.005 tile_assign=0.006 resid=+0.001
