2026-10-08 02:03:56.248 | INFO     | __main__:main:175 - Setting profiler artifacts folder to /localdev/smarton/p150bench/prof407/c0
2026-10-08 02:03:56.250 | INFO     | __main__:main:336 - Using port 8086
2026-10-08 02:03:56.250 | INFO     | tracy:run_report_setup:88 - Verifying tracy profiling tools
2026-10-08 02:03:56.256 | INFO     | tracy:run_report_setup:108 - Capture command: ('/localdev/smarton/viewer/tt-metal/build/tools/profiler/bin/capture-release -o /localdev/smarton/p150bench/prof407/c0/.logs/tracy_profile_log_host.tracy -f -p 8086',)
Connecting to 127.0.0.1:8086...2026-10-08 02:03:56.272 | INFO     | __main__:main:400 - Test process started
2026-10-08 02:03:57.517 | INFO     | __main__:main:175 - Setting profiler artifacts folder to /localdev/smarton/p150bench/prof407/c0
[run] warmup (hero='hero', 1024x1024, scene=bicycle)
2026-10-08 02:04:00.063 | info     |             UMD | Creating TopologyDiscovery for architecture: blackhole (topology_discovery.cpp:75)
2026-10-08 02:04:00.063 | info     |             UMD | Starting topology discovery. (topology_discovery.cpp:92)
2026-10-08 02:04:00.065 | warning  |             UMD | Low power mode is disabled while UMD holds open file descriptors. The device will return to low power mode once all file descriptors are closed. (topology_discovery.cpp:140)
2026-10-08 02:04:00.066 | info     |             UMD | Established firmware bundle version: 19.13.2 (topology_discovery.cpp:544)
2026-10-08 02:04:00.066 | info     |             UMD | Firmware bundle version 19.13.2 on the system is newer than the latest fully tested version 19.5.0 for blackhole architecture. Newest features may not be supported. (topology_discovery.cpp:570)
2026-10-08 02:04:00.067 | info     |             UMD | Completed topology discovery. (topology_discovery.cpp:96)
2026-10-08 02:04:00.069 | info     |          Device | Opening user mode device driver (tt_cluster.cpp:225)
2026-10-08 02:04:00.069 | info     |             UMD | Cluster constructor started. (cluster.cpp:317)
2026-10-08 02:04:00.069 | info     |             UMD | Creating TopologyDiscovery for architecture: blackhole (topology_discovery.cpp:75)
2026-10-08 02:04:00.069 | info     |             UMD | Starting topology discovery. (topology_discovery.cpp:92)
2026-10-08 02:04:00.072 | warning  |             UMD | Low power mode is disabled while UMD holds open file descriptors. The device will return to low power mode once all file descriptors are closed. (topology_discovery.cpp:140)
2026-10-08 02:04:00.073 | info     |             UMD | Established firmware bundle version: 19.13.2 (topology_discovery.cpp:544)
2026-10-08 02:04:00.073 | info     |             UMD | Firmware bundle version 19.13.2 on the system is newer than the latest fully tested version 19.5.0 for blackhole architecture. Newest features may not be supported. (topology_discovery.cpp:570)
2026-10-08 02:04:00.073 | info     |             UMD | Completed topology discovery. (topology_discovery.cpp:96)
2026-10-08 02:04:00.073 | info     |             UMD | Harvesting masks for Chip 0: Tensix: 0xc0 DRAM: 0x0 ETH: 0x120 PCIe: 0x2 L2CPU: 0x0 (cluster.cpp:262)
2026-10-08 02:04:00.073 | info     |             UMD | Initializing iommu for sysmem (size: 0x40000000). (silicon_sysmem_manager.cpp:334)
2026-10-08 02:04:00.073 | info     |             UMD | Allocating sysmem for IOMMU (size: 0x40000000). (silicon_sysmem_manager.cpp:340)
2026-10-08 02:04:00.147 | info     |             UMD | Opening local chip ids/PCIe ids: {0}/[0] and remote chip ids {} (cluster.cpp:153)
2026-10-08 02:04:00.147 | info     |             UMD | IOMMU: enabled (cluster.cpp:133)
2026-10-08 02:04:00.147 | info     |             UMD | KMD version: 2.9.0 (cluster.cpp:136)
2026-10-08 02:04:00.147 | info     |             UMD | Cluster constructor completed. (cluster.cpp:409)
2026-10-08 02:04:00.148 | info     |             UMD | Starting devices in cluster (cluster.cpp:1044)
2026-10-08 02:04:00.150 | info     |             UMD | Mapped sysmem without hugepages to IOVA 0xffffffff40000000; NOC address 0x1000000000000000 (silicon_sysmem_manager.cpp:391)
2026-10-08 02:04:00.150 | info     |             UMD | Starting devices in cluster completed. (cluster.cpp:1052)
2026-10-08 02:04:00.476 | info     |     Distributed | Using auto discovery to generate mesh graph. (metal_env.cpp:332)
2026-10-08 02:04:00.476 | info     |     Distributed | Constructing control plane using auto-discovery (no mesh graph descriptor). (metal_env.cpp:394)
2026-10-08 02:04:00.477 | info     |             UMD | Creating TopologyDiscovery for architecture: blackhole (topology_discovery.cpp:75)
2026-10-08 02:04:00.477 | info     |             UMD | Starting topology discovery. (topology_discovery.cpp:92)
2026-10-08 02:04:00.478 | warning  |             UMD | Low power mode is disabled while UMD holds open file descriptors. The device will return to low power mode once all file descriptors are closed. (topology_discovery.cpp:140)
2026-10-08 02:04:00.480 | info     |             UMD | Established firmware bundle version: 19.13.2 (topology_discovery.cpp:544)
2026-10-08 02:04:00.480 | info     |             UMD | Firmware bundle version 19.13.2 on the system is newer than the latest fully tested version 19.5.0 for blackhole architecture. Newest features may not be supported. (topology_discovery.cpp:570)
2026-10-08 02:04:00.480 | info     |             UMD | Completed topology discovery. (topology_discovery.cpp:96)
2026-10-08 02:04:00.482 | warning  |          Always | Unknown motherboard 'H12DSG-O-CPU' for chip_id=0 (bus_id=0x61) — defaulting tray_id to 0. Add this motherboard and its bus IDs to mobo_to_bus_ids in physical_system_discovery.cpp. (physical_system_discovery.cpp:56)
2026-10-08 02:04:00.482 | info     |          Fabric | TopologyMapper: Logical Multi-Mesh Adjacency Map: (topology_mapper.cpp:1474)
2026-10-08 02:04:00.482 | info     |          Fabric |
=== Logical Mesh-Level Graph Adjacency Map ===
Total nodes: 1
Degree histogram: {0:1}
 (topology_solver.tpp:94)
2026-10-08 02:04:00.482 | info     |          Fabric |
=== Logical Mesh 0 Internal Graph Adjacency Map ===
Total nodes: 1
Degree histogram: {0:1}
 (topology_solver.tpp:94)
2026-10-08 02:04:00.482 | info     |          Fabric | TopologyMapper: Physical Multi-Mesh Adjacency Map: (topology_mapper.cpp:1485)
2026-10-08 02:04:00.482 | info     |          Fabric |
=== Physical Mesh-Level Graph Adjacency Map ===
Total nodes: 1
Degree histogram: {0:1}
 (topology_solver.tpp:94)
2026-10-08 02:04:00.482 | info     |          Fabric |
=== Physical Mesh 0 Internal Graph Adjacency Map ===
Total nodes: 1
Degree histogram: {0:1}
 (topology_solver.tpp:94)
2026-10-08 02:04:00.482 | info     |          Fabric | Starting multi-mesh mapping: 1 logical mesh(es) to 1 physical mesh(es) (topology_mapper_utils.cpp:1465)
2026-10-08 02:04:00.482 | info     |          Fabric | Multi-mesh mapping attempt 1/2: Trying inter-mesh mapping (topology_mapper_utils.cpp:1506)
2026-10-08 02:04:00.482 | info     |          Fabric | Attempt 1: Inter-mesh mapping succeeded, found 1 mesh pair(s) (topology_mapper_utils.cpp:1535)
2026-10-08 02:04:00.482 | info     |          Fabric | Attempt 1: Mapping 1 mesh pair(s) (topology_mapper_utils.cpp:1547)
2026-10-08 02:04:00.482 | info     |          Fabric | Attempt 1: Mapping mesh 0 -> 0 (topology_mapper_utils.cpp:1549)
2026-10-08 02:04:00.482 | info     |          Fabric | Multi-mesh mapping succeeded after 1 attempt(s): 1 mesh pair(s) mapped (topology_mapper_utils.cpp:1682)
2026-10-08 02:04:01.799 | info     |           Metal | Profiler started on device 0 (profiler_initializer.cpp:49)
2026-10-08 02:04:04.968 | info     |           Metal | ShmResourceTracker: removed stale shm '/tt_d2h_90022_2955777072_0' (shm_resource_tracker.cpp:265)
2026-10-08 02:04:04.969 | info     |           Metal | ShmResourceTracker: removed stale manifest '/dev/shm/tt_socket_manifest_90022' (shm_resource_tracker.cpp:275)
2026-10-08 02:04:04.969 | info     |           Metal | ShmResourceTracker: removed orphaned shm '/tt_device_7293119525253728464_memory' (shm_resource_tracker.cpp:282)
2026-10-08 02:04:06.582 | info     |           Metal | [Real-time profiler] Device 0 sync complete: 100 samples, frequency=1.349980 GHz, device_time_at_sync=112423452274351 cycles (realtime_profiler_manager.cpp:1075)
[DEV] command queues 2, compute grid 11x10
[gsplat_tt::sort] bucket tile stride 513 pages, 8 DRAM banks
[JIT_WARMUP] ideal-path contexts compiled in 6550.6 ms
[TA] K2 fold=1 (enabled 1 dual 1 screen tiles 1024 speed split 1)
[SORT] ONELAUNCH early=1 why=0 (tiles 1024 row_pages 64 cores 110)
[SORT] ONELAUNCH v2 OL_PB=8 OL_RING=8 OL_WIN_PAGES=1024 OL_MAT_SELECT=0 OL_BREC_BULK=1 OL_EMIT_TOWN=1 cb_bytes/mover=567680 shared=22400
[SORT] ONELAUNCH k2_fold=1 early=1 cq1=1 (enqueued behind the K2; cores 110 row_pages 64 tiles 1024)
[SUBCHUNK] tiles_split=86 total_subchunks=1113 max_subchunks_per_tile=3 payload_pages=45770
[SORT] stage=ONELAUNCH P=2895629 P_kept=2895629 num_tiles=1024 max_tile_n=22979 onelaunch=0.55 layout=0.09 pub_host=0.32 total=1.05ms
OUT_RING new pinned slot (slots=1 grows=0 replaced=0)
MATBLEND_PROGRAM fz=1 zerocopy=0 pinned=1 frame=0
[run] timing 10 views (warmup excluded)
[SUBCHUNK] tiles_split=86 total_subchunks=1113 max_subchunks_per_tile=3 payload_pages=45770
[SORT] stage=ONELAUNCH P=2895629 P_kept=2895629 num_tiles=1024 max_tile_n=22979 onelaunch=0.50 layout=0.08 pub_host=0.31 total=0.90ms
[run]   view=hero 11.8ms
[SUBCHUNK] tiles_split=64 total_subchunks=1090 max_subchunks_per_tile=3 payload_pages=33181
[SORT] stage=ONELAUNCH P=2090575 P_kept=2090575 num_tiles=1024 max_tile_n=19171 onelaunch=0.49 layout=0.08 pub_host=0.32 total=0.90ms
[run]   view=orb_00 8.6ms
[SUBCHUNK] tiles_split=63 total_subchunks=1090 max_subchunks_per_tile=3 payload_pages=34324
[SORT] stage=ONELAUNCH P=2164042 P_kept=2164042 num_tiles=1024 max_tile_n=18956 onelaunch=0.48 layout=0.08 pub_host=0.32 total=0.87ms
[run]   view=orb_01 8.9ms
[SUBCHUNK] tiles_split=66 total_subchunks=1093 max_subchunks_per_tile=3 payload_pages=35760
[SORT] stage=ONELAUNCH P=2255766 P_kept=2255766 num_tiles=1024 max_tile_n=18906 onelaunch=0.43 layout=0.08 pub_host=0.33 total=0.85ms
[run]   view=orb_02 9.1ms
[SUBCHUNK] tiles_split=62 total_subchunks=1090 max_subchunks_per_tile=3 payload_pages=37612
[SORT] stage=ONELAUNCH P=2374790 P_kept=2374790 num_tiles=1024 max_tile_n=17834 onelaunch=0.44 layout=0.08 pub_host=0.33 total=0.86ms
[run]   view=orb_03 9.4ms
[SUBCHUNK] tiles_split=68 total_subchunks=1096 max_subchunks_per_tile=3 payload_pages=39937
[SORT] stage=ONELAUNCH P=2523377 P_kept=2523377 num_tiles=1024 max_tile_n=20034 onelaunch=0.44 layout=0.08 pub_host=0.34 total=0.86ms
[run]   view=orb_04 9.8ms
[SUBCHUNK] tiles_split=70 total_subchunks=1097 max_subchunks_per_tile=3 payload_pages=43036
[SORT] stage=ONELAUNCH P=2722282 P_kept=2722282 num_tiles=1024 max_tile_n=22369 onelaunch=0.42 layout=0.09 pub_host=0.31 total=0.82ms
[run]   view=orb_05 10.3ms
[SUBCHUNK] tiles_split=75 total_subchunks=1104 max_subchunks_per_tile=3 payload_pages=45752
[SORT] stage=ONELAUNCH P=2895762 P_kept=2895762 num_tiles=1024 max_tile_n=21267 onelaunch=0.43 layout=0.08 pub_host=0.32 total=0.83ms
[run]   view=orb_06 10.9ms
[SUBCHUNK] tiles_split=81 total_subchunks=1109 max_subchunks_per_tile=3 payload_pages=48611
[SORT] stage=ONELAUNCH P=3078956 P_kept=3078956 num_tiles=1024 max_tile_n=21032 onelaunch=0.43 layout=0.08 pub_host=0.32 total=0.84ms
[run]   view=orb_07 11.4ms
[SUBCHUNK] tiles_split=85 total_subchunks=1114 max_subchunks_per_tile=3 payload_pages=49703
[SORT] stage=ONELAUNCH P=3149841 P_kept=3149841 num_tiles=1024 max_tile_n=19047 onelaunch=0.44 layout=0.08 pub_host=0.32 total=0.84ms
2026-10-08 02:04:22.542 | info     |           Metal | Device kernel duration perf summary (device=0): count=1, min=8402459364ns, avg=8402459364.0ns, max=8402459364ns (profiler_analysis.cpp:645)
2026-10-08 02:04:22.542 | info     |           Metal | Device kernel duration perf histogram (device=0): (buckets=10, bucket_size=100ns, range=[8402459300..8402460300), underflow(<8402459300ns)=0, overflow(>=8402460300ns)=0) (profiler_analysis.cpp:682)
2026-10-08 02:04:22.542 | info     |           Metal |   [  8402459300 ..   8402459400) |########################################|        1 (profiler_analysis.cpp:700)
2026-10-08 02:04:22.542 | info     |           Metal |   [  8402459400 ..   8402459500) |                                        |        0 (profiler_analysis.cpp:700)
2026-10-08 02:04:22.542 | info     |           Metal |   [  8402459500 ..   8402459600) |                                        |        0 (profiler_analysis.cpp:700)
2026-10-08 02:04:22.542 | info     |           Metal |   [  8402459600 ..   8402459700) |                                        |        0 (profiler_analysis.cpp:700)
2026-10-08 02:04:22.542 | info     |           Metal |   [  8402459700 ..   8402459800) |                                        |        0 (profiler_analysis.cpp:700)
2026-10-08 02:04:22.542 | info     |           Metal |   [  8402459800 ..   8402459900) |                                        |        0 (profiler_analysis.cpp:700)
2026-10-08 02:04:22.542 | info     |           Metal |   [  8402459900 ..   8402460000) |                                        |        0 (profiler_analysis.cpp:700)
2026-10-08 02:04:22.542 | info     |           Metal |   [  8402460000 ..   8402460100) |                                        |        0 (profiler_analysis.cpp:700)
2026-10-08 02:04:22.542 | info     |           Metal |   [  8402460100 ..   8402460200) |                                        |        0 (profiler_analysis.cpp:700)
2026-10-08 02:04:22.542 | info     |           Metal |   [  8402460200 ..   8402460300) |                                        |        0 (profiler_analysis.cpp:700)
[run]   view=orb_08 668.9ms
SUMMARY scene=bicycle hero='hero' hero_vs_ref=nandB(8bit-vs-golden) hero_vs_cpu=nandB(float-vs-cpu) avg_frame_ms=75.9 p50_ms=10.0 min_ms=8.6 max_ms=668.9 n_views=10 warmup_s=22.0 out=/localdev/smarton/p150bench/tree407/tmp/t407-T0
TTW_TIMING ms_view=75.898
TTW_TIMING blend=75.898
TTW_TIMING stage_head=0.005
TTW_TIMING stage_project=2.254
TTW_TIMING stage_tile_assign=0.009
TTW_TIMING stage_sort=1.051
TTW_TIMING stage_blend_setup=0.000
TTW_TIMING stage_mat=0.000
TTW_TIMING stage_cull=0.000
TTW_TIMING stage_blend=6.430
TTW_TIMING stage_d2h=0.284
TTW_TIMING stage_assemble=0.000
TTW_TIMING stage_tail=65.705
TTW_TIMING stage_xview=0.097
TTW_TIMING stage_view_total=75.837
TTW_TIMING stage_pybind=0.061
STAGES n=10 head=0.005 project=2.254 tile_assign=0.009 sort=1.051 blend_setup=0.000 mat=0.000 cull=0.000 blend=6.430 d2h=0.284 assemble=0.000 tail=65.705 xview=0.097 | sum=75.835 view_total=75.837 resid_in_view=+0.003 avg_frame_ms=75.898 resid_vs_frame=+0.063 xview_hits=9 xview_misses=0
TTW_TIMING stage_sort_pread=0.002
TTW_TIMING stage_sort_bin_count=0.000
TTW_TIMING stage_sort_bin_hist_d2h=0.000
TTW_TIMING stage_sort_bin_layout=0.079
TTW_TIMING stage_sort_upload=0.000
TTW_TIMING stage_sort_bin_emit=0.452
TTW_TIMING stage_sort_kernel=0.000
TTW_TIMING stage_sort_d2h=0.000
TTW_TIMING stage_sort_compact=0.000
TTW_TIMING stage_sort_publish_host=0.323
TTW_TIMING stage_sort_publish_wait=0.000
TTW_TIMING stage_sort_mat=0.083
TTW_TIMING stage_sort_other=0.112
SORT_STAGES n=10 pread=0.002 bin_count=0.000 bin_hist_d2h=0.000 bin_layout=0.079 upload=0.000 bin_emit=0.452 kernel=0.000 d2h=0.000 compact=0.000 publish_host=0.323 publish_wait=0.000 mat=0.083 | sum=0.939 sort=1.051 resid=+0.112
TTW_TIMING stage_project_cov3d=0.000
TTW_TIMING stage_project_pfwc_setup=0.004
TTW_TIMING stage_project_pfwc_rtargs=0.082
TTW_TIMING stage_project_pfwc_enqueue=0.026
TTW_TIMING stage_project_pfwc_finish=0.000
TTW_TIMING stage_project_gather_setup=0.002
TTW_TIMING stage_project_gather_rtargs=0.000
TTW_TIMING stage_project_gather_enqueue=0.000
TTW_TIMING stage_project_gather_wait=2.234
TTW_TIMING stage_project_gather_result=0.000
TTW_TIMING stage_project_other=-0.095
PROJECT_STAGES n=10 cov3d=0.000 pfwc_setup=0.004 pfwc_rtargs=0.082 pfwc_enqueue=0.026 pfwc_finish=0.000 gather_setup=0.002 gather_rtargs=0.000 gather_enqueue=0.000 gather_wait=2.234 gather_result=0.000 | sum=2.349 project=2.254 resid=-0.095
TTW_TIMING stage_tile_assign_setup=0.008
TTW_TIMING stage_tile_assign_rtargs=0.000
TTW_TIMING stage_tile_assign_enqueue=0.000
TTW_TIMING stage_tile_assign_scan_finish=0.000
TTW_TIMING stage_tile_assign_p_d2h=0.000
TTW_TIMING stage_tile_assign_k2_finish=0.000
TTW_TIMING stage_tile_assign_publish=0.001
TTW_TIMING stage_tile_assign_other=0.001
TILE_ASSIGN_STAGES n=10 setup=0.008 rtargs=0.000 enqueue=0.000 scan_finish=0.000 p_d2h=0.000 k2_finish=0.000 publish=0.001 | sum=0.008 tile_assign=0.009 resid=+0.001

Queue delay: 36 ns
Timer resolution: 9 ns

Frames: 2
Time span: 31.21 s
Zones: 229,050
Elapsed time: 23.92 s
Saving trace... done!
Trace size 3207.32 KB (28.83% ratio)
2026-10-08 02:04:24.430 | INFO     | tracy:generate_report:154 - Host side ops time report generated at /localdev/smarton/p150bench/prof407/c0/.logs/tracy_ops_times.csv
2026-10-08 02:04:24.454 | INFO     | tracy:generate_report:165 - Host side ops data report generated at /localdev/smarton/p150bench/prof407/c0/.logs/tracy_ops_data.csv
2026-10-08 02:04:24.455 | INFO     | tracy.process_ops_logs:import_tracy_op_logs:255 - Importing ops logs
/localdev/smarton/viewer/tt-metal/tools/tracy/process_ops_logs.py:360: DtypeWarning: Columns (3) have mixed types. Specify dtype option on import or set low_memory=False.
  df = pd.read_csv(tracyOpTimesLog)
2026-10-08 02:04:25.139 | INFO     | tracy.process_ops_logs:get_device_data_generate_report:1014 - Copying runtime artifacts
2026-10-08 02:04:25.159 | INFO     | tracy.process_ops_logs:get_device_data_generate_report:1020 - Getting device only ops data
2026-10-08 02:04:26.721 | INFO     | tracy.process_device_log:core_to_device_timeseries:416 - Importing Data For Device Number : 0
2026-10-08 02:04:29.346 | INFO     | tracy.process_ops_logs:get_device_data_generate_report:1032 - Generating device op report ...
2026-10-08 02:04:29.362 | INFO     | tracy.process_ops_logs:get_device_data_generate_report:1210 - Device only OPs csv generated at: /localdev/smarton/p150bench/prof407/c0/reports/2026_10_08_02_04_25/ops_perf_results_2026_10_08_02_04_25.csv
2026-10-08 02:04:29.364 | INFO     | tracy.process_ops_logs:get_device_data_generate_report:1219 - Device only per core op to op times csv generated at: /localdev/smarton/p150bench/prof407/c0/reports/2026_10_08_02_04_25/per_core_op_to_op_times_2026_10_08_02_04_25.csv
