2026-10-08 02:04:31.704 | INFO     | __main__:main:175 - Setting profiler artifacts folder to /localdev/smarton/p150bench/prof407/c10
2026-10-08 02:04:31.706 | INFO     | __main__:main:336 - Using port 8086
2026-10-08 02:04:31.706 | INFO     | tracy:run_report_setup:88 - Verifying tracy profiling tools
2026-10-08 02:04:31.712 | INFO     | tracy:run_report_setup:108 - Capture command: ('/localdev/smarton/viewer/tt-metal/build/tools/profiler/bin/capture-release -o /localdev/smarton/p150bench/prof407/c10/.logs/tracy_profile_log_host.tracy -f -p 8086',)
Connecting to 127.0.0.1:8086...2026-10-08 02:04:31.728 | INFO     | __main__:main:400 - Test process started
2026-10-08 02:04:32.952 | INFO     | __main__:main:175 - Setting profiler artifacts folder to /localdev/smarton/p150bench/prof407/c10
[run] warmup (hero='hero', 1024x1024, scene=bicycle)
2026-10-08 02:04:35.456 | info     |             UMD | Creating TopologyDiscovery for architecture: blackhole (topology_discovery.cpp:75)
2026-10-08 02:04:35.456 | info     |             UMD | Starting topology discovery. (topology_discovery.cpp:92)
2026-10-08 02:04:35.459 | warning  |             UMD | Low power mode is disabled while UMD holds open file descriptors. The device will return to low power mode once all file descriptors are closed. (topology_discovery.cpp:140)
2026-10-08 02:04:35.460 | info     |             UMD | Established firmware bundle version: 19.13.2 (topology_discovery.cpp:544)
2026-10-08 02:04:35.460 | info     |             UMD | Firmware bundle version 19.13.2 on the system is newer than the latest fully tested version 19.5.0 for blackhole architecture. Newest features may not be supported. (topology_discovery.cpp:570)
2026-10-08 02:04:35.460 | info     |             UMD | Completed topology discovery. (topology_discovery.cpp:96)
2026-10-08 02:04:35.462 | info     |          Device | Opening user mode device driver (tt_cluster.cpp:225)
2026-10-08 02:04:35.462 | info     |             UMD | Cluster constructor started. (cluster.cpp:317)
2026-10-08 02:04:35.462 | info     |             UMD | Creating TopologyDiscovery for architecture: blackhole (topology_discovery.cpp:75)
2026-10-08 02:04:35.462 | info     |             UMD | Starting topology discovery. (topology_discovery.cpp:92)
2026-10-08 02:04:35.466 | warning  |             UMD | Low power mode is disabled while UMD holds open file descriptors. The device will return to low power mode once all file descriptors are closed. (topology_discovery.cpp:140)
2026-10-08 02:04:35.467 | info     |             UMD | Established firmware bundle version: 19.13.2 (topology_discovery.cpp:544)
2026-10-08 02:04:35.467 | info     |             UMD | Firmware bundle version 19.13.2 on the system is newer than the latest fully tested version 19.5.0 for blackhole architecture. Newest features may not be supported. (topology_discovery.cpp:570)
2026-10-08 02:04:35.467 | info     |             UMD | Completed topology discovery. (topology_discovery.cpp:96)
2026-10-08 02:04:35.467 | info     |             UMD | Harvesting masks for Chip 0: Tensix: 0xc0 DRAM: 0x0 ETH: 0x120 PCIe: 0x2 L2CPU: 0x0 (cluster.cpp:262)
2026-10-08 02:04:35.468 | info     |             UMD | Initializing iommu for sysmem (size: 0x40000000). (silicon_sysmem_manager.cpp:334)
2026-10-08 02:04:35.468 | info     |             UMD | Allocating sysmem for IOMMU (size: 0x40000000). (silicon_sysmem_manager.cpp:340)
2026-10-08 02:04:35.538 | info     |             UMD | Opening local chip ids/PCIe ids: {0}/[0] and remote chip ids {} (cluster.cpp:153)
2026-10-08 02:04:35.538 | info     |             UMD | IOMMU: enabled (cluster.cpp:133)
2026-10-08 02:04:35.538 | info     |             UMD | KMD version: 2.9.0 (cluster.cpp:136)
2026-10-08 02:04:35.538 | info     |             UMD | Cluster constructor completed. (cluster.cpp:409)
2026-10-08 02:04:35.539 | info     |             UMD | Starting devices in cluster (cluster.cpp:1044)
2026-10-08 02:04:35.540 | info     |             UMD | Mapped sysmem without hugepages to IOVA 0xffffffff40000000; NOC address 0x1000000000000000 (silicon_sysmem_manager.cpp:391)
2026-10-08 02:04:35.541 | info     |             UMD | Starting devices in cluster completed. (cluster.cpp:1052)
2026-10-08 02:04:35.858 | info     |     Distributed | Using auto discovery to generate mesh graph. (metal_env.cpp:332)
2026-10-08 02:04:35.858 | info     |     Distributed | Constructing control plane using auto-discovery (no mesh graph descriptor). (metal_env.cpp:394)
2026-10-08 02:04:35.858 | info     |             UMD | Creating TopologyDiscovery for architecture: blackhole (topology_discovery.cpp:75)
2026-10-08 02:04:35.858 | info     |             UMD | Starting topology discovery. (topology_discovery.cpp:92)
2026-10-08 02:04:35.859 | warning  |             UMD | Low power mode is disabled while UMD holds open file descriptors. The device will return to low power mode once all file descriptors are closed. (topology_discovery.cpp:140)
2026-10-08 02:04:35.860 | info     |             UMD | Established firmware bundle version: 19.13.2 (topology_discovery.cpp:544)
2026-10-08 02:04:35.860 | info     |             UMD | Firmware bundle version 19.13.2 on the system is newer than the latest fully tested version 19.5.0 for blackhole architecture. Newest features may not be supported. (topology_discovery.cpp:570)
2026-10-08 02:04:35.861 | info     |             UMD | Completed topology discovery. (topology_discovery.cpp:96)
2026-10-08 02:04:35.862 | warning  |          Always | Unknown motherboard 'H12DSG-O-CPU' for chip_id=0 (bus_id=0x61) — defaulting tray_id to 0. Add this motherboard and its bus IDs to mobo_to_bus_ids in physical_system_discovery.cpp. (physical_system_discovery.cpp:56)
2026-10-08 02:04:35.862 | info     |          Fabric | TopologyMapper: Logical Multi-Mesh Adjacency Map: (topology_mapper.cpp:1474)
2026-10-08 02:04:35.862 | info     |          Fabric | 
=== Logical Mesh-Level Graph Adjacency Map ===
Total nodes: 1
Degree histogram: {0:1}
 (topology_solver.tpp:94)
2026-10-08 02:04:35.862 | info     |          Fabric | 
=== Logical Mesh 0 Internal Graph Adjacency Map ===
Total nodes: 1
Degree histogram: {0:1}
 (topology_solver.tpp:94)
2026-10-08 02:04:35.862 | info     |          Fabric | TopologyMapper: Physical Multi-Mesh Adjacency Map: (topology_mapper.cpp:1485)
2026-10-08 02:04:35.862 | info     |          Fabric | 
=== Physical Mesh-Level Graph Adjacency Map ===
Total nodes: 1
Degree histogram: {0:1}
 (topology_solver.tpp:94)
2026-10-08 02:04:35.862 | info     |          Fabric | 
=== Physical Mesh 0 Internal Graph Adjacency Map ===
Total nodes: 1
Degree histogram: {0:1}
 (topology_solver.tpp:94)
2026-10-08 02:04:35.862 | info     |          Fabric | Starting multi-mesh mapping: 1 logical mesh(es) to 1 physical mesh(es) (topology_mapper_utils.cpp:1465)
2026-10-08 02:04:35.862 | info     |          Fabric | Multi-mesh mapping attempt 1/2: Trying inter-mesh mapping (topology_mapper_utils.cpp:1506)
2026-10-08 02:04:35.862 | info     |          Fabric | Attempt 1: Inter-mesh mapping succeeded, found 1 mesh pair(s) (topology_mapper_utils.cpp:1535)
2026-10-08 02:04:35.862 | info     |          Fabric | Attempt 1: Mapping 1 mesh pair(s) (topology_mapper_utils.cpp:1547)
2026-10-08 02:04:35.862 | info     |          Fabric | Attempt 1: Mapping mesh 0 -> 0 (topology_mapper_utils.cpp:1549)
2026-10-08 02:04:35.862 | info     |          Fabric | Multi-mesh mapping succeeded after 1 attempt(s): 1 mesh pair(s) mapped (topology_mapper_utils.cpp:1682)
2026-10-08 02:04:35.929 | info     |           Metal | Profiler started on device 0 (profiler_initializer.cpp:49)
2026-10-08 02:04:36.026 | info     |           Metal | ShmResourceTracker: removed stale shm '/tt_d2h_90547_3435081122_0' (shm_resource_tracker.cpp:265)
2026-10-08 02:04:36.026 | info     |           Metal | ShmResourceTracker: removed stale manifest '/dev/shm/tt_socket_manifest_90547' (shm_resource_tracker.cpp:275)
2026-10-08 02:04:36.026 | info     |           Metal | ShmResourceTracker: removed orphaned shm '/tt_device_7293119525253728464_memory' (shm_resource_tracker.cpp:282)
2026-10-08 02:04:36.617 | info     |           Metal | [Real-time profiler] Device 0 sync complete: 100 samples, frequency=1.349767 GHz, device_time_at_sync=112448438979224 cycles (realtime_profiler_manager.cpp:1075)
[DEV] command queues 2, compute grid 11x10
[gsplat_tt::sort] bucket tile stride 513 pages, 8 DRAM banks
[JIT_WARMUP] ideal-path contexts compiled in 1187.7 ms
[TA] K2 fold=1 (enabled 1 dual 1 screen tiles 1024 speed split 1)
[SORT] ONELAUNCH early=1 why=0 (tiles 1024 row_pages 64 cores 110)
[SORT] ONELAUNCH v2 OL_PB=8 OL_RING=8 OL_WIN_PAGES=1024 OL_MAT_SELECT=0 OL_BREC_BULK=1 OL_EMIT_TOWN=1 cb_bytes/mover=567680 shared=22400
[SORT] ONELAUNCH k2_fold=1 early=1 cq1=1 (enqueued behind the K2; cores 110 row_pages 64 tiles 1024)
[SUBCHUNK] tiles_split=86 total_subchunks=1113 max_subchunks_per_tile=3 payload_pages=45770
[SORT] stage=ONELAUNCH P=2895629 P_kept=2895629 num_tiles=1024 max_tile_n=22979 onelaunch=0.50 layout=0.09 pub_host=0.30 total=0.98ms
OUT_RING new pinned slot (slots=1 grows=0 replaced=0)
MATBLEND_PROGRAM fz=1 zerocopy=0 pinned=1 frame=0
[run] timing 10 views (warmup excluded)
[SUBCHUNK] tiles_split=84 total_subchunks=1113 max_subchunks_per_tile=3 payload_pages=50216
[SORT] stage=ONELAUNCH P=3181780 P_kept=3181780 num_tiles=1024 max_tile_n=19358 onelaunch=0.38 layout=0.09 pub_host=0.33 total=0.80ms
[run]   view=orb_09 12.7ms
[SUBCHUNK] tiles_split=81 total_subchunks=1109 max_subchunks_per_tile=3 payload_pages=50327
[SORT] stage=ONELAUNCH P=3188467 P_kept=3188467 num_tiles=1024 max_tile_n=19519 onelaunch=0.36 layout=0.08 pub_host=0.34 total=0.78ms
[run]   view=orb_10 11.7ms
[SUBCHUNK] tiles_split=82 total_subchunks=1111 max_subchunks_per_tile=3 payload_pages=49049
[SORT] stage=ONELAUNCH P=3106694 P_kept=3106694 num_tiles=1024 max_tile_n=20025 onelaunch=0.33 layout=0.08 pub_host=0.30 total=0.70ms
[run]   view=orb_11 11.6ms
[SUBCHUNK] tiles_split=81 total_subchunks=1108 max_subchunks_per_tile=3 payload_pages=47132
[SORT] stage=ONELAUNCH P=2984152 P_kept=2984152 num_tiles=1024 max_tile_n=20390 onelaunch=0.31 layout=0.08 pub_host=0.46 total=0.85ms
[run]   view=orb_12 11.1ms
[SUBCHUNK] tiles_split=79 total_subchunks=1106 max_subchunks_per_tile=3 payload_pages=45617
[SORT] stage=ONELAUNCH P=2887843 P_kept=2887843 num_tiles=1024 max_tile_n=20927 onelaunch=0.29 layout=0.07 pub_host=0.29 total=0.66ms
[run]   view=orb_13 10.9ms
[SUBCHUNK] tiles_split=75 total_subchunks=1101 max_subchunks_per_tile=3 payload_pages=44556
[SORT] stage=ONELAUNCH P=2818980 P_kept=2818980 num_tiles=1024 max_tile_n=21145 onelaunch=0.30 layout=0.08 pub_host=0.31 total=0.68ms
[run]   view=orb_14 10.6ms
[SUBCHUNK] tiles_split=75 total_subchunks=1101 max_subchunks_per_tile=3 payload_pages=43664
[SORT] stage=ONELAUNCH P=2762186 P_kept=2762186 num_tiles=1024 max_tile_n=19314 onelaunch=0.31 layout=0.08 pub_host=0.30 total=0.69ms
[run]   view=orb_15 10.5ms
[SUBCHUNK] tiles_split=80 total_subchunks=1106 max_subchunks_per_tile=3 payload_pages=42989
[SORT] stage=ONELAUNCH P=2719305 P_kept=2719305 num_tiles=1024 max_tile_n=19744 onelaunch=0.31 layout=0.08 pub_host=0.32 total=0.70ms
[run]   view=orb_16 10.2ms
[SUBCHUNK] tiles_split=79 total_subchunks=1105 max_subchunks_per_tile=3 payload_pages=42964
[SORT] stage=ONELAUNCH P=2717542 P_kept=2717542 num_tiles=1024 max_tile_n=18173 onelaunch=0.30 layout=0.07 pub_host=0.31 total=0.68ms
[run]   view=orb_17 10.3ms
[SUBCHUNK] tiles_split=82 total_subchunks=1110 max_subchunks_per_tile=3 payload_pages=43226
[SORT] stage=ONELAUNCH P=2733748 P_kept=2733748 num_tiles=1024 max_tile_n=18007 onelaunch=0.30 layout=0.09 pub_host=0.35 total=0.74ms
2026-10-08 02:04:37.854 | info     |           Metal | Device kernel duration perf summary (device=0): count=1, min=198042460ns, avg=198042460.0ns, max=198042460ns (profiler_analysis.cpp:645)
2026-10-08 02:04:37.854 | info     |           Metal | Device kernel duration perf histogram (device=0): (buckets=10, bucket_size=100ns, range=[198042400..198043400), underflow(<198042400ns)=0, overflow(>=198043400ns)=0) (profiler_analysis.cpp:682)
2026-10-08 02:04:37.854 | info     |           Metal |   [   198042400 ..    198042500) |########################################|        1 (profiler_analysis.cpp:700)
2026-10-08 02:04:37.854 | info     |           Metal |   [   198042500 ..    198042600) |                                        |        0 (profiler_analysis.cpp:700)
2026-10-08 02:04:37.854 | info     |           Metal |   [   198042600 ..    198042700) |                                        |        0 (profiler_analysis.cpp:700)
2026-10-08 02:04:37.854 | info     |           Metal |   [   198042700 ..    198042800) |                                        |        0 (profiler_analysis.cpp:700)
2026-10-08 02:04:37.854 | info     |           Metal |   [   198042800 ..    198042900) |                                        |        0 (profiler_analysis.cpp:700)
2026-10-08 02:04:37.854 | info     |           Metal |   [   198042900 ..    198043000) |                                        |        0 (profiler_analysis.cpp:700)
2026-10-08 02:04:37.854 | info     |           Metal |   [   198043000 ..    198043100) |                                        |        0 (profiler_analysis.cpp:700)
2026-10-08 02:04:37.854 | info     |           Metal |   [   198043100 ..    198043200) |                                        |        0 (profiler_analysis.cpp:700)
2026-10-08 02:04:37.854 | info     |           Metal |   [   198043200 ..    198043300) |                                        |        0 (profiler_analysis.cpp:700)
2026-10-08 02:04:37.854 | info     |           Metal |   [   198043300 ..    198043400) |                                        |        0 (profiler_analysis.cpp:700)
[run]   view=orb_18 742.7ms
SUMMARY scene=bicycle hero='hero' hero_vs_ref=nandB(8bit-vs-golden) hero_vs_cpu=nandB(float-vs-cpu) avg_frame_ms=84.2 p50_ms=11.0 min_ms=10.2 max_ms=742.7 n_views=10 warmup_s=1.8 out=/localdev/smarton/p150bench/tree407/tmp/t407-T10
TTW_TIMING ms_view=84.221
TTW_TIMING blend=84.221
TTW_TIMING stage_head=0.005
TTW_TIMING stage_project=2.466
TTW_TIMING stage_tile_assign=0.006
TTW_TIMING stage_sort=0.905
TTW_TIMING stage_blend_setup=0.000
TTW_TIMING stage_mat=0.000
TTW_TIMING stage_cull=0.000
TTW_TIMING stage_blend=7.176
TTW_TIMING stage_d2h=0.284
TTW_TIMING stage_assemble=0.000
TTW_TIMING stage_tail=73.216
TTW_TIMING stage_xview=0.098
TTW_TIMING stage_view_total=84.159
TTW_TIMING stage_pybind=0.062
STAGES n=10 head=0.005 project=2.466 tile_assign=0.006 sort=0.905 blend_setup=0.000 mat=0.000 cull=0.000 blend=7.176 d2h=0.284 assemble=0.000 tail=73.216 xview=0.098 | sum=84.156 view_total=84.159 resid_in_view=+0.002 avg_frame_ms=84.221 resid_vs_frame=+0.064 xview_hits=9 xview_misses=0
TTW_TIMING stage_sort_pread=0.002
TTW_TIMING stage_sort_bin_count=0.000
TTW_TIMING stage_sort_bin_hist_d2h=0.000
TTW_TIMING stage_sort_bin_layout=0.078
TTW_TIMING stage_sort_upload=0.000
TTW_TIMING stage_sort_bin_emit=0.317
TTW_TIMING stage_sort_kernel=0.000
TTW_TIMING stage_sort_d2h=0.000
TTW_TIMING stage_sort_compact=0.000
TTW_TIMING stage_sort_publish_host=0.329
TTW_TIMING stage_sort_publish_wait=0.000
TTW_TIMING stage_sort_mat=0.069
TTW_TIMING stage_sort_other=0.109
SORT_STAGES n=10 pread=0.002 bin_count=0.000 bin_hist_d2h=0.000 bin_layout=0.078 upload=0.000 bin_emit=0.317 kernel=0.000 d2h=0.000 compact=0.000 publish_host=0.329 publish_wait=0.000 mat=0.069 | sum=0.796 sort=0.905 resid=+0.109
TTW_TIMING stage_project_cov3d=0.000
TTW_TIMING stage_project_pfwc_setup=0.004
TTW_TIMING stage_project_pfwc_rtargs=0.086
TTW_TIMING stage_project_pfwc_enqueue=0.024
TTW_TIMING stage_project_pfwc_finish=0.000
TTW_TIMING stage_project_gather_setup=0.002
TTW_TIMING stage_project_gather_rtargs=0.000
TTW_TIMING stage_project_gather_enqueue=0.000
TTW_TIMING stage_project_gather_wait=2.446
TTW_TIMING stage_project_gather_result=0.000
TTW_TIMING stage_project_other=-0.096
PROJECT_STAGES n=10 cov3d=0.000 pfwc_setup=0.004 pfwc_rtargs=0.086 pfwc_enqueue=0.024 pfwc_finish=0.000 gather_setup=0.002 gather_rtargs=0.000 gather_enqueue=0.000 gather_wait=2.446 gather_result=0.000 | sum=2.562 project=2.466 resid=-0.096
TTW_TIMING stage_tile_assign_setup=0.004
TTW_TIMING stage_tile_assign_rtargs=0.000
TTW_TIMING stage_tile_assign_enqueue=0.000
TTW_TIMING stage_tile_assign_scan_finish=0.000
TTW_TIMING stage_tile_assign_p_d2h=0.000
TTW_TIMING stage_tile_assign_k2_finish=0.000
TTW_TIMING stage_tile_assign_publish=0.001
TTW_TIMING stage_tile_assign_other=0.001
TILE_ASSIGN_STAGES n=10 setup=0.004 rtargs=0.000 enqueue=0.000 scan_finish=0.000 p_d2h=0.000 k2_finish=0.000 publish=0.001 | sum=0.005 tile_assign=0.006 resid=+0.001

Queue delay: 34 ns
Timer resolution: 9 ns

Frames: 2
Time span: 3.28 s
Zones: 226,276
Elapsed time: 3.8 s
Saving trace... done!
Trace size 3228.27 KB (29.20% ratio)
2026-10-08 02:04:39.706 | INFO     | tracy:generate_report:154 - Host side ops time report generated at /localdev/smarton/p150bench/prof407/c10/.logs/tracy_ops_times.csv
2026-10-08 02:04:39.737 | INFO     | tracy:generate_report:165 - Host side ops data report generated at /localdev/smarton/p150bench/prof407/c10/.logs/tracy_ops_data.csv
2026-10-08 02:04:39.737 | INFO     | tracy.process_ops_logs:import_tracy_op_logs:255 - Importing ops logs
/localdev/smarton/viewer/tt-metal/tools/tracy/process_ops_logs.py:360: DtypeWarning: Columns (3) have mixed types. Specify dtype option on import or set low_memory=False.
  df = pd.read_csv(tracyOpTimesLog)
2026-10-08 02:04:40.407 | INFO     | tracy.process_ops_logs:get_device_data_generate_report:1014 - Copying runtime artifacts
2026-10-08 02:04:40.425 | INFO     | tracy.process_ops_logs:get_device_data_generate_report:1020 - Getting device only ops data
2026-10-08 02:04:41.940 | INFO     | tracy.process_device_log:core_to_device_timeseries:416 - Importing Data For Device Number : 0
2026-10-08 02:04:44.513 | INFO     | tracy.process_ops_logs:get_device_data_generate_report:1032 - Generating device op report ...
2026-10-08 02:04:44.528 | INFO     | tracy.process_ops_logs:get_device_data_generate_report:1210 - Device only OPs csv generated at: /localdev/smarton/p150bench/prof407/c10/reports/2026_10_08_02_04_40/ops_perf_results_2026_10_08_02_04_40.csv
2026-10-08 02:04:44.530 | INFO     | tracy.process_ops_logs:get_device_data_generate_report:1219 - Device only per core op to op times csv generated at: /localdev/smarton/p150bench/prof407/c10/reports/2026_10_08_02_04_40/per_core_op_to_op_times_2026_10_08_02_04_40.csv
