=== host bh-30-special-smarton-for-reservation-135630 2026-10-10T14:07:30Z nproc=24 cpuset=0-23
gov=performance aiclk=1350 load=7.01 6.48 6.60 3/2301 181904
    PID USER     %CPU     ELAPSED NLWP COMMAND
 144586 smarton   122    02:32:49   33 mutagen-agent
 144475 smarton   0.1    02:32:57    1 sshd
      1 root      0.0  3-11:41:21    1 bash
     15 root      0.0  3-11:41:21    1 sshd
 144470 root      0.0    02:32:58    1 sshd
 144472 root      0.0    02:32:58    1 sshd
 144476 smarton   0.0    02:32:56    1 sshd
=== base1 start 14:07:30 1791641250.552631141 load=7.01 pre='' extra='--back-to-back --b2b-passes 10'
base1 rc=0 end 1791641259.762960912
B2B scene=bicycle n_views=30 passes=10 drop=no ms_frame=9.323 fps=107.27 ms_frame_median=9.324 pass_ms_frame=9.337,9.329,9.349,9.326,9.308,9.315,9.308,9.322,9.326,9.305 check_pass_ms_frame=9.495 raw_md5=d9a60a3c gap_ms=0.00 render_ms_frame=9.323 xview_hits=329 xview_misses=0 identical_across_passes=yes out=/localdev/smarton/p150bench/tree465b/tmp/t474-base1
=== base2 start 14:07:39 1791641259.773130682 load=6.77 pre='' extra='--back-to-back --b2b-passes 10'
base2 rc=0 end 1791641269.091351634
B2B scene=bicycle n_views=30 passes=10 drop=no ms_frame=9.442 fps=105.91 ms_frame_median=9.309 pass_ms_frame=10.322,9.427,9.312,9.236,9.546,9.468,9.305,9.244,9.255,9.307 check_pass_ms_frame=10.481 raw_md5=d9a60a3c gap_ms=0.00 render_ms_frame=9.442 xview_hits=329 xview_misses=0 identical_across_passes=yes out=/localdev/smarton/p150bench/tree465b/tmp/t474-base2
=== drop1 start 14:07:49 1791641269.101712673 load=6.59 pre='' extra='--back-to-back --b2b-passes 10 --b2b-drop'
drop1 rc=0 end 1791641276.727333057
B2B scene=bicycle n_views=30 passes=10 drop=yes ms_frame=9.323 fps=107.26 ms_frame_median=9.293 pass_ms_frame=9.258,9.290,9.289,9.642,9.279,9.296,9.295,9.296,9.298,9.290 check_pass_ms_frame=10.523 raw_md5=d9a60a3c gap_ms=0.00 render_ms_frame=9.323 xview_hits=329 xview_misses=0 identical_across_passes=unchecked out=/localdev/smarton/p150bench/tree465b/tmp/t474-drop1
=== pin12-23 start 14:07:56 1791641276.737601857 load=6.20 pre='taskset -c 12-23' extra='--back-to-back --b2b-passes 10'
pin12-23 rc=0 end 1791641286.045104201
B2B scene=bicycle n_views=30 passes=10 drop=no ms_frame=9.377 fps=106.65 ms_frame_median=9.350 pass_ms_frame=9.329,9.326,9.346,9.412,9.434,9.354,9.452,9.295,9.501,9.317 check_pass_ms_frame=9.452 raw_md5=d9a60a3c gap_ms=0.00 render_ms_frame=9.377 xview_hits=329 xview_misses=0 identical_across_passes=yes out=/localdev/smarton/p150bench/tree465b/tmp/t474-pin12-23
=== base3 start 14:08:06 1791641286.056060398 load=8.09 pre='' extra='--back-to-back --b2b-passes 10'
base3 rc=0 end 1791641295.332653831
B2B scene=bicycle n_views=30 passes=10 drop=no ms_frame=9.320 fps=107.29 ms_frame_median=9.317 pass_ms_frame=9.314,9.332,9.313,9.351,9.320,9.297,9.312,9.314,9.330,9.321 check_pass_ms_frame=9.476 raw_md5=d9a60a3c gap_ms=0.00 render_ms_frame=9.320 xview_hits=329 xview_misses=0 identical_across_passes=yes out=/localdev/smarton/p150bench/tree465b/tmp/t474-base3
=== diag end rc=0 2026-10-10T14:08:15Z
[viewer] started pid 184280 supervisor 184273 sha 45e6ab92d49dd3f881c4b25fce7231ba0aeea23f port 8080 (log /localdev/smarton/viewer/viewer.log)
