2026-10-07 23:43:50.650 | INFO     | __main__:main:175 - Setting profiler artifacts folder to /localdev/smarton/p150bench/out365/prof-P1
2026-10-07 23:43:50.652 | INFO     | __main__:main:336 - Using port 8086
2026-10-07 23:43:50.652 | INFO     | tracy:run_report_setup:88 - Verifying tracy profiling tools
2026-10-07 23:43:50.657 | INFO     | tracy:run_report_setup:108 - Capture command: ('/localdev/smarton/viewer/tt-metal/build/tools/profiler/bin/capture-release -o /localdev/smarton/p150bench/out365/prof-P1/.logs/tracy_profile_log_host.tracy -f -p 8086',)
Connecting to 127.0.0.1:8086...2026-10-07 23:43:50.673 | INFO     | __main__:main:400 - Test process started
2026-10-07 23:43:51.935 | INFO     | __main__:main:175 - Setting profiler artifacts folder to /localdev/smarton/p150bench/out365/prof-P1
[run] warmup (hero='hero', 1024x1024, scene=bicycle)
2026-10-07 23:43:54.447 | info     |             UMD | Creating TopologyDiscovery for architecture: blackhole (topology_discovery.cpp:75)
2026-10-07 23:43:54.447 | info     |             UMD | Starting topology discovery. (topology_discovery.cpp:92)
2026-10-07 23:43:54.450 | warning  |             UMD | Low power mode is disabled while UMD holds open file descriptors. The device will return to low power mode once all file descriptors are closed. (topology_discovery.cpp:140)
2026-10-07 23:43:54.451 | info     |             UMD | Established firmware bundle version: 19.13.2 (topology_discovery.cpp:544)
2026-10-07 23:43:54.451 | info     |             UMD | Firmware bundle version 19.13.2 on the system is newer than the latest fully tested version 19.5.0 for blackhole architecture. Newest features may not be supported. (topology_discovery.cpp:570)
2026-10-07 23:43:54.451 | info     |             UMD | Completed topology discovery. (topology_discovery.cpp:96)
2026-10-07 23:43:54.453 | info     |          Device | Opening user mode device driver (tt_cluster.cpp:225)
2026-10-07 23:43:54.453 | info     |             UMD | Cluster constructor started. (cluster.cpp:317)
2026-10-07 23:43:54.454 | info     |             UMD | Creating TopologyDiscovery for architecture: blackhole (topology_discovery.cpp:75)
2026-10-07 23:43:54.454 | info     |             UMD | Starting topology discovery. (topology_discovery.cpp:92)
2026-10-07 23:43:54.457 | warning  |             UMD | Low power mode is disabled while UMD holds open file descriptors. The device will return to low power mode once all file descriptors are closed. (topology_discovery.cpp:140)
2026-10-07 23:43:54.458 | info     |             UMD | Established firmware bundle version: 19.13.2 (topology_discovery.cpp:544)
2026-10-07 23:43:54.458 | info     |             UMD | Firmware bundle version 19.13.2 on the system is newer than the latest fully tested version 19.5.0 for blackhole architecture. Newest features may not be supported. (topology_discovery.cpp:570)
2026-10-07 23:43:54.458 | info     |             UMD | Completed topology discovery. (topology_discovery.cpp:96)
2026-10-07 23:43:54.458 | info     |             UMD | Harvesting masks for Chip 0: Tensix: 0xc0 DRAM: 0x0 ETH: 0x120 PCIe: 0x2 L2CPU: 0x0 (cluster.cpp:262)
2026-10-07 23:43:54.458 | info     |             UMD | Initializing iommu for sysmem (size: 0x40000000). (silicon_sysmem_manager.cpp:334)
2026-10-07 23:43:54.458 | info     |             UMD | Allocating sysmem for IOMMU (size: 0x40000000). (silicon_sysmem_manager.cpp:340)
2026-10-07 23:43:54.530 | info     |             UMD | Opening local chip ids/PCIe ids: {0}/[0] and remote chip ids {} (cluster.cpp:153)
2026-10-07 23:43:54.530 | info     |             UMD | IOMMU: enabled (cluster.cpp:133)
2026-10-07 23:43:54.530 | info     |             UMD | KMD version: 2.9.0 (cluster.cpp:136)
2026-10-07 23:43:54.530 | info     |             UMD | Cluster constructor completed. (cluster.cpp:409)
2026-10-07 23:43:54.531 | info     |             UMD | Starting devices in cluster (cluster.cpp:1044)
2026-10-07 23:43:54.532 | info     |             UMD | Mapped sysmem without hugepages to IOVA 0xffffffff40000000; NOC address 0x1000000000000000 (silicon_sysmem_manager.cpp:391)
2026-10-07 23:43:54.533 | info     |             UMD | Starting devices in cluster completed. (cluster.cpp:1052)
2026-10-07 23:43:54.854 | info     |     Distributed | Using auto discovery to generate mesh graph. (metal_env.cpp:332)
2026-10-07 23:43:54.854 | info     |     Distributed | Constructing control plane using auto-discovery (no mesh graph descriptor). (metal_env.cpp:394)
2026-10-07 23:43:54.854 | info     |             UMD | Creating TopologyDiscovery for architecture: blackhole (topology_discovery.cpp:75)
2026-10-07 23:43:54.854 | info     |             UMD | Starting topology discovery. (topology_discovery.cpp:92)
2026-10-07 23:43:54.856 | warning  |             UMD | Low power mode is disabled while UMD holds open file descriptors. The device will return to low power mode once all file descriptors are closed. (topology_discovery.cpp:140)
2026-10-07 23:43:54.857 | info     |             UMD | Established firmware bundle version: 19.13.2 (topology_discovery.cpp:544)
2026-10-07 23:43:54.857 | info     |             UMD | Firmware bundle version 19.13.2 on the system is newer than the latest fully tested version 19.5.0 for blackhole architecture. Newest features may not be supported. (topology_discovery.cpp:570)
2026-10-07 23:43:54.858 | info     |             UMD | Completed topology discovery. (topology_discovery.cpp:96)
2026-10-07 23:43:54.859 | warning  |          Always | Unknown motherboard 'H12DSG-O-CPU' for chip_id=0 (bus_id=0x61) — defaulting tray_id to 0. Add this motherboard and its bus IDs to mobo_to_bus_ids in physical_system_discovery.cpp. (physical_system_discovery.cpp:56)
2026-10-07 23:43:54.859 | info     |          Fabric | TopologyMapper: Logical Multi-Mesh Adjacency Map: (topology_mapper.cpp:1474)
2026-10-07 23:43:54.859 | info     |          Fabric |
=== Logical Mesh-Level Graph Adjacency Map ===
Total nodes: 1
Degree histogram: {0:1}
 (topology_solver.tpp:94)
2026-10-07 23:43:54.859 | info     |          Fabric |
=== Logical Mesh 0 Internal Graph Adjacency Map ===
Total nodes: 1
Degree histogram: {0:1}
 (topology_solver.tpp:94)
2026-10-07 23:43:54.859 | info     |          Fabric | TopologyMapper: Physical Multi-Mesh Adjacency Map: (topology_mapper.cpp:1485)
2026-10-07 23:43:54.859 | info     |          Fabric |
=== Physical Mesh-Level Graph Adjacency Map ===
Total nodes: 1
Degree histogram: {0:1}
 (topology_solver.tpp:94)
2026-10-07 23:43:54.859 | info     |          Fabric |
=== Physical Mesh 0 Internal Graph Adjacency Map ===
Total nodes: 1
Degree histogram: {0:1}
 (topology_solver.tpp:94)
2026-10-07 23:43:54.859 | info     |          Fabric | Starting multi-mesh mapping: 1 logical mesh(es) to 1 physical mesh(es) (topology_mapper_utils.cpp:1465)
2026-10-07 23:43:54.859 | info     |          Fabric | Multi-mesh mapping attempt 1/2: Trying inter-mesh mapping (topology_mapper_utils.cpp:1506)
2026-10-07 23:43:54.859 | info     |          Fabric | Attempt 1: Inter-mesh mapping succeeded, found 1 mesh pair(s) (topology_mapper_utils.cpp:1535)
2026-10-07 23:43:54.859 | info     |          Fabric | Attempt 1: Mapping 1 mesh pair(s) (topology_mapper_utils.cpp:1547)
2026-10-07 23:43:54.859 | info     |          Fabric | Attempt 1: Mapping mesh 0 -> 0 (topology_mapper_utils.cpp:1549)
2026-10-07 23:43:54.859 | info     |          Fabric | Multi-mesh mapping succeeded after 1 attempt(s): 1 mesh pair(s) mapped (topology_mapper_utils.cpp:1682)
2026-10-07 23:43:54.925 | info     |           Metal | Profiler started on device 0 (profiler_initializer.cpp:49)
2026-10-07 23:43:55.025 | info     |           Metal | ShmResourceTracker: removed stale shm '/tt_d2h_59889_1713706630_0' (shm_resource_tracker.cpp:265)
2026-10-07 23:43:55.025 | info     |           Metal | ShmResourceTracker: removed stale manifest '/dev/shm/tt_socket_manifest_59889' (shm_resource_tracker.cpp:275)
2026-10-07 23:43:55.025 | info     |           Metal | ShmResourceTracker: removed orphaned shm '/tt_device_7293119525253728464_memory' (shm_resource_tracker.cpp:282)
2026-10-07 23:43:55.616 | info     |           Metal | [Real-time profiler] Device 0 sync complete: 100 samples, frequency=1.349771 GHz, device_time_at_sync=101420127380413 cycles (realtime_profiler_manager.cpp:1075)
[DEV] command queues 2, compute grid 11x10
[gsplat_tt::sort] bucket tile stride 513 pages, 8 DRAM banks
[JIT_WARMUP] ideal-path contexts compiled in 1196.3 ms
[TA] K2 fold=1 (enabled 1 dual 1 screen tiles 1024 speed split 1)
[SORT] ONELAUNCH early=1 why=0 (tiles 1024 row_pages 64 cores 110)
[SORT] ONELAUNCH v2 OL_PB=8 OL_RING=8 OL_WIN_PAGES=1024 OL_MAT_SELECT=0 OL_BREC_BULK=1 OL_EMIT_TOWN=1 cb_bytes/mover=567680 shared=22400
[SORT] ONELAUNCH k2_fold=1 early=1 cq1=1 (enqueued behind the K2; cores 110 row_pages 64 tiles 1024)
[SUBCHUNK] tiles_split=86 total_subchunks=1113 max_subchunks_per_tile=3 payload_pages=45770
[SORT] stage=ONELAUNCH P=2895629 P_kept=2895629 num_tiles=1024 max_tile_n=22979 onelaunch=0.57 layout=0.09 pub_host=0.32 total=1.06ms
2026-10-07 23:43:56.549 | info     |           Metal | Device kernel duration perf summary (device=0): count=1, min=88195967ns, avg=88195967.0ns, max=88195967ns (profiler_analysis.cpp:645)
2026-10-07 23:43:56.549 | info     |           Metal | Device kernel duration perf histogram (device=0): (buckets=10, bucket_size=100ns, range=[88195900..88196900), underflow(<88195900ns)=0, overflow(>=88196900ns)=0) (profiler_analysis.cpp:682)
2026-10-07 23:43:56.549 | info     |           Metal |   [    88195900 ..     88196000) |########################################|        1 (profiler_analysis.cpp:700)
2026-10-07 23:43:56.549 | info     |           Metal |   [    88196000 ..     88196100) |                                        |        0 (profiler_analysis.cpp:700)
2026-10-07 23:43:56.549 | info     |           Metal |   [    88196100 ..     88196200) |                                        |        0 (profiler_analysis.cpp:700)
2026-10-07 23:43:56.549 | info     |           Metal |   [    88196200 ..     88196300) |                                        |        0 (profiler_analysis.cpp:700)
2026-10-07 23:43:56.549 | info     |           Metal |   [    88196300 ..     88196400) |                                        |        0 (profiler_analysis.cpp:700)
2026-10-07 23:43:56.549 | info     |           Metal |   [    88196400 ..     88196500) |                                        |        0 (profiler_analysis.cpp:700)
2026-10-07 23:43:56.549 | info     |           Metal |   [    88196500 ..     88196600) |                                        |        0 (profiler_analysis.cpp:700)
2026-10-07 23:43:56.549 | info     |           Metal |   [    88196600 ..     88196700) |                                        |        0 (profiler_analysis.cpp:700)
2026-10-07 23:43:56.549 | info     |           Metal |   [    88196700 ..     88196800) |                                        |        0 (profiler_analysis.cpp:700)
2026-10-07 23:43:56.549 | info     |           Metal |   [    88196800 ..     88196900) |                                        |        0 (profiler_analysis.cpp:700)
[run] timing 30 views (warmup excluded)
[SUBCHUNK] tiles_split=86 total_subchunks=1113 max_subchunks_per_tile=3 payload_pages=45770
[SORT] stage=ONELAUNCH P=2895629 P_kept=2895629 num_tiles=1024 max_tile_n=22979 onelaunch=1.14 layout=0.11 pub_host=0.37 total=1.62ms
2026-10-07 23:43:56.618 | info     |           Metal | Device kernel duration perf summary (device=0): count=1, min=11388900ns, avg=11388900.0ns, max=11388900ns (profiler_analysis.cpp:645)
2026-10-07 23:43:56.618 | info     |           Metal | Device kernel duration perf histogram (device=0): (buckets=10, bucket_size=100ns, range=[11388900..11389900), underflow(<11388900ns)=0, overflow(>=11389900ns)=0) (profiler_analysis.cpp:682)
2026-10-07 23:43:56.618 | info     |           Metal |   [    11388900 ..     11389000) |########################################|        1 (profiler_analysis.cpp:700)
2026-10-07 23:43:56.618 | info     |           Metal |   [    11389000 ..     11389100) |                                        |        0 (profiler_analysis.cpp:700)
2026-10-07 23:43:56.618 | info     |           Metal |   [    11389100 ..     11389200) |                                        |        0 (profiler_analysis.cpp:700)
2026-10-07 23:43:56.618 | info     |           Metal |   [    11389200 ..     11389300) |                                        |        0 (profiler_analysis.cpp:700)
2026-10-07 23:43:56.618 | info     |           Metal |   [    11389300 ..     11389400) |                                        |        0 (profiler_analysis.cpp:700)
2026-10-07 23:43:56.618 | info     |           Metal |   [    11389400 ..     11389500) |                                        |        0 (profiler_analysis.cpp:700)
2026-10-07 23:43:56.618 | info     |           Metal |   [    11389500 ..     11389600) |                                        |        0 (profiler_analysis.cpp:700)
2026-10-07 23:43:56.618 | info     |           Metal |   [    11389600 ..     11389700) |                                        |        0 (profiler_analysis.cpp:700)
2026-10-07 23:43:56.618 | info     |           Metal |   [    11389700 ..     11389800) |                                        |        0 (profiler_analysis.cpp:700)
2026-10-07 23:43:56.618 | info     |           Metal |   [    11389800 ..     11389900) |                                        |        0 (profiler_analysis.cpp:700)
VIEW_STAGES i=0 name=hero wall=68.06 project=3.17 sort=1.81 blend=6.65 d2h=1.91 tail=54.37 view_total=67.96 sort_bin_layout=0.11 sort_bin_emit=1.14 sort_publish_host=0.37 sort_mat=0.08 project_pfwc_rtargs=0.10 project_pfwc_enqueue=0.11 project_gather_wait=2.93
[run]   view=hero 68.1ms
[SUBCHUNK] tiles_split=64 total_subchunks=1090 max_subchunks_per_tile=3 payload_pages=33181
[SORT] stage=ONELAUNCH P=2090575 P_kept=2090575 num_tiles=1024 max_tile_n=19171 onelaunch=1.42 layout=0.10 pub_host=0.39 total=1.92ms
2026-10-07 23:43:56.686 | info     |           Metal | Device kernel duration perf summary (device=0): count=1, min=9742613ns, avg=9742613.0ns, max=9742613ns (profiler_analysis.cpp:645)
2026-10-07 23:43:56.686 | info     |           Metal | Device kernel duration perf histogram (device=0): (buckets=10, bucket_size=100ns, range=[9742600..9743600), underflow(<9742600ns)=0, overflow(>=9743600ns)=0) (profiler_analysis.cpp:682)
2026-10-07 23:43:56.686 | info     |           Metal |   [     9742600 ..      9742700) |########################################|        1 (profiler_analysis.cpp:700)
2026-10-07 23:43:56.686 | info     |           Metal |   [     9742700 ..      9742800) |                                        |        0 (profiler_analysis.cpp:700)
2026-10-07 23:43:56.686 | info     |           Metal |   [     9742800 ..      9742900) |                                        |        0 (profiler_analysis.cpp:700)
2026-10-07 23:43:56.686 | info     |           Metal |   [     9742900 ..      9743000) |                                        |        0 (profiler_analysis.cpp:700)
2026-10-07 23:43:56.686 | info     |           Metal |   [     9743000 ..      9743100) |                                        |        0 (profiler_analysis.cpp:700)
2026-10-07 23:43:56.686 | info     |           Metal |   [     9743100 ..      9743200) |                                        |        0 (profiler_analysis.cpp:700)
2026-10-07 23:43:56.686 | info     |           Metal |   [     9743200 ..      9743300) |                                        |        0 (profiler_analysis.cpp:700)
2026-10-07 23:43:56.686 | info     |           Metal |   [     9743300 ..      9743400) |                                        |        0 (profiler_analysis.cpp:700)
2026-10-07 23:43:56.686 | info     |           Metal |   [     9743400 ..      9743500) |                                        |        0 (profiler_analysis.cpp:700)
2026-10-07 23:43:56.686 | info     |           Metal |   [     9743500 ..      9743600) |                                        |        0 (profiler_analysis.cpp:700)
VIEW_STAGES i=1 name=orb_00 wall=68.02 project=2.66 sort=2.11 blend=5.21 d2h=1.89 tail=56.00 view_total=67.91 sort_bin_layout=0.10 sort_bin_emit=1.42 sort_publish_host=0.39 sort_mat=0.09 project_pfwc_rtargs=0.11 project_pfwc_enqueue=0.11 project_gather_wait=2.42
[run]   view=orb_00 68.0ms
[SUBCHUNK] tiles_split=63 total_subchunks=1090 max_subchunks_per_tile=3 payload_pages=34324
[SORT] stage=ONELAUNCH P=2164042 P_kept=2164042 num_tiles=1024 max_tile_n=18956 onelaunch=1.46 layout=0.10 pub_host=0.38 total=1.95ms
2026-10-07 23:43:56.754 | info     |           Metal | Device kernel duration perf summary (device=0): count=1, min=9963916ns, avg=9963916.0ns, max=9963916ns (profiler_analysis.cpp:645)
2026-10-07 23:43:56.754 | info     |           Metal | Device kernel duration perf histogram (device=0): (buckets=10, bucket_size=100ns, range=[9963900..9964900), underflow(<9963900ns)=0, overflow(>=9964900ns)=0) (profiler_analysis.cpp:682)
2026-10-07 23:43:56.754 | info     |           Metal |   [     9963900 ..      9964000) |########################################|        1 (profiler_analysis.cpp:700)
2026-10-07 23:43:56.754 | info     |           Metal |   [     9964000 ..      9964100) |                                        |        0 (profiler_analysis.cpp:700)
2026-10-07 23:43:56.754 | info     |           Metal |   [     9964100 ..      9964200) |                                        |        0 (profiler_analysis.cpp:700)
2026-10-07 23:43:56.754 | info     |           Metal |   [     9964200 ..      9964300) |                                        |        0 (profiler_analysis.cpp:700)
2026-10-07 23:43:56.754 | info     |           Metal |   [     9964300 ..      9964400) |                                        |        0 (profiler_analysis.cpp:700)
2026-10-07 23:43:56.754 | info     |           Metal |   [     9964400 ..      9964500) |                                        |        0 (profiler_analysis.cpp:700)
2026-10-07 23:43:56.754 | info     |           Metal |   [     9964500 ..      9964600) |                                        |        0 (profiler_analysis.cpp:700)
2026-10-07 23:43:56.754 | info     |           Metal |   [     9964600 ..      9964700) |                                        |        0 (profiler_analysis.cpp:700)
2026-10-07 23:43:56.754 | info     |           Metal |   [     9964700 ..      9964800) |                                        |        0 (profiler_analysis.cpp:700)
2026-10-07 23:43:56.754 | info     |           Metal |   [     9964800 ..      9964900) |                                        |        0 (profiler_analysis.cpp:700)
VIEW_STAGES i=2 name=orb_01 wall=67.04 head=0.06 project=2.68 sort=2.17 blend=5.35 d2h=1.77 tail=54.89 view_total=66.93 sort_bin_layout=0.10 sort_bin_emit=1.46 sort_publish_host=0.38 sort_mat=0.09 project_pfwc_rtargs=0.10 project_pfwc_enqueue=0.11 project_gather_wait=2.45
[run]   view=orb_01 67.0ms
[SUBCHUNK] tiles_split=66 total_subchunks=1093 max_subchunks_per_tile=3 payload_pages=35760
[SORT] stage=ONELAUNCH P=2255766 P_kept=2255766 num_tiles=1024 max_tile_n=18906 onelaunch=1.36 layout=0.10 pub_host=0.39 total=1.86ms
2026-10-07 23:43:56.820 | info     |           Metal | Device kernel duration perf summary (device=0): count=1, min=10069720ns, avg=10069720.0ns, max=10069720ns (profiler_analysis.cpp:645)
2026-10-07 23:43:56.820 | info     |           Metal | Device kernel duration perf histogram (device=0): (buckets=10, bucket_size=100ns, range=[10069700..10070700), underflow(<10069700ns)=0, overflow(>=10070700ns)=0) (profiler_analysis.cpp:682)
2026-10-07 23:43:56.820 | info     |           Metal |   [    10069700 ..     10069800) |########################################|        1 (profiler_analysis.cpp:700)
2026-10-07 23:43:56.820 | info     |           Metal |   [    10069800 ..     10069900) |                                        |        0 (profiler_analysis.cpp:700)
2026-10-07 23:43:56.820 | info     |           Metal |   [    10069900 ..     10070000) |                                        |        0 (profiler_analysis.cpp:700)
2026-10-07 23:43:56.820 | info     |           Metal |   [    10070000 ..     10070100) |                                        |        0 (profiler_analysis.cpp:700)
2026-10-07 23:43:56.820 | info     |           Metal |   [    10070100 ..     10070200) |                                        |        0 (profiler_analysis.cpp:700)
2026-10-07 23:43:56.820 | info     |           Metal |   [    10070200 ..     10070300) |                                        |        0 (profiler_analysis.cpp:700)
2026-10-07 23:43:56.820 | info     |           Metal |   [    10070300 ..     10070400) |                                        |        0 (profiler_analysis.cpp:700)
2026-10-07 23:43:56.820 | info     |           Metal |   [    10070400 ..     10070500) |                                        |        0 (profiler_analysis.cpp:700)
2026-10-07 23:43:56.820 | info     |           Metal |   [    10070500 ..     10070600) |                                        |        0 (profiler_analysis.cpp:700)
2026-10-07 23:43:56.820 | info     |           Metal |   [    10070600 ..     10070700) |                                        |        0 (profiler_analysis.cpp:700)
VIEW_STAGES i=3 name=orb_02 wall=65.88 project=2.71 sort=2.07 blend=5.52 d2h=0.37 tail=55.08 view_total=65.77 sort_bin_layout=0.10 sort_bin_emit=1.36 sort_publish_host=0.39 sort_mat=0.09 project_pfwc_rtargs=0.11 project_pfwc_enqueue=0.10 project_gather_wait=2.49
[run]   view=orb_02 65.9ms
[SUBCHUNK] tiles_split=62 total_subchunks=1090 max_subchunks_per_tile=3 payload_pages=37612
[SORT] stage=ONELAUNCH P=2374790 P_kept=2374790 num_tiles=1024 max_tile_n=17834 onelaunch=1.33 layout=0.10 pub_host=0.38 total=1.82ms
2026-10-07 23:43:56.886 | info     |           Metal | Device kernel duration perf summary (device=0): count=1, min=10300006ns, avg=10300006.0ns, max=10300006ns (profiler_analysis.cpp:645)
2026-10-07 23:43:56.886 | info     |           Metal | Device kernel duration perf histogram (device=0): (buckets=10, bucket_size=100ns, range=[10300000..10301000), underflow(<10300000ns)=0, overflow(>=10301000ns)=0) (profiler_analysis.cpp:682)
2026-10-07 23:43:56.886 | info     |           Metal |   [    10300000 ..     10300100) |########################################|        1 (profiler_analysis.cpp:700)
2026-10-07 23:43:56.886 | info     |           Metal |   [    10300100 ..     10300200) |                                        |        0 (profiler_analysis.cpp:700)
2026-10-07 23:43:56.886 | info     |           Metal |   [    10300200 ..     10300300) |                                        |        0 (profiler_analysis.cpp:700)
2026-10-07 23:43:56.886 | info     |           Metal |   [    10300300 ..     10300400) |                                        |        0 (profiler_analysis.cpp:700)
2026-10-07 23:43:56.886 | info     |           Metal |   [    10300400 ..     10300500) |                                        |        0 (profiler_analysis.cpp:700)
2026-10-07 23:43:56.886 | info     |           Metal |   [    10300500 ..     10300600) |                                        |        0 (profiler_analysis.cpp:700)
2026-10-07 23:43:56.886 | info     |           Metal |   [    10300600 ..     10300700) |                                        |        0 (profiler_analysis.cpp:700)
2026-10-07 23:43:56.886 | info     |           Metal |   [    10300700 ..     10300800) |                                        |        0 (profiler_analysis.cpp:700)
2026-10-07 23:43:56.886 | info     |           Metal |   [    10300800 ..     10300900) |                                        |        0 (profiler_analysis.cpp:700)
2026-10-07 23:43:56.886 | info     |           Metal |   [    10300900 ..     10301000) |                                        |        0 (profiler_analysis.cpp:700)
VIEW_STAGES i=4 name=orb_03 wall=65.56 project=2.78 sort=2.02 blend=5.74 d2h=0.36 tail=54.54 view_total=65.46 sort_bin_layout=0.10 sort_bin_emit=1.33 sort_publish_host=0.38 sort_mat=0.09 project_pfwc_rtargs=0.11 project_pfwc_enqueue=0.10 project_gather_wait=2.55
[run]   view=orb_03 65.6ms
[SUBCHUNK] tiles_split=68 total_subchunks=1096 max_subchunks_per_tile=3 payload_pages=39937
[SORT] stage=ONELAUNCH P=2523377 P_kept=2523377 num_tiles=1024 max_tile_n=20034 onelaunch=1.33 layout=0.10 pub_host=0.38 total=1.82ms
2026-10-07 23:43:56.953 | info     |           Metal | Device kernel duration perf summary (device=0): count=1, min=10697128ns, avg=10697128.0ns, max=10697128ns (profiler_analysis.cpp:645)
2026-10-07 23:43:56.953 | info     |           Metal | Device kernel duration perf histogram (device=0): (buckets=10, bucket_size=100ns, range=[10697100..10698100), underflow(<10697100ns)=0, overflow(>=10698100ns)=0) (profiler_analysis.cpp:682)
2026-10-07 23:43:56.953 | info     |           Metal |   [    10697100 ..     10697200) |########################################|        1 (profiler_analysis.cpp:700)
2026-10-07 23:43:56.953 | info     |           Metal |   [    10697200 ..     10697300) |                                        |        0 (profiler_analysis.cpp:700)
2026-10-07 23:43:56.953 | info     |           Metal |   [    10697300 ..     10697400) |                                        |        0 (profiler_analysis.cpp:700)
2026-10-07 23:43:56.953 | info     |           Metal |   [    10697400 ..     10697500) |                                        |        0 (profiler_analysis.cpp:700)
2026-10-07 23:43:56.953 | info     |           Metal |   [    10697500 ..     10697600) |                                        |        0 (profiler_analysis.cpp:700)
2026-10-07 23:43:56.953 | info     |           Metal |   [    10697600 ..     10697700) |                                        |        0 (profiler_analysis.cpp:700)
2026-10-07 23:43:56.953 | info     |           Metal |   [    10697700 ..     10697800) |                                        |        0 (profiler_analysis.cpp:700)
2026-10-07 23:43:56.953 | info     |           Metal |   [    10697800 ..     10697900) |                                        |        0 (profiler_analysis.cpp:700)
2026-10-07 23:43:56.953 | info     |           Metal |   [    10697900 ..     10698000) |                                        |        0 (profiler_analysis.cpp:700)
2026-10-07 23:43:56.953 | info     |           Metal |   [    10698000 ..     10698100) |                                        |        0 (profiler_analysis.cpp:700)
VIEW_STAGES i=5 name=orb_04 wall=67.17 project=2.83 sort=2.04 blend=6.05 d2h=0.37 tail=55.74 view_total=67.06 sort_bin_layout=0.10 sort_bin_emit=1.33 sort_publish_host=0.38 sort_mat=0.09 project_pfwc_rtargs=0.11 project_pfwc_enqueue=0.10 project_gather_wait=2.61
[run]   view=orb_04 67.2ms
[SUBCHUNK] tiles_split=70 total_subchunks=1097 max_subchunks_per_tile=3 payload_pages=43036
[SORT] stage=ONELAUNCH P=2722282 P_kept=2722282 num_tiles=1024 max_tile_n=22369 onelaunch=1.34 layout=0.11 pub_host=0.38 total=1.82ms
2026-10-07 23:43:57.021 | info     |           Metal | Device kernel duration perf summary (device=0): count=1, min=11110441ns, avg=11110441.0ns, max=11110441ns (profiler_analysis.cpp:645)
2026-10-07 23:43:57.021 | info     |           Metal | Device kernel duration perf histogram (device=0): (buckets=10, bucket_size=100ns, range=[11110400..11111400), underflow(<11110400ns)=0, overflow(>=11111400ns)=0) (profiler_analysis.cpp:682)
2026-10-07 23:43:57.021 | info     |           Metal |   [    11110400 ..     11110500) |########################################|        1 (profiler_analysis.cpp:700)
2026-10-07 23:43:57.021 | info     |           Metal |   [    11110500 ..     11110600) |                                        |        0 (profiler_analysis.cpp:700)
2026-10-07 23:43:57.021 | info     |           Metal |   [    11110600 ..     11110700) |                                        |        0 (profiler_analysis.cpp:700)
2026-10-07 23:43:57.021 | info     |           Metal |   [    11110700 ..     11110800) |                                        |        0 (profiler_analysis.cpp:700)
2026-10-07 23:43:57.021 | info     |           Metal |   [    11110800 ..     11110900) |                                        |        0 (profiler_analysis.cpp:700)
2026-10-07 23:43:57.021 | info     |           Metal |   [    11110900 ..     11111000) |                                        |        0 (profiler_analysis.cpp:700)
2026-10-07 23:43:57.021 | info     |           Metal |   [    11111000 ..     11111100) |                                        |        0 (profiler_analysis.cpp:700)
2026-10-07 23:43:57.021 | info     |           Metal |   [    11111100 ..     11111200) |                                        |        0 (profiler_analysis.cpp:700)
2026-10-07 23:43:57.021 | info     |           Metal |   [    11111200 ..     11111300) |                                        |        0 (profiler_analysis.cpp:700)
2026-10-07 23:43:57.021 | info     |           Metal |   [    11111300 ..     11111400) |                                        |        0 (profiler_analysis.cpp:700)
VIEW_STAGES i=6 name=orb_05 wall=67.00 project=2.93 sort=2.03 blend=6.38 d2h=0.38 tail=55.17 view_total=66.89 sort_bin_layout=0.11 sort_bin_emit=1.34 sort_publish_host=0.38 sort_mat=0.09 project_pfwc_rtargs=0.10 project_pfwc_enqueue=0.10 project_gather_wait=2.70
[run]   view=orb_05 67.0ms
[SUBCHUNK] tiles_split=75 total_subchunks=1104 max_subchunks_per_tile=3 payload_pages=45752
[SORT] stage=ONELAUNCH P=2895762 P_kept=2895762 num_tiles=1024 max_tile_n=21267 onelaunch=1.33 layout=0.10 pub_host=0.38 total=1.83ms
2026-10-07 23:43:57.089 | info     |           Metal | Device kernel duration perf summary (device=0): count=1, min=11695556ns, avg=11695556.0ns, max=11695556ns (profiler_analysis.cpp:645)
2026-10-07 23:43:57.089 | info     |           Metal | Device kernel duration perf histogram (device=0): (buckets=10, bucket_size=100ns, range=[11695500..11696500), underflow(<11695500ns)=0, overflow(>=11696500ns)=0) (profiler_analysis.cpp:682)
2026-10-07 23:43:57.089 | info     |           Metal |   [    11695500 ..     11695600) |########################################|        1 (profiler_analysis.cpp:700)
2026-10-07 23:43:57.089 | info     |           Metal |   [    11695600 ..     11695700) |                                        |        0 (profiler_analysis.cpp:700)
2026-10-07 23:43:57.089 | info     |           Metal |   [    11695700 ..     11695800) |                                        |        0 (profiler_analysis.cpp:700)
2026-10-07 23:43:57.089 | info     |           Metal |   [    11695800 ..     11695900) |                                        |        0 (profiler_analysis.cpp:700)
2026-10-07 23:43:57.089 | info     |           Metal |   [    11695900 ..     11696000) |                                        |        0 (profiler_analysis.cpp:700)
2026-10-07 23:43:57.089 | info     |           Metal |   [    11696000 ..     11696100) |                                        |        0 (profiler_analysis.cpp:700)
2026-10-07 23:43:57.089 | info     |           Metal |   [    11696100 ..     11696200) |                                        |        0 (profiler_analysis.cpp:700)
2026-10-07 23:43:57.089 | info     |           Metal |   [    11696200 ..     11696300) |                                        |        0 (profiler_analysis.cpp:700)
2026-10-07 23:43:57.089 | info     |           Metal |   [    11696300 ..     11696400) |                                        |        0 (profiler_analysis.cpp:700)
2026-10-07 23:43:57.089 | info     |           Metal |   [    11696400 ..     11696500) |                                        |        0 (profiler_analysis.cpp:700)
VIEW_STAGES i=7 name=orb_06 wall=68.51 project=3.09 sort=2.07 blend=6.78 d2h=0.37 tail=56.08 view_total=68.41 sort_bin_layout=0.10 sort_bin_emit=1.33 sort_publish_host=0.38 sort_mat=0.12 project_pfwc_rtargs=0.11 project_pfwc_enqueue=0.10 project_gather_wait=2.85
[run]   view=orb_06 68.5ms
[SUBCHUNK] tiles_split=81 total_subchunks=1109 max_subchunks_per_tile=3 payload_pages=48611
[SORT] stage=ONELAUNCH P=3078956 P_kept=3078956 num_tiles=1024 max_tile_n=21032 onelaunch=1.40 layout=0.10 pub_host=0.38 total=1.89ms
2026-10-07 23:43:57.158 | info     |           Metal | Device kernel duration perf summary (device=0): count=1, min=12267141ns, avg=12267141.0ns, max=12267141ns (profiler_analysis.cpp:645)
2026-10-07 23:43:57.158 | info     |           Metal | Device kernel duration perf histogram (device=0): (buckets=10, bucket_size=100ns, range=[12267100..12268100), underflow(<12267100ns)=0, overflow(>=12268100ns)=0) (profiler_analysis.cpp:682)
2026-10-07 23:43:57.158 | info     |           Metal |   [    12267100 ..     12267200) |########################################|        1 (profiler_analysis.cpp:700)
2026-10-07 23:43:57.158 | info     |           Metal |   [    12267200 ..     12267300) |                                        |        0 (profiler_analysis.cpp:700)
2026-10-07 23:43:57.158 | info     |           Metal |   [    12267300 ..     12267400) |                                        |        0 (profiler_analysis.cpp:700)
2026-10-07 23:43:57.158 | info     |           Metal |   [    12267400 ..     12267500) |                                        |        0 (profiler_analysis.cpp:700)
2026-10-07 23:43:57.158 | info     |           Metal |   [    12267500 ..     12267600) |                                        |        0 (profiler_analysis.cpp:700)
2026-10-07 23:43:57.158 | info     |           Metal |   [    12267600 ..     12267700) |                                        |        0 (profiler_analysis.cpp:700)
2026-10-07 23:43:57.158 | info     |           Metal |   [    12267700 ..     12267800) |                                        |        0 (profiler_analysis.cpp:700)
2026-10-07 23:43:57.158 | info     |           Metal |   [    12267800 ..     12267900) |                                        |        0 (profiler_analysis.cpp:700)
2026-10-07 23:43:57.158 | info     |           Metal |   [    12267900 ..     12268000) |                                        |        0 (profiler_analysis.cpp:700)
2026-10-07 23:43:57.158 | info     |           Metal |   [    12268000 ..     12268100) |                                        |        0 (profiler_analysis.cpp:700)
VIEW_STAGES i=8 name=orb_07 wall=67.94 project=3.23 sort=2.11 blend=7.13 d2h=0.36 tail=54.95 view_total=67.84 sort_bin_layout=0.10 sort_bin_emit=1.40 sort_publish_host=0.38 sort_mat=0.09 project_pfwc_rtargs=0.11 project_pfwc_enqueue=0.11 project_gather_wait=2.99
[run]   view=orb_07 67.9ms
[SUBCHUNK] tiles_split=85 total_subchunks=1114 max_subchunks_per_tile=3 payload_pages=49703
[SORT] stage=ONELAUNCH P=3149841 P_kept=3149841 num_tiles=1024 max_tile_n=19047 onelaunch=1.33 layout=0.10 pub_host=0.39 total=1.83ms
2026-10-07 23:43:57.226 | info     |           Metal | Device kernel duration perf summary (device=0): count=1, min=12379528ns, avg=12379528.0ns, max=12379528ns (profiler_analysis.cpp:645)
2026-10-07 23:43:57.226 | info     |           Metal | Device kernel duration perf histogram (device=0): (buckets=10, bucket_size=100ns, range=[12379500..12380500), underflow(<12379500ns)=0, overflow(>=12380500ns)=0) (profiler_analysis.cpp:682)
2026-10-07 23:43:57.226 | info     |           Metal |   [    12379500 ..     12379600) |########################################|        1 (profiler_analysis.cpp:700)
2026-10-07 23:43:57.227 | info     |           Metal |   [    12379600 ..     12379700) |                                        |        0 (profiler_analysis.cpp:700)
2026-10-07 23:43:57.227 | info     |           Metal |   [    12379700 ..     12379800) |                                        |        0 (profiler_analysis.cpp:700)
2026-10-07 23:43:57.227 | info     |           Metal |   [    12379800 ..     12379900) |                                        |        0 (profiler_analysis.cpp:700)
2026-10-07 23:43:57.227 | info     |           Metal |   [    12379900 ..     12380000) |                                        |        0 (profiler_analysis.cpp:700)
2026-10-07 23:43:57.227 | info     |           Metal |   [    12380000 ..     12380100) |                                        |        0 (profiler_analysis.cpp:700)
2026-10-07 23:43:57.227 | info     |           Metal |   [    12380100 ..     12380200) |                                        |        0 (profiler_analysis.cpp:700)
2026-10-07 23:43:57.227 | info     |           Metal |   [    12380200 ..     12380300) |                                        |        0 (profiler_analysis.cpp:700)
2026-10-07 23:43:57.227 | info     |           Metal |   [    12380300 ..     12380400) |                                        |        0 (profiler_analysis.cpp:700)
2026-10-07 23:43:57.227 | info     |           Metal |   [    12380400 ..     12380500) |                                        |        0 (profiler_analysis.cpp:700)
VIEW_STAGES i=9 name=orb_08 wall=68.19 project=3.29 sort=2.03 blend=7.25 d2h=0.37 tail=55.10 view_total=68.09 sort_bin_layout=0.10 sort_bin_emit=1.33 sort_publish_host=0.39 sort_mat=0.09 project_pfwc_rtargs=0.10 project_pfwc_enqueue=0.10 project_gather_wait=3.07
[run]   view=orb_08 68.2ms
[SUBCHUNK] tiles_split=84 total_subchunks=1113 max_subchunks_per_tile=3 payload_pages=50216
[SORT] stage=ONELAUNCH P=3181780 P_kept=3181780 num_tiles=1024 max_tile_n=19358 onelaunch=1.34 layout=0.10 pub_host=0.40 total=1.84ms
2026-10-07 23:43:57.296 | info     |           Metal | Device kernel duration perf summary (device=0): count=1, min=12568382ns, avg=12568382.0ns, max=12568382ns (profiler_analysis.cpp:645)
2026-10-07 23:43:57.296 | info     |           Metal | Device kernel duration perf histogram (device=0): (buckets=10, bucket_size=100ns, range=[12568300..12569300), underflow(<12568300ns)=0, overflow(>=12569300ns)=0) (profiler_analysis.cpp:682)
2026-10-07 23:43:57.296 | info     |           Metal |   [    12568300 ..     12568400) |########################################|        1 (profiler_analysis.cpp:700)
2026-10-07 23:43:57.296 | info     |           Metal |   [    12568400 ..     12568500) |                                        |        0 (profiler_analysis.cpp:700)
2026-10-07 23:43:57.296 | info     |           Metal |   [    12568500 ..     12568600) |                                        |        0 (profiler_analysis.cpp:700)
2026-10-07 23:43:57.296 | info     |           Metal |   [    12568600 ..     12568700) |                                        |        0 (profiler_analysis.cpp:700)
2026-10-07 23:43:57.296 | info     |           Metal |   [    12568700 ..     12568800) |                                        |        0 (profiler_analysis.cpp:700)
2026-10-07 23:43:57.296 | info     |           Metal |   [    12568800 ..     12568900) |                                        |        0 (profiler_analysis.cpp:700)
2026-10-07 23:43:57.296 | info     |           Metal |   [    12568900 ..     12569000) |                                        |        0 (profiler_analysis.cpp:700)
2026-10-07 23:43:57.296 | info     |           Metal |   [    12569000 ..     12569100) |                                        |        0 (profiler_analysis.cpp:700)
2026-10-07 23:43:57.296 | info     |           Metal |   [    12569100 ..     12569200) |                                        |        0 (profiler_analysis.cpp:700)
2026-10-07 23:43:57.296 | info     |           Metal |   [    12569200 ..     12569300) |                                        |        0 (profiler_analysis.cpp:700)
VIEW_STAGES i=10 name=orb_09 wall=69.02 project=3.35 sort=2.05 blend=7.37 d2h=0.38 tail=55.71 view_total=68.91 sort_bin_layout=0.10 sort_bin_emit=1.34 sort_publish_host=0.40 sort_mat=0.09 project_pfwc_rtargs=0.10 project_pfwc_enqueue=0.11 project_gather_wait=3.11
[run]   view=orb_09 69.0ms
[SUBCHUNK] tiles_split=81 total_subchunks=1109 max_subchunks_per_tile=3 payload_pages=50327
[SORT] stage=ONELAUNCH P=3188467 P_kept=3188467 num_tiles=1024 max_tile_n=19519 onelaunch=1.35 layout=0.12 pub_host=0.39 total=1.86ms
2026-10-07 23:43:57.364 | info     |           Metal | Device kernel duration perf summary (device=0): count=1, min=12433583ns, avg=12433583.0ns, max=12433583ns (profiler_analysis.cpp:645)
2026-10-07 23:43:57.364 | info     |           Metal | Device kernel duration perf histogram (device=0): (buckets=10, bucket_size=100ns, range=[12433500..12434500), underflow(<12433500ns)=0, overflow(>=12434500ns)=0) (profiler_analysis.cpp:682)
2026-10-07 23:43:57.364 | info     |           Metal |   [    12433500 ..     12433600) |########################################|        1 (profiler_analysis.cpp:700)
2026-10-07 23:43:57.364 | info     |           Metal |   [    12433600 ..     12433700) |                                        |        0 (profiler_analysis.cpp:700)
2026-10-07 23:43:57.364 | info     |           Metal |   [    12433700 ..     12433800) |                                        |        0 (profiler_analysis.cpp:700)
2026-10-07 23:43:57.364 | info     |           Metal |   [    12433800 ..     12433900) |                                        |        0 (profiler_analysis.cpp:700)
2026-10-07 23:43:57.364 | info     |           Metal |   [    12433900 ..     12434000) |                                        |        0 (profiler_analysis.cpp:700)
2026-10-07 23:43:57.364 | info     |           Metal |   [    12434000 ..     12434100) |                                        |        0 (profiler_analysis.cpp:700)
2026-10-07 23:43:57.364 | info     |           Metal |   [    12434100 ..     12434200) |                                        |        0 (profiler_analysis.cpp:700)
2026-10-07 23:43:57.364 | info     |           Metal |   [    12434200 ..     12434300) |                                        |        0 (profiler_analysis.cpp:700)
2026-10-07 23:43:57.364 | info     |           Metal |   [    12434300 ..     12434400) |                                        |        0 (profiler_analysis.cpp:700)
2026-10-07 23:43:57.364 | info     |           Metal |   [    12434400 ..     12434500) |                                        |        0 (profiler_analysis.cpp:700)
VIEW_STAGES i=11 name=orb_10 wall=67.48 project=3.34 sort=2.06 blend=7.25 d2h=0.38 tail=54.33 view_total=67.38 sort_bin_layout=0.12 sort_bin_emit=1.35 sort_publish_host=0.39 sort_mat=0.10 project_pfwc_rtargs=0.10 project_pfwc_enqueue=0.10 project_gather_wait=3.12
[run]   view=orb_10 67.5ms
[SUBCHUNK] tiles_split=82 total_subchunks=1111 max_subchunks_per_tile=3 payload_pages=49049
[SORT] stage=ONELAUNCH P=3106694 P_kept=3106694 num_tiles=1024 max_tile_n=20025 onelaunch=1.37 layout=0.12 pub_host=0.39 total=1.88ms
2026-10-07 23:43:57.433 | info     |           Metal | Device kernel duration perf summary (device=0): count=1, min=12278079ns, avg=12278079.0ns, max=12278079ns (profiler_analysis.cpp:645)
2026-10-07 23:43:57.433 | info     |           Metal | Device kernel duration perf histogram (device=0): (buckets=10, bucket_size=100ns, range=[12278000..12279000), underflow(<12278000ns)=0, overflow(>=12279000ns)=0) (profiler_analysis.cpp:682)
2026-10-07 23:43:57.433 | info     |           Metal |   [    12278000 ..     12278100) |########################################|        1 (profiler_analysis.cpp:700)
2026-10-07 23:43:57.433 | info     |           Metal |   [    12278100 ..     12278200) |                                        |        0 (profiler_analysis.cpp:700)
2026-10-07 23:43:57.433 | info     |           Metal |   [    12278200 ..     12278300) |                                        |        0 (profiler_analysis.cpp:700)
2026-10-07 23:43:57.433 | info     |           Metal |   [    12278300 ..     12278400) |                                        |        0 (profiler_analysis.cpp:700)
2026-10-07 23:43:57.433 | info     |           Metal |   [    12278400 ..     12278500) |                                        |        0 (profiler_analysis.cpp:700)
2026-10-07 23:43:57.433 | info     |           Metal |   [    12278500 ..     12278600) |                                        |        0 (profiler_analysis.cpp:700)
2026-10-07 23:43:57.433 | info     |           Metal |   [    12278600 ..     12278700) |                                        |        0 (profiler_analysis.cpp:700)
2026-10-07 23:43:57.433 | info     |           Metal |   [    12278700 ..     12278800) |                                        |        0 (profiler_analysis.cpp:700)
2026-10-07 23:43:57.433 | info     |           Metal |   [    12278800 ..     12278900) |                                        |        0 (profiler_analysis.cpp:700)
2026-10-07 23:43:57.433 | info     |           Metal |   [    12278900 ..     12279000) |                                        |        0 (profiler_analysis.cpp:700)
VIEW_STAGES i=12 name=orb_11 wall=68.34 project=3.26 sort=2.09 blend=7.15 d2h=0.39 tail=55.33 view_total=68.23 sort_bin_layout=0.12 sort_bin_emit=1.37 sort_publish_host=0.39 sort_mat=0.09 project_pfwc_rtargs=0.11 project_pfwc_enqueue=0.10 project_gather_wait=3.04
[run]   view=orb_11 68.3ms
[SUBCHUNK] tiles_split=81 total_subchunks=1108 max_subchunks_per_tile=3 payload_pages=47132
[SORT] stage=ONELAUNCH P=2984152 P_kept=2984152 num_tiles=1024 max_tile_n=20390 onelaunch=1.41 layout=0.10 pub_host=0.42 total=1.94ms
2026-10-07 23:43:57.501 | info     |           Metal | Device kernel duration perf summary (device=0): count=1, min=12020747ns, avg=12020747.0ns, max=12020747ns (profiler_analysis.cpp:645)
2026-10-07 23:43:57.501 | info     |           Metal | Device kernel duration perf histogram (device=0): (buckets=10, bucket_size=100ns, range=[12020700..12021700), underflow(<12020700ns)=0, overflow(>=12021700ns)=0) (profiler_analysis.cpp:682)
2026-10-07 23:43:57.501 | info     |           Metal |   [    12020700 ..     12020800) |########################################|        1 (profiler_analysis.cpp:700)
2026-10-07 23:43:57.501 | info     |           Metal |   [    12020800 ..     12020900) |                                        |        0 (profiler_analysis.cpp:700)
2026-10-07 23:43:57.501 | info     |           Metal |   [    12020900 ..     12021000) |                                        |        0 (profiler_analysis.cpp:700)
2026-10-07 23:43:57.501 | info     |           Metal |   [    12021000 ..     12021100) |                                        |        0 (profiler_analysis.cpp:700)
2026-10-07 23:43:57.501 | info     |           Metal |   [    12021100 ..     12021200) |                                        |        0 (profiler_analysis.cpp:700)
2026-10-07 23:43:57.501 | info     |           Metal |   [    12021200 ..     12021300) |                                        |        0 (profiler_analysis.cpp:700)
2026-10-07 23:43:57.501 | info     |           Metal |   [    12021300 ..     12021400) |                                        |        0 (profiler_analysis.cpp:700)
2026-10-07 23:43:57.501 | info     |           Metal |   [    12021400 ..     12021500) |                                        |        0 (profiler_analysis.cpp:700)
2026-10-07 23:43:57.501 | info     |           Metal |   [    12021500 ..     12021600) |                                        |        0 (profiler_analysis.cpp:700)
2026-10-07 23:43:57.501 | info     |           Metal |   [    12021600 ..     12021700) |                                        |        0 (profiler_analysis.cpp:700)
VIEW_STAGES i=13 name=orb_12 wall=67.73 project=3.21 sort=2.15 blend=6.90 d2h=0.37 tail=54.98 view_total=67.63 sort_bin_layout=0.10 sort_bin_emit=1.41 sort_publish_host=0.42 sort_mat=0.09 project_pfwc_rtargs=0.12 project_pfwc_enqueue=0.10 project_gather_wait=2.97
[run]   view=orb_12 67.7ms
[SUBCHUNK] tiles_split=79 total_subchunks=1106 max_subchunks_per_tile=3 payload_pages=45617
[SORT] stage=ONELAUNCH P=2887843 P_kept=2887843 num_tiles=1024 max_tile_n=20927 onelaunch=1.34 layout=0.10 pub_host=0.40 total=1.84ms
2026-10-07 23:43:57.569 | info     |           Metal | Device kernel duration perf summary (device=0): count=1, min=11615133ns, avg=11615133.0ns, max=11615133ns (profiler_analysis.cpp:645)
2026-10-07 23:43:57.569 | info     |           Metal | Device kernel duration perf histogram (device=0): (buckets=10, bucket_size=100ns, range=[11615100..11616100), underflow(<11615100ns)=0, overflow(>=11616100ns)=0) (profiler_analysis.cpp:682)
2026-10-07 23:43:57.569 | info     |           Metal |   [    11615100 ..     11615200) |########################################|        1 (profiler_analysis.cpp:700)
2026-10-07 23:43:57.569 | info     |           Metal |   [    11615200 ..     11615300) |                                        |        0 (profiler_analysis.cpp:700)
2026-10-07 23:43:57.569 | info     |           Metal |   [    11615300 ..     11615400) |                                        |        0 (profiler_analysis.cpp:700)
2026-10-07 23:43:57.569 | info     |           Metal |   [    11615400 ..     11615500) |                                        |        0 (profiler_analysis.cpp:700)
2026-10-07 23:43:57.569 | info     |           Metal |   [    11615500 ..     11615600) |                                        |        0 (profiler_analysis.cpp:700)
2026-10-07 23:43:57.569 | info     |           Metal |   [    11615600 ..     11615700) |                                        |        0 (profiler_analysis.cpp:700)
2026-10-07 23:43:57.569 | info     |           Metal |   [    11615700 ..     11615800) |                                        |        0 (profiler_analysis.cpp:700)
2026-10-07 23:43:57.569 | info     |           Metal |   [    11615800 ..     11615900) |                                        |        0 (profiler_analysis.cpp:700)
2026-10-07 23:43:57.569 | info     |           Metal |   [    11615900 ..     11616000) |                                        |        0 (profiler_analysis.cpp:700)
2026-10-07 23:43:57.569 | info     |           Metal |   [    11616000 ..     11616100) |                                        |        0 (profiler_analysis.cpp:700)
VIEW_STAGES i=14 name=orb_13 wall=67.74 project=3.14 sort=2.05 blend=6.66 d2h=0.38 tail=55.40 view_total=67.64 sort_bin_layout=0.10 sort_bin_emit=1.34 sort_publish_host=0.40 sort_mat=0.09 project_pfwc_rtargs=0.10 project_pfwc_enqueue=0.10 project_gather_wait=2.92
[run]   view=orb_13 67.7ms
[SUBCHUNK] tiles_split=75 total_subchunks=1101 max_subchunks_per_tile=3 payload_pages=44556
[SORT] stage=ONELAUNCH P=2818980 P_kept=2818980 num_tiles=1024 max_tile_n=21145 onelaunch=1.34 layout=0.11 pub_host=0.40 total=1.86ms
2026-10-07 23:43:57.636 | info     |           Metal | Device kernel duration perf summary (device=0): count=1, min=11379292ns, avg=11379292.0ns, max=11379292ns (profiler_analysis.cpp:645)
2026-10-07 23:43:57.636 | info     |           Metal | Device kernel duration perf histogram (device=0): (buckets=10, bucket_size=100ns, range=[11379200..11380200), underflow(<11379200ns)=0, overflow(>=11380200ns)=0) (profiler_analysis.cpp:682)
2026-10-07 23:43:57.636 | info     |           Metal |   [    11379200 ..     11379300) |########################################|        1 (profiler_analysis.cpp:700)
2026-10-07 23:43:57.636 | info     |           Metal |   [    11379300 ..     11379400) |                                        |        0 (profiler_analysis.cpp:700)
2026-10-07 23:43:57.636 | info     |           Metal |   [    11379400 ..     11379500) |                                        |        0 (profiler_analysis.cpp:700)
2026-10-07 23:43:57.636 | info     |           Metal |   [    11379500 ..     11379600) |                                        |        0 (profiler_analysis.cpp:700)
2026-10-07 23:43:57.636 | info     |           Metal |   [    11379600 ..     11379700) |                                        |        0 (profiler_analysis.cpp:700)
2026-10-07 23:43:57.636 | info     |           Metal |   [    11379700 ..     11379800) |                                        |        0 (profiler_analysis.cpp:700)
2026-10-07 23:43:57.636 | info     |           Metal |   [    11379800 ..     11379900) |                                        |        0 (profiler_analysis.cpp:700)
2026-10-07 23:43:57.636 | info     |           Metal |   [    11379900 ..     11380000) |                                        |        0 (profiler_analysis.cpp:700)
2026-10-07 23:43:57.636 | info     |           Metal |   [    11380000 ..     11380100) |                                        |        0 (profiler_analysis.cpp:700)
2026-10-07 23:43:57.636 | info     |           Metal |   [    11380100 ..     11380200) |                                        |        0 (profiler_analysis.cpp:700)
VIEW_STAGES i=15 name=orb_14 wall=66.78 project=3.08 sort=2.06 blend=6.46 d2h=0.37 tail=54.68 view_total=66.67 sort_bin_layout=0.11 sort_bin_emit=1.34 sort_publish_host=0.40 sort_mat=0.09 project_pfwc_rtargs=0.10 project_pfwc_enqueue=0.10 project_gather_wait=2.85
[run]   view=orb_14 66.8ms
[SUBCHUNK] tiles_split=75 total_subchunks=1101 max_subchunks_per_tile=3 payload_pages=43664
[SORT] stage=ONELAUNCH P=2762186 P_kept=2762186 num_tiles=1024 max_tile_n=19314 onelaunch=1.37 layout=0.11 pub_host=0.40 total=1.88ms
2026-10-07 23:43:57.704 | info     |           Metal | Device kernel duration perf summary (device=0): count=1, min=11212249ns, avg=11212249.0ns, max=11212249ns (profiler_analysis.cpp:645)
2026-10-07 23:43:57.704 | info     |           Metal | Device kernel duration perf histogram (device=0): (buckets=10, bucket_size=100ns, range=[11212200..11213200), underflow(<11212200ns)=0, overflow(>=11213200ns)=0) (profiler_analysis.cpp:682)
2026-10-07 23:43:57.704 | info     |           Metal |   [    11212200 ..     11212300) |########################################|        1 (profiler_analysis.cpp:700)
2026-10-07 23:43:57.704 | info     |           Metal |   [    11212300 ..     11212400) |                                        |        0 (profiler_analysis.cpp:700)
2026-10-07 23:43:57.704 | info     |           Metal |   [    11212400 ..     11212500) |                                        |        0 (profiler_analysis.cpp:700)
2026-10-07 23:43:57.704 | info     |           Metal |   [    11212500 ..     11212600) |                                        |        0 (profiler_analysis.cpp:700)
2026-10-07 23:43:57.704 | info     |           Metal |   [    11212600 ..     11212700) |                                        |        0 (profiler_analysis.cpp:700)
2026-10-07 23:43:57.704 | info     |           Metal |   [    11212700 ..     11212800) |                                        |        0 (profiler_analysis.cpp:700)
2026-10-07 23:43:57.704 | info     |           Metal |   [    11212800 ..     11212900) |                                        |        0 (profiler_analysis.cpp:700)
2026-10-07 23:43:57.704 | info     |           Metal |   [    11212900 ..     11213000) |                                        |        0 (profiler_analysis.cpp:700)
2026-10-07 23:43:57.704 | info     |           Metal |   [    11213000 ..     11213100) |                                        |        0 (profiler_analysis.cpp:700)
2026-10-07 23:43:57.704 | info     |           Metal |   [    11213100 ..     11213200) |                                        |        0 (profiler_analysis.cpp:700)
VIEW_STAGES i=16 name=orb_15 wall=67.48 project=3.02 sort=2.09 blend=6.33 d2h=0.38 tail=55.55 view_total=67.38 sort_bin_layout=0.11 sort_bin_emit=1.37 sort_publish_host=0.40 sort_mat=0.09 project_pfwc_rtargs=0.10 project_pfwc_enqueue=0.10 project_gather_wait=2.80
[run]   view=orb_15 67.5ms
[SUBCHUNK] tiles_split=80 total_subchunks=1106 max_subchunks_per_tile=3 payload_pages=42989
[SORT] stage=ONELAUNCH P=2719305 P_kept=2719305 num_tiles=1024 max_tile_n=19744 onelaunch=1.34 layout=0.10 pub_host=0.40 total=1.84ms
2026-10-07 23:43:57.771 | info     |           Metal | Device kernel duration perf summary (device=0): count=1, min=11068081ns, avg=11068081.0ns, max=11068081ns (profiler_analysis.cpp:645)
2026-10-07 23:43:57.771 | info     |           Metal | Device kernel duration perf histogram (device=0): (buckets=10, bucket_size=100ns, range=[11068000..11069000), underflow(<11068000ns)=0, overflow(>=11069000ns)=0) (profiler_analysis.cpp:682)
2026-10-07 23:43:57.771 | info     |           Metal |   [    11068000 ..     11068100) |########################################|        1 (profiler_analysis.cpp:700)
2026-10-07 23:43:57.771 | info     |           Metal |   [    11068100 ..     11068200) |                                        |        0 (profiler_analysis.cpp:700)
2026-10-07 23:43:57.771 | info     |           Metal |   [    11068200 ..     11068300) |                                        |        0 (profiler_analysis.cpp:700)
2026-10-07 23:43:57.771 | info     |           Metal |   [    11068300 ..     11068400) |                                        |        0 (profiler_analysis.cpp:700)
2026-10-07 23:43:57.771 | info     |           Metal |   [    11068400 ..     11068500) |                                        |        0 (profiler_analysis.cpp:700)
2026-10-07 23:43:57.771 | info     |           Metal |   [    11068500 ..     11068600) |                                        |        0 (profiler_analysis.cpp:700)
2026-10-07 23:43:57.771 | info     |           Metal |   [    11068600 ..     11068700) |                                        |        0 (profiler_analysis.cpp:700)
2026-10-07 23:43:57.771 | info     |           Metal |   [    11068700 ..     11068800) |                                        |        0 (profiler_analysis.cpp:700)
2026-10-07 23:43:57.771 | info     |           Metal |   [    11068800 ..     11068900) |                                        |        0 (profiler_analysis.cpp:700)
2026-10-07 23:43:57.771 | info     |           Metal |   [    11068900 ..     11069000) |                                        |        0 (profiler_analysis.cpp:700)
VIEW_STAGES i=17 name=orb_16 wall=66.84 project=3.00 sort=2.05 blend=6.24 d2h=0.38 tail=55.05 view_total=66.73 sort_bin_layout=0.10 sort_bin_emit=1.34 sort_publish_host=0.40 sort_mat=0.09 project_pfwc_rtargs=0.10 project_pfwc_enqueue=0.10 project_gather_wait=2.78
[run]   view=orb_16 66.8ms
[SUBCHUNK] tiles_split=79 total_subchunks=1105 max_subchunks_per_tile=3 payload_pages=42964
[SORT] stage=ONELAUNCH P=2717542 P_kept=2717542 num_tiles=1024 max_tile_n=18173 onelaunch=1.35 layout=0.10 pub_host=0.38 total=1.84ms
2026-10-07 23:43:57.839 | info     |           Metal | Device kernel duration perf summary (device=0): count=1, min=11083309ns, avg=11083309.0ns, max=11083309ns (profiler_analysis.cpp:645)
2026-10-07 23:43:57.839 | info     |           Metal | Device kernel duration perf histogram (device=0): (buckets=10, bucket_size=100ns, range=[11083300..11084300), underflow(<11083300ns)=0, overflow(>=11084300ns)=0) (profiler_analysis.cpp:682)
2026-10-07 23:43:57.839 | info     |           Metal |   [    11083300 ..     11083400) |########################################|        1 (profiler_analysis.cpp:700)
2026-10-07 23:43:57.839 | info     |           Metal |   [    11083400 ..     11083500) |                                        |        0 (profiler_analysis.cpp:700)
2026-10-07 23:43:57.839 | info     |           Metal |   [    11083500 ..     11083600) |                                        |        0 (profiler_analysis.cpp:700)
2026-10-07 23:43:57.839 | info     |           Metal |   [    11083600 ..     11083700) |                                        |        0 (profiler_analysis.cpp:700)
2026-10-07 23:43:57.839 | info     |           Metal |   [    11083700 ..     11083800) |                                        |        0 (profiler_analysis.cpp:700)
2026-10-07 23:43:57.839 | info     |           Metal |   [    11083800 ..     11083900) |                                        |        0 (profiler_analysis.cpp:700)
2026-10-07 23:43:57.839 | info     |           Metal |   [    11083900 ..     11084000) |                                        |        0 (profiler_analysis.cpp:700)
2026-10-07 23:43:57.839 | info     |           Metal |   [    11084000 ..     11084100) |                                        |        0 (profiler_analysis.cpp:700)
2026-10-07 23:43:57.839 | info     |           Metal |   [    11084100 ..     11084200) |                                        |        0 (profiler_analysis.cpp:700)
2026-10-07 23:43:57.839 | info     |           Metal |   [    11084200 ..     11084300) |                                        |        0 (profiler_analysis.cpp:700)
VIEW_STAGES i=18 name=orb_17 wall=66.89 project=3.02 sort=2.05 blend=6.24 d2h=0.37 tail=55.09 view_total=66.79 sort_bin_layout=0.10 sort_bin_emit=1.35 sort_publish_host=0.38 sort_mat=0.10 project_pfwc_rtargs=0.11 project_pfwc_enqueue=0.09 project_gather_wait=2.80
[run]   view=orb_17 66.9ms
[SUBCHUNK] tiles_split=82 total_subchunks=1110 max_subchunks_per_tile=3 payload_pages=43226
[SORT] stage=ONELAUNCH P=2733748 P_kept=2733748 num_tiles=1024 max_tile_n=18007 onelaunch=1.65 layout=0.10 pub_host=0.41 total=2.17ms
2026-10-07 23:43:57.912 | info     |           Metal | Device kernel duration perf summary (device=0): count=1, min=11487417ns, avg=11487417.0ns, max=11487417ns (profiler_analysis.cpp:645)
2026-10-07 23:43:57.912 | info     |           Metal | Device kernel duration perf histogram (device=0): (buckets=10, bucket_size=100ns, range=[11487400..11488400), underflow(<11487400ns)=0, overflow(>=11488400ns)=0) (profiler_analysis.cpp:682)
2026-10-07 23:43:57.912 | info     |           Metal |   [    11487400 ..     11487500) |########################################|        1 (profiler_analysis.cpp:700)
2026-10-07 23:43:57.912 | info     |           Metal |   [    11487500 ..     11487600) |                                        |        0 (profiler_analysis.cpp:700)
2026-10-07 23:43:57.912 | info     |           Metal |   [    11487600 ..     11487700) |                                        |        0 (profiler_analysis.cpp:700)
2026-10-07 23:43:57.912 | info     |           Metal |   [    11487700 ..     11487800) |                                        |        0 (profiler_analysis.cpp:700)
2026-10-07 23:43:57.912 | info     |           Metal |   [    11487800 ..     11487900) |                                        |        0 (profiler_analysis.cpp:700)
2026-10-07 23:43:57.912 | info     |           Metal |   [    11487900 ..     11488000) |                                        |        0 (profiler_analysis.cpp:700)
2026-10-07 23:43:57.912 | info     |           Metal |   [    11488000 ..     11488100) |                                        |        0 (profiler_analysis.cpp:700)
2026-10-07 23:43:57.912 | info     |           Metal |   [    11488100 ..     11488200) |                                        |        0 (profiler_analysis.cpp:700)
2026-10-07 23:43:57.912 | info     |           Metal |   [    11488200 ..     11488300) |                                        |        0 (profiler_analysis.cpp:700)
2026-10-07 23:43:57.912 | info     |           Metal |   [    11488300 ..     11488400) |                                        |        0 (profiler_analysis.cpp:700)
VIEW_STAGES i=19 name=orb_18 wall=72.43 project=3.05 sort=2.40 blend=6.27 d2h=0.38 tail=60.21 view_total=72.32 sort_bin_layout=0.10 sort_bin_emit=1.65 sort_publish_host=0.41 sort_mat=0.10 project_pfwc_rtargs=0.11 project_pfwc_enqueue=0.10 project_gather_wait=2.82
[run]   view=orb_18 72.4ms
[SUBCHUNK] tiles_split=78 total_subchunks=1105 max_subchunks_per_tile=3 payload_pages=43149
[SORT] stage=ONELAUNCH P=2729054 P_kept=2729054 num_tiles=1024 max_tile_n=18629 onelaunch=1.38 layout=0.10 pub_host=0.38 total=1.86ms
2026-10-07 23:43:57.978 | info     |           Metal | Device kernel duration perf summary (device=0): count=1, min=11163864ns, avg=11163864.0ns, max=11163864ns (profiler_analysis.cpp:645)
2026-10-07 23:43:57.978 | info     |           Metal | Device kernel duration perf histogram (device=0): (buckets=10, bucket_size=100ns, range=[11163800..11164800), underflow(<11163800ns)=0, overflow(>=11164800ns)=0) (profiler_analysis.cpp:682)
2026-10-07 23:43:57.978 | info     |           Metal |   [    11163800 ..     11163900) |########################################|        1 (profiler_analysis.cpp:700)
2026-10-07 23:43:57.978 | info     |           Metal |   [    11163900 ..     11164000) |                                        |        0 (profiler_analysis.cpp:700)
2026-10-07 23:43:57.978 | info     |           Metal |   [    11164000 ..     11164100) |                                        |        0 (profiler_analysis.cpp:700)
2026-10-07 23:43:57.978 | info     |           Metal |   [    11164100 ..     11164200) |                                        |        0 (profiler_analysis.cpp:700)
2026-10-07 23:43:57.978 | info     |           Metal |   [    11164200 ..     11164300) |                                        |        0 (profiler_analysis.cpp:700)
2026-10-07 23:43:57.978 | info     |           Metal |   [    11164300 ..     11164400) |                                        |        0 (profiler_analysis.cpp:700)
2026-10-07 23:43:57.978 | info     |           Metal |   [    11164400 ..     11164500) |                                        |        0 (profiler_analysis.cpp:700)
2026-10-07 23:43:57.978 | info     |           Metal |   [    11164500 ..     11164600) |                                        |        0 (profiler_analysis.cpp:700)
2026-10-07 23:43:57.978 | info     |           Metal |   [    11164600 ..     11164700) |                                        |        0 (profiler_analysis.cpp:700)
2026-10-07 23:43:57.978 | info     |           Metal |   [    11164700 ..     11164800) |                                        |        0 (profiler_analysis.cpp:700)
VIEW_STAGES i=20 name=orb_19 wall=66.47 project=3.06 sort=2.08 blend=6.25 d2h=0.37 tail=54.59 view_total=66.37 sort_bin_layout=0.10 sort_bin_emit=1.38 sort_publish_host=0.38 sort_mat=0.10 project_pfwc_rtargs=0.10 project_pfwc_enqueue=0.11 project_gather_wait=2.83
[run]   view=orb_19 66.5ms
[SUBCHUNK] tiles_split=85 total_subchunks=1112 max_subchunks_per_tile=3 payload_pages=42920
[SORT] stage=ONELAUNCH P=2713776 P_kept=2713776 num_tiles=1024 max_tile_n=18369 onelaunch=1.39 layout=0.11 pub_host=0.38 total=1.88ms
2026-10-07 23:43:58.046 | info     |           Metal | Device kernel duration perf summary (device=0): count=1, min=11186613ns, avg=11186613.0ns, max=11186613ns (profiler_analysis.cpp:645)
2026-10-07 23:43:58.046 | info     |           Metal | Device kernel duration perf histogram (device=0): (buckets=10, bucket_size=100ns, range=[11186600..11187600), underflow(<11186600ns)=0, overflow(>=11187600ns)=0) (profiler_analysis.cpp:682)
2026-10-07 23:43:58.046 | info     |           Metal |   [    11186600 ..     11186700) |########################################|        1 (profiler_analysis.cpp:700)
2026-10-07 23:43:58.046 | info     |           Metal |   [    11186700 ..     11186800) |                                        |        0 (profiler_analysis.cpp:700)
2026-10-07 23:43:58.046 | info     |           Metal |   [    11186800 ..     11186900) |                                        |        0 (profiler_analysis.cpp:700)
2026-10-07 23:43:58.046 | info     |           Metal |   [    11186900 ..     11187000) |                                        |        0 (profiler_analysis.cpp:700)
2026-10-07 23:43:58.046 | info     |           Metal |   [    11187000 ..     11187100) |                                        |        0 (profiler_analysis.cpp:700)
2026-10-07 23:43:58.046 | info     |           Metal |   [    11187100 ..     11187200) |                                        |        0 (profiler_analysis.cpp:700)
2026-10-07 23:43:58.046 | info     |           Metal |   [    11187200 ..     11187300) |                                        |        0 (profiler_analysis.cpp:700)
2026-10-07 23:43:58.046 | info     |           Metal |   [    11187300 ..     11187400) |                                        |        0 (profiler_analysis.cpp:700)
2026-10-07 23:43:58.046 | info     |           Metal |   [    11187400 ..     11187500) |                                        |        0 (profiler_analysis.cpp:700)
2026-10-07 23:43:58.046 | info     |           Metal |   [    11187500 ..     11187600) |                                        |        0 (profiler_analysis.cpp:700)
VIEW_STAGES i=21 name=orb_20 wall=67.04 project=3.08 sort=2.10 blend=6.24 d2h=0.37 tail=55.15 view_total=66.94 sort_bin_layout=0.11 sort_bin_emit=1.39 sort_publish_host=0.38 sort_mat=0.10 project_pfwc_rtargs=0.11 project_pfwc_enqueue=0.10 project_gather_wait=2.85
[run]   view=orb_20 67.0ms
[SUBCHUNK] tiles_split=82 total_subchunks=1109 max_subchunks_per_tile=3 payload_pages=42444
[SORT] stage=ONELAUNCH P=2684908 P_kept=2684908 num_tiles=1024 max_tile_n=22330 onelaunch=1.37 layout=0.10 pub_host=0.40 total=1.88ms
2026-10-07 23:43:58.113 | info     |           Metal | Device kernel duration perf summary (device=0): count=1, min=11081646ns, avg=11081646.0ns, max=11081646ns (profiler_analysis.cpp:645)
2026-10-07 23:43:58.113 | info     |           Metal | Device kernel duration perf histogram (device=0): (buckets=10, bucket_size=100ns, range=[11081600..11082600), underflow(<11081600ns)=0, overflow(>=11082600ns)=0) (profiler_analysis.cpp:682)
2026-10-07 23:43:58.113 | info     |           Metal |   [    11081600 ..     11081700) |########################################|        1 (profiler_analysis.cpp:700)
2026-10-07 23:43:58.113 | info     |           Metal |   [    11081700 ..     11081800) |                                        |        0 (profiler_analysis.cpp:700)
2026-10-07 23:43:58.113 | info     |           Metal |   [    11081800 ..     11081900) |                                        |        0 (profiler_analysis.cpp:700)
2026-10-07 23:43:58.113 | info     |           Metal |   [    11081900 ..     11082000) |                                        |        0 (profiler_analysis.cpp:700)
2026-10-07 23:43:58.113 | info     |           Metal |   [    11082000 ..     11082100) |                                        |        0 (profiler_analysis.cpp:700)
2026-10-07 23:43:58.113 | info     |           Metal |   [    11082100 ..     11082200) |                                        |        0 (profiler_analysis.cpp:700)
2026-10-07 23:43:58.113 | info     |           Metal |   [    11082200 ..     11082300) |                                        |        0 (profiler_analysis.cpp:700)
2026-10-07 23:43:58.113 | info     |           Metal |   [    11082300 ..     11082400) |                                        |        0 (profiler_analysis.cpp:700)
2026-10-07 23:43:58.113 | info     |           Metal |   [    11082400 ..     11082500) |                                        |        0 (profiler_analysis.cpp:700)
2026-10-07 23:43:58.113 | info     |           Metal |   [    11082500 ..     11082600) |                                        |        0 (profiler_analysis.cpp:700)
VIEW_STAGES i=22 name=orb_21 wall=66.46 project=3.03 sort=2.10 blend=6.18 d2h=0.37 tail=54.66 view_total=66.36 sort_bin_layout=0.10 sort_bin_emit=1.37 sort_publish_host=0.40 sort_mat=0.10 project_pfwc_rtargs=0.10 project_pfwc_enqueue=0.10 project_gather_wait=2.80
[run]   view=orb_21 66.5ms
[SUBCHUNK] tiles_split=84 total_subchunks=1111 max_subchunks_per_tile=3 payload_pages=41219
[SORT] stage=ONELAUNCH P=2605190 P_kept=2605190 num_tiles=1024 max_tile_n=18553 onelaunch=1.35 layout=0.11 pub_host=0.40 total=1.86ms
2026-10-07 23:43:58.180 | info     |           Metal | Device kernel duration perf summary (device=0): count=1, min=10822388ns, avg=10822388.0ns, max=10822388ns (profiler_analysis.cpp:645)
2026-10-07 23:43:58.180 | info     |           Metal | Device kernel duration perf histogram (device=0): (buckets=10, bucket_size=100ns, range=[10822300..10823300), underflow(<10822300ns)=0, overflow(>=10823300ns)=0) (profiler_analysis.cpp:682)
2026-10-07 23:43:58.180 | info     |           Metal |   [    10822300 ..     10822400) |########################################|        1 (profiler_analysis.cpp:700)
2026-10-07 23:43:58.180 | info     |           Metal |   [    10822400 ..     10822500) |                                        |        0 (profiler_analysis.cpp:700)
2026-10-07 23:43:58.180 | info     |           Metal |   [    10822500 ..     10822600) |                                        |        0 (profiler_analysis.cpp:700)
2026-10-07 23:43:58.180 | info     |           Metal |   [    10822600 ..     10822700) |                                        |        0 (profiler_analysis.cpp:700)
2026-10-07 23:43:58.180 | info     |           Metal |   [    10822700 ..     10822800) |                                        |        0 (profiler_analysis.cpp:700)
2026-10-07 23:43:58.180 | info     |           Metal |   [    10822800 ..     10822900) |                                        |        0 (profiler_analysis.cpp:700)
2026-10-07 23:43:58.180 | info     |           Metal |   [    10822900 ..     10823000) |                                        |        0 (profiler_analysis.cpp:700)
2026-10-07 23:43:58.180 | info     |           Metal |   [    10823000 ..     10823100) |                                        |        0 (profiler_analysis.cpp:700)
2026-10-07 23:43:58.180 | info     |           Metal |   [    10823100 ..     10823200) |                                        |        0 (profiler_analysis.cpp:700)
2026-10-07 23:43:58.180 | info     |           Metal |   [    10823200 ..     10823300) |                                        |        0 (profiler_analysis.cpp:700)
VIEW_STAGES i=23 name=orb_22 wall=66.57 project=2.95 sort=2.07 blend=6.02 d2h=0.36 tail=55.05 view_total=66.47 sort_bin_layout=0.11 sort_bin_emit=1.35 sort_publish_host=0.40 sort_mat=0.11 project_pfwc_rtargs=0.10 project_pfwc_enqueue=0.10 project_gather_wait=2.73
[run]   view=orb_22 66.6ms
[SUBCHUNK] tiles_split=79 total_subchunks=1105 max_subchunks_per_tile=3 payload_pages=39602
[SORT] stage=ONELAUNCH P=2502433 P_kept=2502433 num_tiles=1024 max_tile_n=20113 onelaunch=1.43 layout=0.10 pub_host=0.37 total=1.91ms
2026-10-07 23:43:58.246 | info     |           Metal | Device kernel duration perf summary (device=0): count=1, min=10618119ns, avg=10618119.0ns, max=10618119ns (profiler_analysis.cpp:645)
2026-10-07 23:43:58.246 | info     |           Metal | Device kernel duration perf histogram (device=0): (buckets=10, bucket_size=100ns, range=[10618100..10619100), underflow(<10618100ns)=0, overflow(>=10619100ns)=0) (profiler_analysis.cpp:682)
2026-10-07 23:43:58.246 | info     |           Metal |   [    10618100 ..     10618200) |########################################|        1 (profiler_analysis.cpp:700)
2026-10-07 23:43:58.246 | info     |           Metal |   [    10618200 ..     10618300) |                                        |        0 (profiler_analysis.cpp:700)
2026-10-07 23:43:58.246 | info     |           Metal |   [    10618300 ..     10618400) |                                        |        0 (profiler_analysis.cpp:700)
2026-10-07 23:43:58.246 | info     |           Metal |   [    10618400 ..     10618500) |                                        |        0 (profiler_analysis.cpp:700)
2026-10-07 23:43:58.246 | info     |           Metal |   [    10618500 ..     10618600) |                                        |        0 (profiler_analysis.cpp:700)
2026-10-07 23:43:58.246 | info     |           Metal |   [    10618600 ..     10618700) |                                        |        0 (profiler_analysis.cpp:700)
2026-10-07 23:43:58.246 | info     |           Metal |   [    10618700 ..     10618800) |                                        |        0 (profiler_analysis.cpp:700)
2026-10-07 23:43:58.246 | info     |           Metal |   [    10618800 ..     10618900) |                                        |        0 (profiler_analysis.cpp:700)
2026-10-07 23:43:58.246 | info     |           Metal |   [    10618900 ..     10619000) |                                        |        0 (profiler_analysis.cpp:700)
2026-10-07 23:43:58.246 | info     |           Metal |   [    10619000 ..     10619100) |                                        |        0 (profiler_analysis.cpp:700)
VIEW_STAGES i=24 name=orb_23 wall=64.86 project=2.88 sort=2.13 blend=5.84 d2h=0.38 tail=53.52 view_total=64.76 sort_bin_layout=0.10 sort_bin_emit=1.43 sort_publish_host=0.37 sort_mat=0.10 project_pfwc_rtargs=0.10 project_pfwc_enqueue=0.10 project_gather_wait=2.65
[run]   view=orb_23 64.9ms
[SUBCHUNK] tiles_split=74 total_subchunks=1101 max_subchunks_per_tile=3 payload_pages=36821
[SORT] stage=ONELAUNCH P=2324571 P_kept=2324571 num_tiles=1024 max_tile_n=18871 onelaunch=1.33 layout=0.11 pub_host=0.44 total=1.88ms
2026-10-07 23:43:58.311 | info     |           Metal | Device kernel duration perf summary (device=0): count=1, min=10168146ns, avg=10168146.0ns, max=10168146ns (profiler_analysis.cpp:645)
2026-10-07 23:43:58.311 | info     |           Metal | Device kernel duration perf histogram (device=0): (buckets=10, bucket_size=100ns, range=[10168100..10169100), underflow(<10168100ns)=0, overflow(>=10169100ns)=0) (profiler_analysis.cpp:682)
2026-10-07 23:43:58.311 | info     |           Metal |   [    10168100 ..     10168200) |########################################|        1 (profiler_analysis.cpp:700)
2026-10-07 23:43:58.311 | info     |           Metal |   [    10168200 ..     10168300) |                                        |        0 (profiler_analysis.cpp:700)
2026-10-07 23:43:58.311 | info     |           Metal |   [    10168300 ..     10168400) |                                        |        0 (profiler_analysis.cpp:700)
2026-10-07 23:43:58.311 | info     |           Metal |   [    10168400 ..     10168500) |                                        |        0 (profiler_analysis.cpp:700)
2026-10-07 23:43:58.311 | info     |           Metal |   [    10168500 ..     10168600) |                                        |        0 (profiler_analysis.cpp:700)
2026-10-07 23:43:58.311 | info     |           Metal |   [    10168600 ..     10168700) |                                        |        0 (profiler_analysis.cpp:700)
2026-10-07 23:43:58.311 | info     |           Metal |   [    10168700 ..     10168800) |                                        |        0 (profiler_analysis.cpp:700)
2026-10-07 23:43:58.311 | info     |           Metal |   [    10168800 ..     10168900) |                                        |        0 (profiler_analysis.cpp:700)
2026-10-07 23:43:58.311 | info     |           Metal |   [    10168900 ..     10169000) |                                        |        0 (profiler_analysis.cpp:700)
2026-10-07 23:43:58.311 | info     |           Metal |   [    10169000 ..     10169100) |                                        |        0 (profiler_analysis.cpp:700)
VIEW_STAGES i=25 name=orb_24 wall=65.21 project=2.77 sort=2.09 blend=5.53 d2h=0.38 tail=54.32 view_total=65.11 sort_bin_layout=0.11 sort_bin_emit=1.33 sort_publish_host=0.44 sort_mat=0.10 project_pfwc_rtargs=0.11 project_pfwc_enqueue=0.10 project_gather_wait=2.54
[run]   view=orb_24 65.2ms
[SUBCHUNK] tiles_split=67 total_subchunks=1094 max_subchunks_per_tile=3 payload_pages=34703
[SORT] stage=ONELAUNCH P=2188463 P_kept=2188463 num_tiles=1024 max_tile_n=21416 onelaunch=1.35 layout=0.11 pub_host=0.40 total=1.86ms
2026-10-07 23:43:58.378 | info     |           Metal | Device kernel duration perf summary (device=0): count=1, min=9875613ns, avg=9875613.0ns, max=9875613ns (profiler_analysis.cpp:645)
2026-10-07 23:43:58.378 | info     |           Metal | Device kernel duration perf histogram (device=0): (buckets=10, bucket_size=100ns, range=[9875600..9876600), underflow(<9875600ns)=0, overflow(>=9876600ns)=0) (profiler_analysis.cpp:682)
2026-10-07 23:43:58.378 | info     |           Metal |   [     9875600 ..      9875700) |########################################|        1 (profiler_analysis.cpp:700)
2026-10-07 23:43:58.378 | info     |           Metal |   [     9875700 ..      9875800) |                                        |        0 (profiler_analysis.cpp:700)
2026-10-07 23:43:58.378 | info     |           Metal |   [     9875800 ..      9875900) |                                        |        0 (profiler_analysis.cpp:700)
2026-10-07 23:43:58.378 | info     |           Metal |   [     9875900 ..      9876000) |                                        |        0 (profiler_analysis.cpp:700)
2026-10-07 23:43:58.378 | info     |           Metal |   [     9876000 ..      9876100) |                                        |        0 (profiler_analysis.cpp:700)
2026-10-07 23:43:58.378 | info     |           Metal |   [     9876100 ..      9876200) |                                        |        0 (profiler_analysis.cpp:700)
2026-10-07 23:43:58.378 | info     |           Metal |   [     9876200 ..      9876300) |                                        |        0 (profiler_analysis.cpp:700)
2026-10-07 23:43:58.378 | info     |           Metal |   [     9876300 ..      9876400) |                                        |        0 (profiler_analysis.cpp:700)
2026-10-07 23:43:58.378 | info     |           Metal |   [     9876400 ..      9876500) |                                        |        0 (profiler_analysis.cpp:700)
2026-10-07 23:43:58.378 | info     |           Metal |   [     9876500 ..      9876600) |                                        |        0 (profiler_analysis.cpp:700)
VIEW_STAGES i=26 name=orb_25 wall=66.84 project=2.70 sort=2.08 blend=5.31 d2h=0.36 tail=56.25 view_total=66.72 sort_bin_layout=0.11 sort_bin_emit=1.35 sort_publish_host=0.40 sort_mat=0.11 project_pfwc_rtargs=0.10 project_pfwc_enqueue=0.10 project_gather_wait=2.47
[run]   view=orb_25 66.8ms
[SUBCHUNK] tiles_split=65 total_subchunks=1092 max_subchunks_per_tile=3 payload_pages=33321
[SORT] stage=ONELAUNCH P=2100242 P_kept=2100242 num_tiles=1024 max_tile_n=21340 onelaunch=1.33 layout=0.10 pub_host=0.39 total=1.83ms
2026-10-07 23:43:58.444 | info     |           Metal | Device kernel duration perf summary (device=0): count=1, min=9672898ns, avg=9672898.0ns, max=9672898ns (profiler_analysis.cpp:645)
2026-10-07 23:43:58.444 | info     |           Metal | Device kernel duration perf histogram (device=0): (buckets=10, bucket_size=100ns, range=[9672800..9673800), underflow(<9672800ns)=0, overflow(>=9673800ns)=0) (profiler_analysis.cpp:682)
2026-10-07 23:43:58.444 | info     |           Metal |   [     9672800 ..      9672900) |########################################|        1 (profiler_analysis.cpp:700)
2026-10-07 23:43:58.444 | info     |           Metal |   [     9672900 ..      9673000) |                                        |        0 (profiler_analysis.cpp:700)
2026-10-07 23:43:58.444 | info     |           Metal |   [     9673000 ..      9673100) |                                        |        0 (profiler_analysis.cpp:700)
2026-10-07 23:43:58.444 | info     |           Metal |   [     9673100 ..      9673200) |                                        |        0 (profiler_analysis.cpp:700)
2026-10-07 23:43:58.444 | info     |           Metal |   [     9673200 ..      9673300) |                                        |        0 (profiler_analysis.cpp:700)
2026-10-07 23:43:58.444 | info     |           Metal |   [     9673300 ..      9673400) |                                        |        0 (profiler_analysis.cpp:700)
2026-10-07 23:43:58.444 | info     |           Metal |   [     9673400 ..      9673500) |                                        |        0 (profiler_analysis.cpp:700)
2026-10-07 23:43:58.444 | info     |           Metal |   [     9673500 ..      9673600) |                                        |        0 (profiler_analysis.cpp:700)
2026-10-07 23:43:58.444 | info     |           Metal |   [     9673600 ..      9673700) |                                        |        0 (profiler_analysis.cpp:700)
2026-10-07 23:43:58.444 | info     |           Metal |   [     9673700 ..      9673800) |                                        |        0 (profiler_analysis.cpp:700)
VIEW_STAGES i=27 name=orb_26 wall=65.93 project=2.66 sort=2.05 blend=5.18 d2h=0.37 tail=55.56 view_total=65.83 sort_bin_layout=0.10 sort_bin_emit=1.33 sort_publish_host=0.39 sort_mat=0.10 project_pfwc_rtargs=0.10 project_pfwc_enqueue=0.10 project_gather_wait=2.44
[run]   view=orb_26 65.9ms
[SUBCHUNK] tiles_split=65 total_subchunks=1092 max_subchunks_per_tile=3 payload_pages=32586
[SORT] stage=ONELAUNCH P=2052961 P_kept=2052961 num_tiles=1024 max_tile_n=21713 onelaunch=1.34 layout=0.11 pub_host=0.40 total=1.85ms
2026-10-07 23:43:58.510 | info     |           Metal | Device kernel duration perf summary (device=0): count=1, min=9588201ns, avg=9588201.0ns, max=9588201ns (profiler_analysis.cpp:645)
2026-10-07 23:43:58.510 | info     |           Metal | Device kernel duration perf histogram (device=0): (buckets=10, bucket_size=100ns, range=[9588200..9589200), underflow(<9588200ns)=0, overflow(>=9589200ns)=0) (profiler_analysis.cpp:682)
2026-10-07 23:43:58.510 | info     |           Metal |   [     9588200 ..      9588300) |########################################|        1 (profiler_analysis.cpp:700)
2026-10-07 23:43:58.510 | info     |           Metal |   [     9588300 ..      9588400) |                                        |        0 (profiler_analysis.cpp:700)
2026-10-07 23:43:58.510 | info     |           Metal |   [     9588400 ..      9588500) |                                        |        0 (profiler_analysis.cpp:700)
2026-10-07 23:43:58.510 | info     |           Metal |   [     9588500 ..      9588600) |                                        |        0 (profiler_analysis.cpp:700)
2026-10-07 23:43:58.510 | info     |           Metal |   [     9588600 ..      9588700) |                                        |        0 (profiler_analysis.cpp:700)
2026-10-07 23:43:58.510 | info     |           Metal |   [     9588700 ..      9588800) |                                        |        0 (profiler_analysis.cpp:700)
2026-10-07 23:43:58.510 | info     |           Metal |   [     9588800 ..      9588900) |                                        |        0 (profiler_analysis.cpp:700)
2026-10-07 23:43:58.510 | info     |           Metal |   [     9588900 ..      9589000) |                                        |        0 (profiler_analysis.cpp:700)
2026-10-07 23:43:58.510 | info     |           Metal |   [     9589000 ..      9589100) |                                        |        0 (profiler_analysis.cpp:700)
2026-10-07 23:43:58.510 | info     |           Metal |   [     9589100 ..      9589200) |                                        |        0 (profiler_analysis.cpp:700)
VIEW_STAGES i=28 name=orb_27 wall=65.81 project=2.63 sort=2.06 blend=5.11 d2h=0.37 tail=55.51 view_total=65.71 sort_bin_layout=0.11 sort_bin_emit=1.34 sort_publish_host=0.40 sort_mat=0.10 project_pfwc_rtargs=0.10 project_pfwc_enqueue=0.10 project_gather_wait=2.41
[run]   view=orb_27 65.8ms
[SUBCHUNK] tiles_split=60 total_subchunks=1087 max_subchunks_per_tile=3 payload_pages=32524
[SORT] stage=ONELAUNCH P=2050213 P_kept=2050213 num_tiles=1024 max_tile_n=20666 onelaunch=1.59 layout=0.10 pub_host=0.38 total=2.08ms
2026-10-07 23:43:58.576 | info     |           Metal | Device kernel duration perf summary (device=0): count=1, min=9840373ns, avg=9840373.0ns, max=9840373ns (profiler_analysis.cpp:645)
2026-10-07 23:43:58.576 | info     |           Metal | Device kernel duration perf histogram (device=0): (buckets=10, bucket_size=100ns, range=[9840300..9841300), underflow(<9840300ns)=0, overflow(>=9841300ns)=0) (profiler_analysis.cpp:682)
2026-10-07 23:43:58.576 | info     |           Metal |   [     9840300 ..      9840400) |########################################|        1 (profiler_analysis.cpp:700)
2026-10-07 23:43:58.576 | info     |           Metal |   [     9840400 ..      9840500) |                                        |        0 (profiler_analysis.cpp:700)
2026-10-07 23:43:58.576 | info     |           Metal |   [     9840500 ..      9840600) |                                        |        0 (profiler_analysis.cpp:700)
2026-10-07 23:43:58.576 | info     |           Metal |   [     9840600 ..      9840700) |                                        |        0 (profiler_analysis.cpp:700)
2026-10-07 23:43:58.576 | info     |           Metal |   [     9840700 ..      9840800) |                                        |        0 (profiler_analysis.cpp:700)
2026-10-07 23:43:58.576 | info     |           Metal |   [     9840800 ..      9840900) |                                        |        0 (profiler_analysis.cpp:700)
2026-10-07 23:43:58.576 | info     |           Metal |   [     9840900 ..      9841000) |                                        |        0 (profiler_analysis.cpp:700)
2026-10-07 23:43:58.576 | info     |           Metal |   [     9841000 ..      9841100) |                                        |        0 (profiler_analysis.cpp:700)
2026-10-07 23:43:58.576 | info     |           Metal |   [     9841100 ..      9841200) |                                        |        0 (profiler_analysis.cpp:700)
2026-10-07 23:43:58.576 | info     |           Metal |   [     9841200 ..      9841300) |                                        |        0 (profiler_analysis.cpp:700)
VIEW_STAGES i=29 name=orb_28 wall=65.31 project=2.64 sort=2.29 blend=5.15 d2h=0.36 tail=54.75 view_total=65.20 sort_bin_layout=0.10 sort_bin_emit=1.59 sort_publish_host=0.38 sort_mat=0.10 project_pfwc_rtargs=0.11 project_pfwc_enqueue=0.10 project_gather_wait=2.40
[run]   view=orb_28 65.3ms
SUMMARY scene=bicycle hero='hero' hero_vs_ref=nandB(8bit-vs-golden) hero_vs_cpu=nandB(float-vs-cpu) avg_frame_ms=67.2 p50_ms=67.0 min_ms=64.9 max_ms=72.4 n_views=30 warmup_s=2.2 out=/localdev/smarton/p150bench/tree358/tmp/t365-T-P1
TTW_TIMING ms_view=67.153
TTW_TIMING blend=67.153
TTW_TIMING stage_head=0.010
TTW_TIMING stage_project=2.974
TTW_TIMING stage_tile_assign=0.009
TTW_TIMING stage_sort=2.085
TTW_TIMING stage_blend_setup=0.000
TTW_TIMING stage_mat=0.000
TTW_TIMING stage_cull=0.000
TTW_TIMING stage_blend=6.191
TTW_TIMING stage_d2h=0.521
TTW_TIMING stage_assemble=0.000
TTW_TIMING stage_tail=55.253
TTW_TIMING stage_view_total=67.049
TTW_TIMING stage_pybind=0.104
STAGES n=30 head=0.010 project=2.974 tile_assign=0.009 sort=2.085 blend_setup=0.000 mat=0.000 cull=0.000 blend=6.191 d2h=0.521 assemble=0.000 tail=55.253 | sum=67.044 view_total=67.049 resid_in_view=+0.005 avg_frame_ms=67.153 resid_vs_frame=+0.109
TTW_TIMING stage_sort_pread=0.004
TTW_TIMING stage_sort_bin_count=0.000
TTW_TIMING stage_sort_bin_hist_d2h=0.000
TTW_TIMING stage_sort_bin_layout=0.105
TTW_TIMING stage_sort_upload=0.000
TTW_TIMING stage_sort_bin_emit=1.372
TTW_TIMING stage_sort_kernel=0.000
TTW_TIMING stage_sort_d2h=0.000
TTW_TIMING stage_sort_compact=0.000
TTW_TIMING stage_sort_publish_host=0.392
TTW_TIMING stage_sort_publish_wait=0.000
TTW_TIMING stage_sort_mat=0.097
TTW_TIMING stage_sort_other=0.117
SORT_STAGES n=30 pread=0.004 bin_count=0.000 bin_hist_d2h=0.000 bin_layout=0.105 upload=0.000 bin_emit=1.372 kernel=0.000 d2h=0.000 compact=0.000 publish_host=0.392 publish_wait=0.000 mat=0.097 | sum=1.969 sort=2.085 resid=+0.117
TTW_TIMING stage_project_cov3d=0.000
TTW_TIMING stage_project_pfwc_setup=0.013
TTW_TIMING stage_project_pfwc_rtargs=0.106
TTW_TIMING stage_project_pfwc_enqueue=0.102
TTW_TIMING stage_project_pfwc_finish=0.000
TTW_TIMING stage_project_gather_setup=0.003
TTW_TIMING stage_project_gather_rtargs=0.000
TTW_TIMING stage_project_gather_enqueue=0.000
TTW_TIMING stage_project_gather_wait=2.746
TTW_TIMING stage_project_gather_result=0.000
TTW_TIMING stage_project_other=0.004
PROJECT_STAGES n=30 cov3d=0.000 pfwc_setup=0.013 pfwc_rtargs=0.106 pfwc_enqueue=0.102 pfwc_finish=0.000 gather_setup=0.003 gather_rtargs=0.000 gather_enqueue=0.000 gather_wait=2.746 gather_result=0.000 | sum=2.971 project=2.974 resid=+0.004
TTW_TIMING stage_tile_assign_setup=0.007
TTW_TIMING stage_tile_assign_rtargs=0.000
TTW_TIMING stage_tile_assign_enqueue=0.000
TTW_TIMING stage_tile_assign_scan_finish=0.000
TTW_TIMING stage_tile_assign_p_d2h=0.000
TTW_TIMING stage_tile_assign_k2_finish=0.000
TTW_TIMING stage_tile_assign_publish=0.001
TTW_TIMING stage_tile_assign_other=0.001
TILE_ASSIGN_STAGES n=30 setup=0.007 rtargs=0.000 enqueue=0.000 scan_finish=0.000 p_d2h=0.000 k2_finish=0.000 publish=0.001 | sum=0.008 tile_assign=0.009 resid=+0.001

Queue delay: 33 ns
Timer resolution: 9 ns

Frames: 2
Time span: 4.86 s
Zones: 880,469
Elapsed time: 5.41 s
Saving trace... done!
Trace size 9391.62 KB (27.12% ratio)
2026-10-07 23:44:00.985 | INFO     | tracy:generate_report:154 - Host side ops time report generated at /localdev/smarton/p150bench/out365/prof-P1/.logs/tracy_ops_times.csv
2026-10-07 23:44:01.039 | INFO     | tracy:generate_report:165 - Host side ops data report generated at /localdev/smarton/p150bench/out365/prof-P1/.logs/tracy_ops_data.csv
2026-10-07 23:44:01.039 | INFO     | tracy.process_ops_logs:import_tracy_op_logs:255 - Importing ops logs
/localdev/smarton/viewer/tt-metal/tools/tracy/process_ops_logs.py:360: DtypeWarning: Columns (3) have mixed types. Specify dtype option on import or set low_memory=False.
  df = pd.read_csv(tracyOpTimesLog)
2026-10-07 23:44:03.366 | INFO     | tracy.process_ops_logs:get_device_data_generate_report:1014 - Copying runtime artifacts
2026-10-07 23:44:03.410 | INFO     | tracy.process_ops_logs:get_device_data_generate_report:1020 - Getting device only ops data
2026-10-07 23:44:09.413 | INFO     | tracy.process_device_log:core_to_device_timeseries:416 - Importing Data For Device Number : 0
2026-10-07 23:44:19.008 | INFO     | tracy.process_ops_logs:get_device_data_generate_report:1032 - Generating device op report ...
2026-10-07 23:44:19.059 | INFO     | tracy.process_ops_logs:get_device_data_generate_report:1210 - Device only OPs csv generated at: /localdev/smarton/p150bench/out365/prof-P1/reports/2026_10_07_23_44_03/ops_perf_results_2026_10_07_23_44_03.csv
2026-10-07 23:44:19.064 | INFO     | tracy.process_ops_logs:get_device_data_generate_report:1219 - Device only per core op to op times csv generated at: /localdev/smarton/p150bench/out365/prof-P1/reports/2026_10_07_23_44_03/per_core_op_to_op_times_2026_10_07_23_44_03.csv
