[ttw 2026-10-10T09:35:48-0700] WARNING: devrun (--timeout / ttw.toml timeout_s) timeout=560s is over the 400s reservation limit — RUNNING IT ANYWAY.
[ttw 2026-10-10T09:35:48-0700]   timeout_sec IS the reservation: a crash squats on the shared device for the full 560s.
[ttw 2026-10-10T09:35:48-0700]   FIX THE RUN — never skip it, never just raise the number. Two levers:
[ttw 2026-10-10T09:35:48-0700]   (a) MOVE WORK OFF THE RESERVATION (it carries device compute only):
[ttw 2026-10-10T09:35:48-0700]       cold JIT compile       -> tt_metal/tools/kernel_prewarm/prewarm_and_submit.sh
[ttw 2026-10-10T09:35:48-0700]       profiler post-process  -> capture with 'tracy -p' only; process_ops_logs.py on the host
[ttw 2026-10-10T09:35:48-0700]       CPU reference / PCC    -> run the oracle off-reservation
[ttw 2026-10-10T09:35:48-0700]   (b) CHUNK IT — each chunk lands under the limit, and ALL the work still runs:
[ttw 2026-10-10T09:35:48-0700]       monolithic pipeline    -> one capture per stage/block, stitch off-device
[ttw 2026-10-10T09:35:48-0700]       long sweep             -> several shorter jobs
[ttw 2026-10-10T09:35:48-0700]       untraced/eager gen     -> the traced/warm path
[ttw 2026-10-10T09:35:48-0700]   Proceeding with this run. Size the next from the MEASURED device-held time (aim <=400s).
================ BUILD ID ================
  cpp : #124 sha=4b110d78 bin=1e08df07db39877b t490 4b110d78 land #489 b2b A/B (yyzo-bh-04)
  data: # sha=
=========================================
host=yyzo-bh-04  tag=t490-r3-b2b  timeout=560s  worry=600s  ts=2026-10-10T09:35:48-0700
cmd: T=/localdev/smarton/gstt2-t469 bash /localdev/smarton/gstt2-t469/docs/land-t490/remote_ab.sh 3 b2b off def
-----------------------------------------
=== r3-b2b-off 4b110d7 ACQ_FUSE=0 SKIP_RGB=0 16:35:49 load=3.44
run rc=0
[DEV] dispatch worker (worker), command queues 2, compute grid 11x10
B2B_STAGES pass=0 views=30 gap_ms=0.00 period=9.469 render=9.469 py_resid=0.031 project=2.480 sort=1.053 blend=5.851 d2h=0.004 tail=0.003 xview=0.042 view_total=9.438 project_pfwc_rtargs=0.033 project_pfwc_enqueue=0.009 project_gather_wait=2.476 sort_bin_count=0.000 sort_bin_hist_d2h=0.000 sort_bin_layout=0.042 sort_bin_emit=0.331 sort_publish_host=0.156 sort_publish_wait=0.000 sort_mat=0.035 sort
B2B_STAGES pass=1 views=30 gap_ms=0.00 period=9.421 render=9.421 py_resid=0.033 project=2.416 sort=0.521 blend=6.393 d2h=0.004 tail=0.003 xview=0.047 view_total=9.388 project_pfwc_rtargs=0.035 project_pfwc_enqueue=0.009 project_gather_wait=2.415 sort_bin_count=0.000 sort_bin_hist_d2h=0.000 sort_bin_layout=0.046 sort_bin_emit=0.191 sort_publish_host=0.176 sort_publish_wait=0.000 sort_mat=0.038 sort
B2B_STAGES pass=2 views=30 gap_ms=0.00 period=9.403 render=9.403 py_resid=0.032 project=2.418 sort=0.492 blend=6.403 d2h=0.003 tail=0.003 xview=0.047 view_total=9.371 project_pfwc_rtargs=0.035 project_pfwc_enqueue=0.009 project_gather_wait=2.417 sort_bin_count=0.000 sort_bin_hist_d2h=0.000 sort_bin_layout=0.047 sort_bin_emit=0.186 sort_publish_host=0.177 sort_publish_wait=0.000 sort_mat=0.038 sort
B2B_STAGES pass=3 views=30 gap_ms=0.00 period=9.408 render=9.408 py_resid=0.037 project=2.420 sort=0.507 blend=6.381 d2h=0.004 tail=0.003 xview=0.050 view_total=9.371 project_pfwc_rtargs=0.037 project_pfwc_enqueue=0.010 project_gather_wait=2.419 sort_bin_count=0.000 sort_bin_hist_d2h=0.000 sort_bin_layout=0.048 sort_bin_emit=0.194 sort_publish_host=0.180 sort_publish_wait=0.000 sort_mat=0.038 sort
B2B_STAGES pass=4 views=30 gap_ms=0.00 period=9.406 render=9.406 py_resid=0.032 project=2.422 sort=0.474 blend=6.422 d2h=0.003 tail=0.003 xview=0.045 view_total=9.374 project_pfwc_rtargs=0.034 project_pfwc_enqueue=0.009 project_gather_wait=2.421 sort_bin_count=0.000 sort_bin_hist_d2h=0.000 sort_bin_layout=0.044 sort_bin_emit=0.180 sort_publish_host=0.169 sort_publish_wait=0.000 sort_mat=0.037 sort
B2B_STAGES pass=5 views=30 gap_ms=0.00 period=9.405 render=9.405 py_resid=0.035 project=2.424 sort=0.513 blend=6.375 d2h=0.004 tail=0.003 xview=0.045 view_total=9.370 project_pfwc_rtargs=0.033 project_pfwc_enqueue=0.009 project_gather_wait=2.422 sort_bin_count=0.000 sort_bin_hist_d2h=0.000 sort_bin_layout=0.050 sort_bin_emit=0.198 sort_publish_host=0.182 sort_publish_wait=0.000 sort_mat=0.037 sort
B2B_STAGES pass=6 views=30 gap_ms=0.00 period=9.412 render=9.412 py_resid=0.034 project=2.422 sort=0.496 blend=6.402 d2h=0.004 tail=0.003 xview=0.046 view_total=9.379 project_pfwc_rtargs=0.035 project_pfwc_enqueue=0.009 project_gather_wait=2.421 sort_bin_count=0.000 sort_bin_hist_d2h=0.000 sort_bin_layout=0.048 sort_bin_emit=0.189 sort_publish_host=0.177 sort_publish_wait=0.000 sort_mat=0.037 sort
B2B_STAGES pass=7 views=30 gap_ms=0.00 period=9.403 render=9.403 py_resid=0.033 project=2.419 sort=0.494 blend=6.400 d2h=0.004 tail=0.003 xview=0.046 view_total=9.370 project_pfwc_rtargs=0.035 project_pfwc_enqueue=0.009 project_gather_wait=2.417 sort_bin_count=0.000 sort_bin_hist_d2h=0.000 sort_bin_layout=0.047 sort_bin_emit=0.186 sort_publish_host=0.177 sort_publish_wait=0.000 sort_mat=0.037 sort
B2B_STAGES pass=8 views=30 gap_ms=0.00 period=9.413 render=9.413 py_resid=0.032 project=2.421 sort=0.486 blend=6.417 d2h=0.003 tail=0.003 xview=0.047 view_total=9.381 project_pfwc_rtargs=0.035 project_pfwc_enqueue=0.009 project_gather_wait=2.420 sort_bin_count=0.000 sort_bin_hist_d2h=0.000 sort_bin_layout=0.047 sort_bin_emit=0.187 sort_publish_host=0.170 sort_publish_wait=0.000 sort_mat=0.037 sort
B2B_STAGES pass=9 views=30 gap_ms=0.00 period=9.409 render=9.409 py_resid=0.033 project=2.419 sort=0.447 blend=6.455 d2h=0.003 tail=0.003 xview=0.044 view_total=9.376 project_pfwc_rtargs=0.032 project_pfwc_enqueue=0.009 project_gather_wait=2.418 sort_bin_count=0.000 sort_bin_hist_d2h=0.000 sort_bin_layout=0.041 sort_bin_emit=0.174 sort_publish_host=0.156 sort_publish_wait=0.000 sort_mat=0.034 sort
B2B_STAGES pass=10 views=30 gap_ms=0.00 period=9.395 render=9.395 py_resid=0.033 project=2.413 sort=0.461 blend=6.432 d2h=0.003 tail=0.003 xview=0.045 view_total=9.363 project_pfwc_rtargs=0.033 project_pfwc_enqueue=0.009 project_gather_wait=2.412 sort_bin_count=0.000 sort_bin_hist_d2h=0.000 sort_bin_layout=0.043 sort_bin_emit=0.179 sort_publish_host=0.161 sort_publish_wait=0.000 sort_mat=0.035 sor
B2B_STAGES pass=11 views=30 gap_ms=0.00 period=9.404 render=9.404 py_resid=0.039 project=2.412 sort=0.479 blend=6.415 d2h=0.004 tail=0.003 xview=0.047 view_total=9.365 project_pfwc_rtargs=0.035 project_pfwc_enqueue=0.010 project_gather_wait=2.410 sort_bin_count=0.000 sort_bin_hist_d2h=0.000 sort_bin_layout=0.045 sort_bin_emit=0.181 sort_publish_host=0.169 sort_publish_wait=0.000 sort_mat=0.039 sor
B2B_STAGES pass=12 views=30 gap_ms=0.00 period=9.401 render=9.401 py_resid=0.035 project=2.421 sort=0.542 blend=6.314 d2h=0.004 tail=0.003 xview=0.076 view_total=9.365 project_pfwc_rtargs=0.061 project_pfwc_enqueue=0.012 project_gather_wait=2.419 sort_bin_count=0.000 sort_bin_hist_d2h=0.000 sort_bin_layout=0.053 sort_bin_emit=0.208 sort_publish_host=0.192 sort_publish_wait=0.000 sort_mat=0.041 sor
B2B_STAGES pass=13 views=30 gap_ms=0.00 period=9.407 render=9.407 py_resid=0.034 project=2.417 sort=0.494 blend=6.394 d2h=0.004 tail=0.003 xview=0.056 view_total=9.374 project_pfwc_rtargs=0.044 project_pfwc_enqueue=0.010 project_gather_wait=2.416 sort_bin_count=0.000 sort_bin_hist_d2h=0.000 sort_bin_layout=0.047 sort_bin_emit=0.187 sort_publish_host=0.178 sort_publish_wait=0.000 sort_mat=0.037 sor
B2B_STAGES pass=14 views=30 gap_ms=0.00 period=9.405 render=9.405 py_resid=0.032 project=2.418 sort=0.460 blend=6.440 d2h=0.003 tail=0.003 xview=0.045 view_total=9.373 project_pfwc_rtargs=0.033 project_pfwc_enqueue=0.009 project_gather_wait=2.416 sort_bin_count=0.000 sort_bin_hist_d2h=0.000 sort_bin_layout=0.043 sort_bin_emit=0.173 sort_publish_host=0.166 sort_publish_wait=0.000 sort_mat=0.035 sor
B2B_STAGES pass=15 views=30 gap_ms=0.00 period=9.406 render=9.406 py_resid=0.032 project=2.422 sort=0.484 blend=6.412 d2h=0.003 tail=0.003 xview=0.046 view_total=9.374 project_pfwc_rtargs=0.034 project_pfwc_enqueue=0.009 project_gather_wait=2.420 sort_bin_count=0.000 sort_bin_hist_d2h=0.000 sort_bin_layout=0.045 sort_bin_emit=0.184 sort_publish_host=0.174 sort_publish_wait=0.000 sort_mat=0.037 sor
B2B_STAGES pass=16 views=30 gap_ms=0.00 period=9.410 render=9.410 py_resid=0.032 project=2.417 sort=0.470 blend=6.435 d2h=0.003 tail=0.003 xview=0.045 view_total=9.378 project_pfwc_rtargs=0.033 project_pfwc_enqueue=0.009 project_gather_wait=2.416 sort_bin_count=0.000 sort_bin_hist_d2h=0.000 sort_bin_layout=0.045 sort_bin_emit=0.183 sort_publish_host=0.164 sort_publish_wait=0.000 sort_mat=0.036 sor
B2B_STAGES pass=17 views=30 gap_ms=0.00 period=9.402 render=9.402 py_resid=0.033 project=2.416 sort=0.447 blend=6.453 d2h=0.003 tail=0.003 xview=0.043 view_total=9.369 project_pfwc_rtargs=0.032 project_pfwc_enqueue=0.009 project_gather_wait=2.414 sort_bin_count=0.000 sort_bin_hist_d2h=0.000 sort_bin_layout=0.041 sort_bin_emit=0.171 sort_publish_host=0.158 sort_publish_wait=0.000 sort_mat=0.035 sor
B2B_STAGES pass=18 views=30 gap_ms=0.00 period=9.399 render=9.399 py_resid=0.032 project=2.419 sort=0.441 blend=6.454 d2h=0.003 tail=0.003 xview=0.043 view_total=9.367 project_pfwc_rtargs=0.032 project_pfwc_enqueue=0.008 project_gather_wait=2.418 sort_bin_count=0.000 sort_bin_hist_d2h=0.000 sort_bin_layout=0.041 sort_bin_emit=0.170 sort_publish_host=0.155 sort_publish_wait=0.000 sort_mat=0.034 sor
=== r3-b2b-def 4b110d7 ACQ_FUSE=unset SKIP_RGB=unset 16:36:00 load=3.35
run rc=0
[DEV] dispatch worker (worker), command queues 2, compute grid 11x10
B2B_STAGES pass=0 views=30 gap_ms=0.00 period=9.281 render=9.281 py_resid=0.033 project=2.302 sort=0.534 blend=6.358 d2h=0.004 tail=0.003 xview=0.043 view_total=9.249 project_pfwc_rtargs=0.034 project_pfwc_enqueue=0.009 project_gather_wait=2.298 sort_bin_count=0.000 sort_bin_hist_d2h=0.000 sort_bin_layout=0.041 sort_bin_emit=0.201 sort_publish_host=0.156 sort_publish_wait=0.000 sort_mat=0.036 sort
B2B_STAGES pass=1 views=30 gap_ms=0.00 period=9.237 render=9.237 py_resid=0.032 project=2.249 sort=0.466 blend=6.435 d2h=0.003 tail=0.003 xview=0.044 view_total=9.205 project_pfwc_rtargs=0.033 project_pfwc_enqueue=0.008 project_gather_wait=2.248 sort_bin_count=0.000 sort_bin_hist_d2h=0.000 sort_bin_layout=0.041 sort_bin_emit=0.185 sort_publish_host=0.156 sort_publish_wait=0.000 sort_mat=0.036 sort
B2B_STAGES pass=2 views=30 gap_ms=0.00 period=9.238 render=9.238 py_resid=0.035 project=2.249 sort=0.470 blend=6.426 d2h=0.004 tail=0.003 xview=0.046 view_total=9.203 project_pfwc_rtargs=0.034 project_pfwc_enqueue=0.010 project_gather_wait=2.248 sort_bin_count=0.000 sort_bin_hist_d2h=0.000 sort_bin_layout=0.042 sort_bin_emit=0.187 sort_publish_host=0.159 sort_publish_wait=0.000 sort_mat=0.041 sort
B2B_STAGES pass=3 views=30 gap_ms=0.00 period=9.234 render=9.234 py_resid=0.031 project=2.247 sort=0.459 blend=6.444 d2h=0.003 tail=0.003 xview=0.043 view_total=9.203 project_pfwc_rtargs=0.032 project_pfwc_enqueue=0.009 project_gather_wait=2.246 sort_bin_count=0.000 sort_bin_hist_d2h=0.000 sort_bin_layout=0.041 sort_bin_emit=0.183 sort_publish_host=0.158 sort_publish_wait=0.000 sort_mat=0.035 sort
B2B_STAGES pass=4 views=30 gap_ms=0.00 period=9.233 render=9.233 py_resid=0.040 project=2.238 sort=0.475 blend=6.423 d2h=0.004 tail=0.003 xview=0.045 view_total=9.193 project_pfwc_rtargs=0.033 project_pfwc_enqueue=0.009 project_gather_wait=2.237 sort_bin_count=0.000 sort_bin_hist_d2h=0.000 sort_bin_layout=0.042 sort_bin_emit=0.189 sort_publish_host=0.156 sort_publish_wait=0.000 sort_mat=0.045 sort
B2B_STAGES pass=5 views=30 gap_ms=0.00 period=9.238 render=9.238 py_resid=0.031 project=2.247 sort=0.460 blend=6.446 d2h=0.003 tail=0.003 xview=0.043 view_total=9.206 project_pfwc_rtargs=0.032 project_pfwc_enqueue=0.009 project_gather_wait=2.246 sort_bin_count=0.000 sort_bin_hist_d2h=0.000 sort_bin_layout=0.041 sort_bin_emit=0.185 sort_publish_host=0.156 sort_publish_wait=0.000 sort_mat=0.037 sort
B2B_STAGES pass=6 views=30 gap_ms=0.00 period=9.237 render=9.237 py_resid=0.032 project=2.251 sort=0.461 blend=6.439 d2h=0.003 tail=0.003 xview=0.044 view_total=9.205 project_pfwc_rtargs=0.033 project_pfwc_enqueue=0.009 project_gather_wait=2.249 sort_bin_count=0.000 sort_bin_hist_d2h=0.000 sort_bin_layout=0.042 sort_bin_emit=0.185 sort_publish_host=0.157 sort_publish_wait=0.000 sort_mat=0.036 sort
B2B_STAGES pass=7 views=30 gap_ms=0.00 period=9.232 render=9.232 py_resid=0.031 project=2.249 sort=0.462 blend=6.438 d2h=0.003 tail=0.003 xview=0.042 view_total=9.201 project_pfwc_rtargs=0.032 project_pfwc_enqueue=0.008 project_gather_wait=2.248 sort_bin_count=0.000 sort_bin_hist_d2h=0.000 sort_bin_layout=0.041 sort_bin_emit=0.187 sort_publish_host=0.156 sort_publish_wait=0.000 sort_mat=0.037 sort
B2B_STAGES pass=8 views=30 gap_ms=0.00 period=9.242 render=9.242 py_resid=0.035 project=2.252 sort=0.513 blend=6.383 d2h=0.003 tail=0.003 xview=0.048 view_total=9.207 project_pfwc_rtargs=0.036 project_pfwc_enqueue=0.009 project_gather_wait=2.251 sort_bin_count=0.000 sort_bin_hist_d2h=0.000 sort_bin_layout=0.046 sort_bin_emit=0.204 sort_publish_host=0.179 sort_publish_wait=0.000 sort_mat=0.038 sort
B2B_STAGES pass=9 views=30 gap_ms=0.00 period=9.238 render=9.238 py_resid=0.045 project=2.236 sort=0.641 blend=6.234 d2h=0.004 tail=0.004 xview=0.067 view_total=9.193 project_pfwc_rtargs=0.052 project_pfwc_enqueue=0.012 project_gather_wait=2.235 sort_bin_count=0.000 sort_bin_hist_d2h=0.000 sort_bin_layout=0.053 sort_bin_emit=0.248 sort_publish_host=0.230 sort_publish_wait=0.000 sort_mat=0.047 sort
B2B_STAGES pass=10 views=30 gap_ms=0.00 period=9.228 render=9.228 py_resid=0.039 project=2.237 sort=0.646 blend=6.225 d2h=0.004 tail=0.004 xview=0.067 view_total=9.189 project_pfwc_rtargs=0.054 project_pfwc_enqueue=0.011 project_gather_wait=2.236 sort_bin_count=0.000 sort_bin_hist_d2h=0.000 sort_bin_layout=0.053 sort_bin_emit=0.248 sort_publish_host=0.236 sort_publish_wait=0.000 sort_mat=0.045 sor
B2B_STAGES pass=11 views=30 gap_ms=0.00 period=9.232 render=9.232 py_resid=0.039 project=2.238 sort=0.633 blend=6.244 d2h=0.004 tail=0.003 xview=0.066 view_total=9.194 project_pfwc_rtargs=0.053 project_pfwc_enqueue=0.011 project_gather_wait=2.236 sort_bin_count=0.000 sort_bin_hist_d2h=0.000 sort_bin_layout=0.052 sort_bin_emit=0.242 sort_publish_host=0.231 sort_publish_wait=0.000 sort_mat=0.045 sor
B2B_STAGES pass=12 views=30 gap_ms=0.00 period=9.237 render=9.237 py_resid=0.039 project=2.238 sort=0.622 blend=6.258 d2h=0.004 tail=0.003 xview=0.065 view_total=9.198 project_pfwc_rtargs=0.052 project_pfwc_enqueue=0.011 project_gather_wait=2.237 sort_bin_count=0.000 sort_bin_hist_d2h=0.000 sort_bin_layout=0.051 sort_bin_emit=0.241 sort_publish_host=0.224 sort_publish_wait=0.000 sort_mat=0.044 sor
B2B_STAGES pass=13 views=30 gap_ms=0.00 period=9.231 render=9.231 py_resid=0.040 project=2.238 sort=0.632 blend=6.239 d2h=0.004 tail=0.003 xview=0.067 view_total=9.191 project_pfwc_rtargs=0.053 project_pfwc_enqueue=0.011 project_gather_wait=2.237 sort_bin_count=0.000 sort_bin_hist_d2h=0.000 sort_bin_layout=0.052 sort_bin_emit=0.243 sort_publish_host=0.229 sort_publish_wait=0.000 sort_mat=0.045 sor
B2B_STAGES pass=14 views=30 gap_ms=0.00 period=9.231 render=9.231 py_resid=0.038 project=2.239 sort=0.637 blend=6.236 d2h=0.004 tail=0.003 xview=0.066 view_total=9.192 project_pfwc_rtargs=0.053 project_pfwc_enqueue=0.011 project_gather_wait=2.237 sort_bin_count=0.000 sort_bin_hist_d2h=0.000 sort_bin_layout=0.052 sort_bin_emit=0.243 sort_publish_host=0.233 sort_publish_wait=0.000 sort_mat=0.046 sor
B2B_STAGES pass=15 views=30 gap_ms=0.00 period=9.232 render=9.232 py_resid=0.038 project=2.239 sort=0.647 blend=6.227 d2h=0.005 tail=0.003 xview=0.067 view_total=9.194 project_pfwc_rtargs=0.053 project_pfwc_enqueue=0.011 project_gather_wait=2.238 sort_bin_count=0.000 sort_bin_hist_d2h=0.000 sort_bin_layout=0.053 sort_bin_emit=0.247 sort_publish_host=0.235 sort_publish_wait=0.000 sort_mat=0.048 sor
B2B_STAGES pass=16 views=30 gap_ms=0.00 period=9.232 render=9.232 py_resid=0.039 project=2.239 sort=0.630 blend=6.243 d2h=0.004 tail=0.003 xview=0.067 view_total=9.192 project_pfwc_rtargs=0.053 project_pfwc_enqueue=0.011 project_gather_wait=2.237 sort_bin_count=0.000 sort_bin_hist_d2h=0.000 sort_bin_layout=0.052 sort_bin_emit=0.242 sort_publish_host=0.229 sort_publish_wait=0.000 sort_mat=0.045 sor
B2B_STAGES pass=17 views=30 gap_ms=0.00 period=9.234 render=9.234 py_resid=0.040 project=2.238 sort=0.629 blend=6.247 d2h=0.004 tail=0.003 xview=0.066 view_total=9.194 project_pfwc_rtargs=0.052 project_pfwc_enqueue=0.011 project_gather_wait=2.236 sort_bin_count=0.000 sort_bin_hist_d2h=0.000 sort_bin_layout=0.052 sort_bin_emit=0.242 sort_publish_host=0.229 sort_publish_wait=0.000 sort_mat=0.044 sor
B2B_STAGES pass=18 views=30 gap_ms=0.00 period=9.233 render=9.233 py_resid=0.039 project=2.237 sort=0.637 blend=6.241 d2h=0.004 tail=0.003 xview=0.065 view_total=9.194 project_pfwc_rtargs=0.052 project_pfwc_enqueue=0.011 project_gather_wait=2.235 sort_bin_count=0.000 sort_bin_hist_d2h=0.000 sort_bin_layout=0.053 sort_bin_emit=0.243 sort_publish_host=0.233 sort_publish_wait=0.000 sort_mat=0.045 sor
=== done 3 b2b 16:36:12
[ttw] log: /Users/smarton/dev/gsplat_tt/tt-project/state/runs/1342/wt/tmp/ttw-state/logs/t490-r3-b2b-20261010-093548.log
