================ BUILD ID ================
  cpp : #126 sha=0f4e5037 bin=689c452581126df2 t469 0f4e5037 K2_TRISC b2b A/B (yyzo-bh-04)
  data: # sha= 
=========================================
host=yyzo-bh-04  tag=t469-c-b2b  timeout=380s  worry=600s  ts=2026-10-10T07:11:37-0700
cmd: T=/localdev/smarton/gstt2-t469 bash /localdev/smarton/gstt2-t469/docs/k2-b2b-t469/remote_ab.sh 10 b2b def off
-----------------------------------------
=== r10-b2b-def 0f4e503 K2_TRISC=unset 14:11:37 load=3.16
run rc=0
[DEV] dispatch worker (worker), command queues 2, compute grid 11x10
B2B_STAGES pass=0 views=30 gap_ms=0.00 period=9.629 render=9.629 py_resid=0.031 project=2.645 sort=1.122 blend=5.775 d2h=0.004 tail=0.003 xview=0.042 view_total=9.598 project_pfwc_rtargs=0.033 project_pfwc_enqueue=0.009 project_gather_wait=2.641 sort_bin_count=0.000 sort_bin_hist_d2h=0.000 sort_bin_layout=0.043 sort_bin_emit=0.340 sort_publish_host=0.156 sort_publish_wait=0.000 sort_mat=0.034
B2B_STAGES pass=1 views=30 gap_ms=0.00 period=9.565 render=9.565 py_resid=0.033 project=2.580 sort=0.899 blend=5.997 d2h=0.004 tail=0.003 xview=0.044 view_total=9.531 project_pfwc_rtargs=0.032 project_pfwc_enqueue=0.009 project_gather_wait=2.579 sort_bin_count=0.000 sort_bin_hist_d2h=0.000 sort_bin_layout=0.041 sort_bin_emit=0.172 sort_publish_host=0.158 sort_publish_wait=0.000 sort_mat=0.034
B2B_STAGES pass=2 views=30 gap_ms=0.00 period=9.565 render=9.565 py_resid=0.033 project=2.582 sort=0.620 blend=6.274 d2h=0.004 tail=0.003 xview=0.044 view_total=9.532 project_pfwc_rtargs=0.033 project_pfwc_enqueue=0.009 project_gather_wait=2.581 sort_bin_count=0.000 sort_bin_hist_d2h=0.000 sort_bin_layout=0.042 sort_bin_emit=0.177 sort_publish_host=0.158 sort_publish_wait=0.000 sort_mat=0.034
B2B_STAGES pass=3 views=30 gap_ms=0.00 period=9.556 render=9.556 py_resid=0.033 project=2.581 sort=0.560 blend=6.331 d2h=0.003 tail=0.003 xview=0.041 view_total=9.524 project_pfwc_rtargs=0.031 project_pfwc_enqueue=0.009 project_gather_wait=2.579 sort_bin_count=0.000 sort_bin_hist_d2h=0.000 sort_bin_layout=0.041 sort_bin_emit=0.174 sort_publish_host=0.152 sort_publish_wait=0.000 sort_mat=0.032
B2B scene=bicycle n_views=30 passes=3 drop=no ms_frame=9.562 fps=104.58 ms_frame_median=9.565 pass_ms_frame=9.565,9.565,9.556 check_pass_ms_frame=9.629 raw_md5=5a438f5a gap_ms=0.00 render_ms_frame=9.562 xview_hits=119 xview_misses=0 identical_across_passes=yes out=/localdev/smarton/gstt2-t469/tmp/t469-r10-b2b-def
TTW_TIMING b2b_ms_frame=9.562
=== r10-b2b-off 0f4e503 K2_TRISC=0 14:11:42 load=3.14
run rc=0
[DEV] dispatch worker (worker), command queues 2, compute grid 11x10
B2B_STAGES pass=0 views=30 gap_ms=0.00 period=9.993 render=9.993 py_resid=0.034 project=2.965 sort=1.221 blend=5.712 d2h=0.004 tail=0.003 xview=0.045 view_total=9.958 project_pfwc_rtargs=0.036 project_pfwc_enqueue=0.010 project_gather_wait=2.961 sort_bin_count=0.000 sort_bin_hist_d2h=0.000 sort_bin_layout=0.049 sort_bin_emit=0.394 sort_publish_host=0.181 sort_publish_wait=0.000 sort_mat=0.038
B2B_STAGES pass=1 views=30 gap_ms=0.00 period=9.884 render=9.884 py_resid=0.034 project=2.883 sort=0.736 blend=6.172 d2h=0.004 tail=0.003 xview=0.047 view_total=9.850 project_pfwc_rtargs=0.035 project_pfwc_enqueue=0.009 project_gather_wait=2.881 sort_bin_count=0.000 sort_bin_hist_d2h=0.000 sort_bin_layout=0.048 sort_bin_emit=0.197 sort_publish_host=0.178 sort_publish_wait=0.000 sort_mat=0.039
B2B_STAGES pass=2 views=30 gap_ms=0.00 period=9.873 render=9.873 py_resid=0.033 project=2.888 sort=0.587 blend=6.310 d2h=0.004 tail=0.003 xview=0.044 view_total=9.840 project_pfwc_rtargs=0.033 project_pfwc_enqueue=0.009 project_gather_wait=2.887 sort_bin_count=0.000 sort_bin_hist_d2h=0.000 sort_bin_layout=0.042 sort_bin_emit=0.176 sort_publish_host=0.155 sort_publish_wait=0.000 sort_mat=0.034
B2B_STAGES pass=3 views=30 gap_ms=0.00 period=9.854 render=9.854 py_resid=0.032 project=2.883 sort=0.579 blend=6.304 d2h=0.004 tail=0.003 xview=0.044 view_total=9.821 project_pfwc_rtargs=0.033 project_pfwc_enqueue=0.009 project_gather_wait=2.881 sort_bin_count=0.000 sort_bin_hist_d2h=0.000 sort_bin_layout=0.043 sort_bin_emit=0.185 sort_publish_host=0.161 sort_publish_wait=0.000 sort_mat=0.035
B2B scene=bicycle n_views=30 passes=3 drop=no ms_frame=9.870 fps=101.31 ms_frame_median=9.873 pass_ms_frame=9.884,9.873,9.854 check_pass_ms_frame=9.993 raw_md5=5a438f5a gap_ms=0.00 render_ms_frame=9.870 xview_hits=119 xview_misses=0 identical_across_passes=yes out=/localdev/smarton/gstt2-t469/tmp/t469-r10-b2b-off
TTW_TIMING b2b_ms_frame=9.870
=== done 10 b2b 14:11:47
[ttw] log: /Users/smarton/dev/gsplat_tt/tt-project/worktrees/t469/tmp/ttw-state/logs/t469-c-b2b-20261010-071136.log
