================ BUILD ID ================
  cpp : #124 sha=8db9efa9 bin=1847c579dc3c625b t469 8db9efa9 K2_TRISC b2b A/B (yyzo-bh-04)
  data: # sha= 
=========================================
host=yyzo-bh-04  tag=t469-dump  timeout=380s  worry=600s  ts=2026-10-10T06:57:40-0700
cmd: T=/localdev/smarton/gstt2-t469 bash /localdev/smarton/gstt2-t469/docs/k2-b2b-t469/remote_ab.sh 9 dump off on
-----------------------------------------
=== r9-dump-off 8db9efa K2_TRISC=0 13:57:41 load=3.49
run rc=0
[DEV] dispatch worker (worker), command queues 2, compute grid 11x10
SUMMARY scene=bicycle hero='hero' hero_vs_ref=nandB(8bit-vs-golden) hero_vs_cpu=nandB(float-vs-cpu) avg_frame_ms=8.1 p50_ms=8.1 min_ms=6.6 max_ms=10.8 n_views=30 warmup_s=1.5 out=/localdev/smarton/gstt2-t469/tmp/t469-r9-dump-off
TTW_TIMING ms_view=8.118
STAGES n=30 head=0.003 project=1.131 tile_assign=0.004 sort=0.478 blend_setup=0.000 mat=0.000 cull=0.000 blend=6.398 d2h=0.004 assemble=0.000 tail=0.004 xview=0.053 | sum=8.074 view_total=8.076 resid_in_view=+0.001 avg_frame_ms=8.118 resid_vs_frame=+0.044 xview_hits=29 xview_misses=0
MD5_GOLDEN_OK grid 11x10: list 906e0435 = golden (30/30 views)
=== r9-dump-on 8db9efa K2_TRISC=1 13:57:51 load=3.41
run rc=0
[DEV] dispatch worker (worker), command queues 2, compute grid 11x10
SUMMARY scene=bicycle hero='hero' hero_vs_ref=nandB(8bit-vs-golden) hero_vs_cpu=nandB(float-vs-cpu) avg_frame_ms=7.8 p50_ms=7.8 min_ms=6.3 max_ms=10.4 n_views=30 warmup_s=1.5 out=/localdev/smarton/gstt2-t469/tmp/t469-r9-dump-on
TTW_TIMING ms_view=7.812
STAGES n=30 head=0.003 project=0.835 tile_assign=0.004 sort=0.478 blend_setup=0.000 mat=0.000 cull=0.000 blend=6.389 d2h=0.003 assemble=0.000 tail=0.003 xview=0.054 | sum=7.770 view_total=7.772 resid_in_view=+0.002 avg_frame_ms=7.812 resid_vs_frame=+0.042 xview_hits=29 xview_misses=0
MD5_GOLDEN_OK grid 11x10: list 906e0435 = golden (30/30 views)
=== done 9 dump 13:58:02
[ttw] log: /Users/smarton/dev/gsplat_tt/tt-project/worktrees/t469/tmp/ttw-state/logs/t469-dump-20261010-065740.log
