================ BUILD ID ================
  cpp : #124 sha=8db9efa9 bin=1847c579dc3c625b t469 8db9efa9 K2_TRISC b2b A/B (yyzo-bh-04)
  data: # sha=
=========================================
host=yyzo-bh-04  tag=t469-r2-b2b  timeout=380s  worry=600s  ts=2026-10-10T06:56:55-0700
cmd: T=/localdev/smarton/gstt2-t469 bash /localdev/smarton/gstt2-t469/docs/k2-b2b-t469/remote_ab.sh 2 b2b on off
-----------------------------------------
=== r2-b2b-on 8db9efa K2_TRISC=1 13:56:56 load=3.91
run rc=0
[DEV] dispatch worker (worker), command queues 2, compute grid 11x10
B2B_STAGES pass=0 views=30 gap_ms=0.00 period=9.643 render=9.643 py_resid=0.032 project=2.650 sort=1.073 blend=5.835 d2h=0.004 tail=0.003 xview=0.042 view_total=9.612 project_pfwc_rtargs=0.033 project_pfwc_enqueue=0.010 project_gather_wait=2.646 sort_bin_count=0.000 sort_bin_hist_d2h=0.000 sort_bin_layout=0.041 sort_bin_emit=0.311 sort_publish_host=0.154 sort_publish_wait=0.000 sort_mat=0.032
B2B_STAGES pass=1 views=30 gap_ms=0.00 period=9.558 render=9.558 py_resid=0.033 project=2.584 sort=0.986 blend=5.901 d2h=0.004 tail=0.003 xview=0.043 view_total=9.525 project_pfwc_rtargs=0.032 project_pfwc_enqueue=0.009 project_gather_wait=2.582 sort_bin_count=0.000 sort_bin_hist_d2h=0.000 sort_bin_layout=0.042 sort_bin_emit=0.171 sort_publish_host=0.156 sort_publish_wait=0.000 sort_mat=0.033
B2B_STAGES pass=2 views=30 gap_ms=0.00 period=9.558 render=9.558 py_resid=0.035 project=2.580 sort=0.604 blend=6.283 d2h=0.004 tail=0.003 xview=0.044 view_total=9.522 project_pfwc_rtargs=0.032 project_pfwc_enqueue=0.009 project_gather_wait=2.579 sort_bin_count=0.000 sort_bin_hist_d2h=0.000 sort_bin_layout=0.045 sort_bin_emit=0.182 sort_publish_host=0.164 sort_publish_wait=0.000 sort_mat=0.034
B2B_STAGES pass=3 views=30 gap_ms=0.00 period=9.554 render=9.554 py_resid=0.033 project=2.579 sort=0.574 blend=6.314 d2h=0.003 tail=0.003 xview=0.042 view_total=9.521 project_pfwc_rtargs=0.031 project_pfwc_enqueue=0.009 project_gather_wait=2.578 sort_bin_count=0.000 sort_bin_hist_d2h=0.000 sort_bin_layout=0.041 sort_bin_emit=0.173 sort_publish_host=0.153 sort_publish_wait=0.000 sort_mat=0.033
B2B scene=bicycle n_views=30 passes=3 drop=no ms_frame=9.557 fps=104.64 pass_ms_frame=9.558,9.558,9.554 check_pass_ms_frame=9.643 raw_md5=5a438f5a gap_ms=0.00 render_ms_frame=9.557 xview_hits=119 xview_misses=0 identical_across_passes=yes out=/localdev/smarton/gstt2-t469/tmp/t469-r2-b2b-on
TTW_TIMING b2b_ms_frame=9.557
=== r2-b2b-off 8db9efa K2_TRISC=0 13:57:01 load=3.83
run rc=0
[DEV] dispatch worker (worker), command queues 2, compute grid 11x10
B2B_STAGES pass=0 views=30 gap_ms=0.00 period=9.950 render=9.950 py_resid=0.032 project=2.950 sort=1.142 blend=5.767 d2h=0.004 tail=0.003 xview=0.046 view_total=9.918 project_pfwc_rtargs=0.037 project_pfwc_enqueue=0.010 project_gather_wait=2.946 sort_bin_count=0.000 sort_bin_hist_d2h=0.000 sort_bin_layout=0.044 sort_bin_emit=0.357 sort_publish_host=0.162 sort_publish_wait=0.000 sort_mat=0.034
B2B_STAGES pass=1 views=30 gap_ms=0.00 period=9.874 render=9.874 py_resid=0.033 project=2.882 sort=1.107 blend=5.797 d2h=0.004 tail=0.003 xview=0.044 view_total=9.841 project_pfwc_rtargs=0.033 project_pfwc_enqueue=0.009 project_gather_wait=2.880 sort_bin_count=0.000 sort_bin_hist_d2h=0.000 sort_bin_layout=0.048 sort_bin_emit=0.192 sort_publish_host=0.177 sort_publish_wait=0.000 sort_mat=0.036
B2B_STAGES pass=2 views=30 gap_ms=0.00 period=9.850 render=9.850 py_resid=0.033 project=2.876 sort=0.669 blend=6.218 d2h=0.004 tail=0.003 xview=0.044 view_total=9.818 project_pfwc_rtargs=0.033 project_pfwc_enqueue=0.009 project_gather_wait=2.874 sort_bin_count=0.000 sort_bin_hist_d2h=0.000 sort_bin_layout=0.048 sort_bin_emit=0.191 sort_publish_host=0.176 sort_publish_wait=0.000 sort_mat=0.037
B2B_STAGES pass=3 views=30 gap_ms=0.00 period=9.862 render=9.862 py_resid=0.033 project=2.887 sort=0.628 blend=6.259 d2h=0.004 tail=0.003 xview=0.044 view_total=9.830 project_pfwc_rtargs=0.033 project_pfwc_enqueue=0.009 project_gather_wait=2.886 sort_bin_count=0.000 sort_bin_hist_d2h=0.000 sort_bin_layout=0.049 sort_bin_emit=0.192 sort_publish_host=0.179 sort_publish_wait=0.000 sort_mat=0.037
B2B scene=bicycle n_views=30 passes=3 drop=no ms_frame=9.862 fps=101.40 pass_ms_frame=9.874,9.850,9.862 check_pass_ms_frame=9.950 raw_md5=5a438f5a gap_ms=0.00 render_ms_frame=9.862 xview_hits=119 xview_misses=0 identical_across_passes=yes out=/localdev/smarton/gstt2-t469/tmp/t469-r2-b2b-off
TTW_TIMING b2b_ms_frame=9.862
=== done 2 b2b 13:57:05
[ttw] log: /Users/smarton/dev/gsplat_tt/tt-project/worktrees/t469/tmp/ttw-state/logs/t469-r2-b2b-20261010-065655.log
