[ttw 2026-10-07T22:58:11-0400] WARNING: devrun (--timeout / ttw.toml timeout_s) timeout=420s is over the 400s reservation limit — RUNNING IT ANYWAY.
[ttw 2026-10-07T22:58:11-0400]   timeout_sec IS the reservation: a crash squats on the shared device for the full 420s.
[ttw 2026-10-07T22:58:11-0400]   FIX THE RUN — never skip it, never just raise the number. Two levers:
[ttw 2026-10-07T22:58:11-0400]   (a) MOVE WORK OFF THE RESERVATION (it carries device compute only):
[ttw 2026-10-07T22:58:11-0400]       cold JIT compile       -> tt_metal/tools/kernel_prewarm/prewarm_and_submit.sh
[ttw 2026-10-07T22:58:12-0400]       profiler post-process  -> capture with 'tracy -p' only; process_ops_logs.py on the host
[ttw 2026-10-07T22:58:12-0400]       CPU reference / PCC    -> run the oracle off-reservation
[ttw 2026-10-07T22:58:12-0400]   (b) CHUNK IT — each chunk lands under the limit, and ALL the work still runs:
[ttw 2026-10-07T22:58:12-0400]       monolithic pipeline    -> one capture per stage/block, stitch off-device
[ttw 2026-10-07T22:58:12-0400]       long sweep             -> several shorter jobs
[ttw 2026-10-07T22:58:12-0400]       untraced/eager gen     -> the traced/warm path
[ttw 2026-10-07T22:58:12-0400]   Proceeding with this run. Size the next from the MEASURED device-held time (aim <=400s).
================ BUILD ID ================
  cpp : #125 sha=bb1c9bdd bin=422ffb8f423c9724 t418 33e6f55b packed sort_record_ids (yyzo-bh-04)
  data: # sha= 
=========================================
host=yyzo-bh-04  tag=t418-r3-xvpk  timeout=420s  worry=600s  ts=2026-10-07T22:58:12-0400
cmd: T=/localdev/smarton/gstt2-t418 bash /localdev/smarton/gstt2-t418/tmp/t379_remote_time.sh 3 xvpk:
-----------------------------------------
=== r3-xvpk 33e6f55  02:58:13
run rc=0
SUMMARY scene=bicycle hero='hero' hero_vs_ref=nandB(8bit-vs-golden) hero_vs_cpu=nandB(float-vs-cpu) avg_frame_ms=8.3 p50_ms=8.4 min_ms=6.7 max_ms=10.9 n_views=30 warmup_s=1.5 out=/localdev/smarton/gstt2-t418/tmp/t379-r3-xvpk
STAGES n=30 head=0.004 project=1.107 tile_assign=0.005 sort=0.537 blend_setup=0.000 mat=0.000 cull=0.000 blend=6.524 d2h=0.004 assemble=0.000 tail=0.005 xview=0.061 | sum=8.246 view_total=8.248 resid_in_view=+0.002 avg_frame_ms=8.297 resid_vs_frame=+0.051 xview_hits=29 xview_misses=0
SORT_STAGES n=30 pread=0.002 bin_count=0.000 bin_hist_d2h=0.000 bin_layout=0.046 upload=0.000 bin_emit=0.214 kernel=0.000 d2h=0.000 compact=0.000 publish_host=0.175 publish_wait=0.000 mat=0.039 | sum=0.476 sort=0.537 resid=+0.061
PROJECT_STAGES n=30 cov3d=0.000 pfwc_setup=0.004 pfwc_rtargs=0.045 pfwc_enqueue=0.014 pfwc_finish=0.000 gather_setup=0.003 gather_rtargs=0.000 gather_enqueue=0.000 gather_wait=1.100 gather_result=0.000 | sum=1.166 project=1.107 resid=-0.059
TILE_ASSIGN_STAGES n=30 setup=0.003 rtargs=0.000 enqueue=0.000 scan_finish=0.000 p_d2h=0.000 k2_finish=0.000 publish=0.001 | sum=0.004 tile_assign=0.005 resid=+0.001
ALL_VIEWS_IDENTICAL (30 views)
XVIEW_HITS_OK hits=29 views=30
=== done round 3 02:58:23
[ttw] log: /Users/smarton/dev/gsplat_tt/tt-project/worktrees/t418/tmp/ttw-state/logs/t418-r3-xvpk-20261007-225812.log
