[ttw 2026-10-10T06:30:41-0700] WARNING: devrun (--timeout / ttw.toml timeout_s) timeout=590s is over the 400s reservation limit — RUNNING IT ANYWAY.
[ttw 2026-10-10T06:30:41-0700]   timeout_sec IS the reservation: a crash squats on the shared device for the full 590s.
[ttw 2026-10-10T06:30:41-0700]   FIX THE RUN — never skip it, never just raise the number. Two levers:
[ttw 2026-10-10T06:30:41-0700]   (a) MOVE WORK OFF THE RESERVATION (it carries device compute only):
[ttw 2026-10-10T06:30:41-0700]       cold JIT compile       -> tt_metal/tools/kernel_prewarm/prewarm_and_submit.sh
[ttw 2026-10-10T06:30:41-0700]       profiler post-process  -> capture with 'tracy -p' only; process_ops_logs.py on the host
[ttw 2026-10-10T06:30:41-0700]       CPU reference / PCC    -> run the oracle off-reservation
[ttw 2026-10-10T06:30:41-0700]   (b) CHUNK IT — each chunk lands under the limit, and ALL the work still runs:
[ttw 2026-10-10T06:30:41-0700]       monolithic pipeline    -> one capture per stage/block, stitch off-device
[ttw 2026-10-10T06:30:41-0700]       long sweep             -> several shorter jobs
[ttw 2026-10-10T06:30:41-0700]       untraced/eager gen     -> the traced/warm path
[ttw 2026-10-10T06:30:41-0700]   Proceeding with this run. Size the next from the MEASURED device-held time (aim <=400s).
================ BUILD ID ================
  cpp : #123 sha=3f4759e bin=b4836c7dfcff6ca2 iter-140 Stage-0 NCRISC<->SFPU overlap probe (gated store-stress in cull reader)
  data: # sha=
=========================================
host=yyzo-bh-04  tag=t465-p100-1  timeout=590s  worry=472s  ts=2026-10-10T06:30:42-0700
cmd: SMOKE_TO=540 RUN_TO=250 bash /localdev/smarton/t465-bench465.sh p100 /localdev/smarton/t465-out-p100 /localdev/smarton/t465-216 /localdev/smarton/t465-tip 'init s0-A'
-----------------------------------------
=== bench p100 host=yyzo-bh-04-special-smarton-for-reservation-244892 2026-10-10T13:30:43Z card=p100a aiclk=1350 load=3.75 2.78 2.39
A=/localdev/smarton/t465-216 sha=e13e9f6b  B=/localdev/smarton/t465-tip sha=13ce253e
=== s0-A start 13:30:43 load=3.75
s0-A rc=0 13:30:57
[DEV] dispatch worker (worker), command queues 2, compute grid 11x10
TTW_TIMING ms_view=10.727
=== bench end rc=0 2026-10-10T13:30:57Z
[ttw] log: /Users/smarton/dev/gsplat_tt/tt-project/worktrees/t465/.ttw/logs/t465-p100-1-20261010-063041.log
[ttw 2026-10-10T06:30:57-0700] WARNING: devrun (--timeout / ttw.toml timeout_s) timeout=590s is over the 400s reservation limit — RUNNING IT ANYWAY.
[ttw 2026-10-10T06:30:58-0700]   timeout_sec IS the reservation: a crash squats on the shared device for the full 590s.
[ttw 2026-10-10T06:30:58-0700]   FIX THE RUN — never skip it, never just raise the number. Two levers:
[ttw 2026-10-10T06:30:58-0700]   (a) MOVE WORK OFF THE RESERVATION (it carries device compute only):
[ttw 2026-10-10T06:30:58-0700]       cold JIT compile       -> tt_metal/tools/kernel_prewarm/prewarm_and_submit.sh
[ttw 2026-10-10T06:30:58-0700]       profiler post-process  -> capture with 'tracy -p' only; process_ops_logs.py on the host
[ttw 2026-10-10T06:30:58-0700]       CPU reference / PCC    -> run the oracle off-reservation
[ttw 2026-10-10T06:30:58-0700]   (b) CHUNK IT — each chunk lands under the limit, and ALL the work still runs:
[ttw 2026-10-10T06:30:58-0700]       monolithic pipeline    -> one capture per stage/block, stitch off-device
[ttw 2026-10-10T06:30:58-0700]       long sweep             -> several shorter jobs
[ttw 2026-10-10T06:30:58-0700]       untraced/eager gen     -> the traced/warm path
[ttw 2026-10-10T06:30:58-0700]   Proceeding with this run. Size the next from the MEASURED device-held time (aim <=400s).
================ BUILD ID ================
  cpp : #123 sha=3f4759e bin=b4836c7dfcff6ca2 iter-140 Stage-0 NCRISC<->SFPU overlap probe (gated store-stress in cull reader)
  data: # sha=
=========================================
host=yyzo-bh-04  tag=t465-p100-2  timeout=590s  worry=472s  ts=2026-10-10T06:30:58-0700
cmd: SMOKE_TO=540 RUN_TO=250 bash /localdev/smarton/t465-bench465.sh p100 /localdev/smarton/t465-out-p100 /localdev/smarton/t465-216 /localdev/smarton/t465-tip 's0-B'
-----------------------------------------
=== bench p100 host=yyzo-bh-04-special-smarton-for-reservation-244892 2026-10-10T13:30:59Z card=p100a aiclk=1350 load=3.89 2.86 2.42
A=/localdev/smarton/t465-216 sha=e13e9f6b  B=/localdev/smarton/t465-tip sha=13ce253e
=== s0-B start 13:30:59 load=3.89
s0-B rc=0 13:31:11
[DEV] dispatch worker (worker), command queues 2, compute grid 11x10
TTW_TIMING ms_view=10.748
=== bench end rc=0 2026-10-10T13:31:11Z
[ttw] log: /Users/smarton/dev/gsplat_tt/tt-project/worktrees/t465/.ttw/logs/t465-p100-2-20261010-063058.log
[ttw 2026-10-10T06:31:12-0700] WARNING: devrun (--timeout / ttw.toml timeout_s) timeout=560s is over the 400s reservation limit — RUNNING IT ANYWAY.
[ttw 2026-10-10T06:31:12-0700]   timeout_sec IS the reservation: a crash squats on the shared device for the full 560s.
[ttw 2026-10-10T06:31:12-0700]   FIX THE RUN — never skip it, never just raise the number. Two levers:
[ttw 2026-10-10T06:31:12-0700]   (a) MOVE WORK OFF THE RESERVATION (it carries device compute only):
[ttw 2026-10-10T06:31:12-0700]       cold JIT compile       -> tt_metal/tools/kernel_prewarm/prewarm_and_submit.sh
[ttw 2026-10-10T06:31:12-0700]       profiler post-process  -> capture with 'tracy -p' only; process_ops_logs.py on the host
[ttw 2026-10-10T06:31:12-0700]       CPU reference / PCC    -> run the oracle off-reservation
[ttw 2026-10-10T06:31:12-0700]   (b) CHUNK IT — each chunk lands under the limit, and ALL the work still runs:
[ttw 2026-10-10T06:31:12-0700]       monolithic pipeline    -> one capture per stage/block, stitch off-device
[ttw 2026-10-10T06:31:12-0700]       long sweep             -> several shorter jobs
[ttw 2026-10-10T06:31:12-0700]       untraced/eager gen     -> the traced/warm path
[ttw 2026-10-10T06:31:12-0700]   Proceeding with this run. Size the next from the MEASURED device-held time (aim <=400s).
================ BUILD ID ================
  cpp : #123 sha=3f4759e bin=b4836c7dfcff6ca2 iter-140 Stage-0 NCRISC<->SFPU overlap probe (gated store-stress in cull reader)
  data: # sha=
=========================================
host=yyzo-bh-04  tag=t465-p100-3  timeout=560s  worry=448s  ts=2026-10-10T06:31:12-0700
cmd: SMOKE_TO=540 RUN_TO=250 bash /localdev/smarton/t465-bench465.sh p100 /localdev/smarton/t465-out-p100 /localdev/smarton/t465-216 /localdev/smarton/t465-tip 'r1-b2b-A r1-b2b-B '
-----------------------------------------
=== bench p100 host=yyzo-bh-04-special-smarton-for-reservation-244892 2026-10-10T13:31:13Z card=p100a aiclk=1350 load=3.76 2.88 2.44
A=/localdev/smarton/t465-216 sha=e13e9f6b  B=/localdev/smarton/t465-tip sha=13ce253e
=== r1-b2b-A start 13:31:13 load=3.76
r1-b2b-A rc=0 13:31:24
[DEV] dispatch worker (worker), command queues 2, compute grid 11x10
B2B scene=bicycle n_views=30 passes=3 drop=no ms_frame=9.827 fps=101.76 ms_frame_median=9.821 pass_ms_frame=9.841,9.821,9.818 check_pass_ms_frame=9.894 raw_md5=5a438f5a gap_ms=0.00 render_ms_frame=9.827 xview_hits=119 xview_misses=0 identical_across_passes=yes out=/localdev/smarton/t465-216/tmp/t465-r1-b2b-A
TTW_TIMING b2b_ms_frame=9.827
TTW_TIMING b2b_ms_frame_median=9.821
LIST_MD5 r1-b2b-A 906e0435 views=30
MD5_GOLDEN_OK grid 11x10: list 906e0435 = golden (30/30 views)
=== r1-b2b-B start 13:31:24 load=3.72
r1-b2b-B rc=0 13:31:36
[DEV] dispatch worker (worker), command queues 2, compute grid 11x10
B2B scene=bicycle n_views=30 passes=3 drop=no ms_frame=9.823 fps=101.80 ms_frame_median=9.818 pass_ms_frame=9.840,9.812,9.818 check_pass_ms_frame=9.903 raw_md5=5a438f5a gap_ms=0.00 render_ms_frame=9.823 xview_hits=119 xview_misses=0 identical_across_passes=yes out=/localdev/smarton/t465-tip/tmp/t465-r1-b2b-B
TTW_TIMING b2b_ms_frame=9.823
TTW_TIMING b2b_ms_frame_median=9.818
LIST_MD5 r1-b2b-B 906e0435 views=30
MD5_GOLDEN_OK grid 11x10: list 906e0435 = golden (30/30 views)
=== bench end rc=0 2026-10-10T13:31:36Z
[ttw] log: /Users/smarton/dev/gsplat_tt/tt-project/worktrees/t465/.ttw/logs/t465-p100-3-20261010-063112.log
[ttw 2026-10-10T06:31:37-0700] WARNING: devrun (--timeout / ttw.toml timeout_s) timeout=560s is over the 400s reservation limit — RUNNING IT ANYWAY.
[ttw 2026-10-10T06:31:37-0700]   timeout_sec IS the reservation: a crash squats on the shared device for the full 560s.
[ttw 2026-10-10T06:31:37-0700]   FIX THE RUN — never skip it, never just raise the number. Two levers:
[ttw 2026-10-10T06:31:37-0700]   (a) MOVE WORK OFF THE RESERVATION (it carries device compute only):
[ttw 2026-10-10T06:31:37-0700]       cold JIT compile       -> tt_metal/tools/kernel_prewarm/prewarm_and_submit.sh
[ttw 2026-10-10T06:31:37-0700]       profiler post-process  -> capture with 'tracy -p' only; process_ops_logs.py on the host
[ttw 2026-10-10T06:31:37-0700]       CPU reference / PCC    -> run the oracle off-reservation
[ttw 2026-10-10T06:31:37-0700]   (b) CHUNK IT — each chunk lands under the limit, and ALL the work still runs:
[ttw 2026-10-10T06:31:37-0700]       monolithic pipeline    -> one capture per stage/block, stitch off-device
[ttw 2026-10-10T06:31:37-0700]       long sweep             -> several shorter jobs
[ttw 2026-10-10T06:31:37-0700]       untraced/eager gen     -> the traced/warm path
[ttw 2026-10-10T06:31:37-0700]   Proceeding with this run. Size the next from the MEASURED device-held time (aim <=400s).
================ BUILD ID ================
  cpp : #123 sha=3f4759e bin=b4836c7dfcff6ca2 iter-140 Stage-0 NCRISC<->SFPU overlap probe (gated store-stress in cull reader)
  data: # sha=
=========================================
host=yyzo-bh-04  tag=t465-p100-4  timeout=560s  worry=448s  ts=2026-10-10T06:31:37-0700
cmd: SMOKE_TO=540 RUN_TO=250 bash /localdev/smarton/t465-bench465.sh p100 /localdev/smarton/t465-out-p100 /localdev/smarton/t465-216 /localdev/smarton/t465-tip 'r1-lat-A r1-lat-B '
-----------------------------------------
=== bench p100 host=yyzo-bh-04-special-smarton-for-reservation-244892 2026-10-10T13:31:38Z card=p100a aiclk=1350 load=3.90 2.99 2.49
A=/localdev/smarton/t465-216 sha=e13e9f6b  B=/localdev/smarton/t465-tip sha=13ce253e
=== r1-lat-A start 13:31:38 load=3.90
r1-lat-A rc=0 13:31:41
[DEV] dispatch worker (worker), command queues 2, compute grid 11x10
TTW_TIMING ms_view=9.783
=== r1-lat-B start 13:31:41 load=3.75
r1-lat-B rc=0 13:31:45
[DEV] dispatch worker (worker), command queues 2, compute grid 11x10
TTW_TIMING ms_view=9.804
=== bench end rc=0 2026-10-10T13:31:45Z
[ttw] log: /Users/smarton/dev/gsplat_tt/tt-project/worktrees/t465/.ttw/logs/t465-p100-4-20261010-063137.log
[ttw 2026-10-10T06:31:46-0700] WARNING: devrun (--timeout / ttw.toml timeout_s) timeout=560s is over the 400s reservation limit — RUNNING IT ANYWAY.
[ttw 2026-10-10T06:31:46-0700]   timeout_sec IS the reservation: a crash squats on the shared device for the full 560s.
[ttw 2026-10-10T06:31:46-0700]   FIX THE RUN — never skip it, never just raise the number. Two levers:
[ttw 2026-10-10T06:31:46-0700]   (a) MOVE WORK OFF THE RESERVATION (it carries device compute only):
[ttw 2026-10-10T06:31:46-0700]       cold JIT compile       -> tt_metal/tools/kernel_prewarm/prewarm_and_submit.sh
[ttw 2026-10-10T06:31:46-0700]       profiler post-process  -> capture with 'tracy -p' only; process_ops_logs.py on the host
[ttw 2026-10-10T06:31:46-0700]       CPU reference / PCC    -> run the oracle off-reservation
[ttw 2026-10-10T06:31:46-0700]   (b) CHUNK IT — each chunk lands under the limit, and ALL the work still runs:
[ttw 2026-10-10T06:31:46-0700]       monolithic pipeline    -> one capture per stage/block, stitch off-device
[ttw 2026-10-10T06:31:46-0700]       long sweep             -> several shorter jobs
[ttw 2026-10-10T06:31:46-0700]       untraced/eager gen     -> the traced/warm path
[ttw 2026-10-10T06:31:46-0700]   Proceeding with this run. Size the next from the MEASURED device-held time (aim <=400s).
================ BUILD ID ================
  cpp : #123 sha=3f4759e bin=b4836c7dfcff6ca2 iter-140 Stage-0 NCRISC<->SFPU overlap probe (gated store-stress in cull reader)
  data: # sha=
=========================================
host=yyzo-bh-04  tag=t465-p100-5  timeout=560s  worry=448s  ts=2026-10-10T06:31:46-0700
cmd: SMOKE_TO=540 RUN_TO=250 bash /localdev/smarton/t465-bench465.sh p100 /localdev/smarton/t465-out-p100 /localdev/smarton/t465-216 /localdev/smarton/t465-tip 'r2-b2b-B r2-b2b-A '
-----------------------------------------
=== bench p100 host=yyzo-bh-04-special-smarton-for-reservation-244892 2026-10-10T13:31:47Z card=p100a aiclk=1350 load=3.60 2.96 2.48
A=/localdev/smarton/t465-216 sha=e13e9f6b  B=/localdev/smarton/t465-tip sha=13ce253e
=== r2-b2b-B start 13:31:47 load=3.60
r2-b2b-B rc=0 13:31:58
[DEV] dispatch worker (worker), command queues 2, compute grid 11x10
B2B scene=bicycle n_views=30 passes=3 drop=no ms_frame=9.814 fps=101.89 ms_frame_median=9.813 pass_ms_frame=9.813,9.818,9.813 check_pass_ms_frame=9.935 raw_md5=5a438f5a gap_ms=0.00 render_ms_frame=9.814 xview_hits=119 xview_misses=0 identical_across_passes=yes out=/localdev/smarton/t465-tip/tmp/t465-r2-b2b-B
TTW_TIMING b2b_ms_frame=9.814
TTW_TIMING b2b_ms_frame_median=9.813
LIST_MD5 r2-b2b-B 906e0435 views=30
MD5_GOLDEN_OK grid 11x10: list 906e0435 = golden (30/30 views)
=== r2-b2b-A start 13:31:59 load=3.51
r2-b2b-A rc=0 13:32:10
[DEV] dispatch worker (worker), command queues 2, compute grid 11x10
B2B scene=bicycle n_views=30 passes=3 drop=no ms_frame=9.830 fps=101.73 ms_frame_median=9.825 pass_ms_frame=9.848,9.818,9.825 check_pass_ms_frame=9.896 raw_md5=5a438f5a gap_ms=0.00 render_ms_frame=9.830 xview_hits=119 xview_misses=0 identical_across_passes=yes out=/localdev/smarton/t465-216/tmp/t465-r2-b2b-A
TTW_TIMING b2b_ms_frame=9.830
TTW_TIMING b2b_ms_frame_median=9.825
LIST_MD5 r2-b2b-A 906e0435 views=30
MD5_GOLDEN_OK grid 11x10: list 906e0435 = golden (30/30 views)
=== bench end rc=0 2026-10-10T13:32:10Z
[ttw] log: /Users/smarton/dev/gsplat_tt/tt-project/worktrees/t465/.ttw/logs/t465-p100-5-20261010-063146.log
[ttw 2026-10-10T06:32:11-0700] WARNING: devrun (--timeout / ttw.toml timeout_s) timeout=560s is over the 400s reservation limit — RUNNING IT ANYWAY.
[ttw 2026-10-10T06:32:11-0700]   timeout_sec IS the reservation: a crash squats on the shared device for the full 560s.
[ttw 2026-10-10T06:32:11-0700]   FIX THE RUN — never skip it, never just raise the number. Two levers:
[ttw 2026-10-10T06:32:11-0700]   (a) MOVE WORK OFF THE RESERVATION (it carries device compute only):
[ttw 2026-10-10T06:32:11-0700]       cold JIT compile       -> tt_metal/tools/kernel_prewarm/prewarm_and_submit.sh
[ttw 2026-10-10T06:32:11-0700]       profiler post-process  -> capture with 'tracy -p' only; process_ops_logs.py on the host
[ttw 2026-10-10T06:32:11-0700]       CPU reference / PCC    -> run the oracle off-reservation
[ttw 2026-10-10T06:32:11-0700]   (b) CHUNK IT — each chunk lands under the limit, and ALL the work still runs:
[ttw 2026-10-10T06:32:11-0700]       monolithic pipeline    -> one capture per stage/block, stitch off-device
[ttw 2026-10-10T06:32:11-0700]       long sweep             -> several shorter jobs
[ttw 2026-10-10T06:32:11-0700]       untraced/eager gen     -> the traced/warm path
[ttw 2026-10-10T06:32:11-0700]   Proceeding with this run. Size the next from the MEASURED device-held time (aim <=400s).
================ BUILD ID ================
  cpp : #123 sha=3f4759e bin=b4836c7dfcff6ca2 iter-140 Stage-0 NCRISC<->SFPU overlap probe (gated store-stress in cull reader)
  data: # sha=
=========================================
host=yyzo-bh-04  tag=t465-p100-6  timeout=560s  worry=448s  ts=2026-10-10T06:32:12-0700
cmd: SMOKE_TO=540 RUN_TO=250 bash /localdev/smarton/t465-bench465.sh p100 /localdev/smarton/t465-out-p100 /localdev/smarton/t465-216 /localdev/smarton/t465-tip 'r2-lat-B r2-lat-A '
-----------------------------------------
=== bench p100 host=yyzo-bh-04-special-smarton-for-reservation-244892 2026-10-10T13:32:12Z card=p100a aiclk=1350 load=3.39 2.96 2.50
A=/localdev/smarton/t465-216 sha=e13e9f6b  B=/localdev/smarton/t465-tip sha=13ce253e
=== r2-lat-B start 13:32:12 load=3.39
r2-lat-B rc=0 13:32:16
[DEV] dispatch worker (worker), command queues 2, compute grid 11x10
TTW_TIMING ms_view=9.798
=== r2-lat-A start 13:32:16 load=3.35
r2-lat-A rc=0 13:32:20
[DEV] dispatch worker (worker), command queues 2, compute grid 11x10
TTW_TIMING ms_view=9.796
=== bench end rc=0 2026-10-10T13:32:20Z
[ttw] log: /Users/smarton/dev/gsplat_tt/tt-project/worktrees/t465/.ttw/logs/t465-p100-6-20261010-063211.log
[ttw 2026-10-10T06:32:21-0700] WARNING: devrun (--timeout / ttw.toml timeout_s) timeout=560s is over the 400s reservation limit — RUNNING IT ANYWAY.
[ttw 2026-10-10T06:32:21-0700]   timeout_sec IS the reservation: a crash squats on the shared device for the full 560s.
[ttw 2026-10-10T06:32:21-0700]   FIX THE RUN — never skip it, never just raise the number. Two levers:
[ttw 2026-10-10T06:32:21-0700]   (a) MOVE WORK OFF THE RESERVATION (it carries device compute only):
[ttw 2026-10-10T06:32:21-0700]       cold JIT compile       -> tt_metal/tools/kernel_prewarm/prewarm_and_submit.sh
[ttw 2026-10-10T06:32:21-0700]       profiler post-process  -> capture with 'tracy -p' only; process_ops_logs.py on the host
[ttw 2026-10-10T06:32:21-0700]       CPU reference / PCC    -> run the oracle off-reservation
[ttw 2026-10-10T06:32:21-0700]   (b) CHUNK IT — each chunk lands under the limit, and ALL the work still runs:
[ttw 2026-10-10T06:32:21-0700]       monolithic pipeline    -> one capture per stage/block, stitch off-device
[ttw 2026-10-10T06:32:21-0700]       long sweep             -> several shorter jobs
[ttw 2026-10-10T06:32:21-0700]       untraced/eager gen     -> the traced/warm path
[ttw 2026-10-10T06:32:21-0700]   Proceeding with this run. Size the next from the MEASURED device-held time (aim <=400s).
================ BUILD ID ================
  cpp : #123 sha=3f4759e bin=b4836c7dfcff6ca2 iter-140 Stage-0 NCRISC<->SFPU overlap probe (gated store-stress in cull reader)
  data: # sha=
=========================================
host=yyzo-bh-04  tag=t465-p100-7  timeout=560s  worry=448s  ts=2026-10-10T06:32:22-0700
cmd: SMOKE_TO=540 RUN_TO=250 bash /localdev/smarton/t465-bench465.sh p100 /localdev/smarton/t465-out-p100 /localdev/smarton/t465-216 /localdev/smarton/t465-tip 'r3-b2b-A r3-b2b-B '
-----------------------------------------
=== bench p100 host=yyzo-bh-04-special-smarton-for-reservation-244892 2026-10-10T13:32:22Z card=p100a aiclk=1350 load=3.25 2.95 2.50
A=/localdev/smarton/t465-216 sha=e13e9f6b  B=/localdev/smarton/t465-tip sha=13ce253e
=== r3-b2b-A start 13:32:22 load=3.25
r3-b2b-A rc=0 13:32:34
[DEV] dispatch worker (worker), command queues 2, compute grid 11x10
B2B scene=bicycle n_views=30 passes=3 drop=no ms_frame=9.820 fps=101.83 ms_frame_median=9.820 pass_ms_frame=9.822,9.820,9.818 check_pass_ms_frame=9.950 raw_md5=5a438f5a gap_ms=0.00 render_ms_frame=9.820 xview_hits=119 xview_misses=0 identical_across_passes=yes out=/localdev/smarton/t465-216/tmp/t465-r3-b2b-A
TTW_TIMING b2b_ms_frame=9.820
TTW_TIMING b2b_ms_frame_median=9.820
LIST_MD5 r3-b2b-A 906e0435 views=30
MD5_GOLDEN_OK grid 11x10: list 906e0435 = golden (30/30 views)
=== r3-b2b-B start 13:32:34 load=3.21
r3-b2b-B rc=0 13:32:46
[DEV] dispatch worker (worker), command queues 2, compute grid 11x10
B2B scene=bicycle n_views=30 passes=3 drop=no ms_frame=9.835 fps=101.68 ms_frame_median=9.835 pass_ms_frame=9.828,9.835,9.841 check_pass_ms_frame=9.881 raw_md5=5a438f5a gap_ms=0.00 render_ms_frame=9.835 xview_hits=119 xview_misses=0 identical_across_passes=yes out=/localdev/smarton/t465-tip/tmp/t465-r3-b2b-B
TTW_TIMING b2b_ms_frame=9.835
TTW_TIMING b2b_ms_frame_median=9.835
LIST_MD5 r3-b2b-B 906e0435 views=30
MD5_GOLDEN_OK grid 11x10: list 906e0435 = golden (30/30 views)
=== bench end rc=0 2026-10-10T13:32:46Z
[ttw] log: /Users/smarton/dev/gsplat_tt/tt-project/worktrees/t465/.ttw/logs/t465-p100-7-20261010-063221.log
[ttw 2026-10-10T06:32:48-0700] WARNING: devrun (--timeout / ttw.toml timeout_s) timeout=560s is over the 400s reservation limit — RUNNING IT ANYWAY.
[ttw 2026-10-10T06:32:48-0700]   timeout_sec IS the reservation: a crash squats on the shared device for the full 560s.
[ttw 2026-10-10T06:32:48-0700]   FIX THE RUN — never skip it, never just raise the number. Two levers:
[ttw 2026-10-10T06:32:48-0700]   (a) MOVE WORK OFF THE RESERVATION (it carries device compute only):
[ttw 2026-10-10T06:32:48-0700]       cold JIT compile       -> tt_metal/tools/kernel_prewarm/prewarm_and_submit.sh
[ttw 2026-10-10T06:32:48-0700]       profiler post-process  -> capture with 'tracy -p' only; process_ops_logs.py on the host
[ttw 2026-10-10T06:32:48-0700]       CPU reference / PCC    -> run the oracle off-reservation
[ttw 2026-10-10T06:32:48-0700]   (b) CHUNK IT — each chunk lands under the limit, and ALL the work still runs:
[ttw 2026-10-10T06:32:48-0700]       monolithic pipeline    -> one capture per stage/block, stitch off-device
[ttw 2026-10-10T06:32:48-0700]       long sweep             -> several shorter jobs
[ttw 2026-10-10T06:32:48-0700]       untraced/eager gen     -> the traced/warm path
[ttw 2026-10-10T06:32:48-0700]   Proceeding with this run. Size the next from the MEASURED device-held time (aim <=400s).
================ BUILD ID ================
  cpp : #123 sha=3f4759e bin=b4836c7dfcff6ca2 iter-140 Stage-0 NCRISC<->SFPU overlap probe (gated store-stress in cull reader)
  data: # sha=
=========================================
host=yyzo-bh-04  tag=t465-p100-8  timeout=560s  worry=448s  ts=2026-10-10T06:32:50-0700
cmd: SMOKE_TO=540 RUN_TO=250 bash /localdev/smarton/t465-bench465.sh p100 /localdev/smarton/t465-out-p100 /localdev/smarton/t465-216 /localdev/smarton/t465-tip 'r3-lat-A r3-lat-B '
-----------------------------------------
=== bench p100 host=yyzo-bh-04-special-smarton-for-reservation-244892 2026-10-10T13:32:51Z card=p100a aiclk=1350 load=3.07 2.93 2.51
A=/localdev/smarton/t465-216 sha=e13e9f6b  B=/localdev/smarton/t465-tip sha=13ce253e
=== r3-lat-A start 13:32:51 load=3.07
r3-lat-A rc=0 13:32:54
[DEV] dispatch worker (worker), command queues 2, compute grid 11x10
TTW_TIMING ms_view=9.797
=== r3-lat-B start 13:32:54 load=3.07
r3-lat-B rc=0 13:32:58
[DEV] dispatch worker (worker), command queues 2, compute grid 11x10
TTW_TIMING ms_view=9.793
=== bench end rc=0 2026-10-10T13:32:58Z
[ttw] log: /Users/smarton/dev/gsplat_tt/tt-project/worktrees/t465/.ttw/logs/t465-p100-8-20261010-063248.log
