[run] warmup (hero='hero', 1024x1024, scene=bicycle)
2026-10-04 20:04:55.220 | info     |             UMD | Creating TopologyDiscovery for architecture: blackhole (topology_discovery.cpp:75)
2026-10-04 20:04:55.220 | info     |             UMD | Starting topology discovery. (topology_discovery.cpp:92)
2026-10-04 20:04:55.224 | warning  |             UMD | Low power mode is disabled while UMD holds open file descriptors. The device will return to low power mode once all file descriptors are closed. (topology_discovery.cpp:140)
2026-10-04 20:04:55.225 | info     |             UMD | Established firmware bundle version: 19.12.0 (topology_discovery.cpp:544)
2026-10-04 20:04:55.225 | info     |             UMD | Firmware bundle version 19.12.0 on the system is newer than the latest fully tested version 19.5.0 for blackhole architecture. Newest features may not be supported. (topology_discovery.cpp:570)
2026-10-04 20:04:55.225 | info     |             UMD | Completed topology discovery. (topology_discovery.cpp:96)
2026-10-04 20:04:55.227 | info     |          Device | Opening user mode device driver (tt_cluster.cpp:225)
2026-10-04 20:04:55.227 | info     |             UMD | Cluster constructor started. (cluster.cpp:317)
2026-10-04 20:04:55.227 | info     |             UMD | Creating TopologyDiscovery for architecture: blackhole (topology_discovery.cpp:75)
2026-10-04 20:04:55.227 | info     |             UMD | Starting topology discovery. (topology_discovery.cpp:92)
2026-10-04 20:04:55.230 | warning  |             UMD | Low power mode is disabled while UMD holds open file descriptors. The device will return to low power mode once all file descriptors are closed. (topology_discovery.cpp:140)
2026-10-04 20:04:55.230 | info     |             UMD | Established firmware bundle version: 19.12.0 (topology_discovery.cpp:544)
2026-10-04 20:04:55.230 | info     |             UMD | Firmware bundle version 19.12.0 on the system is newer than the latest fully tested version 19.5.0 for blackhole architecture. Newest features may not be supported. (topology_discovery.cpp:570)
2026-10-04 20:04:55.230 | info     |             UMD | Completed topology discovery. (topology_discovery.cpp:96)
2026-10-04 20:04:55.230 | info     |             UMD | Harvesting masks for Chip 0: Tensix: 0xc0 DRAM: 0x8 ETH: 0x3fff PCIe: 0x2 L2CPU: 0x0 (cluster.cpp:262)
2026-10-04 20:04:55.230 | info     |             UMD | Initializing iommu for sysmem (size: 0x40000000). (silicon_sysmem_manager.cpp:334)
2026-10-04 20:04:55.230 | info     |             UMD | Allocating sysmem for IOMMU (size: 0x40000000). (silicon_sysmem_manager.cpp:340)
2026-10-04 20:04:55.273 | info     |             UMD | Opening local chip ids/PCIe ids: {0}/[0] and remote chip ids {} (cluster.cpp:153)
2026-10-04 20:04:55.273 | info     |             UMD | IOMMU: enabled (cluster.cpp:133)
2026-10-04 20:04:55.273 | info     |             UMD | KMD version: 2.9.0 (cluster.cpp:136)
2026-10-04 20:04:55.273 | info     |             UMD | Cluster constructor completed. (cluster.cpp:409)
2026-10-04 20:04:55.273 | info     |             UMD | Starting devices in cluster (cluster.cpp:1044)
2026-10-04 20:04:55.274 | info     |             UMD | Mapped sysmem without hugepages to IOVA 0xffffffffc0000000; NOC address 0x1000000000000000 (silicon_sysmem_manager.cpp:391)
2026-10-04 20:04:55.274 | info     |             UMD | Starting devices in cluster completed. (cluster.cpp:1052)
2026-10-04 20:04:55.778 | info     |     Distributed | Using auto discovery to generate mesh graph. (metal_env.cpp:332)
2026-10-04 20:04:55.779 | info     |     Distributed | Constructing control plane using auto-discovery (no mesh graph descriptor). (metal_env.cpp:394)
2026-10-04 20:04:55.779 | info     |             UMD | Creating TopologyDiscovery for architecture: blackhole (topology_discovery.cpp:75)
2026-10-04 20:04:55.779 | info     |             UMD | Starting topology discovery. (topology_discovery.cpp:92)
2026-10-04 20:04:55.779 | warning  |             UMD | Low power mode is disabled while UMD holds open file descriptors. The device will return to low power mode once all file descriptors are closed. (topology_discovery.cpp:140)
2026-10-04 20:04:55.780 | info     |             UMD | Established firmware bundle version: 19.12.0 (topology_discovery.cpp:544)
2026-10-04 20:04:55.780 | info     |             UMD | Firmware bundle version 19.12.0 on the system is newer than the latest fully tested version 19.5.0 for blackhole architecture. Newest features may not be supported. (topology_discovery.cpp:570)
2026-10-04 20:04:55.780 | info     |             UMD | Completed topology discovery. (topology_discovery.cpp:96)
2026-10-04 20:04:55.781 | warning  |          Always | Unknown motherboard 'X670E GAMING PLUS WIFI (MS-7E16)' for chip_id=0 (bus_id=0x1) — defaulting tray_id to 0. Add this motherboard and its bus IDs to mobo_to_bus_ids in physical_system_discovery.cpp. (physical_system_discovery.cpp:56)
2026-10-04 20:04:55.781 | info     |          Fabric | TopologyMapper: Logical Multi-Mesh Adjacency Map: (topology_mapper.cpp:1474)
2026-10-04 20:04:55.781 | info     |          Fabric | 
=== Logical Mesh-Level Graph Adjacency Map ===
Total nodes: 1
Degree histogram: {0:1}
 (topology_solver.tpp:94)
2026-10-04 20:04:55.781 | info     |          Fabric | 
=== Logical Mesh 0 Internal Graph Adjacency Map ===
Total nodes: 1
Degree histogram: {0:1}
 (topology_solver.tpp:94)
2026-10-04 20:04:55.781 | info     |          Fabric | TopologyMapper: Physical Multi-Mesh Adjacency Map: (topology_mapper.cpp:1485)
2026-10-04 20:04:55.781 | info     |          Fabric | 
=== Physical Mesh-Level Graph Adjacency Map ===
Total nodes: 1
Degree histogram: {0:1}
 (topology_solver.tpp:94)
2026-10-04 20:04:55.781 | info     |          Fabric | 
=== Physical Mesh 0 Internal Graph Adjacency Map ===
Total nodes: 1
Degree histogram: {0:1}
 (topology_solver.tpp:94)
2026-10-04 20:04:55.781 | info     |          Fabric | Starting multi-mesh mapping: 1 logical mesh(es) to 1 physical mesh(es) (topology_mapper_utils.cpp:1465)
2026-10-04 20:04:55.781 | info     |          Fabric | Multi-mesh mapping attempt 1/2: Trying inter-mesh mapping (topology_mapper_utils.cpp:1506)
2026-10-04 20:04:55.781 | info     |          Fabric | Attempt 1: Inter-mesh mapping succeeded, found 1 mesh pair(s) (topology_mapper_utils.cpp:1535)
2026-10-04 20:04:55.781 | info     |          Fabric | Attempt 1: Mapping 1 mesh pair(s) (topology_mapper_utils.cpp:1547)
2026-10-04 20:04:55.781 | info     |          Fabric | Attempt 1: Mapping mesh 0 -> 0 (topology_mapper_utils.cpp:1549)
2026-10-04 20:04:55.781 | info     |          Fabric | Multi-mesh mapping succeeded after 1 attempt(s): 1 mesh pair(s) mapped (topology_mapper_utils.cpp:1682)
2026-10-04 20:04:55.828 | info     |           Metal | ShmResourceTracker: removed stale shm '/tt_d2h_1478050_3426953243_0' (shm_resource_tracker.cpp:265)
2026-10-04 20:04:55.828 | info     |           Metal | ShmResourceTracker: removed stale manifest '/dev/shm/tt_socket_manifest_1478050' (shm_resource_tracker.cpp:275)
2026-10-04 20:04:56.406 | info     |           Metal | [Real-time profiler] Device 0 sync complete: 100 samples, frequency=1.349978 GHz, device_time_at_sync=20958942462307 cycles (realtime_profiler_manager.cpp:1075)
[JIT_WARMUP] ideal-path contexts compiled in 1202.4 ms
[SORT] ONELAUNCH v2 OL_PB=8 OL_RING=8 OL_WIN_PAGES=1024 OL_MAT_SELECT=0 cb_bytes/mover=504896 shared=22400
[SUBCHUNK] tiles_split=110 total_subchunks=1148 max_subchunks_per_tile=4 payload_pages=53145
[SORT] stage=ONELAUNCH P=3369033 P_kept=3369033 num_tiles=1024 max_tile_n=25699 onelaunch=675.63 layout=0.11 pub_host=0.15 total=676.18ms
[run] timing 30 views (warmup excluded)
[SUBCHUNK] tiles_split=110 total_subchunks=1148 max_subchunks_per_tile=4 payload_pages=53145
[SORT] stage=ONELAUNCH P=3369033 P_kept=3369033 num_tiles=1024 max_tile_n=25699 onelaunch=5.24 layout=0.10 pub_host=0.14 total=5.49ms
[run]   view=hero 21.9ms saved=view00_hero.png
[SUBCHUNK] tiles_split=82 total_subchunks=1115 max_subchunks_per_tile=3 payload_pages=38472
[SORT] stage=ONELAUNCH P=2429588 P_kept=2429588 num_tiles=1024 max_tile_n=21688 onelaunch=3.84 layout=0.10 pub_host=0.14 total=4.10ms
[run]   view=orb_00 16.4ms saved=view01_orb_00.png
[SUBCHUNK] tiles_split=82 total_subchunks=1115 max_subchunks_per_tile=3 payload_pages=39675
[SORT] stage=ONELAUNCH P=2507584 P_kept=2507584 num_tiles=1024 max_tile_n=21301 onelaunch=3.96 layout=0.10 pub_host=0.14 total=4.22ms
[run]   view=orb_01 16.9ms saved=view02_orb_01.png
[SUBCHUNK] tiles_split=80 total_subchunks=1115 max_subchunks_per_tile=3 payload_pages=41306
[SORT] stage=ONELAUNCH P=2610494 P_kept=2610494 num_tiles=1024 max_tile_n=21549 onelaunch=4.11 layout=0.09 pub_host=0.14 total=4.36ms
[run]   view=orb_02 17.1ms saved=view03_orb_02.png
[SUBCHUNK] tiles_split=83 total_subchunks=1120 max_subchunks_per_tile=3 payload_pages=43456
[SORT] stage=ONELAUNCH P=2749237 P_kept=2749237 num_tiles=1024 max_tile_n=20485 onelaunch=4.30 layout=0.09 pub_host=0.14 total=4.56ms
[run]   view=orb_03 18.2ms saved=view04_orb_03.png
[SUBCHUNK] tiles_split=85 total_subchunks=1122 max_subchunks_per_tile=3 payload_pages=46105
[SORT] stage=ONELAUNCH P=2918441 P_kept=2918441 num_tiles=1024 max_tile_n=23207 onelaunch=4.57 layout=0.10 pub_host=0.14 total=4.84ms
[run]   view=orb_04 18.7ms saved=view05_orb_04.png
[SUBCHUNK] tiles_split=98 total_subchunks=1130 max_subchunks_per_tile=4 payload_pages=50099
[SORT] stage=ONELAUNCH P=3173042 P_kept=3173042 num_tiles=1024 max_tile_n=24727 onelaunch=4.96 layout=0.14 pub_host=0.21 total=5.33ms
[run]   view=orb_05 20.0ms saved=view06_orb_05.png
[SUBCHUNK] tiles_split=110 total_subchunks=1144 max_subchunks_per_tile=3 payload_pages=52989
[SORT] stage=ONELAUNCH P=3359322 P_kept=3359322 num_tiles=1024 max_tile_n=24099 onelaunch=5.22 layout=0.09 pub_host=0.14 total=5.47ms
[run]   view=orb_06 20.9ms saved=view07_orb_06.png
[SUBCHUNK] tiles_split=108 total_subchunks=1145 max_subchunks_per_tile=3 payload_pages=56497
[SORT] stage=ONELAUNCH P=3583320 P_kept=3583320 num_tiles=1024 max_tile_n=24129 onelaunch=5.54 layout=0.09 pub_host=0.14 total=5.80ms
[run]   view=orb_07 22.7ms saved=view08_orb_07.png
[SUBCHUNK] tiles_split=110 total_subchunks=1150 max_subchunks_per_tile=3 payload_pages=57442
[SORT] stage=ONELAUNCH P=3643014 P_kept=3643014 num_tiles=1024 max_tile_n=21066 onelaunch=5.62 layout=0.10 pub_host=0.15 total=5.89ms
[run]   view=orb_08 23.1ms saved=view09_orb_08.png
[SUBCHUNK] tiles_split=113 total_subchunks=1151 max_subchunks_per_tile=3 payload_pages=57968
[SORT] stage=ONELAUNCH P=3678564 P_kept=3678564 num_tiles=1024 max_tile_n=21599 onelaunch=5.69 layout=0.10 pub_host=0.14 total=5.94ms
[run]   view=orb_09 23.4ms saved=view10_orb_09.png
[SUBCHUNK] tiles_split=110 total_subchunks=1152 max_subchunks_per_tile=3 payload_pages=58319
[SORT] stage=ONELAUNCH P=3700450 P_kept=3700450 num_tiles=1024 max_tile_n=21371 onelaunch=5.72 layout=0.11 pub_host=0.15 total=6.02ms
[run]   view=orb_10 23.6ms saved=view11_orb_10.png
[SUBCHUNK] tiles_split=113 total_subchunks=1146 max_subchunks_per_tile=3 payload_pages=56948
[SORT] stage=ONELAUNCH P=3612086 P_kept=3612086 num_tiles=1024 max_tile_n=22225 onelaunch=5.56 layout=0.10 pub_host=0.14 total=5.81ms
[run]   view=orb_11 22.1ms saved=view12_orb_11.png
[SUBCHUNK] tiles_split=100 total_subchunks=1133 max_subchunks_per_tile=3 payload_pages=54533
[SORT] stage=ONELAUNCH P=3458291 P_kept=3458291 num_tiles=1024 max_tile_n=22261 onelaunch=5.41 layout=0.10 pub_host=0.14 total=5.68ms
[run]   view=orb_12 21.4ms saved=view13_orb_12.png
[SUBCHUNK] tiles_split=102 total_subchunks=1133 max_subchunks_per_tile=3 payload_pages=52843
[SORT] stage=ONELAUNCH P=3349844 P_kept=3349844 num_tiles=1024 max_tile_n=22742 onelaunch=5.19 layout=0.10 pub_host=0.14 total=5.45ms
[run]   view=orb_13 20.6ms saved=view14_orb_13.png
[SUBCHUNK] tiles_split=100 total_subchunks=1129 max_subchunks_per_tile=3 payload_pages=51811
[SORT] stage=ONELAUNCH P=3283822 P_kept=3283822 num_tiles=1024 max_tile_n=23880 onelaunch=5.13 layout=0.15 pub_host=0.22 total=5.52ms
[run]   view=orb_14 20.3ms saved=view15_orb_14.png
[SUBCHUNK] tiles_split=100 total_subchunks=1129 max_subchunks_per_tile=3 payload_pages=50784
[SORT] stage=ONELAUNCH P=3218037 P_kept=3218037 num_tiles=1024 max_tile_n=21680 onelaunch=5.06 layout=0.10 pub_host=0.20 total=5.39ms
[run]   view=orb_15 20.1ms saved=view16_orb_15.png
[SUBCHUNK] tiles_split=101 total_subchunks=1131 max_subchunks_per_tile=3 payload_pages=50029
[SORT] stage=ONELAUNCH P=3169907 P_kept=3169907 num_tiles=1024 max_tile_n=22324 onelaunch=5.00 layout=0.15 pub_host=0.17 total=5.35ms
[run]   view=orb_16 19.9ms saved=view17_orb_16.png
[SUBCHUNK] tiles_split=103 total_subchunks=1136 max_subchunks_per_tile=3 payload_pages=49949
[SORT] stage=ONELAUNCH P=3164503 P_kept=3164503 num_tiles=1024 max_tile_n=20765 onelaunch=4.96 layout=0.15 pub_host=0.21 total=5.35ms
[run]   view=orb_17 20.1ms saved=view18_orb_17.png
[SUBCHUNK] tiles_split=97 total_subchunks=1131 max_subchunks_per_tile=3 payload_pages=50266
[SORT] stage=ONELAUNCH P=3184066 P_kept=3184066 num_tiles=1024 max_tile_n=20406 onelaunch=4.96 layout=0.14 pub_host=0.21 total=5.34ms
[run]   view=orb_18 20.3ms saved=view19_orb_18.png
[SUBCHUNK] tiles_split=96 total_subchunks=1133 max_subchunks_per_tile=3 payload_pages=50206
[SORT] stage=ONELAUNCH P=3180618 P_kept=3180618 num_tiles=1024 max_tile_n=21229 onelaunch=4.95 layout=0.15 pub_host=0.20 total=5.32ms
[run]   view=orb_19 20.7ms saved=view20_orb_19.png
[SUBCHUNK] tiles_split=101 total_subchunks=1133 max_subchunks_per_tile=3 payload_pages=49825
[SORT] stage=ONELAUNCH P=3156592 P_kept=3156592 num_tiles=1024 max_tile_n=20632 onelaunch=4.87 layout=0.14 pub_host=0.21 total=5.25ms
[run]   view=orb_20 20.0ms saved=view21_orb_20.png
[SUBCHUNK] tiles_split=107 total_subchunks=1143 max_subchunks_per_tile=4 payload_pages=49308
[SORT] stage=ONELAUNCH P=3123280 P_kept=3123280 num_tiles=1024 max_tile_n=24850 onelaunch=4.88 layout=0.15 pub_host=0.18 total=5.25ms
[run]   view=orb_21 20.5ms saved=view22_orb_21.png
[SUBCHUNK] tiles_split=99 total_subchunks=1131 max_subchunks_per_tile=3 payload_pages=47879
[SORT] stage=ONELAUNCH P=3032330 P_kept=3032330 num_tiles=1024 max_tile_n=20666 onelaunch=4.75 layout=0.14 pub_host=0.17 total=5.10ms
[run]   view=orb_22 19.4ms saved=view23_orb_22.png
[SUBCHUNK] tiles_split=96 total_subchunks=1129 max_subchunks_per_tile=3 payload_pages=46022
[SORT] stage=ONELAUNCH P=2913080 P_kept=2913080 num_tiles=1024 max_tile_n=23042 onelaunch=4.58 layout=0.14 pub_host=0.21 total=4.96ms
[run]   view=orb_23 19.6ms saved=view24_orb_23.png
[SUBCHUNK] tiles_split=89 total_subchunks=1122 max_subchunks_per_tile=3 payload_pages=42797
[SORT] stage=ONELAUNCH P=2706427 P_kept=2706427 num_tiles=1024 max_tile_n=22503 onelaunch=4.26 layout=0.14 pub_host=0.20 total=4.64ms
[run]   view=orb_24 18.3ms saved=view25_orb_24.png
[SUBCHUNK] tiles_split=88 total_subchunks=1121 max_subchunks_per_tile=3 payload_pages=40283
[SORT] stage=ONELAUNCH P=2545453 P_kept=2545453 num_tiles=1024 max_tile_n=23909 onelaunch=4.04 layout=0.15 pub_host=0.23 total=4.46ms
[run]   view=orb_25 17.5ms saved=view26_orb_25.png
[SUBCHUNK] tiles_split=82 total_subchunks=1113 max_subchunks_per_tile=4 payload_pages=38696
[SORT] stage=ONELAUNCH P=2444382 P_kept=2444382 num_tiles=1024 max_tile_n=24677 onelaunch=3.89 layout=0.15 pub_host=0.21 total=4.29ms
[run]   view=orb_26 16.8ms saved=view27_orb_26.png
[SUBCHUNK] tiles_split=82 total_subchunks=1113 max_subchunks_per_tile=3 payload_pages=37825
[SORT] stage=ONELAUNCH P=2387909 P_kept=2387909 num_tiles=1024 max_tile_n=24441 onelaunch=3.77 layout=0.15 pub_host=0.21 total=4.15ms
[run]   view=orb_27 16.9ms saved=view28_orb_27.png
[SUBCHUNK] tiles_split=78 total_subchunks=1112 max_subchunks_per_tile=3 payload_pages=37673
[SORT] stage=ONELAUNCH P=2378999 P_kept=2378999 num_tiles=1024 max_tile_n=22991 onelaunch=3.77 layout=0.10 pub_host=0.14 total=4.04ms
[run]   view=orb_28 16.3ms saved=view29_orb_28.png
SUMMARY scene=bicycle hero='hero' hero_vs_ref=100.00dB(8bit-vs-golden) hero_vs_cpu=nandB(float-vs-cpu) avg_frame_ms=19.8 p50_ms=20.1 min_ms=16.3 max_ms=23.6 n_views=30 warmup_s=2.8 out=/localdev/smarton/gstt2-t154/tmp/t154-r1-ep
TTW_METRIC hero_vs_ref=100.00
TTW_TIMING ms_view=19.792
TTW_TIMING blend=19.792
TTW_TIMING stage_head=0.003
TTW_TIMING stage_project=4.584
TTW_TIMING stage_tile_assign=0.005
TTW_TIMING stage_sort=5.203
TTW_TIMING stage_blend_setup=0.000
TTW_TIMING stage_mat=0.000
TTW_TIMING stage_cull=0.000
TTW_TIMING stage_blend=9.678
TTW_TIMING stage_d2h=0.286
TTW_TIMING stage_assemble=0.000
TTW_TIMING stage_tail=0.002
TTW_TIMING stage_view_total=19.761
TTW_TIMING stage_pybind=0.032
STAGES n=30 head=0.003 project=4.584 tile_assign=0.005 sort=5.203 blend_setup=0.000 mat=0.000 cull=0.000 blend=9.678 d2h=0.286 assemble=0.000 tail=0.002 | sum=19.760 view_total=19.761 resid_in_view=+0.001 avg_frame_ms=19.792 resid_vs_frame=+0.032
TTW_TIMING stage_sort_pread=0.025
TTW_TIMING stage_sort_bin_count=0.000
TTW_TIMING stage_sort_bin_hist_d2h=0.000
TTW_TIMING stage_sort_bin_layout=0.120
TTW_TIMING stage_sort_upload=0.000
TTW_TIMING stage_sort_bin_emit=4.793
TTW_TIMING stage_sort_kernel=0.000
TTW_TIMING stage_sort_d2h=0.000
TTW_TIMING stage_sort_compact=0.000
TTW_TIMING stage_sort_publish_host=0.173
TTW_TIMING stage_sort_publish_wait=0.000
TTW_TIMING stage_sort_mat=0.053
TTW_TIMING stage_sort_other=0.039
SORT_STAGES n=30 pread=0.025 bin_count=0.000 bin_hist_d2h=0.000 bin_layout=0.120 upload=0.000 bin_emit=4.793 kernel=0.000 d2h=0.000 compact=0.000 publish_host=0.173 publish_wait=0.000 mat=0.053 | sum=5.163 sort=5.203 resid=+0.039
TTW_TIMING stage_project_cov3d=0.000
TTW_TIMING stage_project_pfwc_setup=0.003
TTW_TIMING stage_project_pfwc_rtargs=0.030
TTW_TIMING stage_project_pfwc_enqueue=0.030
TTW_TIMING stage_project_pfwc_finish=0.000
TTW_TIMING stage_project_gather_setup=0.001
TTW_TIMING stage_project_gather_rtargs=0.000
TTW_TIMING stage_project_gather_enqueue=0.000
TTW_TIMING stage_project_gather_wait=4.414
TTW_TIMING stage_project_gather_result=0.104
TTW_TIMING stage_project_other=0.001
PROJECT_STAGES n=30 cov3d=0.000 pfwc_setup=0.003 pfwc_rtargs=0.030 pfwc_enqueue=0.030 pfwc_finish=0.000 gather_setup=0.001 gather_rtargs=0.000 gather_enqueue=0.000 gather_wait=4.414 gather_result=0.104 | sum=4.583 project=4.584 resid=+0.001
TTW_TIMING stage_tile_assign_setup=0.004
TTW_TIMING stage_tile_assign_rtargs=0.000
TTW_TIMING stage_tile_assign_enqueue=0.000
TTW_TIMING stage_tile_assign_scan_finish=0.000
TTW_TIMING stage_tile_assign_p_d2h=0.000
TTW_TIMING stage_tile_assign_k2_finish=0.000
TTW_TIMING stage_tile_assign_publish=0.001
TTW_TIMING stage_tile_assign_other=0.001
TILE_ASSIGN_STAGES n=30 setup=0.004 rtargs=0.000 enqueue=0.000 scan_finish=0.000 p_d2h=0.000 k2_finish=0.000 publish=0.001 | sum=0.004 tile_assign=0.005 resid=+0.001
