================ BUILD ID ================
  cpp : #124 sha=5edea09e bin=184a6e6c74eb292a t483 5edea09e sort host timers (yyzo-bh-04)
  data: # sha= 
=========================================
host=yyzo-bh-04  tag=t483-warm  timeout=380s  worry=600s  ts=2026-10-10T08:07:15-0700
cmd: T=/localdev/smarton/gstt2-t483 bash /localdev/smarton/gstt2-t483/docs/sort-host-t483/remote.sh 0 b2b
-----------------------------------------
=== r0-b2b 5edea09 15:07:16 load=2.81
run rc=0
[DEV] dispatch worker (worker), command queues 2, compute grid 11x10
B2B_STAGES pass=0 views=30 gap_ms=0.00 t_end=1791644849.153 period=9.483 render=9.483 py_resid=0.031 head=0.002 project=2.477 tile_assign=0.003 sort=1.142 blend_setup=0.000 mat=0.000 cull=0.000 blend=5.775 d2h=0.004 assemble=0.000 tail=0.003 xview=0.045 view_total=9.452 sort_pread=0.001 sort_bin_count=0.000 sort_bin_hist_d2h=0.000 sort_bin_layout=0.041 sort_upload=0.000 sort_bin_emit=0.353 sort_ke
B2B_STAGES pass=1 views=30 gap_ms=0.00 t_end=1791644849.541 period=9.433 render=9.433 py_resid=0.032 head=0.002 project=2.421 tile_assign=0.002 sort=1.001 blend_setup=0.000 mat=0.000 cull=0.000 blend=5.921 d2h=0.004 assemble=0.000 tail=0.003 xview=0.047 view_total=9.401 sort_pread=0.001 sort_bin_count=0.000 sort_bin_hist_d2h=0.000 sort_bin_layout=0.041 sort_upload=0.000 sort_bin_emit=0.183 sort_ke
B2B_STAGES pass=2 views=30 gap_ms=0.00 t_end=1791644849.927 period=9.412 render=9.412 py_resid=0.033 head=0.002 project=2.418 tile_assign=0.002 sort=0.586 blend_setup=0.000 mat=0.000 cull=0.000 blend=6.318 d2h=0.004 assemble=0.000 tail=0.003 xview=0.046 view_total=9.379 sort_pread=0.001 sort_bin_count=0.000 sort_bin_hist_d2h=0.000 sort_bin_layout=0.041 sort_upload=0.000 sort_bin_emit=0.179 sort_ke
B2B_STAGES pass=3 views=30 gap_ms=0.00 t_end=1791644850.302 period=9.416 render=9.416 py_resid=0.036 head=0.002 project=2.416 tile_assign=0.002 sort=0.622 blend_setup=0.000 mat=0.000 cull=0.000 blend=6.283 d2h=0.004 assemble=0.000 tail=0.003 xview=0.048 view_total=9.381 sort_pread=0.001 sort_bin_count=0.000 sort_bin_hist_d2h=0.000 sort_bin_layout=0.041 sort_upload=0.000 sort_bin_emit=0.184 sort_ke
B2B_STAGES pass=4 views=30 gap_ms=0.00 t_end=1791644850.678 period=9.402 render=9.402 py_resid=0.030 head=0.002 project=2.418 tile_assign=0.002 sort=0.569 blend_setup=0.000 mat=0.000 cull=0.000 blend=6.329 d2h=0.004 assemble=0.000 tail=0.003 xview=0.046 view_total=9.372 sort_pread=0.001 sort_bin_count=0.000 sort_bin_hist_d2h=0.000 sort_bin_layout=0.040 sort_upload=0.000 sort_bin_emit=0.180 sort_ke
B2B_STAGES pass=5 views=30 gap_ms=0.00 t_end=1791644851.052 period=9.391 render=9.391 py_resid=0.030 head=0.002 project=2.409 tile_assign=0.002 sort=0.566 blend_setup=0.000 mat=0.000 cull=0.000 blend=6.330 d2h=0.004 assemble=0.000 tail=0.002 xview=0.046 view_total=9.361 sort_pread=0.001 sort_bin_count=0.000 sort_bin_hist_d2h=0.000 sort_bin_layout=0.041 sort_upload=0.000 sort_bin_emit=0.180 sort_ke
B2B_STAGES pass=6 views=30 gap_ms=0.00 t_end=1791644851.427 period=9.399 render=9.399 py_resid=0.030 head=0.002 project=2.415 tile_assign=0.002 sort=0.646 blend_setup=0.000 mat=0.000 cull=0.000 blend=6.253 d2h=0.004 assemble=0.000 tail=0.003 xview=0.045 view_total=9.370 sort_pread=0.001 sort_bin_count=0.000 sort_bin_hist_d2h=0.000 sort_bin_layout=0.040 sort_upload=0.000 sort_bin_emit=0.180 sort_ke
B2B_STAGES pass=7 views=30 gap_ms=0.00 t_end=1791644851.803 period=9.399 render=9.399 py_resid=0.033 head=0.002 project=2.415 tile_assign=0.002 sort=0.680 blend_setup=0.000 mat=0.000 cull=0.000 blend=6.212 d2h=0.004 assemble=0.000 tail=0.003 xview=0.047 view_total=9.365 sort_pread=0.001 sort_bin_count=0.000 sort_bin_hist_d2h=0.000 sort_bin_layout=0.041 sort_upload=0.000 sort_bin_emit=0.185 sort_ke
B2B_STAGES pass=8 views=30 gap_ms=0.00 t_end=1791644852.178 period=9.402 render=9.402 py_resid=0.034 head=0.002 project=2.430 tile_assign=0.003 sort=0.710 blend_setup=0.000 mat=0.000 cull=0.000 blend=6.167 d2h=0.004 assemble=0.000 tail=0.003 xview=0.049 view_total=9.368 sort_pread=0.001 sort_bin_count=0.000 sort_bin_hist_d2h=0.000 sort_bin_layout=0.055 sort_upload=0.000 sort_bin_emit=0.224 sort_ke
B2B_STAGES pass=9 views=30 gap_ms=0.00 t_end=1791644852.554 period=9.426 render=9.426 py_resid=0.041 head=0.002 project=2.426 tile_assign=0.003 sort=0.739 blend_setup=0.000 mat=0.000 cull=0.000 blend=6.154 d2h=0.004 assemble=0.000 tail=0.003 xview=0.053 view_total=9.386 sort_pread=0.001 sort_bin_count=0.000 sort_bin_hist_d2h=0.000 sort_bin_layout=0.057 sort_upload=0.000 sort_bin_emit=0.227 sort_ke
B2B_STAGES pass=10 views=30 gap_ms=0.00 t_end=1791644852.929 period=9.416 render=9.416 py_resid=0.035 head=0.002 project=2.426 tile_assign=0.002 sort=0.687 blend_setup=0.000 mat=0.000 cull=0.000 blend=6.207 d2h=0.004 assemble=0.000 tail=0.003 xview=0.049 view_total=9.382 sort_pread=0.001 sort_bin_count=0.000 sort_bin_hist_d2h=0.000 sort_bin_layout=0.053 sort_upload=0.000 sort_bin_emit=0.213 sort_k
B2B_STAGES pass=11 views=30 gap_ms=0.00 t_end=1791644853.304 period=9.405 render=9.405 py_resid=0.035 head=0.002 project=2.420 tile_assign=0.002 sort=0.704 blend_setup=0.000 mat=0.000 cull=0.000 blend=6.184 d2h=0.004 assemble=0.000 tail=0.003 xview=0.050 view_total=9.370 sort_pread=0.001 sort_bin_count=0.000 sort_bin_hist_d2h=0.000 sort_bin_layout=0.047 sort_upload=0.000 sort_bin_emit=0.199 sort_k
B2B_STAGES pass=12 views=30 gap_ms=0.00 t_end=1791644853.679 period=9.407 render=9.407 py_resid=0.034 head=0.002 project=2.413 tile_assign=0.002 sort=0.613 blend_setup=0.000 mat=0.000 cull=0.000 blend=6.287 d2h=0.004 assemble=0.000 tail=0.003 xview=0.048 view_total=9.373 sort_pread=0.001 sort_bin_count=0.000 sort_bin_hist_d2h=0.000 sort_bin_layout=0.042 sort_upload=0.000 sort_bin_emit=0.184 sort_k
B2B_STAGES pass=13 views=30 gap_ms=0.00 t_end=1791644854.054 period=9.400 render=9.400 py_resid=0.030 head=0.002 project=2.416 tile_assign=0.002 sort=0.579 blend_setup=0.000 mat=0.000 cull=0.000 blend=6.317 d2h=0.004 assemble=0.000 tail=0.003 xview=0.046 view_total=9.370 sort_pread=0.001 sort_bin_count=0.000 sort_bin_hist_d2h=0.000 sort_bin_layout=0.042 sort_upload=0.000 sort_bin_emit=0.186 sort_k
B2B_STAGES pass=14 views=30 gap_ms=0.00 t_end=1791644854.429 period=9.413 render=9.413 py_resid=0.030 head=0.002 project=2.421 tile_assign=0.002 sort=0.674 blend_setup=0.000 mat=0.000 cull=0.000 blend=6.230 d2h=0.004 assemble=0.000 tail=0.003 xview=0.047 view_total=9.382 sort_pread=0.001 sort_bin_count=0.000 sort_bin_hist_d2h=0.000 sort_bin_layout=0.044 sort_upload=0.000 sort_bin_emit=0.187 sort_k
B2B_STAGES pass=15 views=30 gap_ms=0.00 t_end=1791644854.804 period=9.409 render=9.409 py_resid=0.030 head=0.002 project=2.421 tile_assign=0.002 sort=0.608 blend_setup=0.000 mat=0.000 cull=0.000 blend=6.293 d2h=0.004 assemble=0.000 tail=0.003 xview=0.047 view_total=9.379 sort_pread=0.001 sort_bin_count=0.000 sort_bin_hist_d2h=0.000 sort_bin_layout=0.045 sort_upload=0.000 sort_bin_emit=0.191 sort_k
B2B_STAGES pass=16 views=30 gap_ms=0.00 t_end=1791644855.180 period=9.416 render=9.416 py_resid=0.035 head=0.002 project=2.418 tile_assign=0.002 sort=0.594 blend_setup=0.000 mat=0.000 cull=0.000 blend=6.309 d2h=0.004 assemble=0.000 tail=0.003 xview=0.049 view_total=9.382 sort_pread=0.001 sort_bin_count=0.000 sort_bin_hist_d2h=0.000 sort_bin_layout=0.045 sort_upload=0.000 sort_bin_emit=0.189 sort_k
B2B_STAGES pass=17 views=30 gap_ms=0.00 t_end=1791644855.556 period=9.407 render=9.407 py_resid=0.035 head=0.002 project=2.415 tile_assign=0.002 sort=0.595 blend_setup=0.000 mat=0.000 cull=0.000 blend=6.299 d2h=0.004 assemble=0.000 tail=0.003 xview=0.050 view_total=9.372 sort_pread=0.001 sort_bin_count=0.000 sort_bin_hist_d2h=0.000 sort_bin_layout=0.045 sort_upload=0.000 sort_bin_emit=0.194 sort_k
B2B_STAGES pass=18 views=30 gap_ms=0.00 t_end=1791644855.930 period=9.397 render=9.397 py_resid=0.034 head=0.002 project=2.410 tile_assign=0.002 sort=0.581 blend_setup=0.000 mat=0.000 cull=0.000 blend=6.313 d2h=0.004 assemble=0.000 tail=0.003 xview=0.049 view_total=9.364 sort_pread=0.001 sort_bin_count=0.000 sort_bin_hist_d2h=0.000 sort_bin_layout=0.043 sort_upload=0.000 sort_bin_emit=0.182 sort_k
=== done 0 b2b 15:07:37
[ttw] log: /Users/smarton/dev/gsplat_tt/tt-project/worktrees/t483/tmp/ttw-state/logs/t483-warm-20261010-080715.log
