[capture_tracy] render_clean capture (iter-dir=t197-pc2-r9 views=0:4) -> /localdev/smarton/gstt2-t197/opt/profiler/t197-pc2-r9/chunks/0-4/render.tracy
[capture_tracy] CMD: /localdev/smarton/gstt2-t197/.venv/bin/python3 -m tracy -r -p -v --dump-device-data-mid-run -o /localdev/smarton/gstt2-t197/opt/profiler/wrap_out_t197-pc2-r9_chunks_0-4 /localdev/smarton/gstt2-t197/opt/profiler/_capture_inner.sh
2026-10-05 02:48:54.428 | INFO     | __main__:main:175 - Setting profiler artifacts folder to /localdev/smarton/gstt2-t197/opt/profiler/wrap_out_t197-pc2-r9_chunks_0-4
2026-10-05 02:48:54.429 | INFO     | __main__:main:336 - Using port 8086
2026-10-05 02:48:54.429 | INFO     | tracy:run_report_setup:88 - Verifying tracy profiling tools
2026-10-05 02:48:54.433 | INFO     | tracy:run_report_setup:108 - Capture command: ('/localdev/smarton/tt-metal/build/tools/profiler/bin/capture-release -o /localdev/smarton/gstt2-t197/opt/profiler/wrap_out_t197-pc2-r9_chunks_0-4/.logs/tracy_profile_log_host.tracy -f -p 8086',)
Connecting to 127.0.0.1:8086...2026-10-05 02:48:54.438 | INFO     | __main__:main:400 - Test process started
2026-10-05 02:48:55.049 | INFO     | __main__:main:175 - Setting profiler artifacts folder to /localdev/smarton/gstt2-t197/opt/profiler/wrap_out_t197-pc2-r9_chunks_0-4
[capture-inner] python3 render/run.py --no-ref --iter-dir t197-pc2-r9 --view-range 0:4 (MID_RUN_DUMP=1 DEVICE_PROFILER=1 GSPLAT_TT_PROFILE=1 TRACY_PORT=8086)
[run] warmup (hero='hero', 1024x1024, scene=bicycle)
2026-10-05 02:48:58.000 | info     |             UMD | Creating TopologyDiscovery for architecture: blackhole (topology_discovery.cpp:75)
2026-10-05 02:48:58.000 | info     |             UMD | Starting topology discovery. (topology_discovery.cpp:92)
2026-10-05 02:48:58.002 | warning  |             UMD | Low power mode is disabled while UMD holds open file descriptors. The device will return to low power mode once all file descriptors are closed. (topology_discovery.cpp:140)
2026-10-05 02:48:58.003 | info     |             UMD | Established firmware bundle version: 19.12.0 (topology_discovery.cpp:544)
2026-10-05 02:48:58.003 | info     |             UMD | Firmware bundle version 19.12.0 on the system is newer than the latest fully tested version 19.5.0 for blackhole architecture. Newest features may not be supported. (topology_discovery.cpp:570)
2026-10-05 02:48:58.003 | info     |             UMD | Completed topology discovery. (topology_discovery.cpp:96)
2026-10-05 02:48:58.004 | info     |          Device | Opening user mode device driver (tt_cluster.cpp:225)
2026-10-05 02:48:58.004 | info     |             UMD | Cluster constructor started. (cluster.cpp:317)
2026-10-05 02:48:58.004 | info     |             UMD | Creating TopologyDiscovery for architecture: blackhole (topology_discovery.cpp:75)
2026-10-05 02:48:58.004 | info     |             UMD | Starting topology discovery. (topology_discovery.cpp:92)
2026-10-05 02:48:58.006 | warning  |             UMD | Low power mode is disabled while UMD holds open file descriptors. The device will return to low power mode once all file descriptors are closed. (topology_discovery.cpp:140)
2026-10-05 02:48:58.007 | info     |             UMD | Established firmware bundle version: 19.12.0 (topology_discovery.cpp:544)
2026-10-05 02:48:58.007 | info     |             UMD | Firmware bundle version 19.12.0 on the system is newer than the latest fully tested version 19.5.0 for blackhole architecture. Newest features may not be supported. (topology_discovery.cpp:570)
2026-10-05 02:48:58.007 | info     |             UMD | Completed topology discovery. (topology_discovery.cpp:96)
2026-10-05 02:48:58.007 | info     |             UMD | Harvesting masks for Chip 0: Tensix: 0xc0 DRAM: 0x8 ETH: 0x3fff PCIe: 0x2 L2CPU: 0x0 (cluster.cpp:262)
2026-10-05 02:48:58.007 | info     |             UMD | Initializing iommu for sysmem (size: 0x40000000). (silicon_sysmem_manager.cpp:334)
2026-10-05 02:48:58.007 | info     |             UMD | Allocating sysmem for IOMMU (size: 0x40000000). (silicon_sysmem_manager.cpp:340)
2026-10-05 02:48:58.046 | info     |             UMD | Opening local chip ids/PCIe ids: {0}/[0] and remote chip ids {} (cluster.cpp:153)
2026-10-05 02:48:58.046 | info     |             UMD | IOMMU: enabled (cluster.cpp:133)
2026-10-05 02:48:58.046 | info     |             UMD | KMD version: 2.9.0 (cluster.cpp:136)
2026-10-05 02:48:58.046 | info     |             UMD | Cluster constructor completed. (cluster.cpp:409)
2026-10-05 02:48:58.046 | info     |             UMD | Starting devices in cluster (cluster.cpp:1044)
2026-10-05 02:48:58.047 | info     |             UMD | Mapped sysmem without hugepages to IOVA 0xffffffffc0000000; NOC address 0x1000000000000000 (silicon_sysmem_manager.cpp:391)
2026-10-05 02:48:58.047 | info     |             UMD | Starting devices in cluster completed. (cluster.cpp:1052)
2026-10-05 02:48:58.542 | info     |     Distributed | Using auto discovery to generate mesh graph. (metal_env.cpp:332)
2026-10-05 02:48:58.542 | info     |     Distributed | Constructing control plane using auto-discovery (no mesh graph descriptor). (metal_env.cpp:394)
2026-10-05 02:48:58.543 | info     |             UMD | Creating TopologyDiscovery for architecture: blackhole (topology_discovery.cpp:75)
2026-10-05 02:48:58.543 | info     |             UMD | Starting topology discovery. (topology_discovery.cpp:92)
2026-10-05 02:48:58.544 | warning  |             UMD | Low power mode is disabled while UMD holds open file descriptors. The device will return to low power mode once all file descriptors are closed. (topology_discovery.cpp:140)
2026-10-05 02:48:58.545 | info     |             UMD | Established firmware bundle version: 19.12.0 (topology_discovery.cpp:544)
2026-10-05 02:48:58.545 | info     |             UMD | Firmware bundle version 19.12.0 on the system is newer than the latest fully tested version 19.5.0 for blackhole architecture. Newest features may not be supported. (topology_discovery.cpp:570)
2026-10-05 02:48:58.545 | info     |             UMD | Completed topology discovery. (topology_discovery.cpp:96)
2026-10-05 02:48:58.546 | warning  |          Always | Unknown motherboard 'X670E GAMING PLUS WIFI (MS-7E16)' for chip_id=0 (bus_id=0x1) — defaulting tray_id to 0. Add this motherboard and its bus IDs to mobo_to_bus_ids in physical_system_discovery.cpp. (physical_system_discovery.cpp:56)
2026-10-05 02:48:58.546 | info     |          Fabric | TopologyMapper: Logical Multi-Mesh Adjacency Map: (topology_mapper.cpp:1474)
2026-10-05 02:48:58.546 | info     |          Fabric | 
=== Logical Mesh-Level Graph Adjacency Map ===
Total nodes: 1
Degree histogram: {0:1}
 (topology_solver.tpp:94)
2026-10-05 02:48:58.546 | info     |          Fabric | 
=== Logical Mesh 0 Internal Graph Adjacency Map ===
Total nodes: 1
Degree histogram: {0:1}
 (topology_solver.tpp:94)
2026-10-05 02:48:58.546 | info     |          Fabric | TopologyMapper: Physical Multi-Mesh Adjacency Map: (topology_mapper.cpp:1485)
2026-10-05 02:48:58.546 | info     |          Fabric | 
=== Physical Mesh-Level Graph Adjacency Map ===
Total nodes: 1
Degree histogram: {0:1}
 (topology_solver.tpp:94)
2026-10-05 02:48:58.546 | info     |          Fabric | 
=== Physical Mesh 0 Internal Graph Adjacency Map ===
Total nodes: 1
Degree histogram: {0:1}
 (topology_solver.tpp:94)
2026-10-05 02:48:58.546 | info     |          Fabric | Starting multi-mesh mapping: 1 logical mesh(es) to 1 physical mesh(es) (topology_mapper_utils.cpp:1465)
2026-10-05 02:48:58.546 | info     |          Fabric | Multi-mesh mapping attempt 1/2: Trying inter-mesh mapping (topology_mapper_utils.cpp:1506)
2026-10-05 02:48:58.546 | info     |          Fabric | Attempt 1: Inter-mesh mapping succeeded, found 1 mesh pair(s) (topology_mapper_utils.cpp:1535)
2026-10-05 02:48:58.546 | info     |          Fabric | Attempt 1: Mapping 1 mesh pair(s) (topology_mapper_utils.cpp:1547)
2026-10-05 02:48:58.546 | info     |          Fabric | Attempt 1: Mapping mesh 0 -> 0 (topology_mapper_utils.cpp:1549)
2026-10-05 02:48:58.546 | info     |          Fabric | Multi-mesh mapping succeeded after 1 attempt(s): 1 mesh pair(s) mapped (topology_mapper_utils.cpp:1682)
2026-10-05 02:49:01.704 | info     |           Metal | Profiler started on device 0 (profiler_initializer.cpp:49)
2026-10-05 02:49:04.263 | info     |           Metal | ShmResourceTracker: removed stale shm '/tt_d2h_1647298_1526657007_0' (shm_resource_tracker.cpp:265)
2026-10-05 02:49:04.263 | info     |           Metal | ShmResourceTracker: removed stale manifest '/dev/shm/tt_socket_manifest_1647298' (shm_resource_tracker.cpp:275)
2026-10-05 02:49:05.321 | info     |           Metal | [Real-time profiler] Device 0 sync complete: 100 samples, frequency=1.349979 GHz, device_time_at_sync=34525576062885 cycles (realtime_profiler_manager.cpp:1075)
[JIT_WARMUP] ideal-path contexts compiled in 7337.9 ms
[TA] K2 fold=1 (enabled 1 dual 1 screen tiles 1024 speed split 1)
[SORT] ONELAUNCH v2 OL_PB=8 OL_RING=8 OL_WIN_PAGES=1024 OL_MAT_SELECT=0 cb_bytes/mover=504896 shared=22400
[SORT] ONELAUNCH k2_fold=1 why=0 (K2 rows published: cores 110/110 row_pages 64/64 tiles 1024/1024 P 2895701/2895701 speed_split 1)
[SUBCHUNK] tiles_split=86 total_subchunks=1113 max_subchunks_per_tile=3 payload_pages=45763
[SORT] stage=ONELAUNCH P=2895701 P_kept=2895701 num_tiles=1024 max_tile_n=22980 onelaunch=915.34 layout=0.06 pub_host=0.15 total=915.95ms
2026-10-05 02:49:17.176 | info     |           Metal | Device kernel duration perf summary (device=0): count=1, min=6398257619ns, avg=6398257619.0ns, max=6398257619ns (profiler_analysis.cpp:645)
2026-10-05 02:49:17.176 | info     |           Metal | Device kernel duration perf histogram (device=0): (buckets=10, bucket_size=100ns, range=[6398257600..6398258600), underflow(<6398257600ns)=0, overflow(>=6398258600ns)=0) (profiler_analysis.cpp:682)
2026-10-05 02:49:17.176 | info     |           Metal |   [  6398257600 ..   6398257700) |########################################|        1 (profiler_analysis.cpp:700)
2026-10-05 02:49:17.176 | info     |           Metal |   [  6398257700 ..   6398257800) |                                        |        0 (profiler_analysis.cpp:700)
2026-10-05 02:49:17.176 | info     |           Metal |   [  6398257800 ..   6398257900) |                                        |        0 (profiler_analysis.cpp:700)
2026-10-05 02:49:17.176 | info     |           Metal |   [  6398257900 ..   6398258000) |                                        |        0 (profiler_analysis.cpp:700)
2026-10-05 02:49:17.176 | info     |           Metal |   [  6398258000 ..   6398258100) |                                        |        0 (profiler_analysis.cpp:700)
2026-10-05 02:49:17.176 | info     |           Metal |   [  6398258100 ..   6398258200) |                                        |        0 (profiler_analysis.cpp:700)
2026-10-05 02:49:17.176 | info     |           Metal |   [  6398258200 ..   6398258300) |                                        |        0 (profiler_analysis.cpp:700)
2026-10-05 02:49:17.176 | info     |           Metal |   [  6398258300 ..   6398258400) |                                        |        0 (profiler_analysis.cpp:700)
2026-10-05 02:49:17.176 | info     |           Metal |   [  6398258400 ..   6398258500) |                                        |        0 (profiler_analysis.cpp:700)
2026-10-05 02:49:17.176 | info     |           Metal |   [  6398258500 ..   6398258600) |                                        |        0 (profiler_analysis.cpp:700)
[run] timing 4 views (warmup excluded)
[SUBCHUNK] tiles_split=86 total_subchunks=1113 max_subchunks_per_tile=3 payload_pages=45763
[SORT] stage=ONELAUNCH P=2895701 P_kept=2895701 num_tiles=1024 max_tile_n=22980 onelaunch=3.33 layout=0.05 pub_host=0.16 total=3.63ms
2026-10-05 02:49:17.215 | info     |           Metal | Device kernel duration perf summary (device=0): count=1, min=18843732ns, avg=18843732.0ns, max=18843732ns (profiler_analysis.cpp:645)
2026-10-05 02:49:17.215 | info     |           Metal | Device kernel duration perf histogram (device=0): (buckets=10, bucket_size=100ns, range=[18843700..18844700), underflow(<18843700ns)=0, overflow(>=18844700ns)=0) (profiler_analysis.cpp:682)
2026-10-05 02:49:17.215 | info     |           Metal |   [    18843700 ..     18843800) |########################################|        1 (profiler_analysis.cpp:700)
2026-10-05 02:49:17.215 | info     |           Metal |   [    18843800 ..     18843900) |                                        |        0 (profiler_analysis.cpp:700)
2026-10-05 02:49:17.215 | info     |           Metal |   [    18843900 ..     18844000) |                                        |        0 (profiler_analysis.cpp:700)
2026-10-05 02:49:17.215 | info     |           Metal |   [    18844000 ..     18844100) |                                        |        0 (profiler_analysis.cpp:700)
2026-10-05 02:49:17.215 | info     |           Metal |   [    18844100 ..     18844200) |                                        |        0 (profiler_analysis.cpp:700)
2026-10-05 02:49:17.215 | info     |           Metal |   [    18844200 ..     18844300) |                                        |        0 (profiler_analysis.cpp:700)
2026-10-05 02:49:17.215 | info     |           Metal |   [    18844300 ..     18844400) |                                        |        0 (profiler_analysis.cpp:700)
2026-10-05 02:49:17.215 | info     |           Metal |   [    18844400 ..     18844500) |                                        |        0 (profiler_analysis.cpp:700)
2026-10-05 02:49:17.215 | info     |           Metal |   [    18844500 ..     18844600) |                                        |        0 (profiler_analysis.cpp:700)
2026-10-05 02:49:17.215 | info     |           Metal |   [    18844600 ..     18844700) |                                        |        0 (profiler_analysis.cpp:700)
[run]   view=hero 38.6ms
[SUBCHUNK] tiles_split=64 total_subchunks=1090 max_subchunks_per_tile=3 payload_pages=33180
[SORT] stage=ONELAUNCH P=2090634 P_kept=2090634 num_tiles=1024 max_tile_n=19171 onelaunch=2.44 layout=0.05 pub_host=0.15 total=2.68ms
2026-10-05 02:49:17.249 | info     |           Metal | Device kernel duration perf summary (device=0): count=1, min=14036141ns, avg=14036141.0ns, max=14036141ns (profiler_analysis.cpp:645)
2026-10-05 02:49:17.249 | info     |           Metal | Device kernel duration perf histogram (device=0): (buckets=10, bucket_size=100ns, range=[14036100..14037100), underflow(<14036100ns)=0, overflow(>=14037100ns)=0) (profiler_analysis.cpp:682)
2026-10-05 02:49:17.249 | info     |           Metal |   [    14036100 ..     14036200) |########################################|        1 (profiler_analysis.cpp:700)
2026-10-05 02:49:17.250 | info     |           Metal |   [    14036200 ..     14036300) |                                        |        0 (profiler_analysis.cpp:700)
2026-10-05 02:49:17.250 | info     |           Metal |   [    14036300 ..     14036400) |                                        |        0 (profiler_analysis.cpp:700)
2026-10-05 02:49:17.250 | info     |           Metal |   [    14036400 ..     14036500) |                                        |        0 (profiler_analysis.cpp:700)
2026-10-05 02:49:17.250 | info     |           Metal |   [    14036500 ..     14036600) |                                        |        0 (profiler_analysis.cpp:700)
2026-10-05 02:49:17.250 | info     |           Metal |   [    14036600 ..     14036700) |                                        |        0 (profiler_analysis.cpp:700)
2026-10-05 02:49:17.250 | info     |           Metal |   [    14036700 ..     14036800) |                                        |        0 (profiler_analysis.cpp:700)
2026-10-05 02:49:17.250 | info     |           Metal |   [    14036800 ..     14036900) |                                        |        0 (profiler_analysis.cpp:700)
2026-10-05 02:49:17.250 | info     |           Metal |   [    14036900 ..     14037000) |                                        |        0 (profiler_analysis.cpp:700)
2026-10-05 02:49:17.250 | info     |           Metal |   [    14037000 ..     14037100) |                                        |        0 (profiler_analysis.cpp:700)
[run]   view=orb_00 34.2ms
[SUBCHUNK] tiles_split=63 total_subchunks=1090 max_subchunks_per_tile=3 payload_pages=34332
[SORT] stage=ONELAUNCH P=2164209 P_kept=2164209 num_tiles=1024 max_tile_n=18956 onelaunch=2.46 layout=0.05 pub_host=0.16 total=2.71ms
2026-10-05 02:49:17.284 | info     |           Metal | Device kernel duration perf summary (device=0): count=1, min=14847753ns, avg=14847753.0ns, max=14847753ns (profiler_analysis.cpp:645)
2026-10-05 02:49:17.284 | info     |           Metal | Device kernel duration perf histogram (device=0): (buckets=10, bucket_size=100ns, range=[14847700..14848700), underflow(<14847700ns)=0, overflow(>=14848700ns)=0) (profiler_analysis.cpp:682)
2026-10-05 02:49:17.284 | info     |           Metal |   [    14847700 ..     14847800) |########################################|        1 (profiler_analysis.cpp:700)
2026-10-05 02:49:17.284 | info     |           Metal |   [    14847800 ..     14847900) |                                        |        0 (profiler_analysis.cpp:700)
2026-10-05 02:49:17.284 | info     |           Metal |   [    14847900 ..     14848000) |                                        |        0 (profiler_analysis.cpp:700)
2026-10-05 02:49:17.284 | info     |           Metal |   [    14848000 ..     14848100) |                                        |        0 (profiler_analysis.cpp:700)
2026-10-05 02:49:17.284 | info     |           Metal |   [    14848100 ..     14848200) |                                        |        0 (profiler_analysis.cpp:700)
2026-10-05 02:49:17.284 | info     |           Metal |   [    14848200 ..     14848300) |                                        |        0 (profiler_analysis.cpp:700)
2026-10-05 02:49:17.284 | info     |           Metal |   [    14848300 ..     14848400) |                                        |        0 (profiler_analysis.cpp:700)
2026-10-05 02:49:17.284 | info     |           Metal |   [    14848400 ..     14848500) |                                        |        0 (profiler_analysis.cpp:700)
2026-10-05 02:49:17.284 | info     |           Metal |   [    14848500 ..     14848600) |                                        |        0 (profiler_analysis.cpp:700)
2026-10-05 02:49:17.284 | info     |           Metal |   [    14848600 ..     14848700) |                                        |        0 (profiler_analysis.cpp:700)
[run]   view=orb_01 34.6ms
[SUBCHUNK] tiles_split=66 total_subchunks=1093 max_subchunks_per_tile=3 payload_pages=35758
[SORT] stage=ONELAUNCH P=2255879 P_kept=2255879 num_tiles=1024 max_tile_n=18906 onelaunch=2.64 layout=0.05 pub_host=0.15 total=2.87ms
2026-10-05 02:49:17.318 | info     |           Metal | Device kernel duration perf summary (device=0): count=1, min=14655608ns, avg=14655608.0ns, max=14655608ns (profiler_analysis.cpp:645)
2026-10-05 02:49:17.318 | info     |           Metal | Device kernel duration perf histogram (device=0): (buckets=10, bucket_size=100ns, range=[14655600..14656600), underflow(<14655600ns)=0, overflow(>=14656600ns)=0) (profiler_analysis.cpp:682)
2026-10-05 02:49:17.318 | info     |           Metal |   [    14655600 ..     14655700) |########################################|        1 (profiler_analysis.cpp:700)
2026-10-05 02:49:17.318 | info     |           Metal |   [    14655700 ..     14655800) |                                        |        0 (profiler_analysis.cpp:700)
2026-10-05 02:49:17.318 | info     |           Metal |   [    14655800 ..     14655900) |                                        |        0 (profiler_analysis.cpp:700)
2026-10-05 02:49:17.318 | info     |           Metal |   [    14655900 ..     14656000) |                                        |        0 (profiler_analysis.cpp:700)
2026-10-05 02:49:17.318 | info     |           Metal |   [    14656000 ..     14656100) |                                        |        0 (profiler_analysis.cpp:700)
2026-10-05 02:49:17.318 | info     |           Metal |   [    14656100 ..     14656200) |                                        |        0 (profiler_analysis.cpp:700)
2026-10-05 02:49:17.318 | info     |           Metal |   [    14656200 ..     14656300) |                                        |        0 (profiler_analysis.cpp:700)
2026-10-05 02:49:17.318 | info     |           Metal |   [    14656300 ..     14656400) |                                        |        0 (profiler_analysis.cpp:700)
2026-10-05 02:49:17.318 | info     |           Metal |   [    14656400 ..     14656500) |                                        |        0 (profiler_analysis.cpp:700)
2026-10-05 02:49:17.318 | info     |           Metal |   [    14656500 ..     14656600) |                                        |        0 (profiler_analysis.cpp:700)
[run]   view=orb_02 33.7ms
SUMMARY scene=bicycle hero='hero' hero_vs_ref=100.00dB(8bit-vs-golden) hero_vs_cpu=nandB(float-vs-cpu) avg_frame_ms=35.3 p50_ms=34.4 min_ms=33.7 max_ms=38.6 n_views=4 warmup_s=19.5 out=/localdev/smarton/gstt2-t197/tmp/t197-pc2-r9
TTW_METRIC hero_vs_ref=100.00
TTW_TIMING ms_view=35.297
TTW_TIMING blend=35.297
TTW_TIMING stage_head=0.004
TTW_TIMING stage_project=4.631
TTW_TIMING stage_tile_assign=0.005
TTW_TIMING stage_sort=3.053
TTW_TIMING stage_blend_setup=0.000
TTW_TIMING stage_mat=0.000
TTW_TIMING stage_cull=0.000
TTW_TIMING stage_blend=8.012
TTW_TIMING stage_d2h=0.251
TTW_TIMING stage_assemble=0.000
TTW_TIMING stage_tail=19.273
TTW_TIMING stage_view_total=35.230
TTW_TIMING stage_pybind=0.066
STAGES n=4 head=0.004 project=4.631 tile_assign=0.005 sort=3.053 blend_setup=0.000 mat=0.000 cull=0.000 blend=8.012 d2h=0.251 assemble=0.000 tail=19.273 | sum=35.228 view_total=35.230 resid_in_view=+0.002 avg_frame_ms=35.297 resid_vs_frame=+0.068
TTW_TIMING stage_sort_pread=0.018
TTW_TIMING stage_sort_bin_count=0.000
TTW_TIMING stage_sort_bin_hist_d2h=0.000
TTW_TIMING stage_sort_bin_layout=0.048
TTW_TIMING stage_sort_upload=0.000
TTW_TIMING stage_sort_bin_emit=2.719
TTW_TIMING stage_sort_kernel=0.000
TTW_TIMING stage_sort_d2h=0.000
TTW_TIMING stage_sort_compact=0.000
TTW_TIMING stage_sort_publish_host=0.153
TTW_TIMING stage_sort_publish_wait=0.000
TTW_TIMING stage_sort_mat=0.047
TTW_TIMING stage_sort_other=0.068
SORT_STAGES n=4 pread=0.018 bin_count=0.000 bin_hist_d2h=0.000 bin_layout=0.048 upload=0.000 bin_emit=2.719 kernel=0.000 d2h=0.000 compact=0.000 publish_host=0.153 publish_wait=0.000 mat=0.047 | sum=2.986 sort=3.053 resid=+0.068
TTW_TIMING stage_project_cov3d=0.000
TTW_TIMING stage_project_pfwc_setup=0.008
TTW_TIMING stage_project_pfwc_rtargs=0.040
TTW_TIMING stage_project_pfwc_enqueue=0.045
TTW_TIMING stage_project_pfwc_finish=0.000
TTW_TIMING stage_project_gather_setup=0.001
TTW_TIMING stage_project_gather_rtargs=0.000
TTW_TIMING stage_project_gather_enqueue=0.000
TTW_TIMING stage_project_gather_wait=3.728
TTW_TIMING stage_project_gather_result=0.805
TTW_TIMING stage_project_other=0.002
PROJECT_STAGES n=4 cov3d=0.000 pfwc_setup=0.008 pfwc_rtargs=0.040 pfwc_enqueue=0.045 pfwc_finish=0.000 gather_setup=0.001 gather_rtargs=0.000 gather_enqueue=0.000 gather_wait=3.728 gather_result=0.805 | sum=4.628 project=4.631 resid=+0.002
TTW_TIMING stage_tile_assign_setup=0.003
TTW_TIMING stage_tile_assign_rtargs=0.000
TTW_TIMING stage_tile_assign_enqueue=0.000
TTW_TIMING stage_tile_assign_scan_finish=0.000
TTW_TIMING stage_tile_assign_p_d2h=0.000
TTW_TIMING stage_tile_assign_k2_finish=0.000
TTW_TIMING stage_tile_assign_publish=0.001
TTW_TIMING stage_tile_assign_other=0.001
TILE_ASSIGN_STAGES n=4 setup=0.003 rtargs=0.000 enqueue=0.000 scan_finish=0.000 p_d2h=0.000 k2_finish=0.000 publish=0.001 | sum=0.004 tile_assign=0.005 resid=+0.001
[capture-inner] run.py rc=0

Queue delay: 16 ns
Timer resolution: 0 ns

Frames: 2
Time span: 28 s
Zones: 204,311
Elapsed time: 20.21 s
Saving trace... done!
Trace size 2044.12 KB (24.59% ratio)
2026-10-05 02:49:18.200 | INFO     | tracy:generate_report:154 - Host side ops time report generated at /localdev/smarton/gstt2-t197/opt/profiler/wrap_out_t197-pc2-r9_chunks_0-4/.logs/tracy_ops_times.csv
2026-10-05 02:49:18.207 | INFO     | tracy:generate_report:165 - Host side ops data report generated at /localdev/smarton/gstt2-t197/opt/profiler/wrap_out_t197-pc2-r9_chunks_0-4/.logs/tracy_ops_data.csv
2026-10-05 02:49:18.207 | INFO     | tracy.process_ops_logs:import_tracy_op_logs:255 - Importing ops logs
/localdev/smarton/tt-metal/tools/tracy/process_ops_logs.py:360: DtypeWarning: Columns (3) have mixed types. Specify dtype option on import or set low_memory=False.
  df = pd.read_csv(tracyOpTimesLog)
2026-10-05 02:49:18.439 | INFO     | tracy.process_ops_logs:get_device_data_generate_report:1014 - Copying runtime artifacts
2026-10-05 02:49:18.458 | INFO     | tracy.process_ops_logs:get_device_data_generate_report:1020 - Getting device only ops data
2026-10-05 02:49:18.887 | INFO     | tracy.process_device_log:core_to_device_timeseries:416 - Importing Data For Device Number : 0
2026-10-05 02:49:19.682 | INFO     | tracy.process_ops_logs:get_device_data_generate_report:1032 - Generating device op report ...
2026-10-05 02:49:19.686 | INFO     | tracy.process_ops_logs:get_device_data_generate_report:1210 - Device only OPs csv generated at: /localdev/smarton/gstt2-t197/opt/profiler/wrap_out_t197-pc2-r9_chunks_0-4/reports/2026_10_05_02_49_18/ops_perf_results_2026_10_05_02_49_18.csv
2026-10-05 02:49:19.687 | INFO     | tracy.process_ops_logs:get_device_data_generate_report:1219 - Device only per core op to op times csv generated at: /localdev/smarton/gstt2-t197/opt/profiler/wrap_out_t197-pc2-r9_chunks_0-4/reports/2026_10_05_02_49_18/per_core_op_to_op_times_2026_10_05_02_49_18.csv
[capture_tracy] wrapper exited rc=0
[capture_tracy] OK tracy: -rw-r--r-- 1 smarton group_1211416483 2093699 Oct  5 02:49 /localdev/smarton/gstt2-t197/opt/profiler/t197-pc2-r9/chunks/0-4/render.tracy
[capture_tracy] device profiler CSV data rows: 119349 (~19.9k rows/view at ttw-142; 30 views + warmup ~616k)
[capture_tracy] per-zone-hash device marker counts (each zone repeats ~30x across views):
  34650 10788
  10998 57423
   9900 49375
   9900 17277
   5500 32535
   5500 25928
   5500 16443
   5500 13133
   5500 12391
   3300 64149
   3300 20681
   3300 11916
   2200 9807
   2200 61176
   2200 39616
   2200 28594
   2200 28430
   1100 62998
   1100 60239
   1100 5010
   1100 31655
   1100 25962
      1  timer_id
[capture_tracy] DONE rc=0 tracy=/localdev/smarton/gstt2-t197/opt/profiler/t197-pc2-r9/chunks/0-4/render.tracy
