[ttw 2026-10-07T16:27:56-0400] WARNING: devrun (--timeout / ttw.toml timeout_s) timeout=420s is over the 400s reservation limit — RUNNING IT ANYWAY.
[ttw 2026-10-07T16:27:56-0400]   timeout_sec IS the reservation: a crash squats on the shared device for the full 420s.
[ttw 2026-10-07T16:27:56-0400]   FIX THE RUN — never skip it, never just raise the number. Two levers:
[ttw 2026-10-07T16:27:56-0400]   (a) MOVE WORK OFF THE RESERVATION (it carries device compute only):
[ttw 2026-10-07T16:27:57-0400]       cold JIT compile       -> tt_metal/tools/kernel_prewarm/prewarm_and_submit.sh
[ttw 2026-10-07T16:27:57-0400]       profiler post-process  -> capture with 'tracy -p' only; process_ops_logs.py on the host
[ttw 2026-10-07T16:27:57-0400]       CPU reference / PCC    -> run the oracle off-reservation
[ttw 2026-10-07T16:27:57-0400]   (b) CHUNK IT — each chunk lands under the limit, and ALL the work still runs:
[ttw 2026-10-07T16:27:57-0400]       monolithic pipeline    -> one capture per stage/block, stitch off-device
[ttw 2026-10-07T16:27:57-0400]       long sweep             -> several shorter jobs
[ttw 2026-10-07T16:27:57-0400]       untraced/eager gen     -> the traced/warm path
[ttw 2026-10-07T16:27:57-0400]   Proceeding with this run. Size the next from the MEASURED device-held time (aim <=400s).
================ BUILD ID ================
  cpp : #124 sha=8588f1ac bin=95856cef64abdd45 t355 iter-207 8588f1ac K2 rows 4 KB view (yyzo-bh-04)
  data: # sha=
=========================================
host=yyzo-bh-04  tag=t355-r2-off  timeout=420s  worry=600s  ts=2026-10-07T16:27:57-0400
cmd: T=/localdev/smarton/gstt2-t355 bash /localdev/smarton/gstt2-t355/tmp/t355_remote_time.sh 2 off
-----------------------------------------
=== r2-off 8588f1a GSPLAT_TT_K2_ROWS_VIEW=0 20:27:58
run rc=0
SUMMARY scene=bicycle hero='hero' hero_vs_ref=nandB(8bit-vs-golden) hero_vs_cpu=nandB(float-vs-cpu) avg_frame_ms=10.9 p50_ms=11.1 min_ms=9.2 max_ms=12.7 n_views=30 warmup_s=1.5 out=/localdev/smarton/gstt2-t355/tmp/t355-r2-off
STAGES n=30 head=0.003 project=3.039 tile_assign=0.005 sort=0.913 blend_setup=0.000 mat=0.000 cull=0.000 blend=6.677 d2h=0.238 assemble=0.000 tail=0.002 | sum=10.876 view_total=10.878 resid_in_view=+0.002 avg_frame_ms=10.911 resid_vs_frame=+0.035
SORT_STAGES n=30 pread=0.001 bin_count=0.000 bin_hist_d2h=0.000 bin_layout=0.054 upload=0.000 bin_emit=0.589 kernel=0.000 d2h=0.000 compact=0.000 publish_host=0.183 publish_wait=0.000 mat=0.038 | sum=0.865 sort=0.913 resid=+0.048
PROJECT_STAGES n=30 cov3d=0.000 pfwc_setup=0.004 pfwc_rtargs=0.043 pfwc_enqueue=0.033 pfwc_finish=0.000 gather_setup=0.001 gather_rtargs=0.000 gather_enqueue=0.000 gather_wait=2.957 gather_result=0.000 | sum=3.037 project=3.039 resid=+0.001
TILE_ASSIGN_STAGES n=30 setup=0.004 rtargs=0.000 enqueue=0.000 scan_finish=0.000 p_d2h=0.000 k2_finish=0.000 publish=0.001 | sum=0.004 tile_assign=0.005 resid=+0.001
ALL_VIEWS_IDENTICAL (30 views)
=== done round 2 20:28:08
[ttw] log: /Users/smarton/dev/gsplat_tt/tt-project/worktrees/t355/tmp/ttw-state/logs/t355-r2-off-20261007-162757.log
