[run] warmup (hero='hero', 1024x1024, scene=bicycle)
2026-10-07 22:31:22.903 | info     |             UMD | Creating TopologyDiscovery for architecture: blackhole (topology_discovery.cpp:75)
2026-10-07 22:31:22.903 | info     |             UMD | Starting topology discovery. (topology_discovery.cpp:92)
2026-10-07 22:31:22.906 | warning  |             UMD | Low power mode is disabled while UMD holds open file descriptors. The device will return to low power mode once all file descriptors are closed. (topology_discovery.cpp:140)
2026-10-07 22:31:22.907 | info     |             UMD | Established firmware bundle version: 19.13.2 (topology_discovery.cpp:544)
2026-10-07 22:31:22.907 | info     |             UMD | Firmware bundle version 19.13.2 on the system is newer than the latest fully tested version 19.5.0 for blackhole architecture. Newest features may not be supported. (topology_discovery.cpp:570)
2026-10-07 22:31:22.907 | info     |             UMD | Completed topology discovery. (topology_discovery.cpp:96)
2026-10-07 22:31:22.909 | info     |          Device | Opening user mode device driver (tt_cluster.cpp:225)
2026-10-07 22:31:22.909 | info     |             UMD | Cluster constructor started. (cluster.cpp:317)
2026-10-07 22:31:22.909 | info     |             UMD | Creating TopologyDiscovery for architecture: blackhole (topology_discovery.cpp:75)
2026-10-07 22:31:22.909 | info     |             UMD | Starting topology discovery. (topology_discovery.cpp:92)
2026-10-07 22:31:22.912 | warning  |             UMD | Low power mode is disabled while UMD holds open file descriptors. The device will return to low power mode once all file descriptors are closed. (topology_discovery.cpp:140)
2026-10-07 22:31:22.913 | info     |             UMD | Established firmware bundle version: 19.13.2 (topology_discovery.cpp:544)
2026-10-07 22:31:22.913 | info     |             UMD | Firmware bundle version 19.13.2 on the system is newer than the latest fully tested version 19.5.0 for blackhole architecture. Newest features may not be supported. (topology_discovery.cpp:570)
2026-10-07 22:31:22.914 | info     |             UMD | Completed topology discovery. (topology_discovery.cpp:96)
2026-10-07 22:31:22.914 | info     |             UMD | Harvesting masks for Chip 0: Tensix: 0xc0 DRAM: 0x0 ETH: 0x120 PCIe: 0x2 L2CPU: 0x0 (cluster.cpp:262)
2026-10-07 22:31:22.914 | info     |             UMD | Initializing iommu for sysmem (size: 0x40000000). (silicon_sysmem_manager.cpp:334)
2026-10-07 22:31:22.914 | info     |             UMD | Allocating sysmem for IOMMU (size: 0x40000000). (silicon_sysmem_manager.cpp:340)
2026-10-07 22:31:22.988 | info     |             UMD | Opening local chip ids/PCIe ids: {0}/[0] and remote chip ids {} (cluster.cpp:153)
2026-10-07 22:31:22.989 | info     |             UMD | IOMMU: enabled (cluster.cpp:133)
2026-10-07 22:31:22.989 | info     |             UMD | KMD version: 2.9.0 (cluster.cpp:136)
2026-10-07 22:31:22.989 | info     |             UMD | Cluster constructor completed. (cluster.cpp:409)
2026-10-07 22:31:22.990 | info     |             UMD | Starting devices in cluster (cluster.cpp:1044)
2026-10-07 22:31:22.991 | info     |             UMD | Mapped sysmem without hugepages to IOVA 0x80000000; NOC address 0x1000000000000000 (silicon_sysmem_manager.cpp:391)
2026-10-07 22:31:22.991 | info     |             UMD | Starting devices in cluster completed. (cluster.cpp:1052)
2026-10-07 22:31:23.309 | info     |     Distributed | Using auto discovery to generate mesh graph. (metal_env.cpp:332)
2026-10-07 22:31:23.309 | info     |     Distributed | Constructing control plane using auto-discovery (no mesh graph descriptor). (metal_env.cpp:394)
2026-10-07 22:31:23.309 | info     |             UMD | Creating TopologyDiscovery for architecture: blackhole (topology_discovery.cpp:75)
2026-10-07 22:31:23.309 | info     |             UMD | Starting topology discovery. (topology_discovery.cpp:92)
2026-10-07 22:31:23.311 | warning  |             UMD | Low power mode is disabled while UMD holds open file descriptors. The device will return to low power mode once all file descriptors are closed. (topology_discovery.cpp:140)
2026-10-07 22:31:23.312 | info     |             UMD | Established firmware bundle version: 19.13.2 (topology_discovery.cpp:544)
2026-10-07 22:31:23.312 | info     |             UMD | Firmware bundle version 19.13.2 on the system is newer than the latest fully tested version 19.5.0 for blackhole architecture. Newest features may not be supported. (topology_discovery.cpp:570)
2026-10-07 22:31:23.313 | info     |             UMD | Completed topology discovery. (topology_discovery.cpp:96)
2026-10-07 22:31:23.314 | warning  |          Always | Unknown motherboard 'H12DSG-O-CPU' for chip_id=0 (bus_id=0x61) — defaulting tray_id to 0. Add this motherboard and its bus IDs to mobo_to_bus_ids in physical_system_discovery.cpp. (physical_system_discovery.cpp:56)
2026-10-07 22:31:23.314 | info     |          Fabric | TopologyMapper: Logical Multi-Mesh Adjacency Map: (topology_mapper.cpp:1474)
2026-10-07 22:31:23.314 | info     |          Fabric | 
=== Logical Mesh-Level Graph Adjacency Map ===
Total nodes: 1
Degree histogram: {0:1}
 (topology_solver.tpp:94)
2026-10-07 22:31:23.314 | info     |          Fabric | 
=== Logical Mesh 0 Internal Graph Adjacency Map ===
Total nodes: 1
Degree histogram: {0:1}
 (topology_solver.tpp:94)
2026-10-07 22:31:23.314 | info     |          Fabric | TopologyMapper: Physical Multi-Mesh Adjacency Map: (topology_mapper.cpp:1485)
2026-10-07 22:31:23.314 | info     |          Fabric | 
=== Physical Mesh-Level Graph Adjacency Map ===
Total nodes: 1
Degree histogram: {0:1}
 (topology_solver.tpp:94)
2026-10-07 22:31:23.314 | info     |          Fabric | 
=== Physical Mesh 0 Internal Graph Adjacency Map ===
Total nodes: 1
Degree histogram: {0:1}
 (topology_solver.tpp:94)
2026-10-07 22:31:23.314 | info     |          Fabric | Starting multi-mesh mapping: 1 logical mesh(es) to 1 physical mesh(es) (topology_mapper_utils.cpp:1465)
2026-10-07 22:31:23.314 | info     |          Fabric | Multi-mesh mapping attempt 1/2: Trying inter-mesh mapping (topology_mapper_utils.cpp:1506)
2026-10-07 22:31:23.314 | info     |          Fabric | Attempt 1: Inter-mesh mapping succeeded, found 1 mesh pair(s) (topology_mapper_utils.cpp:1535)
2026-10-07 22:31:23.314 | info     |          Fabric | Attempt 1: Mapping 1 mesh pair(s) (topology_mapper_utils.cpp:1547)
2026-10-07 22:31:23.314 | info     |          Fabric | Attempt 1: Mapping mesh 0 -> 0 (topology_mapper_utils.cpp:1549)
2026-10-07 22:31:23.314 | info     |          Fabric | Multi-mesh mapping succeeded after 1 attempt(s): 1 mesh pair(s) mapped (topology_mapper_utils.cpp:1682)
2026-10-07 22:31:23.407 | info     |           Metal | ShmResourceTracker: removed stale shm '/tt_d2h_37258_2025135941_0' (shm_resource_tracker.cpp:265)
2026-10-07 22:31:23.407 | info     |           Metal | ShmResourceTracker: removed stale manifest '/dev/shm/tt_socket_manifest_37258' (shm_resource_tracker.cpp:275)
2026-10-07 22:31:23.407 | info     |           Metal | ShmResourceTracker: removed orphaned shm '/tt_device_7293119525253728464_memory' (shm_resource_tracker.cpp:282)
2026-10-07 22:31:23.998 | info     |           Metal | [Real-time profiler] Device 0 sync complete: 100 samples, frequency=1.349771 GHz, device_time_at_sync=95895287407094 cycles (realtime_profiler_manager.cpp:1075)
[DEV] command queues 2, compute grid 11x10
[JIT_WARMUP] ideal-path contexts compiled in 1122.6 ms
[SORT] mover table p150 (cluster type 7, detected p150)
[TA] K2 fold=1 (enabled 1 dual 1 screen tiles 1024 speed split 1)
[SORT] ONELAUNCH early=1 why=0 (tiles 1024 row_pages 64 cores 110)
[SORT] ONELAUNCH v2 OL_PB=8 OL_RING=8 OL_WIN_PAGES=1024 OL_MAT_SELECT=0 OL_BREC_BULK=1 OL_EMIT_TOWN=1 cb_bytes/mover=567680 shared=22400
[SORT] ONELAUNCH k2_fold=1 early=1 cq1=1 (enqueued behind the K2; cores 110 row_pages 64 tiles 1024)
[SUBCHUNK] tiles_split=86 total_subchunks=1113 max_subchunks_per_tile=3 payload_pages=45770
[SORT] stage=ONELAUNCH P=2895629 P_kept=2895629 num_tiles=1024 max_tile_n=22979 onelaunch=0.72 layout=0.10 pub_host=0.34 total=1.24ms
[run] timing 30 views (warmup excluded)
[SUBCHUNK] tiles_split=86 total_subchunks=1113 max_subchunks_per_tile=3 payload_pages=45770
[SORT] stage=ONELAUNCH P=2895629 P_kept=2895629 num_tiles=1024 max_tile_n=22979 onelaunch=2.77 layout=0.08 pub_host=0.31 total=3.17ms
VIEW_STAGES i=0 name=hero wall=13.91 project=3.44 sort=3.37 blend=6.65 d2h=0.37 view_total=13.84 sort_bin_layout=0.08 sort_bin_emit=2.77 sort_publish_host=0.31 sort_mat=0.09 project_pfwc_rtargs=0.11 project_gather_wait=3.27
[run]   view=hero 13.9ms saved=view00_hero.png
[SUBCHUNK] tiles_split=64 total_subchunks=1090 max_subchunks_per_tile=3 payload_pages=33181
[SORT] stage=ONELAUNCH P=2090575 P_kept=2090575 num_tiles=1024 max_tile_n=19171 onelaunch=3.07 layout=0.08 pub_host=0.33 total=3.49ms
VIEW_STAGES i=1 name=orb_00 wall=12.28 project=2.88 sort=3.72 blend=5.22 d2h=0.38 view_total=12.22 sort_bin_layout=0.08 sort_bin_emit=3.07 sort_publish_host=0.33 sort_mat=0.11 project_pfwc_rtargs=0.10 project_pfwc_enqueue=0.09 project_gather_wait=2.67
[run]   view=orb_00 12.3ms saved=view01_orb_00.png
[SUBCHUNK] tiles_split=63 total_subchunks=1090 max_subchunks_per_tile=3 payload_pages=34324
[SORT] stage=ONELAUNCH P=2164042 P_kept=2164042 num_tiles=1024 max_tile_n=18956 onelaunch=2.92 layout=0.08 pub_host=0.33 total=3.34ms
VIEW_STAGES i=2 name=orb_01 wall=12.54 project=2.87 sort=3.54 blend=5.36 d2h=0.71 view_total=12.49 sort_bin_layout=0.08 sort_bin_emit=2.92 sort_publish_host=0.33 sort_mat=0.10 project_pfwc_rtargs=0.09 project_pfwc_enqueue=0.06 project_gather_wait=2.71
[run]   view=orb_01 12.5ms saved=view02_orb_01.png
[SUBCHUNK] tiles_split=66 total_subchunks=1093 max_subchunks_per_tile=3 payload_pages=35760
[SORT] stage=ONELAUNCH P=2255766 P_kept=2255766 num_tiles=1024 max_tile_n=18906 onelaunch=2.87 layout=0.08 pub_host=0.35 total=3.30ms
VIEW_STAGES i=3 name=orb_02 wall=12.50 project=2.92 sort=3.52 blend=5.52 d2h=0.47 view_total=12.45 sort_bin_layout=0.08 sort_bin_emit=2.87 sort_publish_host=0.35 sort_mat=0.11 project_pfwc_rtargs=0.09 project_pfwc_enqueue=0.06 project_gather_wait=2.75
[run]   view=orb_02 12.5ms saved=view03_orb_02.png
[SUBCHUNK] tiles_split=62 total_subchunks=1090 max_subchunks_per_tile=3 payload_pages=37612
[SORT] stage=ONELAUNCH P=2374790 P_kept=2374790 num_tiles=1024 max_tile_n=17834 onelaunch=2.94 layout=0.08 pub_host=0.37 total=3.40ms
VIEW_STAGES i=4 name=orb_03 wall=13.06 project=3.00 sort=3.62 blend=5.73 d2h=0.64 view_total=13.00 sort_bin_layout=0.08 sort_bin_emit=2.94 sort_publish_host=0.37 sort_mat=0.11 project_pfwc_rtargs=0.10 project_pfwc_enqueue=0.08 project_gather_wait=2.82
[run]   view=orb_03 13.1ms saved=view04_orb_03.png
[SUBCHUNK] tiles_split=68 total_subchunks=1096 max_subchunks_per_tile=3 payload_pages=39937
[SORT] stage=ONELAUNCH P=2523377 P_kept=2523377 num_tiles=1024 max_tile_n=20034 onelaunch=2.89 layout=0.08 pub_host=0.35 total=3.32ms
VIEW_STAGES i=5 name=orb_04 wall=13.16 project=3.10 sort=3.53 blend=6.03 d2h=0.44 view_total=13.11 sort_bin_layout=0.08 sort_bin_emit=2.89 sort_publish_host=0.35 sort_mat=0.10 project_pfwc_rtargs=0.10 project_pfwc_enqueue=0.06 project_gather_wait=2.93
[run]   view=orb_04 13.2ms saved=view05_orb_04.png
[SUBCHUNK] tiles_split=70 total_subchunks=1097 max_subchunks_per_tile=3 payload_pages=43036
[SORT] stage=ONELAUNCH P=2722282 P_kept=2722282 num_tiles=1024 max_tile_n=22369 onelaunch=2.68 layout=0.08 pub_host=0.34 total=3.11ms
VIEW_STAGES i=6 name=orb_05 wall=13.68 project=3.24 sort=3.32 blend=6.40 d2h=0.65 view_total=13.62 sort_bin_layout=0.08 sort_bin_emit=2.68 sort_publish_host=0.34 sort_mat=0.10 project_pfwc_rtargs=0.10 project_pfwc_enqueue=0.08 project_gather_wait=3.05
[run]   view=orb_05 13.7ms saved=view06_orb_05.png
[SUBCHUNK] tiles_split=75 total_subchunks=1104 max_subchunks_per_tile=3 payload_pages=45752
[SORT] stage=ONELAUNCH P=2895762 P_kept=2895762 num_tiles=1024 max_tile_n=21267 onelaunch=2.64 layout=0.08 pub_host=0.34 total=3.07ms
VIEW_STAGES i=7 name=orb_06 wall=14.31 project=3.37 sort=3.59 blend=6.85 d2h=0.44 view_total=14.27 sort_bin_layout=0.08 sort_bin_emit=2.64 sort_publish_host=0.34 sort_mat=0.42 project_pfwc_rtargs=0.10 project_pfwc_enqueue=0.06 project_gather_wait=3.19
[run]   view=orb_06 14.3ms saved=view07_orb_06.png
[SUBCHUNK] tiles_split=81 total_subchunks=1109 max_subchunks_per_tile=3 payload_pages=48611
[SORT] stage=ONELAUNCH P=3078956 P_kept=3078956 num_tiles=1024 max_tile_n=21032 onelaunch=2.50 layout=0.08 pub_host=0.35 total=2.93ms
VIEW_STAGES i=8 name=orb_07 wall=14.58 project=3.57 sort=3.14 blend=7.09 d2h=0.69 view_total=14.53 sort_bin_layout=0.08 sort_bin_emit=2.50 sort_publish_host=0.35 sort_mat=0.10 project_pfwc_rtargs=0.10 project_pfwc_enqueue=0.07 project_gather_wait=3.38
[run]   view=orb_07 14.6ms saved=view08_orb_07.png
[SUBCHUNK] tiles_split=85 total_subchunks=1114 max_subchunks_per_tile=3 payload_pages=49703
[SORT] stage=ONELAUNCH P=3149841 P_kept=3149841 num_tiles=1024 max_tile_n=19047 onelaunch=2.64 layout=0.08 pub_host=0.36 total=3.09ms
VIEW_STAGES i=9 name=orb_08 wall=14.79 project=3.63 sort=3.30 blend=7.31 d2h=0.45 view_total=14.74 sort_bin_layout=0.08 sort_bin_emit=2.64 sort_publish_host=0.36 sort_mat=0.10 project_pfwc_rtargs=0.10 project_pfwc_enqueue=0.06 project_gather_wait=3.46
[run]   view=orb_08 14.8ms saved=view09_orb_08.png
[SUBCHUNK] tiles_split=84 total_subchunks=1113 max_subchunks_per_tile=3 payload_pages=50216
[SORT] stage=ONELAUNCH P=3181780 P_kept=3181780 num_tiles=1024 max_tile_n=19358 onelaunch=2.60 layout=0.08 pub_host=0.35 total=3.04ms
VIEW_STAGES i=10 name=orb_09 wall=15.03 project=3.66 sort=3.26 blend=7.35 d2h=0.67 view_total=14.98 sort_bin_layout=0.08 sort_bin_emit=2.60 sort_publish_host=0.35 sort_mat=0.10 project_pfwc_rtargs=0.10 project_pfwc_enqueue=0.06 project_gather_wait=3.48
[run]   view=orb_09 15.0ms saved=view10_orb_09.png
[SUBCHUNK] tiles_split=81 total_subchunks=1109 max_subchunks_per_tile=3 payload_pages=50327
[SORT] stage=ONELAUNCH P=3188467 P_kept=3188467 num_tiles=1024 max_tile_n=19519 onelaunch=2.48 layout=0.08 pub_host=0.34 total=2.91ms
VIEW_STAGES i=11 name=orb_10 wall=14.65 project=3.67 sort=3.09 blend=7.38 d2h=0.44 view_total=14.60 sort_bin_layout=0.08 sort_bin_emit=2.48 sort_publish_host=0.34 sort_mat=0.08 project_pfwc_rtargs=0.10 project_pfwc_enqueue=0.06 project_gather_wait=3.49
[run]   view=orb_10 14.6ms saved=view11_orb_10.png
[SUBCHUNK] tiles_split=82 total_subchunks=1111 max_subchunks_per_tile=3 payload_pages=49049
[SORT] stage=ONELAUNCH P=3106694 P_kept=3106694 num_tiles=1024 max_tile_n=20025 onelaunch=2.47 layout=0.09 pub_host=0.33 total=2.89ms
VIEW_STAGES i=12 name=orb_11 wall=14.78 project=3.59 sort=3.09 blend=7.19 d2h=0.84 view_total=14.73 sort_bin_layout=0.09 sort_bin_emit=2.47 sort_publish_host=0.33 sort_mat=0.10 project_pfwc_rtargs=0.11 project_pfwc_enqueue=0.06 project_gather_wait=3.41
[run]   view=orb_11 14.8ms saved=view12_orb_11.png
[SUBCHUNK] tiles_split=81 total_subchunks=1108 max_subchunks_per_tile=3 payload_pages=47132
[SORT] stage=ONELAUNCH P=2984152 P_kept=2984152 num_tiles=1024 max_tile_n=20390 onelaunch=2.56 layout=0.08 pub_host=0.33 total=2.98ms
VIEW_STAGES i=13 name=orb_12 wall=14.04 project=3.47 sort=3.18 blend=6.87 d2h=0.46 view_total=14.00 sort_bin_layout=0.08 sort_bin_emit=2.56 sort_publish_host=0.33 sort_mat=0.10 project_pfwc_rtargs=0.10 project_pfwc_enqueue=0.06 project_gather_wait=3.31
[run]   view=orb_12 14.0ms saved=view13_orb_12.png
[SUBCHUNK] tiles_split=79 total_subchunks=1106 max_subchunks_per_tile=3 payload_pages=45617
[SORT] stage=ONELAUNCH P=2887843 P_kept=2887843 num_tiles=1024 max_tile_n=20927 onelaunch=2.74 layout=0.08 pub_host=0.35 total=3.18ms
VIEW_STAGES i=14 name=orb_13 wall=14.18 project=3.44 sort=3.38 blend=6.65 d2h=0.65 view_total=14.13 sort_bin_layout=0.08 sort_bin_emit=2.74 sort_publish_host=0.35 sort_mat=0.10 project_pfwc_rtargs=0.10 project_pfwc_enqueue=0.07 project_gather_wait=3.25
[run]   view=orb_13 14.2ms saved=view14_orb_13.png
[SUBCHUNK] tiles_split=75 total_subchunks=1101 max_subchunks_per_tile=3 payload_pages=44556
[SORT] stage=ONELAUNCH P=2818980 P_kept=2818980 num_tiles=1024 max_tile_n=21145 onelaunch=2.74 layout=0.08 pub_host=0.34 total=3.17ms
VIEW_STAGES i=15 name=orb_14 wall=13.71 project=3.41 sort=3.36 blend=6.46 d2h=0.38 view_total=13.62 sort_bin_layout=0.08 sort_bin_emit=2.74 sort_publish_host=0.34 sort_mat=0.07 project_pfwc_rtargs=0.12 project_pfwc_enqueue=0.12 project_gather_wait=3.15
[run]   view=orb_14 13.7ms saved=view15_orb_14.png
[SUBCHUNK] tiles_split=75 total_subchunks=1101 max_subchunks_per_tile=3 payload_pages=43664
[SORT] stage=ONELAUNCH P=2762186 P_kept=2762186 num_tiles=1024 max_tile_n=19314 onelaunch=2.63 layout=0.08 pub_host=0.34 total=3.05ms
VIEW_STAGES i=16 name=orb_15 wall=13.70 project=3.31 sort=3.25 blend=6.32 d2h=0.75 view_total=13.64 sort_bin_layout=0.08 sort_bin_emit=2.63 sort_publish_host=0.34 sort_mat=0.09 project_pfwc_rtargs=0.10 project_pfwc_enqueue=0.06 project_gather_wait=3.14
[run]   view=orb_15 13.7ms saved=view16_orb_15.png
[SUBCHUNK] tiles_split=80 total_subchunks=1106 max_subchunks_per_tile=3 payload_pages=42989
[SORT] stage=ONELAUNCH P=2719305 P_kept=2719305 num_tiles=1024 max_tile_n=19744 onelaunch=2.68 layout=0.08 pub_host=0.34 total=3.10ms
VIEW_STAGES i=17 name=orb_16 wall=13.34 project=3.28 sort=3.30 blend=6.27 d2h=0.43 view_total=13.28 sort_bin_layout=0.08 sort_bin_emit=2.68 sort_publish_host=0.34 sort_mat=0.09 project_pfwc_rtargs=0.10 project_pfwc_enqueue=0.06 project_gather_wait=3.10
[run]   view=orb_16 13.3ms saved=view17_orb_16.png
[SUBCHUNK] tiles_split=79 total_subchunks=1105 max_subchunks_per_tile=3 payload_pages=42964
[SORT] stage=ONELAUNCH P=2717542 P_kept=2717542 num_tiles=1024 max_tile_n=18173 onelaunch=2.68 layout=0.08 pub_host=0.34 total=3.11ms
VIEW_STAGES i=18 name=orb_17 wall=13.57 project=3.30 sort=3.31 blend=6.22 d2h=0.67 view_total=13.51 sort_bin_layout=0.08 sort_bin_emit=2.68 sort_publish_host=0.34 sort_mat=0.09 project_pfwc_rtargs=0.10 project_pfwc_enqueue=0.07 project_gather_wait=3.12
[run]   view=orb_17 13.6ms saved=view18_orb_17.png
[SUBCHUNK] tiles_split=82 total_subchunks=1110 max_subchunks_per_tile=3 payload_pages=43226
[SORT] stage=ONELAUNCH P=2733748 P_kept=2733748 num_tiles=1024 max_tile_n=18007 onelaunch=2.73 layout=0.08 pub_host=0.33 total=3.14ms
VIEW_STAGES i=19 name=orb_18 wall=13.45 project=3.31 sort=3.35 blend=6.29 d2h=0.43 view_total=13.39 sort_bin_layout=0.08 sort_bin_emit=2.73 sort_publish_host=0.33 sort_mat=0.09 project_pfwc_rtargs=0.10 project_pfwc_enqueue=0.06 project_gather_wait=3.14
[run]   view=orb_18 13.4ms saved=view19_orb_18.png
[SUBCHUNK] tiles_split=78 total_subchunks=1105 max_subchunks_per_tile=3 payload_pages=43149
[SORT] stage=ONELAUNCH P=2729054 P_kept=2729054 num_tiles=1024 max_tile_n=18629 onelaunch=2.73 layout=0.08 pub_host=0.34 total=3.15ms
VIEW_STAGES i=20 name=orb_19 wall=13.67 project=3.32 sort=3.35 blend=6.26 d2h=0.67 view_total=13.61 sort_bin_layout=0.08 sort_bin_emit=2.73 sort_publish_host=0.34 sort_mat=0.09 project_pfwc_rtargs=0.10 project_pfwc_enqueue=0.07 project_gather_wait=3.14
[run]   view=orb_19 13.7ms saved=view20_orb_19.png
[SUBCHUNK] tiles_split=85 total_subchunks=1112 max_subchunks_per_tile=3 payload_pages=42920
[SORT] stage=ONELAUNCH P=2713776 P_kept=2713776 num_tiles=1024 max_tile_n=18369 onelaunch=2.81 layout=0.08 pub_host=0.34 total=3.22ms
VIEW_STAGES i=21 name=orb_20 wall=13.48 project=3.32 sort=3.44 blend=6.24 d2h=0.41 view_total=13.43 sort_bin_layout=0.08 sort_bin_emit=2.81 sort_publish_host=0.34 sort_mat=0.09 project_pfwc_rtargs=0.09 project_pfwc_enqueue=0.06 project_gather_wait=3.16
[run]   view=orb_20 13.5ms saved=view21_orb_20.png
[SUBCHUNK] tiles_split=82 total_subchunks=1109 max_subchunks_per_tile=3 payload_pages=42444
[SORT] stage=ONELAUNCH P=2684908 P_kept=2684908 num_tiles=1024 max_tile_n=22330 onelaunch=2.75 layout=0.08 pub_host=0.33 total=3.16ms
VIEW_STAGES i=22 name=orb_21 wall=13.58 project=3.31 sort=3.35 blend=6.19 d2h=0.67 view_total=13.53 sort_bin_layout=0.08 sort_bin_emit=2.75 sort_publish_host=0.33 sort_mat=0.09 project_pfwc_rtargs=0.11 project_pfwc_enqueue=0.06 project_gather_wait=3.12
[run]   view=orb_21 13.6ms saved=view22_orb_21.png
[SUBCHUNK] tiles_split=84 total_subchunks=1111 max_subchunks_per_tile=3 payload_pages=41219
[SORT] stage=ONELAUNCH P=2605190 P_kept=2605190 num_tiles=1024 max_tile_n=18553 onelaunch=2.83 layout=0.08 pub_host=0.33 total=3.25ms
VIEW_STAGES i=23 name=orb_22 wall=13.16 project=3.22 sort=3.44 blend=6.02 d2h=0.41 view_total=13.10 sort_bin_layout=0.08 sort_bin_emit=2.83 sort_publish_host=0.33 sort_mat=0.09 project_pfwc_rtargs=0.10 project_pfwc_enqueue=0.06 project_gather_wait=3.05
[run]   view=orb_22 13.2ms saved=view23_orb_22.png
[SUBCHUNK] tiles_split=79 total_subchunks=1105 max_subchunks_per_tile=3 payload_pages=39602
[SORT] stage=ONELAUNCH P=2502433 P_kept=2502433 num_tiles=1024 max_tile_n=20113 onelaunch=2.86 layout=0.08 pub_host=0.32 total=3.27ms
VIEW_STAGES i=24 name=orb_23 wall=13.17 project=3.13 sort=3.46 blend=5.85 d2h=0.67 view_total=13.12 sort_bin_layout=0.08 sort_bin_emit=2.86 sort_publish_host=0.32 sort_mat=0.09 project_pfwc_rtargs=0.10 project_pfwc_enqueue=0.06 project_gather_wait=2.95
[run]   view=orb_23 13.2ms saved=view24_orb_23.png
[SUBCHUNK] tiles_split=74 total_subchunks=1101 max_subchunks_per_tile=3 payload_pages=36821
[SORT] stage=ONELAUNCH P=2324571 P_kept=2324571 num_tiles=1024 max_tile_n=18871 onelaunch=2.89 layout=0.08 pub_host=0.33 total=3.30ms
VIEW_STAGES i=25 name=orb_24 wall=12.53 project=2.99 sort=3.50 blend=5.55 d2h=0.42 view_total=12.48 sort_bin_layout=0.08 sort_bin_emit=2.89 sort_publish_host=0.33 sort_mat=0.09 project_pfwc_rtargs=0.10 project_pfwc_enqueue=0.06 project_gather_wait=2.82
[run]   view=orb_24 12.5ms saved=view25_orb_24.png
[SUBCHUNK] tiles_split=67 total_subchunks=1094 max_subchunks_per_tile=3 payload_pages=34703
[SORT] stage=ONELAUNCH P=2188463 P_kept=2188463 num_tiles=1024 max_tile_n=21416 onelaunch=2.99 layout=0.08 pub_host=0.34 total=3.41ms
VIEW_STAGES i=26 name=orb_25 wall=12.59 project=2.92 sort=3.62 blend=5.33 d2h=0.66 view_total=12.54 sort_bin_layout=0.08 sort_bin_emit=2.99 sort_publish_host=0.34 sort_mat=0.10 project_pfwc_rtargs=0.10 project_pfwc_enqueue=0.06 project_gather_wait=2.74
[run]   view=orb_25 12.6ms saved=view26_orb_25.png
[SUBCHUNK] tiles_split=65 total_subchunks=1092 max_subchunks_per_tile=3 payload_pages=33321
[SORT] stage=ONELAUNCH P=2100242 P_kept=2100242 num_tiles=1024 max_tile_n=21340 onelaunch=3.00 layout=0.08 pub_host=0.34 total=3.42ms
VIEW_STAGES i=27 name=orb_26 wall=12.14 project=2.85 sort=3.64 blend=5.17 d2h=0.41 view_total=12.09 sort_bin_layout=0.08 sort_bin_emit=3.00 sort_publish_host=0.34 sort_mat=0.09 project_pfwc_rtargs=0.10 project_pfwc_enqueue=0.06 project_gather_wait=2.69
[run]   view=orb_26 12.1ms saved=view27_orb_26.png
[SUBCHUNK] tiles_split=65 total_subchunks=1092 max_subchunks_per_tile=3 payload_pages=32586
[SORT] stage=ONELAUNCH P=2052961 P_kept=2052961 num_tiles=1024 max_tile_n=21713 onelaunch=2.99 layout=0.08 pub_host=0.34 total=3.42ms
VIEW_STAGES i=28 name=orb_27 wall=12.33 project=2.82 sort=3.62 blend=5.15 d2h=0.66 view_total=12.28 sort_bin_layout=0.08 sort_bin_emit=2.99 sort_publish_host=0.34 sort_mat=0.09 project_pfwc_rtargs=0.10 project_pfwc_enqueue=0.06 project_gather_wait=2.65
[run]   view=orb_27 12.3ms saved=view28_orb_27.png
[SUBCHUNK] tiles_split=60 total_subchunks=1087 max_subchunks_per_tile=3 payload_pages=32524
[SORT] stage=ONELAUNCH P=2050213 P_kept=2050213 num_tiles=1024 max_tile_n=20666 onelaunch=3.16 layout=0.08 pub_host=0.36 total=3.60ms
VIEW_STAGES i=29 name=orb_28 wall=12.31 project=2.86 sort=3.81 blend=5.16 d2h=0.40 view_total=12.25 sort_bin_layout=0.08 sort_bin_emit=3.16 sort_publish_host=0.36 sort_mat=0.09 project_pfwc_rtargs=0.10 project_pfwc_enqueue=0.09 project_gather_wait=2.66
[run]   view=orb_28 12.3ms saved=view29_orb_28.png
SUMMARY scene=bicycle hero='hero' hero_vs_ref=nandB(8bit-vs-golden) hero_vs_cpu=nandB(float-vs-cpu) avg_frame_ms=13.5 p50_ms=13.5 min_ms=12.1 max_ms=15.0 n_views=30 warmup_s=1.7 out=/localdev/smarton/p150bench/tree358/tmp/t358-r1-B
TTW_TIMING ms_view=13.473
TTW_TIMING blend=13.473
TTW_TIMING stage_head=0.005
TTW_TIMING stage_project=3.240
TTW_TIMING stage_tile_assign=0.007
TTW_TIMING stage_sort=3.415
TTW_TIMING stage_blend_setup=0.000
TTW_TIMING stage_mat=0.000
TTW_TIMING stage_cull=0.000
TTW_TIMING stage_blend=6.202
TTW_TIMING stage_d2h=0.545
TTW_TIMING stage_assemble=0.000
TTW_TIMING stage_tail=0.003
TTW_TIMING stage_view_total=13.419
TTW_TIMING stage_pybind=0.054
STAGES n=30 head=0.005 project=3.240 tile_assign=0.007 sort=3.415 blend_setup=0.000 mat=0.000 cull=0.000 blend=6.202 d2h=0.545 assemble=0.000 tail=0.003 | sum=13.417 view_total=13.419 resid_in_view=+0.002 avg_frame_ms=13.473 resid_vs_frame=+0.056
TTW_TIMING stage_sort_pread=0.003
TTW_TIMING stage_sort_bin_count=0.000
TTW_TIMING stage_sort_bin_hist_d2h=0.000
TTW_TIMING stage_sort_bin_layout=0.081
TTW_TIMING stage_sort_upload=0.000
TTW_TIMING stage_sort_bin_emit=2.775
TTW_TIMING stage_sort_kernel=0.000
TTW_TIMING stage_sort_d2h=0.000
TTW_TIMING stage_sort_compact=0.000
TTW_TIMING stage_sort_publish_host=0.339
TTW_TIMING stage_sort_publish_wait=0.000
TTW_TIMING stage_sort_mat=0.103
TTW_TIMING stage_sort_other=0.113
SORT_STAGES n=30 pread=0.003 bin_count=0.000 bin_hist_d2h=0.000 bin_layout=0.081 upload=0.000 bin_emit=2.775 kernel=0.000 d2h=0.000 compact=0.000 publish_host=0.339 publish_wait=0.000 mat=0.103 | sum=3.301 sort=3.415 resid=+0.113
TTW_TIMING stage_project_cov3d=0.000
TTW_TIMING stage_project_pfwc_setup=0.008
TTW_TIMING stage_project_pfwc_rtargs=0.100
TTW_TIMING stage_project_pfwc_enqueue=0.066
TTW_TIMING stage_project_pfwc_finish=0.000
TTW_TIMING stage_project_gather_setup=0.002
TTW_TIMING stage_project_gather_rtargs=0.000
TTW_TIMING stage_project_gather_enqueue=0.000
TTW_TIMING stage_project_gather_wait=3.061
TTW_TIMING stage_project_gather_result=0.000
TTW_TIMING stage_project_other=0.002
PROJECT_STAGES n=30 cov3d=0.000 pfwc_setup=0.008 pfwc_rtargs=0.100 pfwc_enqueue=0.066 pfwc_finish=0.000 gather_setup=0.002 gather_rtargs=0.000 gather_enqueue=0.000 gather_wait=3.061 gather_result=0.000 | sum=3.238 project=3.240 resid=+0.002
TTW_TIMING stage_tile_assign_setup=0.005
TTW_TIMING stage_tile_assign_rtargs=0.000
TTW_TIMING stage_tile_assign_enqueue=0.000
TTW_TIMING stage_tile_assign_scan_finish=0.000
TTW_TIMING stage_tile_assign_p_d2h=0.000
TTW_TIMING stage_tile_assign_k2_finish=0.000
TTW_TIMING stage_tile_assign_publish=0.001
TTW_TIMING stage_tile_assign_other=0.001
TILE_ASSIGN_STAGES n=30 setup=0.005 rtargs=0.000 enqueue=0.000 scan_finish=0.000 p_d2h=0.000 k2_finish=0.000 publish=0.001 | sum=0.006 tile_assign=0.007 resid=+0.001
