2026-10-08 02:30:03.332 | INFO     | __main__:main:175 - Setting profiler artifacts folder to /localdev/smarton/gstt2-t413/tmp/t413/prof-c0
2026-10-08 02:30:03.334 | INFO     | __main__:main:336 - Using port 8086
2026-10-08 02:30:03.334 | INFO     | tracy:run_report_setup:88 - Verifying tracy profiling tools
2026-10-08 02:30:03.337 | INFO     | tracy:run_report_setup:108 - Capture command: ('/localdev/smarton/tt-metal/build/tools/profiler/bin/capture-release -o /localdev/smarton/gstt2-t413/tmp/t413/prof-c0/.logs/tracy_profile_log_host.tracy -f -p 8086',)
2026-10-08 02:30:03.342 | INFO     | __main__:main:400 - Test process started
Connecting to 127.0.0.1:8086...2026-10-08 02:30:03.931 | INFO     | __main__:main:175 - Setting profiler artifacts folder to /localdev/smarton/gstt2-t413/tmp/t413/prof-c0
[run] warmup (hero='hero', 1024x1024, scene=bicycle)
2026-10-08 02:30:05.518 | info     |             UMD | Creating TopologyDiscovery for architecture: blackhole (topology_discovery.cpp:75)
2026-10-08 02:30:05.518 | info     |             UMD | Starting topology discovery. (topology_discovery.cpp:92)
2026-10-08 02:30:05.520 | warning  |             UMD | Low power mode is disabled while UMD holds open file descriptors. The device will return to low power mode once all file descriptors are closed. (topology_discovery.cpp:140)
2026-10-08 02:30:05.521 | info     |             UMD | Established firmware bundle version: 19.12.0 (topology_discovery.cpp:544)
2026-10-08 02:30:05.521 | info     |             UMD | Firmware bundle version 19.12.0 on the system is newer than the latest fully tested version 19.5.0 for blackhole architecture. Newest features may not be supported. (topology_discovery.cpp:570)
2026-10-08 02:30:05.521 | info     |             UMD | Completed topology discovery. (topology_discovery.cpp:96)
2026-10-08 02:30:05.522 | info     |          Device | Opening user mode device driver (tt_cluster.cpp:225)
2026-10-08 02:30:05.522 | info     |             UMD | Cluster constructor started. (cluster.cpp:317)
2026-10-08 02:30:05.522 | info     |             UMD | Creating TopologyDiscovery for architecture: blackhole (topology_discovery.cpp:75)
2026-10-08 02:30:05.522 | info     |             UMD | Starting topology discovery. (topology_discovery.cpp:92)
2026-10-08 02:30:05.524 | warning  |             UMD | Low power mode is disabled while UMD holds open file descriptors. The device will return to low power mode once all file descriptors are closed. (topology_discovery.cpp:140)
2026-10-08 02:30:05.525 | info     |             UMD | Established firmware bundle version: 19.12.0 (topology_discovery.cpp:544)
2026-10-08 02:30:05.525 | info     |             UMD | Firmware bundle version 19.12.0 on the system is newer than the latest fully tested version 19.5.0 for blackhole architecture. Newest features may not be supported. (topology_discovery.cpp:570)
2026-10-08 02:30:05.525 | info     |             UMD | Completed topology discovery. (topology_discovery.cpp:96)
2026-10-08 02:30:05.525 | info     |             UMD | Harvesting masks for Chip 0: Tensix: 0x280 DRAM: 0x20 ETH: 0x3fff PCIe: 0x2 L2CPU: 0x0 (cluster.cpp:262)
2026-10-08 02:30:05.525 | info     |             UMD | Initializing iommu for sysmem (size: 0x40000000). (silicon_sysmem_manager.cpp:334)
2026-10-08 02:30:05.525 | info     |             UMD | Allocating sysmem for IOMMU (size: 0x40000000). (silicon_sysmem_manager.cpp:340)
2026-10-08 02:30:05.564 | info     |             UMD | Opening local chip ids/PCIe ids: {0}/[0] and remote chip ids {} (cluster.cpp:153)
2026-10-08 02:30:05.564 | info     |             UMD | IOMMU: enabled (cluster.cpp:133)
2026-10-08 02:30:05.564 | info     |             UMD | KMD version: 2.9.0 (cluster.cpp:136)
2026-10-08 02:30:05.564 | info     |             UMD | Cluster constructor completed. (cluster.cpp:409)
2026-10-08 02:30:05.565 | info     |             UMD | Starting devices in cluster (cluster.cpp:1044)
2026-10-08 02:30:05.566 | info     |             UMD | Mapped sysmem without hugepages to IOVA 0x80000000; NOC address 0x1000000000000000 (silicon_sysmem_manager.cpp:391)
2026-10-08 02:30:05.566 | info     |             UMD | Starting devices in cluster completed. (cluster.cpp:1052)
2026-10-08 02:30:06.050 | info     |     Distributed | Using auto discovery to generate mesh graph. (metal_env.cpp:332)
2026-10-08 02:30:06.050 | info     |     Distributed | Constructing control plane using auto-discovery (no mesh graph descriptor). (metal_env.cpp:394)
2026-10-08 02:30:06.050 | info     |             UMD | Creating TopologyDiscovery for architecture: blackhole (topology_discovery.cpp:75)
2026-10-08 02:30:06.050 | info     |             UMD | Starting topology discovery. (topology_discovery.cpp:92)
2026-10-08 02:30:06.051 | warning  |             UMD | Low power mode is disabled while UMD holds open file descriptors. The device will return to low power mode once all file descriptors are closed. (topology_discovery.cpp:140)
2026-10-08 02:30:06.052 | info     |             UMD | Established firmware bundle version: 19.12.0 (topology_discovery.cpp:544)
2026-10-08 02:30:06.052 | info     |             UMD | Firmware bundle version 19.12.0 on the system is newer than the latest fully tested version 19.5.0 for blackhole architecture. Newest features may not be supported. (topology_discovery.cpp:570)
2026-10-08 02:30:06.052 | info     |             UMD | Completed topology discovery. (topology_discovery.cpp:96)
2026-10-08 02:30:06.053 | warning  |          Always | Unknown motherboard 'X670E GAMING PLUS WIFI (MS-7E16)' for chip_id=0 (bus_id=0x1) — defaulting tray_id to 0. Add this motherboard and its bus IDs to mobo_to_bus_ids in physical_system_discovery.cpp. (physical_system_discovery.cpp:56)
2026-10-08 02:30:06.053 | info     |          Fabric | TopologyMapper: Logical Multi-Mesh Adjacency Map: (topology_mapper.cpp:1474)
2026-10-08 02:30:06.053 | info     |          Fabric |
=== Logical Mesh-Level Graph Adjacency Map ===
Total nodes: 1
Degree histogram: {0:1}
 (topology_solver.tpp:94)
2026-10-08 02:30:06.053 | info     |          Fabric |
=== Logical Mesh 0 Internal Graph Adjacency Map ===
Total nodes: 1
Degree histogram: {0:1}
 (topology_solver.tpp:94)
2026-10-08 02:30:06.053 | info     |          Fabric | TopologyMapper: Physical Multi-Mesh Adjacency Map: (topology_mapper.cpp:1485)
2026-10-08 02:30:06.053 | info     |          Fabric |
=== Physical Mesh-Level Graph Adjacency Map ===
Total nodes: 1
Degree histogram: {0:1}
 (topology_solver.tpp:94)
2026-10-08 02:30:06.053 | info     |          Fabric |
=== Physical Mesh 0 Internal Graph Adjacency Map ===
Total nodes: 1
Degree histogram: {0:1}
 (topology_solver.tpp:94)
2026-10-08 02:30:06.053 | info     |          Fabric | Starting multi-mesh mapping: 1 logical mesh(es) to 1 physical mesh(es) (topology_mapper_utils.cpp:1465)
2026-10-08 02:30:06.053 | info     |          Fabric | Multi-mesh mapping attempt 1/2: Trying inter-mesh mapping (topology_mapper_utils.cpp:1506)
2026-10-08 02:30:06.053 | info     |          Fabric | Attempt 1: Inter-mesh mapping succeeded, found 1 mesh pair(s) (topology_mapper_utils.cpp:1535)
2026-10-08 02:30:06.053 | info     |          Fabric | Attempt 1: Mapping 1 mesh pair(s) (topology_mapper_utils.cpp:1547)
2026-10-08 02:30:06.053 | info     |          Fabric | Attempt 1: Mapping mesh 0 -> 0 (topology_mapper_utils.cpp:1549)
2026-10-08 02:30:06.053 | info     |          Fabric | Multi-mesh mapping succeeded after 1 attempt(s): 1 mesh pair(s) mapped (topology_mapper_utils.cpp:1682)
2026-10-08 02:30:06.807 | info     |           Metal | Profiler started on device 0 (profiler_initializer.cpp:49)
2026-10-08 02:30:08.575 | info     |           Metal | ShmResourceTracker: removed stale shm '/tt_d2h_357232_1534638370_0' (shm_resource_tracker.cpp:265)
2026-10-08 02:30:08.575 | info     |           Metal | ShmResourceTracker: removed stale manifest '/dev/shm/tt_socket_manifest_357232' (shm_resource_tracker.cpp:275)
2026-10-08 02:30:08.575 | info     |           Metal | ShmResourceTracker: removed orphaned shm '/tt_device_198001_memory' (shm_resource_tracker.cpp:282)
2026-10-08 02:30:09.621 | info     |           Metal | [Real-time profiler] Device 0 sync complete: 100 samples, frequency=1.349982 GHz, device_time_at_sync=3228685459392 cycles (realtime_profiler_manager.cpp:1075)
[DEV] command queues 2, compute grid 11x10
[gsplat_tt::sort] bucket tile stride 512 pages, 7 DRAM banks
[JIT_WARMUP] ideal-path contexts compiled in 4121.2 ms
[TA] K2 fold=1 (enabled 1 dual 1 screen tiles 1024 speed split 1)
[SORT] ONELAUNCH early=1 why=0 (tiles 1024 row_pages 64 cores 110)
[SORT] ONELAUNCH v2 OL_PB=8 OL_RING=8 OL_WIN_PAGES=1024 OL_MAT_SELECT=0 OL_BREC_BULK=1 OL_EMIT_TOWN=1 cb_bytes/mover=567680 shared=22400
[SORT] ONELAUNCH k2_fold=1 early=1 cq1=1 (enqueued behind the K2; cores 110 row_pages 64 tiles 1024)
[SUBCHUNK] tiles_split=86 total_subchunks=1113 max_subchunks_per_tile=3 payload_pages=45770
[SORT] stage=ONELAUNCH P=2895629 P_kept=2895629 num_tiles=1024 max_tile_n=22979 onelaunch=0.21 layout=0.05 pub_host=0.15 total=0.45ms
OUT_RING new pinned slot (slots=1 grows=0 replaced=0)
MATBLEND_PROGRAM fz=1 zerocopy=1 pinned=1 frame=0
[run] timing 10 views (warmup excluded)
[SUBCHUNK] tiles_split=86 total_subchunks=1113 max_subchunks_per_tile=3 payload_pages=45770
[SORT] stage=ONELAUNCH P=2895629 P_kept=2895629 num_tiles=1024 max_tile_n=22979 onelaunch=0.23 layout=0.05 pub_host=0.15 total=0.43ms
OUT_RING new pinned slot (slots=2 grows=1 replaced=0)
[run]   view=hero 11.6ms
[SUBCHUNK] tiles_split=64 total_subchunks=1090 max_subchunks_per_tile=3 payload_pages=33181
[SORT] stage=ONELAUNCH P=2090575 P_kept=2090575 num_tiles=1024 max_tile_n=19171 onelaunch=0.22 layout=0.04 pub_host=0.14 total=0.41ms
OUT_RING new pinned slot (slots=3 grows=2 replaced=0)
[run]   view=orb_00 8.9ms
[SUBCHUNK] tiles_split=63 total_subchunks=1090 max_subchunks_per_tile=3 payload_pages=34324
[SORT] stage=ONELAUNCH P=2164042 P_kept=2164042 num_tiles=1024 max_tile_n=18956 onelaunch=0.24 layout=0.04 pub_host=0.14 total=0.43ms
OUT_RING new pinned slot (slots=4 grows=3 replaced=0)
[run]   view=orb_01 9.1ms
[SUBCHUNK] tiles_split=66 total_subchunks=1093 max_subchunks_per_tile=3 payload_pages=35760
[SORT] stage=ONELAUNCH P=2255766 P_kept=2255766 num_tiles=1024 max_tile_n=18906 onelaunch=0.23 layout=0.04 pub_host=0.15 total=0.42ms
[run]   view=orb_02 9.3ms
[SUBCHUNK] tiles_split=62 total_subchunks=1090 max_subchunks_per_tile=3 payload_pages=37612
[SORT] stage=ONELAUNCH P=2374790 P_kept=2374790 num_tiles=1024 max_tile_n=17834 onelaunch=0.19 layout=0.04 pub_host=0.14 total=0.37ms
[run]   view=orb_03 9.7ms
[SUBCHUNK] tiles_split=68 total_subchunks=1096 max_subchunks_per_tile=3 payload_pages=39937
[SORT] stage=ONELAUNCH P=2523377 P_kept=2523377 num_tiles=1024 max_tile_n=20034 onelaunch=0.24 layout=0.05 pub_host=0.14 total=0.43ms
[run]   view=orb_04 10.2ms
[SUBCHUNK] tiles_split=70 total_subchunks=1097 max_subchunks_per_tile=3 payload_pages=43036
[SORT] stage=ONELAUNCH P=2722282 P_kept=2722282 num_tiles=1024 max_tile_n=22369 onelaunch=0.18 layout=0.04 pub_host=0.14 total=0.37ms
[run]   view=orb_05 10.8ms
[SUBCHUNK] tiles_split=75 total_subchunks=1104 max_subchunks_per_tile=3 payload_pages=45752
[SORT] stage=ONELAUNCH P=2895762 P_kept=2895762 num_tiles=1024 max_tile_n=21267 onelaunch=0.19 layout=0.04 pub_host=0.14 total=0.37ms
[run]   view=orb_06 11.4ms
[SUBCHUNK] tiles_split=81 total_subchunks=1109 max_subchunks_per_tile=3 payload_pages=48611
[SORT] stage=ONELAUNCH P=3078956 P_kept=3078956 num_tiles=1024 max_tile_n=21032 onelaunch=0.18 layout=0.04 pub_host=0.14 total=0.37ms
[run]   view=orb_07 11.9ms
[SUBCHUNK] tiles_split=85 total_subchunks=1114 max_subchunks_per_tile=3 payload_pages=49703
[SORT] stage=ONELAUNCH P=3149841 P_kept=3149841 num_tiles=1024 max_tile_n=19047 onelaunch=0.18 layout=0.04 pub_host=0.15 total=0.37ms
2026-10-08 02:30:18.321 | info     |           Metal | Device kernel duration perf summary (device=0): count=1, min=4005399871ns, avg=4005399871.0ns, max=4005399871ns (profiler_analysis.cpp:645)
2026-10-08 02:30:18.321 | info     |           Metal | Device kernel duration perf histogram (device=0): (buckets=10, bucket_size=100ns, range=[4005399800..4005400800), underflow(<4005399800ns)=0, overflow(>=4005400800ns)=0) (profiler_analysis.cpp:682)
2026-10-08 02:30:18.321 | info     |           Metal |   [  4005399800 ..   4005399900) |########################################|        1 (profiler_analysis.cpp:700)
2026-10-08 02:30:18.321 | info     |           Metal |   [  4005399900 ..   4005400000) |                                        |        0 (profiler_analysis.cpp:700)
2026-10-08 02:30:18.321 | info     |           Metal |   [  4005400000 ..   4005400100) |                                        |        0 (profiler_analysis.cpp:700)
2026-10-08 02:30:18.321 | info     |           Metal |   [  4005400100 ..   4005400200) |                                        |        0 (profiler_analysis.cpp:700)
2026-10-08 02:30:18.321 | info     |           Metal |   [  4005400200 ..   4005400300) |                                        |        0 (profiler_analysis.cpp:700)
2026-10-08 02:30:18.321 | info     |           Metal |   [  4005400300 ..   4005400400) |                                        |        0 (profiler_analysis.cpp:700)
2026-10-08 02:30:18.321 | info     |           Metal |   [  4005400400 ..   4005400500) |                                        |        0 (profiler_analysis.cpp:700)
2026-10-08 02:30:18.321 | info     |           Metal |   [  4005400500 ..   4005400600) |                                        |        0 (profiler_analysis.cpp:700)
2026-10-08 02:30:18.321 | info     |           Metal |   [  4005400600 ..   4005400700) |                                        |        0 (profiler_analysis.cpp:700)
2026-10-08 02:30:18.321 | info     |           Metal |   [  4005400700 ..   4005400800) |                                        |        0 (profiler_analysis.cpp:700)
[run]   view=orb_08 1640.9ms
SUMMARY scene=bicycle hero='hero' hero_vs_ref=nandB(8bit-vs-golden) hero_vs_cpu=nandB(float-vs-cpu) avg_frame_ms=173.4 p50_ms=10.5 min_ms=8.9 max_ms=1640.9 n_views=10 warmup_s=11.3 out=/localdev/smarton/gstt2-t413/tmp/t413-T0
TTW_TIMING ms_view=173.367
TTW_TIMING blend=173.367
TTW_TIMING stage_head=0.002
TTW_TIMING stage_project=2.859
TTW_TIMING stage_tile_assign=0.004
TTW_TIMING stage_sort=0.497
TTW_TIMING stage_blend_setup=0.000
TTW_TIMING stage_mat=0.000
TTW_TIMING stage_cull=0.000
TTW_TIMING stage_blend=7.056
TTW_TIMING stage_d2h=0.003
TTW_TIMING stage_assemble=0.000
TTW_TIMING stage_tail=162.867
TTW_TIMING stage_xview=0.042
TTW_TIMING stage_view_total=173.333
TTW_TIMING stage_pybind=0.035
STAGES n=10 head=0.002 project=2.859 tile_assign=0.004 sort=0.497 blend_setup=0.000 mat=0.000 cull=0.000 blend=7.056 d2h=0.003 assemble=0.000 tail=162.867 xview=0.042 | sum=173.332 view_total=173.333 resid_in_view=+0.001 avg_frame_ms=173.367 resid_vs_frame=+0.036 xview_hits=9 xview_misses=0
TTW_TIMING stage_sort_pread=0.001
TTW_TIMING stage_sort_bin_count=0.000
TTW_TIMING stage_sort_bin_hist_d2h=0.000
TTW_TIMING stage_sort_bin_layout=0.043
TTW_TIMING stage_sort_upload=0.000
TTW_TIMING stage_sort_bin_emit=0.207
TTW_TIMING stage_sort_kernel=0.000
TTW_TIMING stage_sort_d2h=0.000
TTW_TIMING stage_sort_compact=0.000
TTW_TIMING stage_sort_publish_host=0.144
TTW_TIMING stage_sort_publish_wait=0.000
TTW_TIMING stage_sort_mat=0.034
TTW_TIMING stage_sort_other=0.068
SORT_STAGES n=10 pread=0.001 bin_count=0.000 bin_hist_d2h=0.000 bin_layout=0.043 upload=0.000 bin_emit=0.207 kernel=0.000 d2h=0.000 compact=0.000 publish_host=0.144 publish_wait=0.000 mat=0.034 | sum=0.430 sort=0.497 resid=+0.068
TTW_TIMING stage_project_cov3d=0.000
TTW_TIMING stage_project_pfwc_setup=0.002
TTW_TIMING stage_project_pfwc_rtargs=0.036
TTW_TIMING stage_project_pfwc_enqueue=0.012
TTW_TIMING stage_project_pfwc_finish=0.000
TTW_TIMING stage_project_gather_setup=0.001
TTW_TIMING stage_project_gather_rtargs=0.000
TTW_TIMING stage_project_gather_enqueue=0.000
TTW_TIMING stage_project_gather_wait=2.849
TTW_TIMING stage_project_gather_result=0.000
TTW_TIMING stage_project_other=-0.041
PROJECT_STAGES n=10 cov3d=0.000 pfwc_setup=0.002 pfwc_rtargs=0.036 pfwc_enqueue=0.012 pfwc_finish=0.000 gather_setup=0.001 gather_rtargs=0.000 gather_enqueue=0.000 gather_wait=2.849 gather_result=0.000 | sum=2.900 project=2.859 resid=-0.041
TTW_TIMING stage_tile_assign_setup=0.003
TTW_TIMING stage_tile_assign_rtargs=0.000
TTW_TIMING stage_tile_assign_enqueue=0.000
TTW_TIMING stage_tile_assign_scan_finish=0.000
TTW_TIMING stage_tile_assign_p_d2h=0.000
TTW_TIMING stage_tile_assign_k2_finish=0.000
TTW_TIMING stage_tile_assign_publish=0.000
TTW_TIMING stage_tile_assign_other=0.000
TILE_ASSIGN_STAGES n=10 setup=0.003 rtargs=0.000 enqueue=0.000 scan_finish=0.000 p_d2h=0.000 k2_finish=0.000 publish=0.000 | sum=0.004 tile_assign=0.004 resid=+0.000

Queue delay: 15 ns
Timer resolution: 0 ns

Frames: 2
Time span: 17.07 s
Zones: 566,192
Elapsed time: 13.41 s
Saving trace... done!
Trace size 7334.43 KB (26.71% ratio)
2026-10-08 02:30:19.391 | INFO     | tracy:generate_report:154 - Host side ops time report generated at /localdev/smarton/gstt2-t413/tmp/t413/prof-c0/.logs/tracy_ops_times.csv
2026-10-08 02:30:19.404 | INFO     | tracy:generate_report:165 - Host side ops data report generated at /localdev/smarton/gstt2-t413/tmp/t413/prof-c0/.logs/tracy_ops_data.csv
2026-10-08 02:30:19.404 | INFO     | tracy.process_ops_logs:import_tracy_op_logs:255 - Importing ops logs
/localdev/smarton/tt-metal/tools/tracy/process_ops_logs.py:360: DtypeWarning: Columns (3) have mixed types. Specify dtype option on import or set low_memory=False.
  df = pd.read_csv(tracyOpTimesLog)
2026-10-08 02:30:20.155 | INFO     | tracy.process_ops_logs:get_device_data_generate_report:1014 - Copying runtime artifacts
2026-10-08 02:30:20.214 | INFO     | tracy.process_ops_logs:get_device_data_generate_report:1020 - Getting device only ops data
2026-10-08 02:30:22.160 | INFO     | tracy.process_device_log:core_to_device_timeseries:416 - Importing Data For Device Number : 0
2026-10-08 02:30:25.454 | INFO     | tracy.process_ops_logs:get_device_data_generate_report:1032 - Generating device op report ...
2026-10-08 02:30:25.463 | INFO     | tracy.process_ops_logs:get_device_data_generate_report:1210 - Device only OPs csv generated at: /localdev/smarton/gstt2-t413/tmp/t413/prof-c0/reports/2026_10_08_02_30_20/ops_perf_results_2026_10_08_02_30_20.csv
2026-10-08 02:30:25.463 | INFO     | tracy.process_ops_logs:get_device_data_generate_report:1219 - Device only per core op to op times csv generated at: /localdev/smarton/gstt2-t413/tmp/t413/prof-c0/reports/2026_10_08_02_30_20/per_core_op_to_op_times_2026_10_08_02_30_20.csv
