[ttw 2026-10-07T22:30:35-0400] WARNING: devrun (--timeout / ttw.toml timeout_s) timeout=540s is over the 400s reservation limit — RUNNING IT ANYWAY.
[ttw 2026-10-07T22:30:35-0400]   timeout_sec IS the reservation: a crash squats on the shared device for the full 540s.
[ttw 2026-10-07T22:30:35-0400]   FIX THE RUN — never skip it, never just raise the number. Two levers:
[ttw 2026-10-07T22:30:35-0400]   (a) MOVE WORK OFF THE RESERVATION (it carries device compute only):
[ttw 2026-10-07T22:30:35-0400]       cold JIT compile       -> tt_metal/tools/kernel_prewarm/prewarm_and_submit.sh
[ttw 2026-10-07T22:30:35-0400]       profiler post-process  -> capture with 'tracy -p' only; process_ops_logs.py on the host
[ttw 2026-10-07T22:30:35-0400]       CPU reference / PCC    -> run the oracle off-reservation
[ttw 2026-10-07T22:30:35-0400]   (b) CHUNK IT — each chunk lands under the limit, and ALL the work still runs:
[ttw 2026-10-07T22:30:35-0400]       monolithic pipeline    -> one capture per stage/block, stitch off-device
[ttw 2026-10-07T22:30:35-0400]       long sweep             -> several shorter jobs
[ttw 2026-10-07T22:30:35-0400]       untraced/eager gen     -> the traced/warm path
[ttw 2026-10-07T22:30:35-0400]   Proceeding with this run. Size the next from the MEASURED device-held time (aim <=400s).
================ BUILD ID ================
  cpp : #124 sha=0cc15151 bin=dda8fd8c69ec517b t413 0cc15151 per-job mat zones (yyzo-bh-04)
  data: # sha= 
=========================================
host=yyzo-bh-04  tag=t413-T10  timeout=540s  worry=600s  ts=2026-10-07T22:30:37-0400
cmd: T=/localdev/smarton/gstt2-t413 bash /localdev/smarton/gstt2-t413/docs/mat-job-zones-t413/remote_tracy.sh 10
-----------------------------------------
=== tracy c10 0cc15151 02:30:38
tracy c10 rc=0 02:30:52
MATBLEND_PROGRAM fz=1 zerocopy=1 pinned=1 frame=0
SUMMARY scene=bicycle hero='hero' hero_vs_ref=nandB(8bit-vs-golden) hero_vs_cpu=nandB(float-vs-cpu) avg_frame_ms=175.9 p50_ms=11.5 min_ms=10.6 max_ms=1656.0 n_views=10 warmup_s=1.6 out=/localdev/smarton/gstt2-t413/tmp/t413-T10
STAGES n=10 head=0.002 project=3.106 tile_assign=0.003 sort=0.476 blend_setup=0.000 mat=0.000 cull=0.000 blend=7.703 d2h=0.004 assemble=0.000 tail=164.518 xview=0.043 | sum=175.855 view_total=175.856 resid_in_view=+0.001 avg_frame_ms=175.889 resid_vs_frame=+0.034 xview_hits=9 xview_misses=0
SORT_STAGES n=10 pread=0.001 bin_count=0.000 bin_hist_d2h=0.000 bin_layout=0.044 upload=0.000 bin_emit=0.188 kernel=0.000 d2h=0.000 compact=0.000 publish_host=0.152 publish_wait=0.000 mat=0.035 | sum=0.420 sort=0.476 resid=+0.056
XVIEW_HITS c10 9/10
device csv c10 rows 556652 mj_zones 153456
[ttw] log: /Users/smarton/dev/gsplat_tt/tt-project/worktrees/t413/tmp/ttw-state/logs/t413-T10-20261007-223035.log
