================ BUILD ID ================
  cpp : #96 sha=113519a bin=39a9939232d65d97 iter33: gated GSPLAT_TT_PROJ_BALANCE strided gather + GATHER_STATS diag
  data: # sha= 
=========================================
host=yyzo-bh-03  tag=bal-on-8v  timeout=900s  worry=600s  ts=2026-06-01T21:08:14-0700
cmd: export TT_METAL_HOME=/localdev/smarton/tt-metal TT_METAL_RUNTIME_ROOT=/localdev/smarton/tt-metal TT_METAL_CACHE=/localdev/smarton/.cache/tt-metal-cache TT_METAL_ARCH_NAME=blackhole MESH_DEVICE=P100 GSPLAT_TT_BLEND_MODE=2 GSPLAT_TT_MB_KERNEL=1 GSPLAT_TT_MB_DEVCULL=1 GSPLAT_TT_DEVICE_PROJECT=1 GSPLAT_TT_RESIDENT_PROJECT=1 GSPLAT_TT_RESIDENT_GATHER=1 GSPLAT_TT_DEVICE_TILE_ASSIGN=1 GSPLAT_TT_RESIDENT_TA_IN=1 GSPLAT_TT_DEVICE_SORT=1 GSPLAT_TT_RESIDENT_PAIRS=1 GSPLAT_TT_RESIDENT_BLEND=1 GSPLAT_TT_SORT_DEVICE_PUBLISH=1 GSPLAT_TT_TA_DEVICE_SCAN=1 GSPLAT_TT_SFPU_CULL=1 GSPLAT_TT_FUSED_TILE=1 GSPLAT_TT_MB_TIMING=1 GSPLAT_TT_PROJ_BALANCE=1; source .venv/bin/activate 2>/dev/null; .venv/bin/python3 scripts/a003_verify.py --views 8 --iter-dir loop-balon8 --out opt/loop-balon8.json
-----------------------------------------
BUILD-ID VERIFY OK: cpp#96 bin=39a9939232d65d97 matches the built+stamped artifact
2026-06-02 04:08:17.211 | info     |             UMD | Creating TopologyDiscovery for architecture: blackhole (topology_discovery.cpp:75)
2026-06-02 04:08:17.211 | info     |             UMD | Starting topology discovery. (topology_discovery.cpp:92)
2026-06-02 04:08:17.212 | warning  |             UMD | Low power mode is disabled while UMD holds open file descriptors. The device will return to low power mode once all file descriptors are closed. (topology_discovery.cpp:143)
2026-06-02 04:08:17.212 | warning  |             UMD | KMD version 2.4.1 does not support power state management. (pci_device.cpp:1067)
2026-06-02 04:08:17.212 | info     |             UMD | Established firmware bundle version: 18.12.1 (topology_discovery.cpp:544)
2026-06-02 04:08:17.212 | info     |             UMD | Completed topology discovery. (topology_discovery.cpp:96)
2026-06-02 04:08:17.212 | info     |          Device | Opening user mode device driver (tt_cluster.cpp:225)
2026-06-02 04:08:17.212 | info     |             UMD | Cluster constructor started. (cluster.cpp:317)
2026-06-02 04:08:17.212 | info     |             UMD | Creating TopologyDiscovery for architecture: blackhole (topology_discovery.cpp:75)
2026-06-02 04:08:17.212 | info     |             UMD | Starting topology discovery. (topology_discovery.cpp:92)
2026-06-02 04:08:17.212 | warning  |             UMD | Low power mode is disabled while UMD holds open file descriptors. The device will return to low power mode once all file descriptors are closed. (topology_discovery.cpp:143)
2026-06-02 04:08:17.212 | warning  |             UMD | KMD version 2.4.1 does not support power state management. (pci_device.cpp:1067)
2026-06-02 04:08:17.213 | info     |             UMD | Established firmware bundle version: 18.12.1 (topology_discovery.cpp:544)
2026-06-02 04:08:17.213 | info     |             UMD | Completed topology discovery. (topology_discovery.cpp:96)
2026-06-02 04:08:17.213 | info     |             UMD | Harvesting masks for Chip 0: Tensix: 0xc0 DRAM: 0x8 ETH: 0x3fff PCIe: 0x2 L2CPU: 0x0 (cluster.cpp:270)
2026-06-02 04:08:17.213 | info     |             UMD | Initializing iommu for sysmem (size: 0x40000000). (silicon_sysmem_manager.cpp:334)
2026-06-02 04:08:17.213 | info     |             UMD | Allocating sysmem for IOMMU (size: 0x40000000). (silicon_sysmem_manager.cpp:340)
2026-06-02 04:08:17.252 | warning  |             UMD | KMD version 2.4.1 does not support power state management. (pci_device.cpp:1067)
2026-06-02 04:08:17.252 | info     |             UMD | Opening local chip ids/PCIe ids: {0}/[0] and remote chip ids {} (cluster.cpp:159)
2026-06-02 04:08:17.252 | info     |             UMD | IOMMU: enabled (cluster.cpp:133)
2026-06-02 04:08:17.252 | info     |             UMD | KMD version: 2.4.1 (cluster.cpp:136)
2026-06-02 04:08:17.252 | info     |             UMD | Cluster constructor completed. (cluster.cpp:409)
2026-06-02 04:08:17.254 | info     |             UMD | Starting devices in cluster (cluster.cpp:1044)
2026-06-02 04:08:17.254 | info     |             UMD | Mapped sysmem without hugepages to IOVA 0x80000000; NOC address 0x1000000000000000 (silicon_sysmem_manager.cpp:391)
2026-06-02 04:08:17.255 | info     |             UMD | Starting devices in cluster completed. (cluster.cpp:1052)
2026-06-02 04:08:17.750 | info     |     Distributed | Using auto discovery to generate mesh graph. (metal_env.cpp:332)
2026-06-02 04:08:17.750 | info     |     Distributed | Constructing control plane using auto-discovery (no mesh graph descriptor). (metal_env.cpp:394)
2026-06-02 04:08:17.750 | info     |             UMD | Creating TopologyDiscovery for architecture: blackhole (topology_discovery.cpp:75)
2026-06-02 04:08:17.750 | info     |             UMD | Starting topology discovery. (topology_discovery.cpp:92)
2026-06-02 04:08:17.750 | warning  |             UMD | Low power mode is disabled while UMD holds open file descriptors. The device will return to low power mode once all file descriptors are closed. (topology_discovery.cpp:143)
2026-06-02 04:08:17.750 | warning  |             UMD | KMD version 2.4.1 does not support power state management. (pci_device.cpp:1067)
2026-06-02 04:08:17.751 | info     |             UMD | Established firmware bundle version: 18.12.1 (topology_discovery.cpp:544)
2026-06-02 04:08:17.751 | info     |             UMD | Completed topology discovery. (topology_discovery.cpp:96)
2026-06-02 04:08:17.751 | warning  |          Always | Unknown motherboard 'X670E GAMING PLUS WIFI (MS-7E16)' for chip_id=0 (bus_id=0x1) — defaulting tray_id to 0. Add this motherboard and its bus IDs to mobo_to_bus_ids in physical_system_discovery.cpp. (physical_system_discovery.cpp:62)
2026-06-02 04:08:17.751 | info     |          Fabric | TopologyMapper: Logical Multi-Mesh Adjacency Map: (topology_mapper.cpp:1474)
2026-06-02 04:08:17.751 | info     |          Fabric | 
=== Logical Mesh-Level Graph Adjacency Map ===
Total nodes: 1
Degree histogram: {0:1}
 (topology_solver.tpp:94)
2026-06-02 04:08:17.751 | info     |          Fabric | 
=== Logical Mesh 0 Internal Graph Adjacency Map ===
Total nodes: 1
Degree histogram: {0:1}
 (topology_solver.tpp:94)
2026-06-02 04:08:17.751 | info     |          Fabric | TopologyMapper: Physical Multi-Mesh Adjacency Map: (topology_mapper.cpp:1485)
2026-06-02 04:08:17.751 | info     |          Fabric | 
=== Physical Mesh-Level Graph Adjacency Map ===
Total nodes: 1
Degree histogram: {0:1}
 (topology_solver.tpp:94)
2026-06-02 04:08:17.751 | info     |          Fabric | 
=== Physical Mesh 0 Internal Graph Adjacency Map ===
Total nodes: 1
Degree histogram: {0:1}
 (topology_solver.tpp:94)
2026-06-02 04:08:17.751 | info     |          Fabric | Starting multi-mesh mapping: 1 logical mesh(es) to 1 physical mesh(es) (topology_mapper_utils.cpp:1469)
2026-06-02 04:08:17.751 | info     |          Fabric | Multi-mesh mapping attempt 1/2: Trying inter-mesh mapping (topology_mapper_utils.cpp:1510)
2026-06-02 04:08:17.751 | info     |          Fabric | Attempt 1: Inter-mesh mapping succeeded, found 1 mesh pair(s) (topology_mapper_utils.cpp:1539)
2026-06-02 04:08:17.751 | info     |          Fabric | Attempt 1: Mapping 1 mesh pair(s) (topology_mapper_utils.cpp:1547)
2026-06-02 04:08:17.751 | info     |          Fabric | Attempt 1: Mapping mesh 0 -> 0 (topology_mapper_utils.cpp:1554)
2026-06-02 04:08:17.751 | info     |          Fabric | Multi-mesh mapping succeeded after 1 attempt(s): 1 mesh pair(s) mapped (topology_mapper_utils.cpp:1686)
2026-06-02 04:08:17.764 | info     |    BuildKernels | Using pre-compiled firmware from: /localdev/smarton/tt-metal/tt_metal/pre-compiled/431005707817566179/ (build_env_manager.cpp:260)
2026-06-02 04:08:17.949 | info     |           Metal | ShmResourceTracker: removed stale shm '/tt_d2h_82964_2085644616_0' (shm_resource_tracker.cpp:265)
2026-06-02 04:08:17.949 | info     |           Metal | ShmResourceTracker: removed stale manifest '/dev/shm/tt_socket_manifest_82964' (shm_resource_tracker.cpp:275)
2026-06-02 04:08:17.949 | info     |           Metal | ShmResourceTracker: removed orphaned shm '/tt_device_7490744194894819707_memory' (shm_resource_tracker.cpp:282)
2026-06-02 04:08:18.535 | info     |           Metal | [Real-time profiler] Device 0 sync complete: 100 samples, frequency=1.349980 GHz, device_time_at_sync=26627907873777 cycles (realtime_profiler_manager.cpp:1082)
[SORT] stage=RP P=3369033 P_kept=3369033 num_tiles=1024 max_tile_n=26496 bin=9.62 up=0.29 kernel=9.01 d2h=0.00 compact=0.00 publish=1.47 total=20.56ms
[FUSED_TILE] upload+exec+readback=201.6 ms (single Finish sort-publish+cull+blend)
[BLEND_DEVICE] resident_blend=204.8 ms (host_build=0)
[SORT] stage=RP P=3369033 P_kept=3369033 num_tiles=1024 max_tile_n=26496 bin=7.76 up=0.29 kernel=7.51 d2h=0.00 compact=0.00 publish=0.02 total=15.73ms
[FUSED_TILE] upload+exec+readback=190.1 ms (single Finish sort-publish+cull+blend)
[BLEND_DEVICE] resident_blend=193.1 ms (host_build=0)
[SORT] stage=RP P=2774729 P_kept=2774729 num_tiles=1024 max_tile_n=25136 bin=7.48 up=0.29 kernel=6.56 d2h=0.00 compact=0.00 publish=0.02 total=14.51ms
[FUSED_TILE] upload+exec+readback=159.7 ms (single Finish sort-publish+cull+blend)
[BLEND_DEVICE] resident_blend=162.7 ms (host_build=0)
[SORT] stage=RP P=3235251 P_kept=3235251 num_tiles=1024 max_tile_n=22592 bin=8.10 up=0.29 kernel=7.25 d2h=0.00 compact=0.00 publish=0.02 total=15.82ms
[FUSED_TILE] upload+exec+readback=179.8 ms (single Finish sort-publish+cull+blend)
[BLEND_DEVICE] resident_blend=183.0 ms (host_build=0)
[SORT] stage=RP P=1753355 P_kept=1753355 num_tiles=1024 max_tile_n=21360 bin=5.53 up=0.29 kernel=4.71 d2h=0.00 compact=0.00 publish=0.02 total=10.70ms
[FUSED_TILE] upload+exec+readback=123.1 ms (single Finish sort-publish+cull+blend)
[BLEND_DEVICE] resident_blend=126.3 ms (host_build=0)
[SORT] stage=RP P=934247 P_kept=934247 num_tiles=1024 max_tile_n=5248 bin=3.72 up=0.29 kernel=3.38 d2h=0.00 compact=0.00 publish=0.02 total=7.55ms
[FUSED_TILE] upload+exec+readback=54.1 ms (single Finish sort-publish+cull+blend)
[BLEND_DEVICE] resident_blend=57.2 ms (host_build=0)
[SORT] stage=RP P=1124461 P_kept=1124461 num_tiles=1024 max_tile_n=6544 bin=4.29 up=0.29 kernel=3.59 d2h=0.00 compact=0.00 publish=0.02 total=8.33ms
[FUSED_TILE] upload+exec+readback=65.4 ms (single Finish sort-publish+cull+blend)
[BLEND_DEVICE] resident_blend=68.5 ms (host_build=0)
[SORT] stage=RP P=835298 P_kept=835298 num_tiles=1024 max_tile_n=5536 bin=3.43 up=0.29 kernel=3.17 d2h=0.00 compact=0.00 publish=0.02 total=7.06ms
[FUSED_TILE] upload+exec+readback=50.7 ms (single Finish sort-publish+cull+blend)
[BLEND_DEVICE] resident_blend=53.8 ms (host_build=0)
[SORT] stage=RP P=1067596 P_kept=1067596 num_tiles=1024 max_tile_n=5104 bin=4.20 up=0.30 kernel=3.49 d2h=0.00 compact=0.00 publish=0.05 total=8.20ms
[FUSED_TILE] upload+exec+readback=59.8 ms (single Finish sort-publish+cull+blend)
[BLEND_DEVICE] resident_blend=63.0 ms (host_build=0)
[SORT] stage=RP P=3369033 P_kept=3369033 num_tiles=1024 max_tile_n=26496 bin=8.62 up=0.30 kernel=7.54 d2h=7.13 compact=0.00 publish=0.04 total=27.22ms
[SORT] stage=RP P=3369033 P_kept=3369033 num_tiles=1024 max_tile_n=26496 bin=8.59 up=0.30 kernel=7.54 d2h=7.13 compact=0.00 publish=0.04 total=27.07ms
[SORT] stage=RP P=2774729 P_kept=2774729 num_tiles=1024 max_tile_n=25136 bin=7.42 up=0.30 kernel=6.58 d2h=7.13 compact=0.00 publish=0.05 total=24.34ms
[SORT] stage=RP P=3235251 P_kept=3235251 num_tiles=1024 max_tile_n=22592 bin=8.50 up=0.30 kernel=7.27 d2h=7.13 compact=0.00 publish=0.04 total=26.66ms
[SORT] stage=RP P=1753355 P_kept=1753355 num_tiles=1024 max_tile_n=21360 bin=5.22 up=0.29 kernel=4.71 d2h=7.12 compact=0.00 publish=0.02 total=19.43ms
[SORT] stage=RP P=934247 P_kept=934247 num_tiles=1024 max_tile_n=5248 bin=3.49 up=0.29 kernel=3.37 d2h=7.11 compact=0.00 publish=0.02 total=15.28ms
[SORT] stage=RP P=1124461 P_kept=1124461 num_tiles=1024 max_tile_n=6544 bin=4.62 up=0.30 kernel=3.62 d2h=7.13 compact=0.00 publish=0.04 total=16.89ms
[SORT] stage=RP P=835298 P_kept=835298 num_tiles=1024 max_tile_n=5536 bin=3.80 up=0.30 kernel=3.19 d2h=7.13 compact=0.00 publish=0.04 total=15.44ms
[SORT] stage=RP P=1067596 P_kept=1067596 num_tiles=1024 max_tile_n=5104 bin=4.63 up=0.31 kernel=3.49 d2h=7.13 compact=0.00 publish=0.04 total=16.76ms
SUMMARY backend=tt blend_mode=2 views=8 hero_vs_gt=46.78dB hero_vs_ref=63.85dB min_vs_ref=37.53dB min_vs_gt=37.07dB ms/view=183.7 (proj=32.4 ta=21.3 sort=9.5 blend=97.6) shot=opt/metal-screenshots/loop-balon8/hero.png
