================ BUILD ID ================
  cpp : #96 sha=113519a bin=39a9939232d65d97 iter33: gated GSPLAT_TT_PROJ_BALANCE strided gather + GATHER_STATS diag
  data: # sha= 
=========================================
host=yyzo-bh-03  tag=bal-off-8v  timeout=900s  worry=600s  ts=2026-06-01T21:07:44-0700
cmd: export TT_METAL_HOME=/localdev/smarton/tt-metal TT_METAL_RUNTIME_ROOT=/localdev/smarton/tt-metal TT_METAL_CACHE=/localdev/smarton/.cache/tt-metal-cache TT_METAL_ARCH_NAME=blackhole MESH_DEVICE=P100 GSPLAT_TT_BLEND_MODE=2 GSPLAT_TT_MB_KERNEL=1 GSPLAT_TT_MB_DEVCULL=1 GSPLAT_TT_DEVICE_PROJECT=1 GSPLAT_TT_RESIDENT_PROJECT=1 GSPLAT_TT_RESIDENT_GATHER=1 GSPLAT_TT_DEVICE_TILE_ASSIGN=1 GSPLAT_TT_RESIDENT_TA_IN=1 GSPLAT_TT_DEVICE_SORT=1 GSPLAT_TT_RESIDENT_PAIRS=1 GSPLAT_TT_RESIDENT_BLEND=1 GSPLAT_TT_SORT_DEVICE_PUBLISH=1 GSPLAT_TT_TA_DEVICE_SCAN=1 GSPLAT_TT_SFPU_CULL=1 GSPLAT_TT_FUSED_TILE=1 GSPLAT_TT_MB_TIMING=1; source .venv/bin/activate 2>/dev/null; .venv/bin/python3 scripts/a003_verify.py --views 8 --iter-dir loop-baloff8 --out opt/loop-baloff8.json
-----------------------------------------
BUILD-ID VERIFY OK: cpp#96 bin=39a9939232d65d97 matches the built+stamped artifact
2026-06-02 04:07:46.779 | info     |             UMD | Creating TopologyDiscovery for architecture: blackhole (topology_discovery.cpp:75)
2026-06-02 04:07:46.779 | info     |             UMD | Starting topology discovery. (topology_discovery.cpp:92)
2026-06-02 04:07:46.779 | warning  |             UMD | Low power mode is disabled while UMD holds open file descriptors. The device will return to low power mode once all file descriptors are closed. (topology_discovery.cpp:143)
2026-06-02 04:07:46.779 | warning  |             UMD | KMD version 2.4.1 does not support power state management. (pci_device.cpp:1067)
2026-06-02 04:07:46.780 | info     |             UMD | Established firmware bundle version: 18.12.1 (topology_discovery.cpp:544)
2026-06-02 04:07:46.780 | info     |             UMD | Completed topology discovery. (topology_discovery.cpp:96)
2026-06-02 04:07:46.780 | info     |          Device | Opening user mode device driver (tt_cluster.cpp:225)
2026-06-02 04:07:46.780 | info     |             UMD | Cluster constructor started. (cluster.cpp:317)
2026-06-02 04:07:46.780 | info     |             UMD | Creating TopologyDiscovery for architecture: blackhole (topology_discovery.cpp:75)
2026-06-02 04:07:46.780 | info     |             UMD | Starting topology discovery. (topology_discovery.cpp:92)
2026-06-02 04:07:46.780 | warning  |             UMD | Low power mode is disabled while UMD holds open file descriptors. The device will return to low power mode once all file descriptors are closed. (topology_discovery.cpp:143)
2026-06-02 04:07:46.780 | warning  |             UMD | KMD version 2.4.1 does not support power state management. (pci_device.cpp:1067)
2026-06-02 04:07:46.781 | info     |             UMD | Established firmware bundle version: 18.12.1 (topology_discovery.cpp:544)
2026-06-02 04:07:46.781 | info     |             UMD | Completed topology discovery. (topology_discovery.cpp:96)
2026-06-02 04:07:46.781 | info     |             UMD | Harvesting masks for Chip 0: Tensix: 0xc0 DRAM: 0x8 ETH: 0x3fff PCIe: 0x2 L2CPU: 0x0 (cluster.cpp:270)
2026-06-02 04:07:46.781 | info     |             UMD | Initializing iommu for sysmem (size: 0x40000000). (silicon_sysmem_manager.cpp:334)
2026-06-02 04:07:46.781 | info     |             UMD | Allocating sysmem for IOMMU (size: 0x40000000). (silicon_sysmem_manager.cpp:340)
2026-06-02 04:07:46.824 | warning  |             UMD | KMD version 2.4.1 does not support power state management. (pci_device.cpp:1067)
2026-06-02 04:07:46.825 | info     |             UMD | Opening local chip ids/PCIe ids: {0}/[0] and remote chip ids {} (cluster.cpp:159)
2026-06-02 04:07:46.825 | info     |             UMD | IOMMU: enabled (cluster.cpp:133)
2026-06-02 04:07:46.825 | info     |             UMD | KMD version: 2.4.1 (cluster.cpp:136)
2026-06-02 04:07:46.825 | info     |             UMD | Cluster constructor completed. (cluster.cpp:409)
2026-06-02 04:07:46.897 | info     |             UMD | Starting devices in cluster (cluster.cpp:1044)
2026-06-02 04:07:46.897 | info     |             UMD | Mapped sysmem without hugepages to IOVA 0x80000000; NOC address 0x1000000000000000 (silicon_sysmem_manager.cpp:391)
2026-06-02 04:07:46.897 | info     |             UMD | Starting devices in cluster completed. (cluster.cpp:1052)
2026-06-02 04:07:47.406 | info     |     Distributed | Using auto discovery to generate mesh graph. (metal_env.cpp:332)
2026-06-02 04:07:47.406 | info     |     Distributed | Constructing control plane using auto-discovery (no mesh graph descriptor). (metal_env.cpp:394)
2026-06-02 04:07:47.406 | info     |             UMD | Creating TopologyDiscovery for architecture: blackhole (topology_discovery.cpp:75)
2026-06-02 04:07:47.406 | info     |             UMD | Starting topology discovery. (topology_discovery.cpp:92)
2026-06-02 04:07:47.407 | warning  |             UMD | Low power mode is disabled while UMD holds open file descriptors. The device will return to low power mode once all file descriptors are closed. (topology_discovery.cpp:143)
2026-06-02 04:07:47.407 | warning  |             UMD | KMD version 2.4.1 does not support power state management. (pci_device.cpp:1067)
2026-06-02 04:07:47.407 | info     |             UMD | Established firmware bundle version: 18.12.1 (topology_discovery.cpp:544)
2026-06-02 04:07:47.407 | info     |             UMD | Completed topology discovery. (topology_discovery.cpp:96)
2026-06-02 04:07:47.407 | warning  |          Always | Unknown motherboard 'X670E GAMING PLUS WIFI (MS-7E16)' for chip_id=0 (bus_id=0x1) — defaulting tray_id to 0. Add this motherboard and its bus IDs to mobo_to_bus_ids in physical_system_discovery.cpp. (physical_system_discovery.cpp:62)
2026-06-02 04:07:47.407 | info     |          Fabric | TopologyMapper: Logical Multi-Mesh Adjacency Map: (topology_mapper.cpp:1474)
2026-06-02 04:07:47.407 | info     |          Fabric | 
=== Logical Mesh-Level Graph Adjacency Map ===
Total nodes: 1
Degree histogram: {0:1}
 (topology_solver.tpp:94)
2026-06-02 04:07:47.407 | info     |          Fabric | 
=== Logical Mesh 0 Internal Graph Adjacency Map ===
Total nodes: 1
Degree histogram: {0:1}
 (topology_solver.tpp:94)
2026-06-02 04:07:47.407 | info     |          Fabric | TopologyMapper: Physical Multi-Mesh Adjacency Map: (topology_mapper.cpp:1485)
2026-06-02 04:07:47.407 | info     |          Fabric | 
=== Physical Mesh-Level Graph Adjacency Map ===
Total nodes: 1
Degree histogram: {0:1}
 (topology_solver.tpp:94)
2026-06-02 04:07:47.407 | info     |          Fabric | 
=== Physical Mesh 0 Internal Graph Adjacency Map ===
Total nodes: 1
Degree histogram: {0:1}
 (topology_solver.tpp:94)
2026-06-02 04:07:47.407 | info     |          Fabric | Starting multi-mesh mapping: 1 logical mesh(es) to 1 physical mesh(es) (topology_mapper_utils.cpp:1469)
2026-06-02 04:07:47.407 | info     |          Fabric | Multi-mesh mapping attempt 1/2: Trying inter-mesh mapping (topology_mapper_utils.cpp:1510)
2026-06-02 04:07:47.407 | info     |          Fabric | Attempt 1: Inter-mesh mapping succeeded, found 1 mesh pair(s) (topology_mapper_utils.cpp:1539)
2026-06-02 04:07:47.407 | info     |          Fabric | Attempt 1: Mapping 1 mesh pair(s) (topology_mapper_utils.cpp:1547)
2026-06-02 04:07:47.407 | info     |          Fabric | Attempt 1: Mapping mesh 0 -> 0 (topology_mapper_utils.cpp:1554)
2026-06-02 04:07:47.407 | info     |          Fabric | Multi-mesh mapping succeeded after 1 attempt(s): 1 mesh pair(s) mapped (topology_mapper_utils.cpp:1686)
2026-06-02 04:07:47.430 | info     |    BuildKernels | Using pre-compiled firmware from: /localdev/smarton/tt-metal/tt_metal/pre-compiled/431005707817566179/ (build_env_manager.cpp:260)
2026-06-02 04:07:47.641 | info     |           Metal | ShmResourceTracker: removed stale shm '/tt_d2h_82684_3392771414_0' (shm_resource_tracker.cpp:265)
2026-06-02 04:07:47.641 | info     |           Metal | ShmResourceTracker: removed stale manifest '/dev/shm/tt_socket_manifest_82684' (shm_resource_tracker.cpp:275)
2026-06-02 04:07:47.641 | info     |           Metal | ShmResourceTracker: removed orphaned shm '/tt_device_7490744194894819707_memory' (shm_resource_tracker.cpp:282)
2026-06-02 04:07:48.224 | info     |           Metal | [Real-time profiler] Device 0 sync complete: 100 samples, frequency=1.349982 GHz, device_time_at_sync=26586992765264 cycles (realtime_profiler_manager.cpp:1082)
[SORT] stage=RP P=3369033 P_kept=3369033 num_tiles=1024 max_tile_n=26544 bin=10.11 up=0.29 kernel=9.21 d2h=0.00 compact=0.00 publish=1.86 total=21.62ms
[FUSED_TILE] upload+exec+readback=200.8 ms (single Finish sort-publish+cull+blend)
[BLEND_DEVICE] resident_blend=204.6 ms (host_build=0)
[SORT] stage=RP P=3369033 P_kept=3369033 num_tiles=1024 max_tile_n=26544 bin=8.01 up=0.29 kernel=7.45 d2h=0.00 compact=0.00 publish=0.02 total=15.90ms
[FUSED_TILE] upload+exec+readback=189.4 ms (single Finish sort-publish+cull+blend)
[BLEND_DEVICE] resident_blend=192.7 ms (host_build=0)
[SORT] stage=RP P=2774729 P_kept=2774729 num_tiles=1024 max_tile_n=25168 bin=7.33 up=0.29 kernel=6.51 d2h=0.00 compact=0.00 publish=0.03 total=14.30ms
[FUSED_TILE] upload+exec+readback=159.0 ms (single Finish sort-publish+cull+blend)
[BLEND_DEVICE] resident_blend=162.2 ms (host_build=0)
[SORT] stage=RP P=3235251 P_kept=3235251 num_tiles=1024 max_tile_n=22656 bin=8.06 up=0.29 kernel=7.25 d2h=0.00 compact=0.00 publish=0.04 total=15.77ms
[FUSED_TILE] upload+exec+readback=179.9 ms (single Finish sort-publish+cull+blend)
[BLEND_DEVICE] resident_blend=183.3 ms (host_build=0)
[SORT] stage=RP P=1753355 P_kept=1753355 num_tiles=1024 max_tile_n=21296 bin=5.56 up=0.29 kernel=4.71 d2h=0.00 compact=0.00 publish=0.03 total=10.73ms
[FUSED_TILE] upload+exec+readback=124.0 ms (single Finish sort-publish+cull+blend)
[BLEND_DEVICE] resident_blend=127.5 ms (host_build=0)
[SORT] stage=RP P=934247 P_kept=934247 num_tiles=1024 max_tile_n=5216 bin=3.87 up=0.29 kernel=3.32 d2h=0.00 compact=0.00 publish=0.03 total=7.67ms
[FUSED_TILE] upload+exec+readback=54.0 ms (single Finish sort-publish+cull+blend)
[BLEND_DEVICE] resident_blend=57.3 ms (host_build=0)
[SORT] stage=RP P=1124461 P_kept=1124461 num_tiles=1024 max_tile_n=6576 bin=4.33 up=0.29 kernel=3.52 d2h=0.00 compact=0.00 publish=0.03 total=8.29ms
[FUSED_TILE] upload+exec+readback=65.1 ms (single Finish sort-publish+cull+blend)
[BLEND_DEVICE] resident_blend=68.3 ms (host_build=0)
[SORT] stage=RP P=835298 P_kept=835298 num_tiles=1024 max_tile_n=5472 bin=3.58 up=0.29 kernel=3.07 d2h=0.00 compact=0.00 publish=0.02 total=7.09ms
[FUSED_TILE] upload+exec+readback=50.4 ms (single Finish sort-publish+cull+blend)
[BLEND_DEVICE] resident_blend=53.7 ms (host_build=0)
[SORT] stage=RP P=1067596 P_kept=1067596 num_tiles=1024 max_tile_n=4928 bin=4.15 up=0.29 kernel=3.44 d2h=0.00 compact=0.00 publish=0.02 total=8.06ms
[FUSED_TILE] upload+exec+readback=60.2 ms (single Finish sort-publish+cull+blend)
[BLEND_DEVICE] resident_blend=63.4 ms (host_build=0)
[SORT] stage=RP P=3369033 P_kept=3369033 num_tiles=1024 max_tile_n=26544 bin=8.21 up=0.29 kernel=7.45 d2h=7.11 compact=0.00 publish=0.03 total=26.74ms
[SORT] stage=RP P=3369033 P_kept=3369033 num_tiles=1024 max_tile_n=26544 bin=8.29 up=0.29 kernel=7.45 d2h=7.12 compact=0.00 publish=0.02 total=26.79ms
[SORT] stage=RP P=2774729 P_kept=2774729 num_tiles=1024 max_tile_n=25168 bin=7.58 up=0.29 kernel=6.51 d2h=7.13 compact=0.00 publish=0.02 total=24.53ms
[SORT] stage=RP P=3235251 P_kept=3235251 num_tiles=1024 max_tile_n=22656 bin=8.07 up=0.30 kernel=7.26 d2h=7.13 compact=0.00 publish=0.04 total=26.21ms
[SORT] stage=RP P=1753355 P_kept=1753355 num_tiles=1024 max_tile_n=21296 bin=5.59 up=0.30 kernel=4.72 d2h=7.13 compact=0.00 publish=0.04 total=19.69ms
[SORT] stage=RP P=934247 P_kept=934247 num_tiles=1024 max_tile_n=5216 bin=4.10 up=0.30 kernel=3.33 d2h=7.14 compact=0.00 publish=0.05 total=15.93ms
[SORT] stage=RP P=1124461 P_kept=1124461 num_tiles=1024 max_tile_n=6576 bin=4.73 up=0.30 kernel=3.54 d2h=7.13 compact=0.00 publish=0.04 total=16.95ms
[SORT] stage=RP P=835298 P_kept=835298 num_tiles=1024 max_tile_n=5472 bin=4.06 up=0.30 kernel=3.08 d2h=7.13 compact=0.00 publish=0.05 total=15.59ms
[SORT] stage=RP P=1067596 P_kept=1067596 num_tiles=1024 max_tile_n=4928 bin=4.71 up=0.30 kernel=3.47 d2h=7.13 compact=0.00 publish=0.04 total=16.81ms
SUMMARY backend=tt blend_mode=2 views=8 hero_vs_gt=46.78dB hero_vs_ref=63.85dB min_vs_ref=36.57dB min_vs_gt=36.20dB ms/view=191.9 (proj=37.0 ta=21.7 sort=9.5 blend=98.1) shot=opt/metal-screenshots/loop-baloff8/hero.png
