================ BUILD ID ================
  cpp : #123 sha=138e943 bin=7fdb149b1b75e407 rebaseline post false-M1 reset: kernel-inclusive fingerprint
  data: #1 sha=b703f70 sync tracy-041 capture script
=========================================
host=yyzo-bh-03  tag=build  timeout=1200s  worry=600s  ts=2026-06-02T14:07:48-0700
cmd: cmake --build build-tt -j 16
-----------------------------------------
[1/4] Building CXX object CMakeFiles/gsplat_tt.dir/gsplat_tt/blend_device.cpp.o
FAILED: CMakeFiles/gsplat_tt.dir/gsplat_tt/blend_device.cpp.o 
/usr/bin/c++ -DFMT_HEADER_ONLY=1 -DGSPLAT_WITH_TT -DNTEST -DOVERRIDE_KERNEL_PREFIX=\"/localdev/smarton/gstt2/src/gsplat_tt/\" -DSPDLOG_COMPILED_LIB -DSPDLOG_FMT_EXTERNAL -DTRACY_ENABLE=1 -DTT_ENABLE_LIGHT_METAL_TRACE=1 -I/localdev/smarton/gstt2/src -isystem /localdev/smarton/tt-metal/tt_metal/api -isystem /localdev/smarton/tt-metal/build/tt_metal/api -isystem /localdev/smarton/tt-metal/tt_stl -isystem /localdev/smarton/tt-metal/tt_metal/hostdevcommon/api -isystem /localdev/smarton/tt-metal/tt_metal/hw/inc/hostdev -isystem /localdev/smarton/tt-metal/tt_metal/third_party/umd/device/api -isystem /localdev/smarton/tt-metal/tt_metal/jit_build -isystem /localdev/smarton/tt-metal/build/tt_metal/jit_build -isystem /localdev/smarton/tt-metal/.cpmcache/benchmark/17a125dc196d0eea81711f65879e8410dd54303f/include -isystem /localdev/smarton/tt-metal/.cpmcache/cxxopts/dda70ad5c1afdb5368541192bace55dbcd7872e3/include -isystem /localdev/smarton/tt-metal/.cpmcache/enchantum/2fb7ab238e36c101b9848892ddb6382276b65837/enchantum/include -isystem /localdev/smarton/tt-metal/.cpmcache/flatbuffers/2c4062bffa52fa4157b1b4deeae73395df475fda/include -isystem /localdev/smarton/tt-metal/.cpmcache/fmt/69912fb6b71fcb1f7e5deca191a2bb4748c4e7b6/include -isystem /localdev/smarton/tt-metal/.cpmcache/libuv/2b05484ccff8fdf26b363fb50e4830b774d7eb53/include -isystem /localdev/smarton/tt-metal/.cpmcache/nanobind/8be24e8fbbe8c9cee0b8c553c21d090a5ede3d79/include -isystem /localdev/smarton/tt-metal/.cpmcache/nanomsg/28cc32d5bdb6a858fe53b3ccf7e923957e53eada/include -isystem /localdev/smarton/tt-metal/.cpmcache/nlohmann_json/798e0374658476027d9723eeb67a262d0f3c8308/include -isystem /localdev/smarton/tt-metal/.cpmcache/range-v3/0_12_0_patched/include -isystem /localdev/smarton/tt-metal/.cpmcache/reflect/f93e77475670eaeacf332927dfe8b50e3f3812e0 -isystem /localdev/smarton/tt-metal/.cpmcache/spdlog/b1c2586bb5c35a7929362e87f62433eb68206873/include -isystem /localdev/smarton/tt-metal/.cpmcache/tt-logger/d2339ce68562cae34cd95f3fece7fd94eb0529b7/include -isystem /localdev/smarton/tt-metal/.cpmcache/xtensor-blas/0_22_0_patched/include -isystem /localdev/smarton/tt-metal/.cpmcache/xtensor/0_26_0_patched/include -isystem /localdev/smarton/tt-metal/.cpmcache/xtl/0_8_0_patched/include -isystem /localdev/smarton/tt-metal/.cpmcache/yaml-cpp/0_8_0_upstream_patched/include -isystem /localdev/smarton/tt-metal/tt_metal/third_party/tracy/public -O3 -DNDEBUG -std=c++20 -fPIC -Wall -Wextra -Wpedantic -fno-omit-frame-pointer -O3 -march=native -DNDEBUG -Wno-int-to-pointer-cast -Wno-deprecated-declarations -Wno-unused-parameter -Wno-missing-field-initializers -MD -MT CMakeFiles/gsplat_tt.dir/gsplat_tt/blend_device.cpp.o -MF CMakeFiles/gsplat_tt.dir/gsplat_tt/blend_device.cpp.o.d -o CMakeFiles/gsplat_tt.dir/gsplat_tt/blend_device.cpp.o -c /localdev/smarton/gstt2/src/gsplat_tt/blend_device.cpp
/localdev/smarton/gstt2/src/gsplat_tt/blend_device.cpp: In function ‘double mb::process_frame_mb_devcull_resident(DeviceContext&, float, bool, uint32_t, uint32_t, uint32_t, uint32_t, float*, bool*, mb::ResidentBlendPhase)’:
/localdev/smarton/gstt2/src/gsplat_tt/blend_device.cpp:1814:41: error: ‘l1_record_blend’ was not declared in this scope
 1814 |                                     if (l1_record_blend) {
      |                                         ^~~~~~~~~~~~~~~
/localdev/smarton/gstt2/src/gsplat_tt/blend_device.cpp: In function ‘double mb::cull::process_frame(DeviceContext&, float, bool, uint32_t, uint32_t, bool*, bool)’:
/localdev/smarton/gstt2/src/gsplat_tt/blend_device.cpp:2309:56: warning: format ‘%u’ expects argument of type ‘unsigned int’, but argument 3 has type ‘uint64_t’ {aka ‘long unsigned int’} [-Wformat=]
 2309 |         std::fprintf(stderr, "[CULL_SPLIT] candidates=%u masks=%.2fMB exec=%.1f ms "
      |                                                       ~^
      |                                                        |
      |                                                        unsigned int
      |                                                       %lu
 2310 |                      "masks_addr=0x%lx end=0x%lx base_addr=0x%lx\n",
 2311 |                      total_candidates,
      |                      ~~~~~~~~~~~~~~~~                   
      |                      |
      |                      uint64_t {aka long unsigned int}
/localdev/smarton/gstt2/src/gsplat_tt/blend_device.cpp: At global scope:
/localdev/smarton/gstt2/src/gsplat_tt/blend_device.cpp:112:13: warning: ‘void save_npy_f32(const string&, const std::vector<float>&, const std::vector<long unsigned int>&)’ defined but not used [-Wunused-function]
  112 | static void save_npy_f32(const std::string& path, const std::vector<float>& data, const std::vector<size_t>& shape) {
      |             ^~~~~~~~~~~~
/localdev/smarton/gstt2/src/gsplat_tt/blend_device.cpp:103:30: warning: ‘std::vector<unsigned int> load_npy_u32(const string&, std::vector<long unsigned int>&)’ defined but not used [-Wunused-function]
  103 | static std::vector<uint32_t> load_npy_u32(const std::string& path, std::vector<size_t>& shape) {
      |                              ^~~~~~~~~~~~
[2/4] Building CXX object CMakeFiles/gsplat_tt.dir/gsplat_tt/sort_device.cpp.o
ninja: build stopped: subcommand failed.
