================ BUILD ID ================
  cpp : #128 sha=138e943 bin=e64fdd3e90336b37 M0 CULL_OOB diag
  data: #1 sha=b703f70 sync tracy-041 capture script
=========================================
host=yyzo-bh-03  tag=build  timeout=1200s  worry=600s  ts=2026-06-02T14:49:49-0700
cmd: cmake --build build-tt -j 16
-----------------------------------------
[1/4] Building CXX object CMakeFiles/gsplat_cpu.dir/gsplat_cpu/cull_and_blend.cpp.o
/localdev/smarton/gstt2/src/gsplat_cpu/cull_and_blend.cpp: In function ‘void gsplat_cpu::{anonymous}::cull_and_blend_tile(int, int, int, int, int, const float*, const float*, const float*, const float*, const int64_t*, const int64_t*, float, const gsplat_cpu::{anonymous}::GaussianCullRec*, float*, int64_t*, int64_t*, gsplat_cpu::{anonymous}::TileScratch&, bool, float, std::size_t, std::size_t)’:
/localdev/smarton/gstt2/src/gsplat_cpu/cull_and_blend.cpp:322:18: warning: unused parameter ‘means_2d’ [-Wunused-parameter]
  322 |     const float* means_2d,
      |     ~~~~~~~~~~~~~^~~~~~~~
/localdev/smarton/gstt2/src/gsplat_cpu/cull_and_blend.cpp:323:18: warning: unused parameter ‘covs_2d’ [-Wunused-parameter]
  323 |     const float* covs_2d,
      |     ~~~~~~~~~~~~~^~~~~~~
/localdev/smarton/gstt2/src/gsplat_cpu/cull_and_blend.cpp:324:18: warning: unused parameter ‘colors’ [-Wunused-parameter]
  324 |     const float* colors,
      |     ~~~~~~~~~~~~~^~~~~~
/localdev/smarton/gstt2/src/gsplat_cpu/cull_and_blend.cpp:325:18: warning: unused parameter ‘opacities’ [-Wunused-parameter]
  325 |     const float* opacities,
      |     ~~~~~~~~~~~~~^~~~~~~~~
/localdev/smarton/gstt2/src/gsplat_cpu/cull_and_blend.cpp:328:17: warning: unused parameter ‘mb_contrib_floor’ [-Wunused-parameter]
  328 |     const float mb_contrib_floor,
      |     ~~~~~~~~~~~~^~~~~~~~~~~~~~~~
[2/4] Linking CXX static library libgsplat_cpu.a
[3/4] Linking CXX executable tests/gsplat_cpu_tests
[4/4] Linking CXX shared module /localdev/smarton/gstt2/backends/cpu_cpp/_gsplat_cpu.cpython-310-x86_64-linux-gnu.so
