================ BUILD ID ================
  cpp : #128 sha=138e943 bin=e64fdd3e90336b37 M0 CULL_OOB diag
  data: #1 sha=b703f70 sync tracy-041 capture script
=========================================
host=yyzo-bh-03  tag=gdb  timeout=1200s  worry=600s  ts=2026-06-02T14:40:36-0700
cmd: export TT_METAL_HOME=/localdev/smarton/tt-metal TT_METAL_RUNTIME_ROOT=/localdev/smarton/tt-metal TT_METAL_CACHE=/localdev/smarton/.cache/tt-metal-cache TT_METAL_ARCH_NAME=blackhole MESH_DEVICE=P100 GSPLAT_TT_JIT_WARMUP=1 GSPLAT_TT_BLEND_MODE=2 GSPLAT_TT_MB_KERNEL=1 GSPLAT_TT_DEVICE_PROJECT=1 GSPLAT_TT_RESIDENT_PROJECT=1 GSPLAT_TT_RESIDENT_GATHER=1 GSPLAT_TT_DEVICE_TILE_ASSIGN=1 GSPLAT_TT_RESIDENT_TA_IN=1 GSPLAT_TT_DEVICE_SORT=1 GSPLAT_TT_RESIDENT_PAIRS=1 GSPLAT_TT_RESIDENT_BLEND=1 GSPLAT_TT_SORT_DEVICE_PUBLISH=1 GSPLAT_TT_TA_DEVICE_SCAN=1 GSPLAT_TT_PROJ_DEVICE_SCAN=1 GSPLAT_TT_SFPU_CULL=1 GSPLAT_TT_TILE_BUCKET=1 GSPLAT_TT_BUCKET_FIT=8192 GSPLAT_TT_FUSED_TILE=0 GSPLAT_TT_L1_RECORD=1 GSPLAT_TT_MB_TIMING=1; source .venv/bin/activate 2>/dev/null; gdb -q -batch -ex run -ex bt -ex 'frame 0' -ex 'info args' -ex 'info locals' --args .venv/bin/python3 scripts/a003_verify.py --views 1 --iter-dir ttw-041-gdb --out /tmp/last.json
-----------------------------------------
[Thread debugging using libthread_db enabled]
Using host libthread_db library "/lib/x86_64-linux-gnu/libthread_db.so.1".
warning: Cannot parse .gnu_debugdata section; LZMA support was disabled at compile time
[New Thread 0x7fffdc9ff640 (LWP 299542)]
[New Thread 0x7fffdc1fe640 (LWP 299543)]
[New Thread 0x7fffdb9fd640 (LWP 299544)]
[New Thread 0x7fffdb1fc640 (LWP 299545)]
[New Thread 0x7fffda9fb640 (LWP 299546)]
[New Thread 0x7fffda1fa640 (LWP 299547)]
[New Thread 0x7fffd99f9640 (LWP 299548)]
[New Thread 0x7fffd91f8640 (LWP 299549)]
[New Thread 0x7fffd89f7640 (LWP 299550)]
[New Thread 0x7fffd81f6640 (LWP 299551)]
[New Thread 0x7fffd79f5640 (LWP 299552)]
warning: Cannot parse .gnu_debugdata section; LZMA support was disabled at compile time
warning: Cannot parse .gnu_debugdata section; LZMA support was disabled at compile time
[New Thread 0x7ffe56f5d640 (LWP 299559)]
[New Thread 0x7ffe5675c640 (LWP 299560)]
[New Thread 0x7ffe55f5b640 (LWP 299561)]
[New Thread 0x7ffe5575a640 (LWP 299562)]
[New Thread 0x7ffe54f59640 (LWP 299563)]
[New Thread 0x7ffeb395a640 (LWP 299567)]
[New Thread 0x7ffeb2d49640 (LWP 299568)]
[New Thread 0x7ffeb2548640 (LWP 299569)]
[New Thread 0x7ffeb1937640 (LWP 299570)]
[New Thread 0x7ffeb0916640 (LWP 299571)]
[New Thread 0x7ffe9ed78640 (LWP 299572)]
[New Thread 0x7ffe9e577640 (LWP 299573)]
[New Thread 0x7ffe9dd76640 (LWP 299574)]
[New Thread 0x7ffe9d575640 (LWP 299575)]
[New Thread 0x7ffe9cd74640 (LWP 299576)]
[New Thread 0x7ffe97fff640 (LWP 299577)]
[New Thread 0x7ffe977fe640 (LWP 299578)]
[New Thread 0x7ffe96ffd640 (LWP 299579)]
[New Thread 0x7ffe967fc640 (LWP 299580)]
[New Thread 0x7ffe95ffb640 (LWP 299581)]
[New Thread 0x7ffe957fa640 (LWP 299582)]
[New Thread 0x7ffe94ff9640 (LWP 299583)]
[New Thread 0x7ffe947f8640 (LWP 299584)]
[New Thread 0x7ffe93ff7640 (LWP 299585)]
[New Thread 0x7ffe937f6640 (LWP 299586)]
[New Thread 0x7ffe92ff5640 (LWP 299587)]
[New Thread 0x7ffe927f4640 (LWP 299588)]
[New Thread 0x7ffe91ff3640 (LWP 299589)]
[New Thread 0x7ffe917f2640 (LWP 299590)]
[New Thread 0x7ffe90ff1640 (LWP 299591)]
[New Thread 0x7ffe907f0640 (LWP 299592)]
[New Thread 0x7ffe8ffef640 (LWP 299593)]
[New Thread 0x7ffe8f7ee640 (LWP 299594)]
[New Thread 0x7ffe8efed640 (LWP 299595)]
[New Thread 0x7ffe8e7ec640 (LWP 299596)]
[New Thread 0x7ffe8dfeb640 (LWP 299597)]
[New Thread 0x7ffe8d7ea640 (LWP 299598)]
[New Thread 0x7ffe8cfe9640 (LWP 299599)]
[New Thread 0x7ffe8c7e8640 (LWP 299600)]
[New Thread 0x7ffe8bfe7640 (LWP 299601)]
[New Thread 0x7ffe8b7e6640 (LWP 299602)]
[New Thread 0x7ffe8afe5640 (LWP 299603)]
[New Thread 0x7ffe8a7e4640 (LWP 299604)]
[New Thread 0x7ffe89fe3640 (LWP 299605)]
[New Thread 0x7ffe897e2640 (LWP 299606)]
[New Thread 0x7ffe88fe1640 (LWP 299607)]
[New Thread 0x7ffe887e0640 (LWP 299608)]
[New Thread 0x7ffe87fdf640 (LWP 299609)]
[New Thread 0x7ffe877de640 (LWP 299610)]
[New Thread 0x7ffe86fdd640 (LWP 299611)]
[New Thread 0x7ffe867dc640 (LWP 299612)]
[New Thread 0x7ffe85fdb640 (LWP 299613)]
[New Thread 0x7ffe857da640 (LWP 299614)]
[New Thread 0x7ffe84fd9640 (LWP 299615)]
[New Thread 0x7ffe847d8640 (LWP 299616)]
[New Thread 0x7ffe83fd7640 (LWP 299617)]
[New Thread 0x7ffe837d6640 (LWP 299618)]
2026-06-02 21:40:39.787 | info     |             UMD | Creating TopologyDiscovery for architecture: blackhole (topology_discovery.cpp:75)
2026-06-02 21:40:39.787 | info     |             UMD | Starting topology discovery. (topology_discovery.cpp:92)
2026-06-02 21:40:39.788 | warning  |             UMD | Low power mode is disabled while UMD holds open file descriptors. The device will return to low power mode once all file descriptors are closed. (topology_discovery.cpp:143)
2026-06-02 21:40:39.788 | warning  |             UMD | KMD version 2.4.1 does not support power state management. (pci_device.cpp:1067)
2026-06-02 21:40:39.788 | info     |             UMD | Established firmware bundle version: 18.12.1 (topology_discovery.cpp:544)
2026-06-02 21:40:39.788 | info     |             UMD | Completed topology discovery. (topology_discovery.cpp:96)
2026-06-02 21:40:39.788 | info     |          Device | Opening user mode device driver (tt_cluster.cpp:225)
2026-06-02 21:40:39.788 | info     |             UMD | Cluster constructor started. (cluster.cpp:317)
2026-06-02 21:40:39.788 | info     |             UMD | Creating TopologyDiscovery for architecture: blackhole (topology_discovery.cpp:75)
2026-06-02 21:40:39.788 | info     |             UMD | Starting topology discovery. (topology_discovery.cpp:92)
2026-06-02 21:40:39.788 | warning  |             UMD | Low power mode is disabled while UMD holds open file descriptors. The device will return to low power mode once all file descriptors are closed. (topology_discovery.cpp:143)
2026-06-02 21:40:39.788 | warning  |             UMD | KMD version 2.4.1 does not support power state management. (pci_device.cpp:1067)
2026-06-02 21:40:39.789 | info     |             UMD | Established firmware bundle version: 18.12.1 (topology_discovery.cpp:544)
2026-06-02 21:40:39.789 | info     |             UMD | Completed topology discovery. (topology_discovery.cpp:96)
2026-06-02 21:40:39.789 | info     |             UMD | Harvesting masks for Chip 0: Tensix: 0xc0 DRAM: 0x8 ETH: 0x3fff PCIe: 0x2 L2CPU: 0x0 (cluster.cpp:270)
2026-06-02 21:40:39.789 | info     |             UMD | Initializing iommu for sysmem (size: 0x40000000). (silicon_sysmem_manager.cpp:334)
2026-06-02 21:40:39.789 | info     |             UMD | Allocating sysmem for IOMMU (size: 0x40000000). (silicon_sysmem_manager.cpp:340)
2026-06-02 21:40:39.827 | warning  |             UMD | KMD version 2.4.1 does not support power state management. (pci_device.cpp:1067)
2026-06-02 21:40:39.827 | info     |             UMD | Opening local chip ids/PCIe ids: {0}/[0] and remote chip ids {} (cluster.cpp:159)
2026-06-02 21:40:39.827 | info     |             UMD | IOMMU: enabled (cluster.cpp:133)
2026-06-02 21:40:39.827 | info     |             UMD | KMD version: 2.4.1 (cluster.cpp:136)
2026-06-02 21:40:39.827 | info     |             UMD | Cluster constructor completed. (cluster.cpp:409)
2026-06-02 21:40:39.831 | info     |             UMD | Starting devices in cluster (cluster.cpp:1044)
2026-06-02 21:40:39.831 | info     |             UMD | Mapped sysmem without hugepages to IOVA 0x80000000; NOC address 0x1000000000000000 (silicon_sysmem_manager.cpp:391)
2026-06-02 21:40:39.832 | info     |             UMD | Starting devices in cluster completed. (cluster.cpp:1052)
[New Thread 0x7ffe82bd5640 (LWP 299619)]
[New Thread 0x7ffe823d4640 (LWP 299620)]
[New Thread 0x7ffe81bd3640 (LWP 299621)]
[New Thread 0x7ffe813d2640 (LWP 299622)]
[New Thread 0x7ffe80bd1640 (LWP 299623)]
[New Thread 0x7ffe803d0640 (LWP 299624)]
[New Thread 0x7ffe7fbcf640 (LWP 299625)]
[New Thread 0x7ffe7f3ce640 (LWP 299626)]
[New Thread 0x7ffe7ebcd640 (LWP 299627)]
[New Thread 0x7ffe7e3cc640 (LWP 299628)]
[New Thread 0x7ffe7dbcb640 (LWP 299629)]
[New Thread 0x7ffe7d3ca640 (LWP 299630)]
[New Thread 0x7ffe699ff640 (LWP 299631)]
2026-06-02 21:40:40.333 | info     |     Distributed | Using auto discovery to generate mesh graph. (metal_env.cpp:332)
2026-06-02 21:40:40.333 | info     |     Distributed | Constructing control plane using auto-discovery (no mesh graph descriptor). (metal_env.cpp:394)
2026-06-02 21:40:40.333 | info     |             UMD | Creating TopologyDiscovery for architecture: blackhole (topology_discovery.cpp:75)
2026-06-02 21:40:40.333 | info     |             UMD | Starting topology discovery. (topology_discovery.cpp:92)
2026-06-02 21:40:40.334 | warning  |             UMD | Low power mode is disabled while UMD holds open file descriptors. The device will return to low power mode once all file descriptors are closed. (topology_discovery.cpp:143)
2026-06-02 21:40:40.334 | warning  |             UMD | KMD version 2.4.1 does not support power state management. (pci_device.cpp:1067)
2026-06-02 21:40:40.334 | info     |             UMD | Established firmware bundle version: 18.12.1 (topology_discovery.cpp:544)
2026-06-02 21:40:40.334 | info     |             UMD | Completed topology discovery. (topology_discovery.cpp:96)
2026-06-02 21:40:40.334 | warning  |          Always | Unknown motherboard 'X670E GAMING PLUS WIFI (MS-7E16)' for chip_id=0 (bus_id=0x1) — defaulting tray_id to 0. Add this motherboard and its bus IDs to mobo_to_bus_ids in physical_system_discovery.cpp. (physical_system_discovery.cpp:62)
2026-06-02 21:40:40.334 | info     |          Fabric | TopologyMapper: Logical Multi-Mesh Adjacency Map: (topology_mapper.cpp:1474)
2026-06-02 21:40:40.334 | info     |          Fabric | 
=== Logical Mesh-Level Graph Adjacency Map ===
Total nodes: 1
Degree histogram: {0:1}
 (topology_solver.tpp:94)
2026-06-02 21:40:40.334 | info     |          Fabric | 
=== Logical Mesh 0 Internal Graph Adjacency Map ===
Total nodes: 1
Degree histogram: {0:1}
 (topology_solver.tpp:94)
2026-06-02 21:40:40.334 | info     |          Fabric | TopologyMapper: Physical Multi-Mesh Adjacency Map: (topology_mapper.cpp:1485)
2026-06-02 21:40:40.334 | info     |          Fabric | 
=== Physical Mesh-Level Graph Adjacency Map ===
Total nodes: 1
Degree histogram: {0:1}
 (topology_solver.tpp:94)
2026-06-02 21:40:40.334 | info     |          Fabric | 
=== Physical Mesh 0 Internal Graph Adjacency Map ===
Total nodes: 1
Degree histogram: {0:1}
 (topology_solver.tpp:94)
2026-06-02 21:40:40.334 | info     |          Fabric | Starting multi-mesh mapping: 1 logical mesh(es) to 1 physical mesh(es) (topology_mapper_utils.cpp:1469)
2026-06-02 21:40:40.334 | info     |          Fabric | Multi-mesh mapping attempt 1/2: Trying inter-mesh mapping (topology_mapper_utils.cpp:1510)
2026-06-02 21:40:40.334 | info     |          Fabric | Attempt 1: Inter-mesh mapping succeeded, found 1 mesh pair(s) (topology_mapper_utils.cpp:1539)
2026-06-02 21:40:40.334 | info     |          Fabric | Attempt 1: Mapping 1 mesh pair(s) (topology_mapper_utils.cpp:1547)
2026-06-02 21:40:40.334 | info     |          Fabric | Attempt 1: Mapping mesh 0 -> 0 (topology_mapper_utils.cpp:1554)
2026-06-02 21:40:40.334 | info     |          Fabric | Multi-mesh mapping succeeded after 1 attempt(s): 1 mesh pair(s) mapped (topology_mapper_utils.cpp:1686)
[New Thread 0x7ffe63fff640 (LWP 299635)]
[New Thread 0x7ffe637fe640 (LWP 299636)]
[Thread 0x7ffe637fe640 (LWP 299636) exited]
[Detaching after vfork from child process 299637]
2026-06-02 21:40:40.364 | info     |    BuildKernels | Using pre-compiled firmware from: /localdev/smarton/tt-metal/tt_metal/pre-compiled/431005707817566179/ (build_env_manager.cpp:260)
[New Thread 0x7ffe637fe640 (LWP 299638)]
2026-06-02 21:40:40.651 | info     |           Metal | ShmResourceTracker: removed stale shm '/tt_d2h_298183_1048850265_0' (shm_resource_tracker.cpp:265)
2026-06-02 21:40:40.651 | info     |           Metal | ShmResourceTracker: removed stale manifest '/dev/shm/tt_socket_manifest_298183' (shm_resource_tracker.cpp:275)
2026-06-02 21:40:40.651 | info     |           Metal | ShmResourceTracker: removed orphaned shm '/tt_device_7490744194894819707_memory' (shm_resource_tracker.cpp:282)
2026-06-02 21:40:41.237 | info     |           Metal | [Real-time profiler] Device 0 sync complete: 100 samples, frequency=1.349983 GHz, device_time_at_sync=111869359710417 cycles (realtime_profiler_manager.cpp:1082)
[New Thread 0x7ffe61b5c640 (LWP 299642)]
[New Thread 0x7ffe60f4b640 (LWP 299643)]
[New Thread 0x7ffe5bfff640 (LWP 299644)]
[New Thread 0x7ffe4d133640 (LWP 299645)]
[New Thread 0x7ffe4c932640 (LWP 299646)]
[New Thread 0x7ffe46899640 (LWP 299647)]
[New Thread 0x7ffe46098640 (LWP 299648)]
[New Thread 0x7ffe45897640 (LWP 299649)]
[New Thread 0x7ffe45096640 (LWP 299650)]
[New Thread 0x7ffe44895640 (LWP 299651)]
[New Thread 0x7ffe3ffff640 (LWP 299652)]
[New Thread 0x7ffe3f7fe640 (LWP 299653)]
[New Thread 0x7ffe3effd640 (LWP 299654)]
[New Thread 0x7ffe4ffff640 (LWP 299655)]
[New Thread 0x7ffe4f7fe640 (LWP 299656)]
[New Thread 0x7ffe4effd640 (LWP 299657)]
[New Thread 0x7ffe4e7fc640 (LWP 299658)]
[New Thread 0x7ffe4dffb640 (LWP 299659)]
[New Thread 0x7ffe47fff640 (LWP 299660)]
[New Thread 0x7ffe477fe640 (LWP 299661)]
[New Thread 0x7ffe3e7fc640 (LWP 299662)]
[New Thread 0x7ffe3dffb640 (LWP 299663)]
[New Thread 0x7ffe3d7fa640 (LWP 299664)]
[New Thread 0x7ffe3cff9640 (LWP 299665)]
[New Thread 0x7ffe2b9d2640 (LWP 299666)]
[New Thread 0x7ffe2b1d1640 (LWP 299667)]
[New Thread 0x7ffe2a9d0640 (LWP 299668)]
[New Thread 0x7ffe2a1cf640 (LWP 299669)]
[New Thread 0x7ffe299ce640 (LWP 299670)]
[New Thread 0x7ffe291cd640 (LWP 299671)]
[New Thread 0x7ffe289cc640 (LWP 299672)]
[New Thread 0x7ffe15af2640 (LWP 299673)]
[New Thread 0x7ffe152f1640 (LWP 299674)]
[New Thread 0x7ffe14af0640 (LWP 299675)]
[New Thread 0x7ffe07fff640 (LWP 299676)]
[New Thread 0x7ffe077fe640 (LWP 299677)]
[New Thread 0x7ffe06ffd640 (LWP 299678)]
[JIT_WARMUP] ideal-path contexts compiled in 0.6 ms
[SORT] stage=RP P=3369033 P_kept=3369033 num_tiles=1024 max_tile_n=26496 bin=24.74 up=0.02 kernel=1.65 d2h=0.00 compact=0.00 publish=1.45 total=27.96ms
[CULL_SPLIT] pipelined (no separate Finish; cull device exec folded under the blend host-setup window; candidates=3369033)
[BLEND_SPLIT] upload+exec=0.0 readback=173.3 total=173.3 ms (resident, one Finish)
[BLEND_ADDR] cull_masks=0x1060ee00 out=0x107e7ec0(sz=0x600000) tile_ids=0x54d3ec0 xramp=0x107e5ec0 yramp=0x107e6ec0 payload=0x0(sz=0x0)
[SORT] stage=RP P=3369033 P_kept=3369033 num_tiles=1024 max_tile_n=26496 bin=20.80 up=0.02 kernel=0.04 d2h=0.00 compact=0.00 publish=0.03 total=20.96ms
[CULL_SPLIT] pipelined (no separate Finish; cull device exec folded under the blend host-setup window; candidates=3369033)
[BLEND_SPLIT] upload+exec=0.0 readback=182.1 total=182.1 ms (resident, one Finish)
[BLEND_ADDR] cull_masks=0x1060ee00 out=0x107e7ec0(sz=0x600000) tile_ids=0x54d3ec0 xramp=0x107e5ec0 yramp=0x107e6ec0 payload=0x0(sz=0x0)
[SORT] stage=RP P=3369033 P_kept=3369033 num_tiles=1024 max_tile_n=26496 bin=20.88 up=0.02 kernel=0.04 d2h=7.14 compact=0.00 publish=0.04 total=39.22ms

Thread 65 "python3" received signal SIGSEGV, Segmentation fault.
[Switching to Thread 0x7ffe857da640 (LWP 299614)]
gsplat_cpu::(anonymous namespace)::cull_and_blend_tile (tile_id=<optimized out>, tiles_x=<optimized out>, tile_size=<optimized out>, image_height=<optimized out>, image_width=1024, sorted_gaussian_ids=<optimized out>, tile_ranges=0x55556594b6a0, gauss_rec=0x5555671c13a0, image_out=0x555564b0d2a0, tile_dropped_count=0x55556578cad8, tile_kept_count=0x5555657c30d8, scratch=..., cull_disabled=false, transmittance_threshold=0.00392156886, mb_contrib_floor=<optimized out>, opacities=<optimized out>, colors=<optimized out>, covs_2d=<optimized out>, means_2d=<optimized out>) at /localdev/smarton/gstt2/src/gsplat_cpu/cull_and_blend.cpp:373
373	        const float log_thresh = rec.log_thresh;
#0  gsplat_cpu::(anonymous namespace)::cull_and_blend_tile (tile_id=<optimized out>, tiles_x=<optimized out>, tile_size=<optimized out>, image_height=<optimized out>, image_width=1024, sorted_gaussian_ids=<optimized out>, tile_ranges=0x55556594b6a0, gauss_rec=0x5555671c13a0, image_out=0x555564b0d2a0, tile_dropped_count=0x55556578cad8, tile_kept_count=0x5555657c30d8, scratch=..., cull_disabled=false, transmittance_threshold=0.00392156886, mb_contrib_floor=<optimized out>, opacities=<optimized out>, colors=<optimized out>, covs_2d=<optimized out>, means_2d=<optimized out>) at /localdev/smarton/gstt2/src/gsplat_cpu/cull_and_blend.cpp:373
#1  0x00007ffeba55890a in operator() (__closure=0x5555657b7d20) at /localdev/smarton/gstt2/src/gsplat_cpu/cull_and_blend.cpp:785
#2  std::__invoke_impl<void, gsplat_cpu::cull_and_blend(float const*, float const*, float const*, float const*, const int64_t*, const int64_t*, std::size_t, std::size_t, int, int, int, int, int, float, gsplat_cpu::ThreadPool&, float*, bool, float)::<lambda()>&> (__f=...) at /usr/include/c++/11/bits/invoke.h:61
#3  std::__invoke_r<void, gsplat_cpu::cull_and_blend(float const*, float const*, float const*, float const*, const int64_t*, const int64_t*, std::size_t, std::size_t, int, int, int, int, int, float, gsplat_cpu::ThreadPool&, float*, bool, float)::<lambda()>&> (__fn=...) at /usr/include/c++/11/bits/invoke.h:111
#4  std::_Function_handler<void(), gsplat_cpu::cull_and_blend(float const*, float const*, float const*, float const*, const int64_t*, const int64_t*, std::size_t, std::size_t, int, int, int, int, int, float, gsplat_cpu::ThreadPool&, float*, bool, float)::<lambda()> >::_M_invoke(const std::_Any_data &) (__functor=...) at /usr/include/c++/11/bits/std_function.h:290
#5  0x00007ffeba5446f2 in std::function<void ()>::operator()() const (this=0x7ffe857d9db0) at /usr/include/c++/11/bits/std_function.h:590
#6  gsplat_cpu::ThreadPool::worker_loop (this=0x7ffeba5fe420 <(anonymous namespace)::global_pool()::pool>) at /localdev/smarton/gstt2/src/gsplat_cpu/thread_pool.cpp:79
#7  0x00007ffff5525253 in ?? () from /lib/x86_64-linux-gnu/libstdc++.so.6
#8  0x00007ffff7ce9ac3 in ?? () from /lib/x86_64-linux-gnu/libc.so.6
#9  0x00007ffff7d7b8d0 in ?? () from /lib/x86_64-linux-gnu/libc.so.6
#0  gsplat_cpu::(anonymous namespace)::cull_and_blend_tile (tile_id=<optimized out>, tiles_x=<optimized out>, tile_size=<optimized out>, image_height=<optimized out>, image_width=1024, sorted_gaussian_ids=<optimized out>, tile_ranges=0x55556594b6a0, gauss_rec=0x5555671c13a0, image_out=0x555564b0d2a0, tile_dropped_count=0x55556578cad8, tile_kept_count=0x5555657c30d8, scratch=..., cull_disabled=false, transmittance_threshold=0.00392156886, mb_contrib_floor=<optimized out>, opacities=<optimized out>, colors=<optimized out>, covs_2d=<optimized out>, means_2d=<optimized out>) at /localdev/smarton/gstt2/src/gsplat_cpu/cull_and_blend.cpp:373
373	        const float log_thresh = rec.log_thresh;
tile_id = <optimized out>
tiles_x = <optimized out>
tile_size = <optimized out>
image_height = <optimized out>
image_width = 1024
sorted_gaussian_ids = <optimized out>
tile_ranges = 0x55556594b6a0
gauss_rec = 0x5555671c13a0
image_out = 0x555564b0d2a0
tile_dropped_count = 0x55556578cad8
tile_kept_count = 0x5555657c30d8
scratch = @0x5555657b9370: {kept_flat = {<std::_Vector_base<unsigned int, std::allocator<unsigned int> >> = {_M_impl = {<std::allocator<unsigned int>> = {<__gnu_cxx::new_allocator<unsigned int>> = {<No data fields>}, <No data fields>}, <std::_Vector_base<unsigned int, std::allocator<unsigned int> >::_Vector_impl_data> = {_M_start = 0x5555660895f0, _M_finish = 0x5555662475f0, _M_end_of_storage = 0x5555662475f0}, <No data fields>}}, <No data fields>}, offsets = {_M_elems = {14, 14288, 28562, 42828, 57102, 71371, 85655, 99918, 114191, 128462, 142742, 157011, 171274, 185544, 199826, 214099, 228361, 242632, 256912, 271185, 285450, 299719, 314003, 328277, 342539, 356810, 371093, 385360, 399628, 413898, 428179, 442448, 0}}, stride = 14272}
cull_disabled = false
transmittance_threshold = 0.00392156886
mb_contrib_floor = <optimized out>
opacities = <optimized out>
colors = <optimized out>
covs_2d = <optimized out>
means_2d = <optimized out>
ci_a = <optimized out>
bb_x_max = <optimized out>
mx_hi = <optimized out>
ci_c_safe = <optimized out>
g = 1005084756
rec = <error reading variable: Cannot access memory at address 0x5560a2ae2360>
ci_b = <optimized out>
bb_x_min = <optimized out>
bb_y_max = <optimized out>
thresh_m2 = <optimized out>
log_thresh = <optimized out>
ci_c = <optimized out>
x_half = <optimized out>
bb_y_min = <optimized out>
my_lo = <optimized out>
ci_a_safe = <optimized out>
mean_x = <optimized out>
my_hi = <optimized out>
mean_y = <optimized out>
y_half = <optimized out>
mx_lo = <optimized out>
kept_any = <optimized out>
l = <optimized out>
start = <optimized out>
end = <optimized out>
ty = <optimized out>
tx = <optimized out>
tx_tile = <optimized out>
ty_tile = 608
py_tile = <optimized out>
px_tile = 672
py_end_tile = 640
px_end_tile = 704
L = 14272
stride = 14272
needed = 456704
dropped = 22
kept_total = 469
