================ BUILD ID ================
  cpp : #156 sha=f18c3c3 bin=325ef2bf2c6a5942 iter 47: MEASURE-FIRST blend breakdown (device per-tile-class zones rd_bk_emit/rd_overflow/cp_inb/cp_ovf + host TILE_HISTO). Hero: in-budget 914 tiles/2.01M cand (59.8%), overflow 110 tiles/1.36M cand (40.2%), max_tile_n=25699>FIT. Blend makespan ~93ms (reader~=compute co-equal) + separate cull ~80ms = lumped host blend 182.5. In-budget CO-LIMITED: reader-emit 824 ~= compute-SFPU 844 (load+sort only ~286). Busiest cores are OVERFLOW-gather-dominated (top core overflow 449 vs emit 181, 30v totals). Tailskip scaffold gated-off (deadlock-free 63.85 but blend 185.8>182.5, not a win). Measurement-only, PSNR 63.85 bit-identical.
  data: #1 sha=b703f70 sync tracy-041 capture script
=========================================
host=yyzo-bh-03  tag=gentle-orbit  timeout=900s  worry=600s  ts=2026-06-03T00:13:43-0700
cmd: export TT_METAL_HOME=/localdev/smarton/tt-metal TT_METAL_RUNTIME_ROOT=/localdev/smarton/tt-metal TT_METAL_CACHE=/localdev/smarton/.cache/tt-metal-cache TT_METAL_ARCH_NAME=blackhole MESH_DEVICE=P100; source .venv/bin/activate 2>/dev/null; python3 render/run.py --no-ref --dump-views gentle-orbit-30 --iter-dir gentle-orbit
-----------------------------------------
[run] warmup (hero='hero', 1024x1024, scene=bicycle)
2026-06-03 07:13:45.440 | info     |             UMD | Creating TopologyDiscovery for architecture: blackhole (topology_discovery.cpp:75)
2026-06-03 07:13:45.440 | info     |             UMD | Starting topology discovery. (topology_discovery.cpp:92)
2026-06-03 07:13:45.440 | warning  |             UMD | Low power mode is disabled while UMD holds open file descriptors. The device will return to low power mode once all file descriptors are closed. (topology_discovery.cpp:143)
2026-06-03 07:13:45.440 | warning  |             UMD | KMD version 2.4.1 does not support power state management. (pci_device.cpp:1067)
2026-06-03 07:13:45.440 | info     |             UMD | Established firmware bundle version: 18.12.1 (topology_discovery.cpp:544)
2026-06-03 07:13:45.440 | info     |             UMD | Completed topology discovery. (topology_discovery.cpp:96)
2026-06-03 07:13:45.441 | info     |          Device | Opening user mode device driver (tt_cluster.cpp:225)
2026-06-03 07:13:45.441 | info     |             UMD | Cluster constructor started. (cluster.cpp:317)
2026-06-03 07:13:45.441 | info     |             UMD | Creating TopologyDiscovery for architecture: blackhole (topology_discovery.cpp:75)
2026-06-03 07:13:45.441 | info     |             UMD | Starting topology discovery. (topology_discovery.cpp:92)
2026-06-03 07:13:45.441 | warning  |             UMD | Low power mode is disabled while UMD holds open file descriptors. The device will return to low power mode once all file descriptors are closed. (topology_discovery.cpp:143)
2026-06-03 07:13:45.441 | warning  |             UMD | KMD version 2.4.1 does not support power state management. (pci_device.cpp:1067)
2026-06-03 07:13:45.441 | info     |             UMD | Established firmware bundle version: 18.12.1 (topology_discovery.cpp:544)
2026-06-03 07:13:45.441 | info     |             UMD | Completed topology discovery. (topology_discovery.cpp:96)
2026-06-03 07:13:45.441 | info     |             UMD | Harvesting masks for Chip 0: Tensix: 0xc0 DRAM: 0x8 ETH: 0x3fff PCIe: 0x2 L2CPU: 0x0 (cluster.cpp:270)
2026-06-03 07:13:45.441 | info     |             UMD | Initializing iommu for sysmem (size: 0x40000000). (silicon_sysmem_manager.cpp:334)
2026-06-03 07:13:45.441 | info     |             UMD | Allocating sysmem for IOMMU (size: 0x40000000). (silicon_sysmem_manager.cpp:340)
2026-06-03 07:13:45.480 | warning  |             UMD | KMD version 2.4.1 does not support power state management. (pci_device.cpp:1067)
2026-06-03 07:13:45.480 | info     |             UMD | Opening local chip ids/PCIe ids: {0}/[0] and remote chip ids {} (cluster.cpp:159)
2026-06-03 07:13:45.480 | info     |             UMD | IOMMU: enabled (cluster.cpp:133)
2026-06-03 07:13:45.480 | info     |             UMD | KMD version: 2.4.1 (cluster.cpp:136)
2026-06-03 07:13:45.480 | info     |             UMD | Cluster constructor completed. (cluster.cpp:409)
2026-06-03 07:13:45.483 | info     |             UMD | Starting devices in cluster (cluster.cpp:1044)
2026-06-03 07:13:45.484 | info     |             UMD | Mapped sysmem without hugepages to IOVA 0x80000000; NOC address 0x1000000000000000 (silicon_sysmem_manager.cpp:391)
2026-06-03 07:13:45.484 | info     |             UMD | Starting devices in cluster completed. (cluster.cpp:1052)
2026-06-03 07:13:45.962 | info     |     Distributed | Using auto discovery to generate mesh graph. (metal_env.cpp:332)
2026-06-03 07:13:45.962 | info     |     Distributed | Constructing control plane using auto-discovery (no mesh graph descriptor). (metal_env.cpp:394)
2026-06-03 07:13:45.962 | info     |             UMD | Creating TopologyDiscovery for architecture: blackhole (topology_discovery.cpp:75)
2026-06-03 07:13:45.962 | info     |             UMD | Starting topology discovery. (topology_discovery.cpp:92)
2026-06-03 07:13:45.962 | warning  |             UMD | Low power mode is disabled while UMD holds open file descriptors. The device will return to low power mode once all file descriptors are closed. (topology_discovery.cpp:143)
2026-06-03 07:13:45.962 | warning  |             UMD | KMD version 2.4.1 does not support power state management. (pci_device.cpp:1067)
2026-06-03 07:13:45.963 | info     |             UMD | Established firmware bundle version: 18.12.1 (topology_discovery.cpp:544)
2026-06-03 07:13:45.963 | info     |             UMD | Completed topology discovery. (topology_discovery.cpp:96)
2026-06-03 07:13:45.963 | warning  |          Always | Unknown motherboard 'X670E GAMING PLUS WIFI (MS-7E16)' for chip_id=0 (bus_id=0x1) — defaulting tray_id to 0. Add this motherboard and its bus IDs to mobo_to_bus_ids in physical_system_discovery.cpp. (physical_system_discovery.cpp:62)
2026-06-03 07:13:45.963 | info     |          Fabric | TopologyMapper: Logical Multi-Mesh Adjacency Map: (topology_mapper.cpp:1474)
2026-06-03 07:13:45.963 | info     |          Fabric | 
=== Logical Mesh-Level Graph Adjacency Map ===
Total nodes: 1
Degree histogram: {0:1}
 (topology_solver.tpp:94)
2026-06-03 07:13:45.963 | info     |          Fabric | 
=== Logical Mesh 0 Internal Graph Adjacency Map ===
Total nodes: 1
Degree histogram: {0:1}
 (topology_solver.tpp:94)
2026-06-03 07:13:45.963 | info     |          Fabric | TopologyMapper: Physical Multi-Mesh Adjacency Map: (topology_mapper.cpp:1485)
2026-06-03 07:13:45.963 | info     |          Fabric | 
=== Physical Mesh-Level Graph Adjacency Map ===
Total nodes: 1
Degree histogram: {0:1}
 (topology_solver.tpp:94)
2026-06-03 07:13:45.963 | info     |          Fabric | 
=== Physical Mesh 0 Internal Graph Adjacency Map ===
Total nodes: 1
Degree histogram: {0:1}
 (topology_solver.tpp:94)
2026-06-03 07:13:45.963 | info     |          Fabric | Starting multi-mesh mapping: 1 logical mesh(es) to 1 physical mesh(es) (topology_mapper_utils.cpp:1469)
2026-06-03 07:13:45.963 | info     |          Fabric | Multi-mesh mapping attempt 1/2: Trying inter-mesh mapping (topology_mapper_utils.cpp:1510)
2026-06-03 07:13:45.963 | info     |          Fabric | Attempt 1: Inter-mesh mapping succeeded, found 1 mesh pair(s) (topology_mapper_utils.cpp:1539)
2026-06-03 07:13:45.963 | info     |          Fabric | Attempt 1: Mapping 1 mesh pair(s) (topology_mapper_utils.cpp:1547)
2026-06-03 07:13:45.963 | info     |          Fabric | Attempt 1: Mapping mesh 0 -> 0 (topology_mapper_utils.cpp:1554)
2026-06-03 07:13:45.963 | info     |          Fabric | Multi-mesh mapping succeeded after 1 attempt(s): 1 mesh pair(s) mapped (topology_mapper_utils.cpp:1686)
2026-06-03 07:13:45.987 | info     |    BuildKernels | Using pre-compiled firmware from: /localdev/smarton/tt-metal/tt_metal/pre-compiled/431005707817566179/ (build_env_manager.cpp:260)
2026-06-03 07:13:46.270 | info     |           Metal | ShmResourceTracker: removed stale shm '/tt_d2h_421437_3072778980_0' (shm_resource_tracker.cpp:265)
2026-06-03 07:13:46.270 | info     |           Metal | ShmResourceTracker: removed stale manifest '/dev/shm/tt_socket_manifest_421437' (shm_resource_tracker.cpp:275)
2026-06-03 07:13:46.270 | info     |           Metal | ShmResourceTracker: removed orphaned shm '/tt_device_7490744194894819707_memory' (shm_resource_tracker.cpp:282)
2026-06-03 07:13:46.856 | info     |           Metal | [Real-time profiler] Device 0 sync complete: 100 samples, frequency=1.349980 GHz, device_time_at_sync=158289290369841 cycles (realtime_profiler_manager.cpp:1082)
[JIT_WARMUP] ideal-path contexts compiled in 1432.4 ms
[SORT] stage=RP P=3467853 P_kept=3467853 num_tiles=1024 max_tile_n=21200 bin=44.39 up=0.02 kernel=1.67 d2h=0.00 compact=0.00 publish=1.49 total=47.66ms
[run] timing 30 views (warmup excluded)
[SORT] stage=RP P=3467853 P_kept=3467853 num_tiles=1024 max_tile_n=21200 bin=42.87 up=0.02 kernel=0.03 d2h=0.00 compact=0.00 publish=0.02 total=43.02ms
[run]   view=hero 279.7ms saved=view00_hero.png
[SORT] stage=RP P=3581180 P_kept=3581180 num_tiles=1024 max_tile_n=25840 bin=44.14 up=0.02 kernel=0.04 d2h=0.00 compact=0.00 publish=0.03 total=44.32ms
[run]   view=orbit_01 309.8ms saved=view01_orbit_01.png
[SORT] stage=RP P=3656238 P_kept=3656238 num_tiles=1024 max_tile_n=26848 bin=44.56 up=0.02 kernel=0.02 d2h=0.00 compact=0.00 publish=0.02 total=44.70ms
[run]   view=orbit_02 315.3ms saved=view02_orbit_02.png
[SORT] stage=RP P=3704553 P_kept=3704553 num_tiles=1024 max_tile_n=28592 bin=45.56 up=0.02 kernel=0.02 d2h=0.00 compact=0.00 publish=0.02 total=45.70ms
[run]   view=orbit_03 322.3ms saved=view03_orbit_03.png
[SORT] stage=RP P=3742194 P_kept=3742194 num_tiles=1024 max_tile_n=29136 bin=45.65 up=0.02 kernel=0.02 d2h=0.00 compact=0.00 publish=0.02 total=45.79ms
[run]   view=orbit_04 326.1ms saved=view04_orbit_04.png
[SORT] stage=RP P=3741461 P_kept=3741461 num_tiles=1024 max_tile_n=30272 bin=46.17 up=0.02 kernel=0.02 d2h=0.00 compact=0.00 publish=0.02 total=46.29ms
[run]   view=orbit_05 321.2ms saved=view05_orbit_05.png
[SORT] stage=RP P=3707564 P_kept=3707564 num_tiles=1024 max_tile_n=28848 bin=45.23 up=0.02 kernel=0.02 d2h=0.00 compact=0.00 publish=0.02 total=45.35ms
[run]   view=orbit_06 312.8ms saved=view06_orbit_06.png
[SORT] stage=RP P=3650249 P_kept=3650249 num_tiles=1024 max_tile_n=25152 bin=45.07 up=0.02 kernel=0.02 d2h=0.00 compact=0.00 publish=0.02 total=45.18ms
[run]   view=orbit_07 301.1ms saved=view07_orbit_07.png
[SORT] stage=RP P=3563003 P_kept=3563003 num_tiles=1024 max_tile_n=23456 bin=43.82 up=0.02 kernel=0.02 d2h=0.00 compact=0.00 publish=0.02 total=43.94ms
[run]   view=orbit_08 292.5ms saved=view08_orbit_08.png
[SORT] stage=RP P=3487555 P_kept=3487555 num_tiles=1024 max_tile_n=27024 bin=43.26 up=0.02 kernel=0.02 d2h=0.00 compact=0.00 publish=0.02 total=43.38ms
[run]   view=orbit_09 299.9ms saved=view09_orbit_09.png
[SORT] stage=RP P=3436596 P_kept=3436596 num_tiles=1024 max_tile_n=26128 bin=42.21 up=0.02 kernel=0.02 d2h=0.00 compact=0.00 publish=0.02 total=42.32ms
[run]   view=orbit_10 292.5ms saved=view10_orbit_10.png
[SORT] stage=RP P=3388506 P_kept=3388506 num_tiles=1024 max_tile_n=24768 bin=42.16 up=0.02 kernel=0.02 d2h=0.00 compact=0.00 publish=0.02 total=42.28ms
[run]   view=orbit_11 287.8ms saved=view11_orbit_11.png
[SORT] stage=RP P=3375357 P_kept=3375357 num_tiles=1024 max_tile_n=25184 bin=41.46 up=0.02 kernel=0.02 d2h=0.00 compact=0.00 publish=0.02 total=41.57ms
[run]   view=orbit_12 285.9ms saved=view12_orbit_12.png
[SORT] stage=RP P=3393763 P_kept=3393763 num_tiles=1024 max_tile_n=26352 bin=42.25 up=0.02 kernel=0.04 d2h=0.00 compact=0.00 publish=0.03 total=42.40ms
[run]   view=orbit_13 291.0ms saved=view13_orbit_13.png
[SORT] stage=RP P=3413266 P_kept=3413266 num_tiles=1024 max_tile_n=25024 bin=41.91 up=0.02 kernel=0.02 d2h=0.00 compact=0.00 publish=0.02 total=42.02ms
[run]   view=orbit_14 288.7ms saved=view14_orbit_14.png
[SORT] stage=RP P=3467853 P_kept=3467853 num_tiles=1024 max_tile_n=21200 bin=42.96 up=0.02 kernel=0.02 d2h=0.00 compact=0.00 publish=0.02 total=43.07ms
[run]   view=orbit_15 279.7ms saved=view15_orbit_15.png
[SORT] stage=RP P=3489775 P_kept=3489775 num_tiles=1024 max_tile_n=24928 bin=42.75 up=0.02 kernel=0.02 d2h=0.00 compact=0.00 publish=0.02 total=42.86ms
[run]   view=orbit_16 293.1ms saved=view16_orbit_16.png
[SORT] stage=RP P=3500140 P_kept=3500140 num_tiles=1024 max_tile_n=26384 bin=43.39 up=0.02 kernel=0.02 d2h=0.00 compact=0.00 publish=0.02 total=43.50ms
[run]   view=orbit_17 296.4ms saved=view17_orbit_17.png
[SORT] stage=RP P=3495702 P_kept=3495702 num_tiles=1024 max_tile_n=25040 bin=42.80 up=0.02 kernel=0.02 d2h=0.00 compact=0.00 publish=0.02 total=42.92ms
[run]   view=orbit_18 293.3ms saved=view18_orbit_18.png
[SORT] stage=RP P=3469789 P_kept=3469789 num_tiles=1024 max_tile_n=24192 bin=43.04 up=0.02 kernel=0.02 d2h=0.00 compact=0.00 publish=0.02 total=43.16ms
[run]   view=orbit_19 289.1ms saved=view19_orbit_19.png
[SORT] stage=RP P=3411641 P_kept=3411641 num_tiles=1024 max_tile_n=23696 bin=41.88 up=0.02 kernel=0.02 d2h=0.00 compact=0.00 publish=0.02 total=41.99ms
[run]   view=orbit_20 283.2ms saved=view20_orbit_20.png
[SORT] stage=RP P=3329105 P_kept=3329105 num_tiles=1024 max_tile_n=24736 bin=41.62 up=0.02 kernel=0.02 d2h=0.00 compact=0.00 publish=0.02 total=41.75ms
[run]   view=orbit_21 283.7ms saved=view21_orbit_21.png
[SORT] stage=RP P=3253266 P_kept=3253266 num_tiles=1024 max_tile_n=22464 bin=40.09 up=0.02 kernel=0.04 d2h=0.00 compact=0.00 publish=0.03 total=40.25ms
[run]   view=orbit_22 273.2ms saved=view22_orbit_22.png
[SORT] stage=RP P=3172768 P_kept=3172768 num_tiles=1024 max_tile_n=23792 bin=39.75 up=0.02 kernel=0.04 d2h=0.00 compact=0.00 publish=0.03 total=39.90ms
[run]   view=orbit_23 270.9ms saved=view23_orbit_23.png
[SORT] stage=RP P=3106825 P_kept=3106825 num_tiles=1024 max_tile_n=24304 bin=39.07 up=0.02 kernel=0.04 d2h=0.00 compact=0.00 publish=0.03 total=39.23ms
[run]   view=orbit_24 271.2ms saved=view24_orbit_24.png
[SORT] stage=RP P=3090786 P_kept=3090786 num_tiles=1024 max_tile_n=22688 bin=39.84 up=0.02 kernel=0.04 d2h=0.00 compact=0.00 publish=0.03 total=40.01ms
[run]   view=orbit_25 264.9ms saved=view25_orbit_25.png
[SORT] stage=RP P=3110560 P_kept=3110560 num_tiles=1024 max_tile_n=21888 bin=39.09 up=0.02 kernel=0.04 d2h=0.00 compact=0.00 publish=0.03 total=39.25ms
[run]   view=orbit_26 263.3ms saved=view26_orbit_26.png
[SORT] stage=RP P=3155376 P_kept=3155376 num_tiles=1024 max_tile_n=22080 bin=39.57 up=0.02 kernel=0.04 d2h=0.00 compact=0.00 publish=0.03 total=39.74ms
[run]   view=orbit_27 266.3ms saved=view27_orbit_27.png
[SORT] stage=RP P=3222007 P_kept=3222007 num_tiles=1024 max_tile_n=25200 bin=39.85 up=0.02 kernel=0.04 d2h=0.00 compact=0.00 publish=0.04 total=40.03ms
[run]   view=orbit_28 278.3ms saved=view28_orbit_28.png
[SORT] stage=RP P=3345161 P_kept=3345161 num_tiles=1024 max_tile_n=25280 bin=41.90 up=0.02 kernel=0.04 d2h=0.00 compact=0.00 publish=0.03 total=42.06ms
[run]   view=orbit_29 286.9ms saved=view29_orbit_29.png
SUMMARY scene=bicycle hero='hero' hero_vs_ref=nandB avg_frame_ms=290.7 p50_ms=288.9 min_ms=263.3 max_ms=326.1 n_views=30 warmup_s=2.0 out=/localdev/smarton/gstt2/tmp/gentle-orbit
