================ BUILD ID ================
  cpp : #108 sha=8eb62c8 bin=90f66c610cac25a2 iter 38 diag: GSPLAT_TT_SORT_TIMING split of bin into count-kernel/D2H/host-build (gated, default off)
  data: # sha= 
=========================================
host=yyzo-bh-03  tag=ideal-verify3  timeout=1200s  worry=600s  ts=2026-06-01T23:58:29-0700
cmd: bash -lc "export TT_METAL_HOME=/localdev/smarton/tt-metal TT_METAL_RUNTIME_ROOT=/localdev/smarton/tt-metal TT_METAL_CACHE=/localdev/smarton/.cache/tt-metal-cache TT_METAL_ARCH_NAME=blackhole MESH_DEVICE=P100 GSPLAT_TT_BLEND_MODE=2 GSPLAT_TT_MB_KERNEL=1 GSPLAT_TT_DEVICE_PROJECT=1 GSPLAT_TT_RESIDENT_PROJECT=1 GSPLAT_TT_RESIDENT_GATHER=1 GSPLAT_TT_DEVICE_TILE_ASSIGN=1 GSPLAT_TT_RESIDENT_TA_IN=1 GSPLAT_TT_DEVICE_SORT=1 GSPLAT_TT_RESIDENT_PAIRS=1 GSPLAT_TT_RESIDENT_BLEND=1 GSPLAT_TT_SORT_DEVICE_PUBLISH=1 GSPLAT_TT_TA_DEVICE_SCAN=1 GSPLAT_TT_PROJ_DEVICE_SCAN=1 GSPLAT_TT_SFPU_CULL=1 GSPLAT_TT_TILE_BUCKET=1 GSPLAT_TT_BUCKET_FIT=8192 GSPLAT_TT_FUSED_TILE=0 GSPLAT_TT_MB_TIMING=1; source .venv/bin/activate; .venv/bin/python3 scripts/a003_verify.py --views 1 --iter-dir loop-ideal3 --out opt/loop-ideal3.json 2>&1 | tee /tmp/ideal3.log; grep \"^SUMMARY\" /tmp/ideal3.log | tail -1"
-----------------------------------------
2026-06-02 06:58:31.145 | info     |             UMD | Creating TopologyDiscovery for architecture: blackhole (topology_discovery.cpp:75)
2026-06-02 06:58:31.145 | info     |             UMD | Starting topology discovery. (topology_discovery.cpp:92)
2026-06-02 06:58:31.146 | warning  |             UMD | Low power mode is disabled while UMD holds open file descriptors. The device will return to low power mode once all file descriptors are closed. (topology_discovery.cpp:143)
2026-06-02 06:58:31.146 | warning  |             UMD | KMD version 2.4.1 does not support power state management. (pci_device.cpp:1067)
2026-06-02 06:58:31.146 | info     |             UMD | Established firmware bundle version: 18.12.1 (topology_discovery.cpp:544)
2026-06-02 06:58:31.146 | info     |             UMD | Completed topology discovery. (topology_discovery.cpp:96)
2026-06-02 06:58:31.146 | info     |          Device | Opening user mode device driver (tt_cluster.cpp:225)
2026-06-02 06:58:31.146 | info     |             UMD | Cluster constructor started. (cluster.cpp:317)
2026-06-02 06:58:31.146 | info     |             UMD | Creating TopologyDiscovery for architecture: blackhole (topology_discovery.cpp:75)
2026-06-02 06:58:31.146 | info     |             UMD | Starting topology discovery. (topology_discovery.cpp:92)
2026-06-02 06:58:31.146 | warning  |             UMD | Low power mode is disabled while UMD holds open file descriptors. The device will return to low power mode once all file descriptors are closed. (topology_discovery.cpp:143)
2026-06-02 06:58:31.146 | warning  |             UMD | KMD version 2.4.1 does not support power state management. (pci_device.cpp:1067)
2026-06-02 06:58:31.147 | info     |             UMD | Established firmware bundle version: 18.12.1 (topology_discovery.cpp:544)
2026-06-02 06:58:31.147 | info     |             UMD | Completed topology discovery. (topology_discovery.cpp:96)
2026-06-02 06:58:31.147 | info     |             UMD | Harvesting masks for Chip 0: Tensix: 0xc0 DRAM: 0x8 ETH: 0x3fff PCIe: 0x2 L2CPU: 0x0 (cluster.cpp:270)
2026-06-02 06:58:31.147 | info     |             UMD | Initializing iommu for sysmem (size: 0x40000000). (silicon_sysmem_manager.cpp:334)
2026-06-02 06:58:31.147 | info     |             UMD | Allocating sysmem for IOMMU (size: 0x40000000). (silicon_sysmem_manager.cpp:340)
2026-06-02 06:58:31.186 | warning  |             UMD | KMD version 2.4.1 does not support power state management. (pci_device.cpp:1067)
2026-06-02 06:58:31.186 | info     |             UMD | Opening local chip ids/PCIe ids: {0}/[0] and remote chip ids {} (cluster.cpp:159)
2026-06-02 06:58:31.186 | info     |             UMD | IOMMU: enabled (cluster.cpp:133)
2026-06-02 06:58:31.186 | info     |             UMD | KMD version: 2.4.1 (cluster.cpp:136)
2026-06-02 06:58:31.186 | info     |             UMD | Cluster constructor completed. (cluster.cpp:409)
2026-06-02 06:58:31.189 | info     |             UMD | Starting devices in cluster (cluster.cpp:1044)
2026-06-02 06:58:31.190 | info     |             UMD | Mapped sysmem without hugepages to IOVA 0x80000000; NOC address 0x1000000000000000 (silicon_sysmem_manager.cpp:391)
2026-06-02 06:58:31.190 | info     |             UMD | Starting devices in cluster completed. (cluster.cpp:1052)
2026-06-02 06:58:31.678 | info     |     Distributed | Using auto discovery to generate mesh graph. (metal_env.cpp:332)
2026-06-02 06:58:31.678 | info     |     Distributed | Constructing control plane using auto-discovery (no mesh graph descriptor). (metal_env.cpp:394)
2026-06-02 06:58:31.678 | info     |             UMD | Creating TopologyDiscovery for architecture: blackhole (topology_discovery.cpp:75)
2026-06-02 06:58:31.678 | info     |             UMD | Starting topology discovery. (topology_discovery.cpp:92)
2026-06-02 06:58:31.678 | warning  |             UMD | Low power mode is disabled while UMD holds open file descriptors. The device will return to low power mode once all file descriptors are closed. (topology_discovery.cpp:143)
2026-06-02 06:58:31.678 | warning  |             UMD | KMD version 2.4.1 does not support power state management. (pci_device.cpp:1067)
2026-06-02 06:58:31.679 | info     |             UMD | Established firmware bundle version: 18.12.1 (topology_discovery.cpp:544)
2026-06-02 06:58:31.679 | info     |             UMD | Completed topology discovery. (topology_discovery.cpp:96)
2026-06-02 06:58:31.679 | warning  |          Always | Unknown motherboard 'X670E GAMING PLUS WIFI (MS-7E16)' for chip_id=0 (bus_id=0x1) — defaulting tray_id to 0. Add this motherboard and its bus IDs to mobo_to_bus_ids in physical_system_discovery.cpp. (physical_system_discovery.cpp:62)
2026-06-02 06:58:31.679 | info     |          Fabric | TopologyMapper: Logical Multi-Mesh Adjacency Map: (topology_mapper.cpp:1474)
2026-06-02 06:58:31.679 | info     |          Fabric | 
=== Logical Mesh-Level Graph Adjacency Map ===
Total nodes: 1
Degree histogram: {0:1}
 (topology_solver.tpp:94)
2026-06-02 06:58:31.679 | info     |          Fabric | 
=== Logical Mesh 0 Internal Graph Adjacency Map ===
Total nodes: 1
Degree histogram: {0:1}
 (topology_solver.tpp:94)
2026-06-02 06:58:31.679 | info     |          Fabric | TopologyMapper: Physical Multi-Mesh Adjacency Map: (topology_mapper.cpp:1485)
2026-06-02 06:58:31.679 | info     |          Fabric | 
=== Physical Mesh-Level Graph Adjacency Map ===
Total nodes: 1
Degree histogram: {0:1}
 (topology_solver.tpp:94)
2026-06-02 06:58:31.679 | info     |          Fabric | 
=== Physical Mesh 0 Internal Graph Adjacency Map ===
Total nodes: 1
Degree histogram: {0:1}
 (topology_solver.tpp:94)
2026-06-02 06:58:31.679 | info     |          Fabric | Starting multi-mesh mapping: 1 logical mesh(es) to 1 physical mesh(es) (topology_mapper_utils.cpp:1469)
2026-06-02 06:58:31.679 | info     |          Fabric | Multi-mesh mapping attempt 1/2: Trying inter-mesh mapping (topology_mapper_utils.cpp:1510)
2026-06-02 06:58:31.679 | info     |          Fabric | Attempt 1: Inter-mesh mapping succeeded, found 1 mesh pair(s) (topology_mapper_utils.cpp:1539)
2026-06-02 06:58:31.679 | info     |          Fabric | Attempt 1: Mapping 1 mesh pair(s) (topology_mapper_utils.cpp:1547)
2026-06-02 06:58:31.679 | info     |          Fabric | Attempt 1: Mapping mesh 0 -> 0 (topology_mapper_utils.cpp:1554)
2026-06-02 06:58:31.679 | info     |          Fabric | Multi-mesh mapping succeeded after 1 attempt(s): 1 mesh pair(s) mapped (topology_mapper_utils.cpp:1686)
2026-06-02 06:58:31.708 | info     |    BuildKernels | Using pre-compiled firmware from: /localdev/smarton/tt-metal/tt_metal/pre-compiled/431005707817566179/ (build_env_manager.cpp:260)
2026-06-02 06:58:32.013 | info     |           Metal | ShmResourceTracker: removed stale shm '/tt_d2h_124383_1689745430_0' (shm_resource_tracker.cpp:265)
2026-06-02 06:58:32.013 | info     |           Metal | ShmResourceTracker: removed stale manifest '/dev/shm/tt_socket_manifest_124383' (shm_resource_tracker.cpp:275)
2026-06-02 06:58:32.013 | info     |           Metal | ShmResourceTracker: removed orphaned shm '/tt_device_7490744194894819707_memory' (shm_resource_tracker.cpp:282)
2026-06-02 06:58:32.601 | info     |           Metal | [Real-time profiler] Device 0 sync complete: 100 samples, frequency=1.349981 GHz, device_time_at_sync=40416702516663 cycles (realtime_profiler_manager.cpp:1082)
[SORT] stage=RP P=3369033 P_kept=3369033 num_tiles=1024 max_tile_n=26496 bin=18.89 up=0.44 kernel=9.57 d2h=0.00 compact=0.00 publish=2.81 total=31.88ms
[CULL_SPLIT] candidates=3369033 masks=12.88MB exec=94.0 ms masks_addr=0xe16cdc0 end=0xee4e240 base_addr=0xdf955c0
[BLEND_SPLIT] upload=1.6 (attrs=0.0MB ids=0.0MB resident) exec=98.6 readback=2.0 total=102.2 ms
[BLEND_ADDR] cull_masks=0xe16cdc0 out=0xe347e80(sz=0x600000) tile_ids=0x54d3ec0 xramp=0xe345e80 yramp=0xe346e80 payload=0x0(sz=0x0)
[BLEND_DEVICE] resident_blend=199.7 ms (host_build=0)
[SORT] stage=RP P=3369033 P_kept=3369033 num_tiles=1024 max_tile_n=26496 bin=16.81 up=0.44 kernel=7.52 d2h=0.00 compact=0.00 publish=1.30 total=26.22ms
[CULL_SPLIT] candidates=3369033 masks=12.88MB exec=80.3 ms masks_addr=0xe16cdc0 end=0xee4e240 base_addr=0xdf955c0
[BLEND_SPLIT] upload=1.7 (attrs=0.0MB ids=0.0MB resident) exec=93.0 readback=2.0 total=96.7 ms
[BLEND_ADDR] cull_masks=0xe16cdc0 out=0xe347e80(sz=0x600000) tile_ids=0x54d3ec0 xramp=0xe345e80 yramp=0xe346e80 payload=0x0(sz=0x0)
[BLEND_DEVICE] resident_blend=180.2 ms (host_build=0)
[SORT] stage=RP P=3369033 P_kept=3369033 num_tiles=1024 max_tile_n=26496 bin=16.91 up=0.40 kernel=7.53 d2h=7.12 compact=0.00 publish=1.31 total=35.55ms
[SORT] stage=RP P=3369033 P_kept=3369033 num_tiles=1024 max_tile_n=26496 bin=16.98 up=0.41 kernel=7.51 d2h=7.12 compact=0.00 publish=1.30 total=35.63ms
SUMMARY backend=tt blend_mode=2 views=1 hero_vs_gt=46.78dB hero_vs_ref=63.85dB min_vs_ref=63.85dB min_vs_gt=46.78dB ms/view=271.0 (proj=39.3 ta=24.9 sort=26.2 blend=180.3) shot=opt/metal-screenshots/loop-ideal3/hero.png
SUMMARY backend=tt blend_mode=2 views=1 hero_vs_gt=46.78dB hero_vs_ref=63.85dB min_vs_ref=63.85dB min_vs_gt=46.78dB ms/view=271.0 (proj=39.3 ta=24.9 sort=26.2 blend=180.3) shot=opt/metal-screenshots/loop-ideal3/hero.png
