================ BUILD ID ================
  cpp : #108 sha=8eb62c8 bin=90f66c610cac25a2 iter 38 diag: GSPLAT_TT_SORT_TIMING split of bin into count-kernel/D2H/host-build (gated, default off)
  data: # sha= 
=========================================
host=yyzo-bh-03  tag=ideal-build3  timeout=600s  worry=600s  ts=2026-06-01T23:38:14-0700
cmd: export TT_METAL_HOME=/localdev/smarton/tt-metal TT_METAL_RUNTIME_ROOT=/localdev/smarton/tt-metal && cmake --build build-tt -j 16
-----------------------------------------
[1/4] Building CXX object CMakeFiles/gsplat_tt.dir/gsplat_tt/sort_device.cpp.o
[2/4] Building CXX object CMakeFiles/gsplat_tt.dir/gsplat_tt/blend_device.cpp.o
/localdev/smarton/gstt2/src/gsplat_tt/blend_device.cpp: In function ‘double mb::cull::process_frame(DeviceContext&, float, bool, uint32_t, uint32_t, bool*)’:
/localdev/smarton/gstt2/src/gsplat_tt/blend_device.cpp:2248:56: warning: format ‘%u’ expects argument of type ‘unsigned int’, but argument 3 has type ‘long unsigned int’ [-Wformat=]
 2248 |         std::fprintf(stderr, "[CULL_SPLIT] candidates=%u masks=%.2fMB exec=%.1f ms "
      |                                                       ~^
      |                                                        |
      |                                                        unsigned int
      |                                                       %lu
 2249 |                      "masks_addr=0x%lx end=0x%lx base_addr=0x%lx\n",
 2250 |                      total_candidates,
      |                      ~~~~~~~~~~~~~~~~                   
      |                      |
      |                      long unsigned int
/localdev/smarton/gstt2/src/gsplat_tt/blend_device.cpp: At global scope:
/localdev/smarton/gstt2/src/gsplat_tt/blend_device.cpp:111:13: warning: ‘void save_npy_f32(const string&, const std::vector<float>&, const std::vector<long unsigned int>&)’ defined but not used [-Wunused-function]
  111 | static void save_npy_f32(const std::string& path, const std::vector<float>& data, const std::vector<size_t>& shape) {
      |             ^~~~~~~~~~~~
/localdev/smarton/gstt2/src/gsplat_tt/blend_device.cpp:102:30: warning: ‘std::vector<unsigned int> load_npy_u32(const string&, std::vector<long unsigned int>&)’ defined but not used [-Wunused-function]
  102 | static std::vector<uint32_t> load_npy_u32(const std::string& path, std::vector<size_t>& shape) {
      |                              ^~~~~~~~~~~~
[3/4] Linking CXX static library libgsplat_tt.a
[4/4] Linking CXX shared module /localdev/smarton/gstt2/backends/cpu_cpp/_gsplat_cpu.cpython-310-x86_64-linux-gnu.so
