================ BUILD ID ================
  cpp : #196 sha=5624b96 bin=5a3c5bc104d25035 iter57 C1 fix dup mat
  data: #1 sha=b703f70 sync tracy-041 capture script
=========================================
host=yyzo-bh-03  tag=iter58-baseline  timeout=600s  worry=600s  ts=2026-06-03T21:34:39-0700
cmd: export TT_METAL_HOME=/localdev/smarton/tt-metal TT_METAL_RUNTIME_ROOT=/localdev/smarton/tt-metal TT_METAL_CACHE=/localdev/smarton/.cache/tt-metal-cache TT_METAL_ARCH_NAME=blackhole MESH_DEVICE=P100; source .venv/bin/activate 2>/dev/null; python3 render/run.py --iter-dir ttw-058-baseline --views 1 2>&1
-----------------------------------------
[run] warmup (hero='hero', 1024x1024, scene=bicycle)
2026-06-04 04:34:41.730 | info     |             UMD | Creating TopologyDiscovery for architecture: blackhole (topology_discovery.cpp:75)
2026-06-04 04:34:41.730 | info     |             UMD | Starting topology discovery. (topology_discovery.cpp:92)
2026-06-04 04:34:41.730 | warning  |             UMD | Low power mode is disabled while UMD holds open file descriptors. The device will return to low power mode once all file descriptors are closed. (topology_discovery.cpp:143)
2026-06-04 04:34:41.730 | warning  |             UMD | KMD version 2.4.1 does not support power state management. (pci_device.cpp:1067)
2026-06-04 04:34:41.731 | info     |             UMD | Established firmware bundle version: 18.12.1 (topology_discovery.cpp:544)
2026-06-04 04:34:41.731 | info     |             UMD | Completed topology discovery. (topology_discovery.cpp:96)
2026-06-04 04:34:41.731 | info     |          Device | Opening user mode device driver (tt_cluster.cpp:225)
2026-06-04 04:34:41.731 | info     |             UMD | Cluster constructor started. (cluster.cpp:317)
2026-06-04 04:34:41.731 | info     |             UMD | Creating TopologyDiscovery for architecture: blackhole (topology_discovery.cpp:75)
2026-06-04 04:34:41.731 | info     |             UMD | Starting topology discovery. (topology_discovery.cpp:92)
2026-06-04 04:34:41.731 | warning  |             UMD | Low power mode is disabled while UMD holds open file descriptors. The device will return to low power mode once all file descriptors are closed. (topology_discovery.cpp:143)
2026-06-04 04:34:41.731 | warning  |             UMD | KMD version 2.4.1 does not support power state management. (pci_device.cpp:1067)
2026-06-04 04:34:41.731 | info     |             UMD | Established firmware bundle version: 18.12.1 (topology_discovery.cpp:544)
2026-06-04 04:34:41.731 | info     |             UMD | Completed topology discovery. (topology_discovery.cpp:96)
2026-06-04 04:34:41.731 | info     |             UMD | Harvesting masks for Chip 0: Tensix: 0xc0 DRAM: 0x8 ETH: 0x3fff PCIe: 0x2 L2CPU: 0x0 (cluster.cpp:270)
2026-06-04 04:34:41.732 | info     |             UMD | Initializing iommu for sysmem (size: 0x40000000). (silicon_sysmem_manager.cpp:334)
2026-06-04 04:34:41.732 | info     |             UMD | Allocating sysmem for IOMMU (size: 0x40000000). (silicon_sysmem_manager.cpp:340)
2026-06-04 04:34:41.771 | warning  |             UMD | KMD version 2.4.1 does not support power state management. (pci_device.cpp:1067)
2026-06-04 04:34:41.771 | info     |             UMD | Opening local chip ids/PCIe ids: {0}/[0] and remote chip ids {} (cluster.cpp:159)
2026-06-04 04:34:41.771 | info     |             UMD | IOMMU: enabled (cluster.cpp:133)
2026-06-04 04:34:41.771 | info     |             UMD | KMD version: 2.4.1 (cluster.cpp:136)
2026-06-04 04:34:41.771 | info     |             UMD | Cluster constructor completed. (cluster.cpp:409)
2026-06-04 04:34:41.773 | info     |             UMD | Starting devices in cluster (cluster.cpp:1044)
2026-06-04 04:34:41.774 | info     |             UMD | Mapped sysmem without hugepages to IOVA 0x80000000; NOC address 0x1000000000000000 (silicon_sysmem_manager.cpp:391)
2026-06-04 04:34:41.774 | info     |             UMD | Starting devices in cluster completed. (cluster.cpp:1052)
2026-06-04 04:34:42.250 | info     |     Distributed | Using auto discovery to generate mesh graph. (metal_env.cpp:332)
2026-06-04 04:34:42.250 | info     |     Distributed | Constructing control plane using auto-discovery (no mesh graph descriptor). (metal_env.cpp:394)
2026-06-04 04:34:42.250 | info     |             UMD | Creating TopologyDiscovery for architecture: blackhole (topology_discovery.cpp:75)
2026-06-04 04:34:42.250 | info     |             UMD | Starting topology discovery. (topology_discovery.cpp:92)
2026-06-04 04:34:42.251 | warning  |             UMD | Low power mode is disabled while UMD holds open file descriptors. The device will return to low power mode once all file descriptors are closed. (topology_discovery.cpp:143)
2026-06-04 04:34:42.251 | warning  |             UMD | KMD version 2.4.1 does not support power state management. (pci_device.cpp:1067)
2026-06-04 04:34:42.251 | info     |             UMD | Established firmware bundle version: 18.12.1 (topology_discovery.cpp:544)
2026-06-04 04:34:42.251 | info     |             UMD | Completed topology discovery. (topology_discovery.cpp:96)
2026-06-04 04:34:42.251 | warning  |          Always | Unknown motherboard 'X670E GAMING PLUS WIFI (MS-7E16)' for chip_id=0 (bus_id=0x1) — defaulting tray_id to 0. Add this motherboard and its bus IDs to mobo_to_bus_ids in physical_system_discovery.cpp. (physical_system_discovery.cpp:62)
2026-06-04 04:34:42.251 | info     |          Fabric | TopologyMapper: Logical Multi-Mesh Adjacency Map: (topology_mapper.cpp:1474)
2026-06-04 04:34:42.251 | info     |          Fabric | 
=== Logical Mesh-Level Graph Adjacency Map ===
Total nodes: 1
Degree histogram: {0:1}
 (topology_solver.tpp:94)
2026-06-04 04:34:42.251 | info     |          Fabric | 
=== Logical Mesh 0 Internal Graph Adjacency Map ===
Total nodes: 1
Degree histogram: {0:1}
 (topology_solver.tpp:94)
2026-06-04 04:34:42.251 | info     |          Fabric | TopologyMapper: Physical Multi-Mesh Adjacency Map: (topology_mapper.cpp:1485)
2026-06-04 04:34:42.251 | info     |          Fabric | 
=== Physical Mesh-Level Graph Adjacency Map ===
Total nodes: 1
Degree histogram: {0:1}
 (topology_solver.tpp:94)
2026-06-04 04:34:42.251 | info     |          Fabric | 
=== Physical Mesh 0 Internal Graph Adjacency Map ===
Total nodes: 1
Degree histogram: {0:1}
 (topology_solver.tpp:94)
2026-06-04 04:34:42.251 | info     |          Fabric | Starting multi-mesh mapping: 1 logical mesh(es) to 1 physical mesh(es) (topology_mapper_utils.cpp:1469)
2026-06-04 04:34:42.251 | info     |          Fabric | Multi-mesh mapping attempt 1/2: Trying inter-mesh mapping (topology_mapper_utils.cpp:1510)
2026-06-04 04:34:42.251 | info     |          Fabric | Attempt 1: Inter-mesh mapping succeeded, found 1 mesh pair(s) (topology_mapper_utils.cpp:1539)
2026-06-04 04:34:42.251 | info     |          Fabric | Attempt 1: Mapping 1 mesh pair(s) (topology_mapper_utils.cpp:1547)
2026-06-04 04:34:42.251 | info     |          Fabric | Attempt 1: Mapping mesh 0 -> 0 (topology_mapper_utils.cpp:1554)
2026-06-04 04:34:42.251 | info     |          Fabric | Multi-mesh mapping succeeded after 1 attempt(s): 1 mesh pair(s) mapped (topology_mapper_utils.cpp:1686)
2026-06-04 04:34:42.276 | info     |    BuildKernels | Using pre-compiled firmware from: /localdev/smarton/tt-metal/tt_metal/pre-compiled/431005707817566179/ (build_env_manager.cpp:260)
2026-06-04 04:34:42.475 | info     |           Metal | ShmResourceTracker: removed stale shm '/tt_d2h_31610_3117599686_0' (shm_resource_tracker.cpp:265)
2026-06-04 04:34:42.475 | info     |           Metal | ShmResourceTracker: removed stale manifest '/dev/shm/tt_socket_manifest_31610' (shm_resource_tracker.cpp:275)
2026-06-04 04:34:42.475 | info     |           Metal | ShmResourceTracker: removed orphaned shm '/tt_device_7490744194894819707_memory' (shm_resource_tracker.cpp:282)
2026-06-04 04:34:43.058 | info     |           Metal | [Real-time profiler] Device 0 sync complete: 100 samples, frequency=1.349980 GHz, device_time_at_sync=11553706393351 cycles (realtime_profiler_manager.cpp:1082)
[JIT_WARMUP] ideal-path contexts compiled in 1345.5 ms
===== ttw diagnose host=yyzo-bh-03 @ 2026-06-03T21:44:56-0700 =====
--- device status (read-only) ---
tt-smi not found
--- uptime (recent reboot? <10min after a wedge = IRD auto-rebooted) ---
 04:44:56 up  2:33,  0 users,  load average: 2.07, 2.04, 2.00
--- device processes ---
  31946       10:17  0.0 flock -w 600 /localdev/smarton/.ttw-device.lock -c export TTW_DEVRUN=1 TTW_ITER_DIR=ttw-058-baseline; cd /localdev/smarton/gstt2 && export TT_METAL_HOME=/localdev/smarton/tt-metal TT_METAL_RUNTIME_ROOT=/localdev/smarton/tt-metal TT_METAL_CACHE=/localdev/smarton/.cache/tt-metal-cache TT_METAL_ARCH_NAME=blackhole MESH_DEVICE=P100; source .venv/bin/activate 2>/dev/null; python3 render/run.py --iter-dir ttw-058-baseline --views 1 2>&1
  31948       10:17  0.0 /bin/bash -c export TTW_DEVRUN=1 TTW_ITER_DIR=ttw-058-baseline; cd /localdev/smarton/gstt2 && export TT_METAL_HOME=/localdev/smarton/tt-metal TT_METAL_RUNTIME_ROOT=/localdev/smarton/tt-metal TT_METAL_CACHE=/localdev/smarton/.cache/tt-metal-cache TT_METAL_ARCH_NAME=blackhole MESH_DEVICE=P100; source .venv/bin/activate 2>/dev/null; python3 render/run.py --iter-dir ttw-058-baseline --views 1 2>&1
--- JIT cache size ---
18M	/localdev/smarton/.cache/tt-metal-cache
--- watcher waypoints (if any) ---
===== end diagnose =====
Interpretation hints: CPU climbing OR cache growing = still working, wait.
  'Timeout waiting for ARC msg request queue' = ARC firmware wedged (needs reboot, GATED).
  TT_FATAL / core dumped / 'daemon error' = crashed, not transient.
----- HANG/TIMEOUT (rc=124) -----
Command exceeded 600s. Snapshotting non-destructive diagnostics.
===== ttw diagnose host=yyzo-bh-03 @ 2026-06-03T21:45:49-0700 =====
--- device status (read-only) ---
tt-smi not found
--- uptime (recent reboot? <10min after a wedge = IRD auto-rebooted) ---
 04:45:49 up  2:34,  0 users,  load average: 2.03, 2.03, 2.00
--- device processes ---
--- JIT cache size ---
18M	/localdev/smarton/.cache/tt-metal-cache
--- watcher waypoints (if any) ---
===== end diagnose =====
Interpretation hints: CPU climbing OR cache growing = still working, wait.
  'Timeout waiting for ARC msg request queue' = ARC firmware wedged (needs reboot, GATED).
  TT_FATAL / core dumped / 'daemon error' = crashed, not transient.
Recovery beyond diagnosis is DESTRUCTIVE-GATED. See: recover.sh --help
