================ BUILD ID ================
  cpp : #116 sha=61f61ad bin=d193d161f0d6fd76 jit warmup sort-blend layout #61f61ad
  data: # sha= 
=========================================
host=yyzo-bh-03  tag=layout-verify  timeout=1200s  worry=600s  ts=2026-06-02T01:06:00-0700
cmd: bash -lc export GSPLAT_TT_SORT_DEVICE_LAYOUT=1 GSPLAT_TT_SORT_LAYOUT_VERIFY=1 GSPLAT_TT_SORT_TIMING=1 TT_METAL_HOME=/localdev/smarton/tt-metal TT_METAL_RUNTIME_ROOT=/localdev/smarton/tt-metal TT_METAL_CACHE=/localdev/smarton/.cache/tt-metal-cache TT_METAL_ARCH_NAME=blackhole MESH_DEVICE=P100 GSPLAT_TT_BLEND_MODE=2 GSPLAT_TT_MB_KERNEL=1 GSPLAT_TT_DEVICE_PROJECT=1 GSPLAT_TT_RESIDENT_PROJECT=1 GSPLAT_TT_RESIDENT_GATHER=1 GSPLAT_TT_DEVICE_TILE_ASSIGN=1 GSPLAT_TT_RESIDENT_TA_IN=1 GSPLAT_TT_DEVICE_SORT=1 GSPLAT_TT_RESIDENT_PAIRS=1 GSPLAT_TT_RESIDENT_BLEND=1 GSPLAT_TT_SORT_DEVICE_PUBLISH=1 GSPLAT_TT_TA_DEVICE_SCAN=1 GSPLAT_TT_PROJ_DEVICE_SCAN=1 GSPLAT_TT_SFPU_CULL=1 GSPLAT_TT_TILE_BUCKET=1 GSPLAT_TT_BUCKET_FIT=8192 GSPLAT_TT_FUSED_TILE=0; source .venv/bin/activate; python3 scripts/a003_verify.py --views 1 --iter-dir layout-verify2 --out opt/ttw/layout-verify2.json 2>&1 | tee /tmp/layout_verify2.log; grep -E "SORT_LAYOUT|SUMMARY|JIT_WARMUP" /tmp/layout_verify2.log
-----------------------------------------
BUILD-ID VERIFY OK: cpp#116 bin=d193d161f0d6fd76 matches the built+stamped artifact
declare -x CURL_CA_BUNDLE="/etc/ssl/certs/ca-certificates.crt"
declare -x HOME="/home/smarton"
declare -x IRD_ARCH_NAME="blackhole"
declare -x IRD_CLUSTER="tt_yyz"
declare -x IRD_HARVESTED_MACHINE="false"
declare -x IRD_NUM_PCIE_CHIPS="1"
declare -x IRD_RESET_DONGLE="false"
declare -x IRD_VERSION="1.12.106"
declare -x LANG="C.UTF-8"
declare -x LOGNAME="smarton"
declare -x MOTD_SHOWN="pam"
declare -x NODE_EXTRA_CA_CERTS="/etc/ssl/certs/ca-certificates.crt"
declare -x OLDPWD="/home/smarton"
declare -x PATH="/home/smarton/.local/bin:/home/smarton/.local/bin:/usr/local/sbin:/usr/local/bin:/usr/sbin:/usr/bin:/sbin:/bin:/usr/games:/usr/local/games:/snap/bin"
declare -x PIP_CERT="/etc/ssl/certs/ca-certificates.crt"
declare -x PWD="/localdev/smarton/gstt2"
declare -x P_USER_DBD_PORT="51483"
declare -x P_USER_SSH_PORT="46483"
declare -x REQUESTS_CA_BUNDLE="/etc/ssl/certs/ca-certificates.crt"
declare -x SHELL="/bin/bash"
declare -x SHLVL="2"
declare -x SLURM_GRES_IDS="0"
declare -x SSH_AUTH_SOCK="/tmp/ssh-XXXXUepAQZ/agent.130226"
declare -x SSH_CLIENT="10.250.20.198 52732 22"
declare -x SSH_CONNECTION="10.250.20.198 52732 172.17.0.4 22"
declare -x SSL_CERT_FILE="/etc/ssl/certs/ca-certificates.crt"
declare -x TTW_DEVRUN="1"
declare -x USER="smarton"
declare -x USER_SSH_PASSWD="iXskB5cN6q4GcMZtn6ybnSRRwA0K+6Yc"
Traceback (most recent call last):
  File "/localdev/smarton/gstt2/scripts/a003_verify.py", line 26, in <module>
    import numpy as np
ModuleNotFoundError: No module named 'numpy'
