================ BUILD ID ================
  cpp : #114 sha=01ff918 bin=59d109789bbdb4e9 sort device bin layout kernel
  data: # sha= 
=========================================
host=yyzo-bh-03  tag=layout-verify  timeout=1800s  worry=600s  ts=2026-06-02T00:48:30-0700
cmd: bash tmp/run_layout_verify.sh
-----------------------------------------
2026-06-02 07:48:32.633 | info     |             UMD | Creating TopologyDiscovery for architecture: blackhole (topology_discovery.cpp:75)
2026-06-02 07:48:32.633 | info     |             UMD | Starting topology discovery. (topology_discovery.cpp:92)
2026-06-02 07:48:32.634 | warning  |             UMD | Low power mode is disabled while UMD holds open file descriptors. The device will return to low power mode once all file descriptors are closed. (topology_discovery.cpp:143)
2026-06-02 07:48:32.634 | warning  |             UMD | KMD version 2.4.1 does not support power state management. (pci_device.cpp:1067)
2026-06-02 07:48:32.634 | info     |             UMD | Established firmware bundle version: 18.12.1 (topology_discovery.cpp:544)
2026-06-02 07:48:32.634 | info     |             UMD | Completed topology discovery. (topology_discovery.cpp:96)
2026-06-02 07:48:32.634 | info     |          Device | Opening user mode device driver (tt_cluster.cpp:225)
2026-06-02 07:48:32.634 | info     |             UMD | Cluster constructor started. (cluster.cpp:317)
2026-06-02 07:48:32.634 | info     |             UMD | Creating TopologyDiscovery for architecture: blackhole (topology_discovery.cpp:75)
2026-06-02 07:48:32.634 | info     |             UMD | Starting topology discovery. (topology_discovery.cpp:92)
2026-06-02 07:48:32.634 | warning  |             UMD | Low power mode is disabled while UMD holds open file descriptors. The device will return to low power mode once all file descriptors are closed. (topology_discovery.cpp:143)
2026-06-02 07:48:32.634 | warning  |             UMD | KMD version 2.4.1 does not support power state management. (pci_device.cpp:1067)
2026-06-02 07:48:32.635 | info     |             UMD | Established firmware bundle version: 18.12.1 (topology_discovery.cpp:544)
2026-06-02 07:48:32.635 | info     |             UMD | Completed topology discovery. (topology_discovery.cpp:96)
2026-06-02 07:48:32.635 | info     |             UMD | Harvesting masks for Chip 0: Tensix: 0xc0 DRAM: 0x8 ETH: 0x3fff PCIe: 0x2 L2CPU: 0x0 (cluster.cpp:270)
2026-06-02 07:48:32.635 | info     |             UMD | Initializing iommu for sysmem (size: 0x40000000). (silicon_sysmem_manager.cpp:334)
2026-06-02 07:48:32.635 | info     |             UMD | Allocating sysmem for IOMMU (size: 0x40000000). (silicon_sysmem_manager.cpp:340)
2026-06-02 07:48:32.673 | warning  |             UMD | KMD version 2.4.1 does not support power state management. (pci_device.cpp:1067)
2026-06-02 07:48:32.673 | info     |             UMD | Opening local chip ids/PCIe ids: {0}/[0] and remote chip ids {} (cluster.cpp:159)
2026-06-02 07:48:32.673 | info     |             UMD | IOMMU: enabled (cluster.cpp:133)
2026-06-02 07:48:32.673 | info     |             UMD | KMD version: 2.4.1 (cluster.cpp:136)
2026-06-02 07:48:32.673 | info     |             UMD | Cluster constructor completed. (cluster.cpp:409)
2026-06-02 07:48:32.677 | info     |             UMD | Starting devices in cluster (cluster.cpp:1044)
2026-06-02 07:48:32.677 | info     |             UMD | Mapped sysmem without hugepages to IOVA 0x80000000; NOC address 0x1000000000000000 (silicon_sysmem_manager.cpp:391)
2026-06-02 07:48:32.678 | info     |             UMD | Starting devices in cluster completed. (cluster.cpp:1052)
2026-06-02 07:48:33.174 | info     |     Distributed | Using auto discovery to generate mesh graph. (metal_env.cpp:332)
2026-06-02 07:48:33.174 | info     |     Distributed | Constructing control plane using auto-discovery (no mesh graph descriptor). (metal_env.cpp:394)
2026-06-02 07:48:33.174 | info     |             UMD | Creating TopologyDiscovery for architecture: blackhole (topology_discovery.cpp:75)
2026-06-02 07:48:33.174 | info     |             UMD | Starting topology discovery. (topology_discovery.cpp:92)
2026-06-02 07:48:33.174 | warning  |             UMD | Low power mode is disabled while UMD holds open file descriptors. The device will return to low power mode once all file descriptors are closed. (topology_discovery.cpp:143)
2026-06-02 07:48:33.174 | warning  |             UMD | KMD version 2.4.1 does not support power state management. (pci_device.cpp:1067)
2026-06-02 07:48:33.175 | info     |             UMD | Established firmware bundle version: 18.12.1 (topology_discovery.cpp:544)
2026-06-02 07:48:33.175 | info     |             UMD | Completed topology discovery. (topology_discovery.cpp:96)
2026-06-02 07:48:33.175 | warning  |          Always | Unknown motherboard 'X670E GAMING PLUS WIFI (MS-7E16)' for chip_id=0 (bus_id=0x1) — defaulting tray_id to 0. Add this motherboard and its bus IDs to mobo_to_bus_ids in physical_system_discovery.cpp. (physical_system_discovery.cpp:62)
2026-06-02 07:48:33.175 | info     |          Fabric | TopologyMapper: Logical Multi-Mesh Adjacency Map: (topology_mapper.cpp:1474)
2026-06-02 07:48:33.175 | info     |          Fabric | 
=== Logical Mesh-Level Graph Adjacency Map ===
Total nodes: 1
Degree histogram: {0:1}
 (topology_solver.tpp:94)
2026-06-02 07:48:33.175 | info     |          Fabric | 
=== Logical Mesh 0 Internal Graph Adjacency Map ===
Total nodes: 1
Degree histogram: {0:1}
 (topology_solver.tpp:94)
2026-06-02 07:48:33.175 | info     |          Fabric | TopologyMapper: Physical Multi-Mesh Adjacency Map: (topology_mapper.cpp:1485)
2026-06-02 07:48:33.175 | info     |          Fabric | 
=== Physical Mesh-Level Graph Adjacency Map ===
Total nodes: 1
Degree histogram: {0:1}
 (topology_solver.tpp:94)
2026-06-02 07:48:33.175 | info     |          Fabric | 
=== Physical Mesh 0 Internal Graph Adjacency Map ===
Total nodes: 1
Degree histogram: {0:1}
 (topology_solver.tpp:94)
2026-06-02 07:48:33.175 | info     |          Fabric | Starting multi-mesh mapping: 1 logical mesh(es) to 1 physical mesh(es) (topology_mapper_utils.cpp:1469)
2026-06-02 07:48:33.175 | info     |          Fabric | Multi-mesh mapping attempt 1/2: Trying inter-mesh mapping (topology_mapper_utils.cpp:1510)
2026-06-02 07:48:33.175 | info     |          Fabric | Attempt 1: Inter-mesh mapping succeeded, found 1 mesh pair(s) (topology_mapper_utils.cpp:1539)
2026-06-02 07:48:33.175 | info     |          Fabric | Attempt 1: Mapping 1 mesh pair(s) (topology_mapper_utils.cpp:1547)
2026-06-02 07:48:33.175 | info     |          Fabric | Attempt 1: Mapping mesh 0 -> 0 (topology_mapper_utils.cpp:1554)
2026-06-02 07:48:33.175 | info     |          Fabric | Multi-mesh mapping succeeded after 1 attempt(s): 1 mesh pair(s) mapped (topology_mapper_utils.cpp:1686)
2026-06-02 07:48:33.198 | info     |    BuildKernels | Using pre-compiled firmware from: /localdev/smarton/tt-metal/tt_metal/pre-compiled/431005707817566179/ (build_env_manager.cpp:260)
2026-06-02 07:48:33.478 | info     |           Metal | ShmResourceTracker: removed stale shm '/tt_d2h_137338_1247231709_0' (shm_resource_tracker.cpp:265)
2026-06-02 07:48:33.478 | info     |           Metal | ShmResourceTracker: removed stale manifest '/dev/shm/tt_socket_manifest_137338' (shm_resource_tracker.cpp:275)
2026-06-02 07:48:33.478 | info     |           Metal | ShmResourceTracker: removed orphaned shm '/tt_device_7490744194894819707_memory' (shm_resource_tracker.cpp:282)
2026-06-02 07:48:34.066 | info     |           Metal | [Real-time profiler] Device 0 sync complete: 100 samples, frequency=1.349983 GHz, device_time_at_sync=44468621515396 cycles (realtime_profiler_manager.cpp:1082)
[SORT_LAYOUT_VERIFY] P_kept dev=3369033 ref=3369033 P_aligned dev=4332496 ref=4332496 status=0 mismatches=658 FAIL
[render_full] FATAL: device sort failed with host-free env stack
[yyzo-bh-03-special-smarton-for-reservation-73929:138279] *** Process received signal ***
[yyzo-bh-03-special-smarton-for-reservation-73929:138279] Signal: Aborted (6)
[yyzo-bh-03-special-smarton-for-reservation-73929:138279] Signal code:  (-6)
[yyzo-bh-03-special-smarton-for-reservation-73929:138279] [ 0] /lib/x86_64-linux-gnu/libc.so.6(+0x42520)[0x7ff109b71520]
[yyzo-bh-03-special-smarton-for-reservation-73929:138279] [ 1] /lib/x86_64-linux-gnu/libc.so.6(pthread_kill+0x12c)[0x7ff109bc59fc]
[yyzo-bh-03-special-smarton-for-reservation-73929:138279] [ 2] /lib/x86_64-linux-gnu/libc.so.6(raise+0x16)[0x7ff109b71476]
[yyzo-bh-03-special-smarton-for-reservation-73929:138279] [ 3] /lib/x86_64-linux-gnu/libc.so.6(abort+0xd3)[0x7ff109b577f3]
[yyzo-bh-03-special-smarton-for-reservation-73929:138279] [ 4] /localdev/smarton/gstt2/backends/cpu_cpp/_gsplat_cpu.cpython-310-x86_64-linux-gnu.so(+0x4e092)[0x7ff03529f092]
[yyzo-bh-03-special-smarton-for-reservation-73929:138279] [ 5] /localdev/smarton/gstt2/backends/cpu_cpp/_gsplat_cpu.cpython-310-x86_64-linux-gnu.so(+0x5c1b1)[0x7ff0352ad1b1]
[yyzo-bh-03-special-smarton-for-reservation-73929:138279] [ 6] /localdev/smarton/gstt2/backends/cpu_cpp/_gsplat_cpu.cpython-310-x86_64-linux-gnu.so(+0x3bcc8)[0x7ff03528ccc8]
[yyzo-bh-03-special-smarton-for-reservation-73929:138279] [ 7] python3(+0x17e96f)[0x557ac1ade96f]
[yyzo-bh-03-special-smarton-for-reservation-73929:138279] [ 8] python3(_PyEval_EvalFrameDefault+0x56cb)[0x557ac1adabdb]
[yyzo-bh-03-special-smarton-for-reservation-73929:138279] [ 9] python3(_PyFunction_Vectorcall+0x7c)[0x557ac1aeb68c]
[yyzo-bh-03-special-smarton-for-reservation-73929:138279] [10] python3(_PyEval_EvalFrameDefault+0x807)[0x557ac1ad5d17]
[yyzo-bh-03-special-smarton-for-reservation-73929:138279] [11] python3(_PyFunction_Vectorcall+0x7c)[0x557ac1aeb68c]
[yyzo-bh-03-special-smarton-for-reservation-73929:138279] [12] python3(_PyEval_EvalFrameDefault+0x807)[0x557ac1ad5d17]
[yyzo-bh-03-special-smarton-for-reservation-73929:138279] [13] python3(_PyFunction_Vectorcall+0x7c)[0x557ac1aeb68c]
[yyzo-bh-03-special-smarton-for-reservation-73929:138279] [14] python3(_PyEval_EvalFrameDefault+0x6c0)[0x557ac1ad5bd0]
[yyzo-bh-03-special-smarton-for-reservation-73929:138279] [15] python3(_PyFunction_Vectorcall+0x7c)[0x557ac1aeb68c]
[yyzo-bh-03-special-smarton-for-reservation-73929:138279] [16] python3(_PyEval_EvalFrameDefault+0x6c0)[0x557ac1ad5bd0]
[yyzo-bh-03-special-smarton-for-reservation-73929:138279] [17] python3(+0x259d36)[0x557ac1bb9d36]
[yyzo-bh-03-special-smarton-for-reservation-73929:138279] [18] python3(PyEval_EvalCode+0x86)[0x557ac1bb9c06]
[yyzo-bh-03-special-smarton-for-reservation-73929:138279] [19] python3(+0x280678)[0x557ac1be0678]
[yyzo-bh-03-special-smarton-for-reservation-73929:138279] [20] python3(+0x27accf)[0x557ac1bdaccf]
[yyzo-bh-03-special-smarton-for-reservation-73929:138279] [21] python3(+0x280415)[0x557ac1be0415]
[yyzo-bh-03-special-smarton-for-reservation-73929:138279] [22] python3(_PyRun_SimpleFileObject+0x1a8)[0x557ac1bdf958]
[yyzo-bh-03-special-smarton-for-reservation-73929:138279] [23] python3(_PyRun_AnyFileObject+0x47)[0x557ac1bdf637]
[yyzo-bh-03-special-smarton-for-reservation-73929:138279] [24] python3(Py_RunMain+0x2be)[0x557ac1bd3bfe]
[yyzo-bh-03-special-smarton-for-reservation-73929:138279] [25] python3(Py_BytesMain+0x2d)[0x557ac1badc4d]
[yyzo-bh-03-special-smarton-for-reservation-73929:138279] [26] /lib/x86_64-linux-gnu/libc.so.6(+0x29d90)[0x7ff109b58d90]
[yyzo-bh-03-special-smarton-for-reservation-73929:138279] [27] /lib/x86_64-linux-gnu/libc.so.6(__libc_start_main+0x80)[0x7ff109b58e40]
[yyzo-bh-03-special-smarton-for-reservation-73929:138279] [28] python3(_start+0x25)[0x557ac1badb45]
[yyzo-bh-03-special-smarton-for-reservation-73929:138279] *** End of error message ***
tmp/run_layout_verify.sh: line 32: 138279 Aborted                 (core dumped) python3 scripts/a003_verify.py --views "${VIEWS:-1}" --iter-dir "${ITER_DIR:-layout-verify}" --out "${OUT:-opt/ttw/layout-verify.json}" 2>&1
[ttw] log: /Users/smarton/dev/gstt2/.ttw/logs/layout-verify-20260602-004830.log
