================ BUILD ID ================
  cpp : #156 sha=f18c3c3 bin=325ef2bf2c6a5942 iter 47: MEASURE-FIRST blend breakdown (device per-tile-class zones rd_bk_emit/rd_overflow/cp_inb/cp_ovf + host TILE_HISTO). Hero: in-budget 914 tiles/2.01M cand (59.8%), overflow 110 tiles/1.36M cand (40.2%), max_tile_n=25699>FIT. Blend makespan ~93ms (reader~=compute co-equal) + separate cull ~80ms = lumped host blend 182.5. In-budget CO-LIMITED: reader-emit 824 ~= compute-SFPU 844 (load+sort only ~286). Busiest cores are OVERFLOW-gather-dominated (top core overflow 449 vs emit 181, 30v totals). Tailskip scaffold gated-off (deadlock-free 63.85 but blend 185.8>182.5, not a win). Measurement-only, PSNR 63.85 bit-identical.
  data: #1 sha=b703f70 sync tracy-041 capture script
=========================================
host=yyzo-bh-03  tag=level-orbit  timeout=900s  worry=600s  ts=2026-06-03T00:55:11-0700
cmd: export TT_METAL_HOME=/localdev/smarton/tt-metal TT_METAL_RUNTIME_ROOT=/localdev/smarton/tt-metal TT_METAL_CACHE=/localdev/smarton/.cache/tt-metal-cache TT_METAL_ARCH_NAME=blackhole MESH_DEVICE=P100; source .venv/bin/activate 2>/dev/null; python3 render/run.py --no-ref --dump-views level-orbit-30 --iter-dir level-orbit
-----------------------------------------
[run] warmup (hero='hero', 1024x1024, scene=bicycle)
2026-06-03 07:55:12.992 | info     |             UMD | Creating TopologyDiscovery for architecture: blackhole (topology_discovery.cpp:75)
2026-06-03 07:55:12.992 | info     |             UMD | Starting topology discovery. (topology_discovery.cpp:92)
2026-06-03 07:55:12.993 | warning  |             UMD | Low power mode is disabled while UMD holds open file descriptors. The device will return to low power mode once all file descriptors are closed. (topology_discovery.cpp:143)
2026-06-03 07:55:12.993 | warning  |             UMD | KMD version 2.4.1 does not support power state management. (pci_device.cpp:1067)
2026-06-03 07:55:12.993 | info     |             UMD | Established firmware bundle version: 18.12.1 (topology_discovery.cpp:544)
2026-06-03 07:55:12.993 | info     |             UMD | Completed topology discovery. (topology_discovery.cpp:96)
2026-06-03 07:55:12.993 | info     |          Device | Opening user mode device driver (tt_cluster.cpp:225)
2026-06-03 07:55:12.993 | info     |             UMD | Cluster constructor started. (cluster.cpp:317)
2026-06-03 07:55:12.993 | info     |             UMD | Creating TopologyDiscovery for architecture: blackhole (topology_discovery.cpp:75)
2026-06-03 07:55:12.993 | info     |             UMD | Starting topology discovery. (topology_discovery.cpp:92)
2026-06-03 07:55:12.993 | warning  |             UMD | Low power mode is disabled while UMD holds open file descriptors. The device will return to low power mode once all file descriptors are closed. (topology_discovery.cpp:143)
2026-06-03 07:55:12.993 | warning  |             UMD | KMD version 2.4.1 does not support power state management. (pci_device.cpp:1067)
2026-06-03 07:55:12.994 | info     |             UMD | Established firmware bundle version: 18.12.1 (topology_discovery.cpp:544)
2026-06-03 07:55:12.994 | info     |             UMD | Completed topology discovery. (topology_discovery.cpp:96)
2026-06-03 07:55:12.994 | info     |             UMD | Harvesting masks for Chip 0: Tensix: 0xc0 DRAM: 0x8 ETH: 0x3fff PCIe: 0x2 L2CPU: 0x0 (cluster.cpp:270)
2026-06-03 07:55:12.994 | info     |             UMD | Initializing iommu for sysmem (size: 0x40000000). (silicon_sysmem_manager.cpp:334)
2026-06-03 07:55:12.994 | info     |             UMD | Allocating sysmem for IOMMU (size: 0x40000000). (silicon_sysmem_manager.cpp:340)
2026-06-03 07:55:13.033 | warning  |             UMD | KMD version 2.4.1 does not support power state management. (pci_device.cpp:1067)
2026-06-03 07:55:13.033 | info     |             UMD | Opening local chip ids/PCIe ids: {0}/[0] and remote chip ids {} (cluster.cpp:159)
2026-06-03 07:55:13.033 | info     |             UMD | IOMMU: enabled (cluster.cpp:133)
2026-06-03 07:55:13.033 | info     |             UMD | KMD version: 2.4.1 (cluster.cpp:136)
2026-06-03 07:55:13.033 | info     |             UMD | Cluster constructor completed. (cluster.cpp:409)
2026-06-03 07:55:13.035 | info     |             UMD | Starting devices in cluster (cluster.cpp:1044)
2026-06-03 07:55:13.035 | info     |             UMD | Mapped sysmem without hugepages to IOVA 0x80000000; NOC address 0x1000000000000000 (silicon_sysmem_manager.cpp:391)
2026-06-03 07:55:13.036 | info     |             UMD | Starting devices in cluster completed. (cluster.cpp:1052)
2026-06-03 07:55:13.526 | info     |     Distributed | Using auto discovery to generate mesh graph. (metal_env.cpp:332)
2026-06-03 07:55:13.526 | info     |     Distributed | Constructing control plane using auto-discovery (no mesh graph descriptor). (metal_env.cpp:394)
2026-06-03 07:55:13.526 | info     |             UMD | Creating TopologyDiscovery for architecture: blackhole (topology_discovery.cpp:75)
2026-06-03 07:55:13.526 | info     |             UMD | Starting topology discovery. (topology_discovery.cpp:92)
2026-06-03 07:55:13.527 | warning  |             UMD | Low power mode is disabled while UMD holds open file descriptors. The device will return to low power mode once all file descriptors are closed. (topology_discovery.cpp:143)
2026-06-03 07:55:13.527 | warning  |             UMD | KMD version 2.4.1 does not support power state management. (pci_device.cpp:1067)
2026-06-03 07:55:13.527 | info     |             UMD | Established firmware bundle version: 18.12.1 (topology_discovery.cpp:544)
2026-06-03 07:55:13.527 | info     |             UMD | Completed topology discovery. (topology_discovery.cpp:96)
2026-06-03 07:55:13.527 | warning  |          Always | Unknown motherboard 'X670E GAMING PLUS WIFI (MS-7E16)' for chip_id=0 (bus_id=0x1) — defaulting tray_id to 0. Add this motherboard and its bus IDs to mobo_to_bus_ids in physical_system_discovery.cpp. (physical_system_discovery.cpp:62)
2026-06-03 07:55:13.527 | info     |          Fabric | TopologyMapper: Logical Multi-Mesh Adjacency Map: (topology_mapper.cpp:1474)
2026-06-03 07:55:13.527 | info     |          Fabric | 
=== Logical Mesh-Level Graph Adjacency Map ===
Total nodes: 1
Degree histogram: {0:1}
 (topology_solver.tpp:94)
2026-06-03 07:55:13.527 | info     |          Fabric | 
=== Logical Mesh 0 Internal Graph Adjacency Map ===
Total nodes: 1
Degree histogram: {0:1}
 (topology_solver.tpp:94)
2026-06-03 07:55:13.527 | info     |          Fabric | TopologyMapper: Physical Multi-Mesh Adjacency Map: (topology_mapper.cpp:1485)
2026-06-03 07:55:13.527 | info     |          Fabric | 
=== Physical Mesh-Level Graph Adjacency Map ===
Total nodes: 1
Degree histogram: {0:1}
 (topology_solver.tpp:94)
2026-06-03 07:55:13.527 | info     |          Fabric | 
=== Physical Mesh 0 Internal Graph Adjacency Map ===
Total nodes: 1
Degree histogram: {0:1}
 (topology_solver.tpp:94)
2026-06-03 07:55:13.527 | info     |          Fabric | Starting multi-mesh mapping: 1 logical mesh(es) to 1 physical mesh(es) (topology_mapper_utils.cpp:1469)
2026-06-03 07:55:13.527 | info     |          Fabric | Multi-mesh mapping attempt 1/2: Trying inter-mesh mapping (topology_mapper_utils.cpp:1510)
2026-06-03 07:55:13.527 | info     |          Fabric | Attempt 1: Inter-mesh mapping succeeded, found 1 mesh pair(s) (topology_mapper_utils.cpp:1539)
2026-06-03 07:55:13.527 | info     |          Fabric | Attempt 1: Mapping 1 mesh pair(s) (topology_mapper_utils.cpp:1547)
2026-06-03 07:55:13.527 | info     |          Fabric | Attempt 1: Mapping mesh 0 -> 0 (topology_mapper_utils.cpp:1554)
2026-06-03 07:55:13.527 | info     |          Fabric | Multi-mesh mapping succeeded after 1 attempt(s): 1 mesh pair(s) mapped (topology_mapper_utils.cpp:1686)
2026-06-03 07:55:13.551 | info     |    BuildKernels | Using pre-compiled firmware from: /localdev/smarton/tt-metal/tt_metal/pre-compiled/431005707817566179/ (build_env_manager.cpp:260)
2026-06-03 07:55:13.754 | info     |           Metal | ShmResourceTracker: removed stale shm '/tt_d2h_423019_1479513314_0' (shm_resource_tracker.cpp:265)
2026-06-03 07:55:13.754 | info     |           Metal | ShmResourceTracker: removed stale manifest '/dev/shm/tt_socket_manifest_423019' (shm_resource_tracker.cpp:275)
2026-06-03 07:55:13.754 | info     |           Metal | ShmResourceTracker: removed orphaned shm '/tt_device_7490744194894819707_memory' (shm_resource_tracker.cpp:282)
2026-06-03 07:55:14.338 | info     |           Metal | [Real-time profiler] Device 0 sync complete: 100 samples, frequency=1.349981 GHz, device_time_at_sync=161647343576922 cycles (realtime_profiler_manager.cpp:1082)
[JIT_WARMUP] ideal-path contexts compiled in 1363.2 ms
[SORT] stage=RP P=3369033 P_kept=3369033 num_tiles=1024 max_tile_n=26496 bin=43.53 up=0.02 kernel=1.65 d2h=0.00 compact=0.00 publish=1.52 total=46.82ms
[run] timing 30 views (warmup excluded)
[SORT] stage=RP P=3369033 P_kept=3369033 num_tiles=1024 max_tile_n=26496 bin=41.67 up=0.02 kernel=0.03 d2h=0.00 compact=0.00 publish=0.02 total=41.81ms
[run]   view=hero 291.5ms saved=view00_hero.png
[SORT] stage=RP P=3535561 P_kept=3535561 num_tiles=1024 max_tile_n=26272 bin=43.77 up=0.02 kernel=0.03 d2h=0.00 compact=0.00 publish=0.03 total=43.93ms
[run]   view=orbit_01 307.4ms saved=view01_orbit_01.png
[SORT] stage=RP P=3603555 P_kept=3603555 num_tiles=1024 max_tile_n=25152 bin=44.98 up=0.02 kernel=0.04 d2h=0.00 compact=0.00 publish=0.04 total=45.18ms
[run]   view=orbit_02 306.6ms saved=view02_orbit_02.png
[SORT] stage=RP P=3622630 P_kept=3622630 num_tiles=1024 max_tile_n=24416 bin=44.54 up=0.02 kernel=0.02 d2h=0.00 compact=0.00 publish=0.03 total=44.68ms
[run]   view=orbit_03 306.9ms saved=view03_orbit_03.png
[SORT] stage=RP P=3620780 P_kept=3620780 num_tiles=1024 max_tile_n=25200 bin=44.61 up=0.02 kernel=0.03 d2h=0.00 compact=0.00 publish=0.02 total=44.74ms
[run]   view=orbit_04 301.3ms saved=view04_orbit_04.png
[SORT] stage=RP P=3622797 P_kept=3622797 num_tiles=1024 max_tile_n=23552 bin=44.81 up=0.02 kernel=0.04 d2h=0.00 compact=0.00 publish=0.04 total=45.00ms
[run]   view=orbit_05 305.3ms saved=view05_orbit_05.png
[SORT] stage=RP P=3607134 P_kept=3607134 num_tiles=1024 max_tile_n=25040 bin=44.78 up=0.02 kernel=0.03 d2h=0.00 compact=0.00 publish=0.02 total=44.93ms
[run]   view=orbit_06 301.0ms saved=view06_orbit_06.png
[SORT] stage=RP P=3548136 P_kept=3548136 num_tiles=1024 max_tile_n=26816 bin=43.94 up=0.02 kernel=0.04 d2h=0.00 compact=0.00 publish=0.03 total=44.10ms
[run]   view=orbit_07 300.9ms saved=view07_orbit_07.png
[SORT] stage=RP P=3455005 P_kept=3455005 num_tiles=1024 max_tile_n=25024 bin=42.91 up=0.02 kernel=0.04 d2h=0.00 compact=0.00 publish=0.03 total=43.07ms
[run]   view=orbit_08 290.8ms saved=view08_orbit_08.png
[SORT] stage=RP P=3397687 P_kept=3397687 num_tiles=1024 max_tile_n=22176 bin=42.68 up=0.02 kernel=0.04 d2h=0.00 compact=0.00 publish=0.03 total=42.83ms
[run]   view=orbit_09 281.6ms saved=view09_orbit_09.png
[SORT] stage=RP P=3353492 P_kept=3353492 num_tiles=1024 max_tile_n=23776 bin=41.75 up=0.02 kernel=0.04 d2h=0.00 compact=0.00 publish=0.03 total=41.91ms
[run]   view=orbit_10 282.7ms saved=view10_orbit_10.png
[SORT] stage=RP P=3324622 P_kept=3324622 num_tiles=1024 max_tile_n=25360 bin=41.28 up=0.02 kernel=0.04 d2h=0.00 compact=0.00 publish=0.03 total=41.44ms
[run]   view=orbit_11 285.3ms saved=view11_orbit_11.png
[SORT] stage=RP P=3321611 P_kept=3321611 num_tiles=1024 max_tile_n=26064 bin=41.60 up=0.02 kernel=0.04 d2h=0.00 compact=0.00 publish=0.03 total=41.76ms
[run]   view=orbit_12 289.0ms saved=view12_orbit_12.png
[SORT] stage=RP P=3343983 P_kept=3343983 num_tiles=1024 max_tile_n=24656 bin=41.62 up=0.02 kernel=0.02 d2h=0.00 compact=0.00 publish=0.02 total=41.75ms
[run]   view=orbit_13 283.6ms saved=view13_orbit_13.png
[SORT] stage=RP P=3391321 P_kept=3391321 num_tiles=1024 max_tile_n=21424 bin=42.12 up=0.02 kernel=0.03 d2h=0.00 compact=0.00 publish=0.02 total=42.26ms
[run]   view=orbit_14 277.5ms saved=view14_orbit_14.png
[SORT] stage=RP P=3430950 P_kept=3430950 num_tiles=1024 max_tile_n=24560 bin=42.56 up=0.02 kernel=0.03 d2h=0.00 compact=0.00 publish=0.02 total=42.70ms
[run]   view=orbit_15 288.5ms saved=view15_orbit_15.png
[SORT] stage=RP P=3463828 P_kept=3463828 num_tiles=1024 max_tile_n=26432 bin=43.15 up=0.02 kernel=0.03 d2h=0.00 compact=0.00 publish=0.02 total=43.29ms
[run]   view=orbit_16 294.3ms saved=view16_orbit_16.png
[SORT] stage=RP P=3517324 P_kept=3517324 num_tiles=1024 max_tile_n=24976 bin=43.80 up=0.02 kernel=0.03 d2h=0.00 compact=0.00 publish=0.02 total=43.95ms
[run]   view=orbit_17 295.2ms saved=view17_orbit_17.png
[SORT] stage=RP P=3506904 P_kept=3506904 num_tiles=1024 max_tile_n=23680 bin=43.23 up=0.02 kernel=0.04 d2h=0.00 compact=0.00 publish=0.03 total=43.39ms
[run]   view=orbit_18 290.4ms saved=view18_orbit_18.png
[SORT] stage=RP P=3480657 P_kept=3480657 num_tiles=1024 max_tile_n=23840 bin=43.22 up=0.02 kernel=0.04 d2h=0.00 compact=0.00 publish=0.03 total=43.38ms
[run]   view=orbit_19 290.9ms saved=view19_orbit_19.png
[SORT] stage=RP P=3442938 P_kept=3442938 num_tiles=1024 max_tile_n=24672 bin=42.52 up=0.02 kernel=0.04 d2h=0.00 compact=0.00 publish=0.03 total=42.68ms
[run]   view=orbit_20 289.9ms saved=view20_orbit_20.png
[SORT] stage=RP P=3379780 P_kept=3379780 num_tiles=1024 max_tile_n=25680 bin=41.80 up=0.02 kernel=0.03 d2h=0.00 compact=0.00 publish=0.02 total=41.95ms
[run]   view=orbit_21 289.1ms saved=view21_orbit_21.png
[SORT] stage=RP P=3263772 P_kept=3263772 num_tiles=1024 max_tile_n=23024 bin=40.52 up=0.02 kernel=0.03 d2h=0.00 compact=0.00 publish=0.02 total=40.65ms
[run]   view=orbit_22 275.8ms saved=view22_orbit_22.png
[SORT] stage=RP P=3203445 P_kept=3203445 num_tiles=1024 max_tile_n=19856 bin=39.79 up=0.02 kernel=0.03 d2h=0.00 compact=0.00 publish=0.02 total=39.91ms
[run]   view=orbit_23 261.9ms saved=view23_orbit_23.png
[SORT] stage=RP P=3149820 P_kept=3149820 num_tiles=1024 max_tile_n=23424 bin=39.93 up=0.02 kernel=0.04 d2h=0.00 compact=0.00 publish=0.03 total=40.07ms
[run]   view=orbit_24 270.7ms saved=view24_orbit_24.png
[SORT] stage=RP P=3110972 P_kept=3110972 num_tiles=1024 max_tile_n=24304 bin=40.00 up=0.02 kernel=0.04 d2h=0.00 compact=0.00 publish=0.03 total=40.17ms
[run]   view=orbit_25 272.4ms saved=view25_orbit_25.png
[SORT] stage=RP P=3120361 P_kept=3120361 num_tiles=1024 max_tile_n=24416 bin=39.63 up=0.02 kernel=0.04 d2h=0.00 compact=0.00 publish=0.03 total=39.79ms
[run]   view=orbit_26 273.1ms saved=view26_orbit_26.png
[SORT] stage=RP P=3161893 P_kept=3161893 num_tiles=1024 max_tile_n=25296 bin=40.32 up=0.02 kernel=0.03 d2h=0.00 compact=0.00 publish=0.02 total=40.47ms
[run]   view=orbit_27 277.5ms saved=view27_orbit_27.png
[SORT] stage=RP P=3237659 P_kept=3237659 num_tiles=1024 max_tile_n=25056 bin=40.45 up=0.02 kernel=0.04 d2h=0.00 compact=0.00 publish=0.03 total=40.62ms
[run]   view=orbit_28 279.5ms saved=view28_orbit_28.png
[SORT] stage=RP P=3333322 P_kept=3333322 num_tiles=1024 max_tile_n=22880 bin=41.60 up=0.02 kernel=0.04 d2h=0.00 compact=0.00 publish=0.03 total=41.77ms
[run]   view=orbit_29 280.5ms saved=view29_orbit_29.png
SUMMARY scene=bicycle hero='hero' hero_vs_ref=nandB avg_frame_ms=288.0 p50_ms=289.0 min_ms=261.9 max_ms=307.4 n_views=30 warmup_s=2.0 out=/localdev/smarton/gstt2/tmp/level-orbit
