================ BUILD ID ================
  cpp : #5 sha=7e5bced iter 5: Fix segfault: D2H sorted ids when blend_mode=0 ref path
  data: # sha= 
=========================================
host=bh-30  tag=no-shutdown  timeout=1200s  worry=600s  ts=2026-05-31T20:57:42-0700
cmd: bash -c cd /localdev/smarton/gstt2 && export TT_METAL_HOME=/localdev/smarton/tt-metal TT_METAL_RUNTIME_ROOT=/localdev/smarton/tt-metal TT_METAL_CACHE=/localdev/smarton/.cache/tt-metal-cache TT_METAL_ARCH_NAME=blackhole MESH_DEVICE=P100 GSPLAT_TT_BLEND_MODE=2 GSPLAT_TT_MB_KERNEL=1 GSPLAT_TT_MB_DEVCULL=1 GSPLAT_TT_DEVICE_PROJECT=1 GSPLAT_TT_RESIDENT_PROJECT=1 GSPLAT_TT_RESIDENT_GATHER=1 GSPLAT_TT_DEVICE_TILE_ASSIGN=1 GSPLAT_TT_RESIDENT_TA_IN=1 GSPLAT_TT_DEVICE_SORT=1 GSPLAT_TT_RESIDENT_PAIRS=1 GSPLAT_TT_RESIDENT_BLEND=1 GSPLAT_TT_SORT_DEVICE_PUBLISH=1 GSPLAT_TT_TA_DEVICE_SCAN=1 GSPLAT_TT_SFPU_CULL=1 GSPLAT_TT_CULL_SPIN=896 && source .venv/bin/activate && .venv/bin/python3 scripts/a003_verify.py --views 1 --iter-dir loop-noshut --out /tmp/ns.json; echo EXIT=$?
-----------------------------------------
2026-06-01 03:57:45.585 | info     |             UMD | Creating TopologyDiscovery for architecture: blackhole (topology_discovery.cpp:75)
2026-06-01 03:57:45.585 | info     |             UMD | Starting topology discovery. (topology_discovery.cpp:92)
2026-06-01 03:57:45.586 | warning  |             UMD | Low power mode is disabled while UMD holds open file descriptors. The device will return to low power mode once all file descriptors are closed. (topology_discovery.cpp:140)
2026-06-01 03:57:45.586 | warning  |             UMD | KMD version 2.4.1 does not support power state management. (pci_device.cpp:1067)
2026-06-01 03:57:45.586 | info     |             UMD | Established firmware bundle version: 19.5.0 (topology_discovery.cpp:544)
2026-06-01 03:57:45.587 | info     |             UMD | Completed topology discovery. (topology_discovery.cpp:96)
2026-06-01 03:57:45.588 | info     |          Device | Opening user mode device driver (tt_cluster.cpp:225)
2026-06-01 03:57:45.588 | info     |             UMD | Cluster constructor started. (cluster.cpp:317)
2026-06-01 03:57:45.588 | info     |             UMD | Creating TopologyDiscovery for architecture: blackhole (topology_discovery.cpp:75)
2026-06-01 03:57:45.588 | info     |             UMD | Starting topology discovery. (topology_discovery.cpp:92)
2026-06-01 03:57:45.589 | warning  |             UMD | Low power mode is disabled while UMD holds open file descriptors. The device will return to low power mode once all file descriptors are closed. (topology_discovery.cpp:140)
2026-06-01 03:57:45.589 | warning  |             UMD | KMD version 2.4.1 does not support power state management. (pci_device.cpp:1067)
2026-06-01 03:57:45.589 | info     |             UMD | Established firmware bundle version: 19.5.0 (topology_discovery.cpp:544)
2026-06-01 03:57:45.590 | info     |             UMD | Completed topology discovery. (topology_discovery.cpp:96)
2026-06-01 03:57:45.590 | info     |             UMD | Harvesting masks for Chip 0: Tensix: 0xc0 DRAM: 0x0 ETH: 0x120 PCIe: 0x2 L2CPU: 0x0 (cluster.cpp:262)
2026-06-01 03:57:45.590 | info     |             UMD | Initializing iommu for sysmem (size: 0x40000000). (silicon_sysmem_manager.cpp:334)
2026-06-01 03:57:45.590 | info     |             UMD | Allocating sysmem for IOMMU (size: 0x40000000). (silicon_sysmem_manager.cpp:340)
2026-06-01 03:57:45.659 | warning  |             UMD | KMD version 2.4.1 does not support power state management. (pci_device.cpp:1067)
2026-06-01 03:57:45.660 | info     |             UMD | Opening local chip ids/PCIe ids: {0}/[3] and remote chip ids {} (cluster.cpp:153)
2026-06-01 03:57:45.660 | info     |             UMD | IOMMU: enabled (cluster.cpp:133)
2026-06-01 03:57:45.660 | info     |             UMD | KMD version: 2.4.1 (cluster.cpp:136)
2026-06-01 03:57:45.660 | info     |             UMD | Cluster constructor completed. (cluster.cpp:409)
2026-06-01 03:57:45.661 | info     |             UMD | Starting devices in cluster (cluster.cpp:1044)
2026-06-01 03:57:45.662 | info     |             UMD | Mapped sysmem without hugepages to IOVA 0xfffffffec0000000; NOC address 0x1000000000000000 (silicon_sysmem_manager.cpp:391)
2026-06-01 03:57:45.663 | info     |             UMD | Starting devices in cluster completed. (cluster.cpp:1052)
2026-06-01 03:57:45.982 | info     |     Distributed | Using auto discovery to generate mesh graph. (metal_env.cpp:332)
2026-06-01 03:57:45.982 | info     |     Distributed | Constructing control plane using auto-discovery (no mesh graph descriptor). (metal_env.cpp:394)
2026-06-01 03:57:45.982 | info     |             UMD | Creating TopologyDiscovery for architecture: blackhole (topology_discovery.cpp:75)
2026-06-01 03:57:45.982 | info     |             UMD | Starting topology discovery. (topology_discovery.cpp:92)
2026-06-01 03:57:45.983 | warning  |             UMD | Low power mode is disabled while UMD holds open file descriptors. The device will return to low power mode once all file descriptors are closed. (topology_discovery.cpp:140)
2026-06-01 03:57:45.983 | warning  |             UMD | KMD version 2.4.1 does not support power state management. (pci_device.cpp:1067)
2026-06-01 03:57:45.984 | info     |             UMD | Established firmware bundle version: 19.5.0 (topology_discovery.cpp:544)
2026-06-01 03:57:45.984 | info     |             UMD | Completed topology discovery. (topology_discovery.cpp:96)
2026-06-01 03:57:45.985 | warning  |          Always | Unknown motherboard 'H12DSG-O-CPU' for chip_id=0 (bus_id=0xa1) — defaulting tray_id to 0. Add this motherboard and its bus IDs to mobo_to_bus_ids in physical_system_discovery.cpp. (physical_system_discovery.cpp:56)
2026-06-01 03:57:45.985 | info     |          Fabric | TopologyMapper: Logical Multi-Mesh Adjacency Map: (topology_mapper.cpp:1474)
2026-06-01 03:57:45.985 | info     |          Fabric | 
=== Logical Mesh-Level Graph Adjacency Map ===
Total nodes: 1
Degree histogram: {0:1}
 (topology_solver.tpp:94)
2026-06-01 03:57:45.986 | info     |          Fabric | 
=== Logical Mesh 0 Internal Graph Adjacency Map ===
Total nodes: 1
Degree histogram: {0:1}
 (topology_solver.tpp:94)
2026-06-01 03:57:45.986 | info     |          Fabric | TopologyMapper: Physical Multi-Mesh Adjacency Map: (topology_mapper.cpp:1485)
2026-06-01 03:57:45.986 | info     |          Fabric | 
=== Physical Mesh-Level Graph Adjacency Map ===
Total nodes: 1
Degree histogram: {0:1}
 (topology_solver.tpp:94)
2026-06-01 03:57:45.986 | info     |          Fabric | 
=== Physical Mesh 0 Internal Graph Adjacency Map ===
Total nodes: 1
Degree histogram: {0:1}
 (topology_solver.tpp:94)
2026-06-01 03:57:45.986 | info     |          Fabric | Starting multi-mesh mapping: 1 logical mesh(es) to 1 physical mesh(es) (topology_mapper_utils.cpp:1465)
2026-06-01 03:57:45.986 | info     |          Fabric | Multi-mesh mapping attempt 1/2: Trying inter-mesh mapping (topology_mapper_utils.cpp:1506)
2026-06-01 03:57:45.986 | info     |          Fabric | Attempt 1: Inter-mesh mapping succeeded, found 1 mesh pair(s) (topology_mapper_utils.cpp:1535)
2026-06-01 03:57:45.986 | info     |          Fabric | Attempt 1: Mapping 1 mesh pair(s) (topology_mapper_utils.cpp:1547)
2026-06-01 03:57:45.986 | info     |          Fabric | Attempt 1: Mapping mesh 0 -> 0 (topology_mapper_utils.cpp:1549)
2026-06-01 03:57:45.986 | info     |          Fabric | Multi-mesh mapping succeeded after 1 attempt(s): 1 mesh pair(s) mapped (topology_mapper_utils.cpp:1682)
2026-06-01 03:57:46.081 | info     |           Metal | ShmResourceTracker: removed stale shm '/tt_d2h_476432_2837756572_0' (shm_resource_tracker.cpp:265)
2026-06-01 03:57:46.081 | info     |           Metal | ShmResourceTracker: removed stale manifest '/dev/shm/tt_socket_manifest_476432' (shm_resource_tracker.cpp:275)
2026-06-01 03:57:46.667 | info     |           Metal | [Real-time profiler] Device 0 sync complete: 100 samples, frequency=1.350002 GHz, device_time_at_sync=86759265703825 cycles (realtime_profiler_manager.cpp:1075)
[SORT] stage=RP P=3369033 P_kept=3213120 num_tiles=1024 max_tile_n=25872 bin=11.39 up=0.29 kernel=9.55 d2h=0.00 compact=0.00 publish=3.71 total=25.27ms
[SORT] stage=RP P=3369033 P_kept=3213120 num_tiles=1024 max_tile_n=25872 bin=8.39 up=0.30 kernel=7.21 d2h=0.00 compact=0.00 publish=1.33 total=17.50ms
[SORT] stage=RP P=3369033 P_kept=3213120 num_tiles=1024 max_tile_n=25872 bin=7.90 up=0.29 kernel=7.13 d2h=6.73 compact=0.00 publish=1.26 total=27.79ms
[SORT] stage=RP P=3369033 P_kept=3213120 num_tiles=1024 max_tile_n=25872 bin=7.90 up=0.29 kernel=7.14 d2h=6.69 compact=0.00 publish=1.27 total=27.66ms
SUMMARY backend=tt blend_mode=2 views=1 hero_vs_gt=46.78dB hero_vs_ref=63.85dB min_vs_ref=63.85dB min_vs_gt=46.78dB ms/view=475.0 (proj=56.7 ta=129.9 sort=17.5 blend=269.2) shot=opt/metal-screenshots/loop-noshut/hero.png
[bh-30-special-smarton-for-reservation-75776:476925] *** Process received signal ***
[bh-30-special-smarton-for-reservation-75776:476925] Signal: Segmentation fault (11)
[bh-30-special-smarton-for-reservation-75776:476925] Signal code: Address not mapped (1)
[bh-30-special-smarton-for-reservation-75776:476925] Failing at address: 0x57d742ee73e1
[bh-30-special-smarton-for-reservation-75776:476925] [ 0] /lib/x86_64-linux-gnu/libc.so.6(+0x42520)[0x74fd5cf59520]
[bh-30-special-smarton-for-reservation-75776:476925] [ 1] /localdev/smarton/tt-metal/build/tt_metal/libtt_metal.so(_ZNSt8__detail9_Map_baseIjSt4pairIKjNSt6chrono10time_pointINS3_3_V212steady_clockENS3_8durationIlSt5ratioILl1ELl1000000000EEEEEEESaISC_ENS_10_Select1stESt8equal_toIjESt4hashIjENS_18_Mod_range_hashingENS_20_Default_ranged_hashENS_20_Prime_rehash_policyENS_17_Hashtable_traitsILb0ELb0ELb1EEELb1EEixEOj+0x48)[0x74fd01f52488]
[bh-30-special-smarton-for-reservation-75776:476925] [ 2] /localdev/smarton/tt-metal/build/tt_metal/libtt_metal.so(_ZN2tt8tt_metal25SharedMemoryStatsProvider21update_from_allocatorEPKNS0_6DeviceEi+0x9c)[0x74fd01f41f9c]
[bh-30-special-smarton-for-reservation-75776:476925] [ 3] /localdev/smarton/tt-metal/build/tt_metal/libtt_metal.so(_ZN2tt8tt_metal6detail11ProgramImpl27deallocate_circular_buffersEv+0xc0)[0x74fd01ffb5c0]
[bh-30-special-smarton-for-reservation-75776:476925] [ 4] /localdev/smarton/tt-metal/build/tt_metal/libtt_metal.so(_ZN2tt8tt_metal6detail11ProgramImplD1Ev+0x1a)[0x74fd020067fa]
[bh-30-special-smarton-for-reservation-75776:476925] [ 5] /localdev/smarton/tt-metal/build/tt_metal/libtt_metal.so(+0x5dfc26)[0x74fd01ddfc26]
[bh-30-special-smarton-for-reservation-75776:476925] [ 6] /localdev/smarton/tt-metal/build/tt_metal/libtt_metal.so(_ZN2tt8tt_metal11distributed16MeshWorkloadImplD2Ev+0xa8)[0x74fd02317168]
[bh-30-special-smarton-for-reservation-75776:476925] [ 7] /localdev/smarton/tt-metal/build/tt_metal/libtt_metal.so(_ZN2tt8tt_metal11distributed12MeshWorkloadD1Ev+0x15)[0x74fd023175e5]
[bh-30-special-smarton-for-reservation-75776:476925] [ 8] /localdev/smarton/gstt2/backends/cpu_cpp/_gsplat_cpu.cpython-310-x86_64-linux-gnu.so(+0xc32a1)[0x74fd030f12a1]
[bh-30-special-smarton-for-reservation-75776:476925] [ 9] /lib/x86_64-linux-gnu/libc.so.6(+0x45495)[0x74fd5cf5c495]
[bh-30-special-smarton-for-reservation-75776:476925] [10] /lib/x86_64-linux-gnu/libc.so.6(on_exit+0x0)[0x74fd5cf5c610]
[bh-30-special-smarton-for-reservation-75776:476925] [11] /lib/x86_64-linux-gnu/libc.so.6(+0x29d97)[0x74fd5cf40d97]
[bh-30-special-smarton-for-reservation-75776:476925] [12] /lib/x86_64-linux-gnu/libc.so.6(__libc_start_main+0x80)[0x74fd5cf40e40]
[bh-30-special-smarton-for-reservation-75776:476925] [13] .venv/bin/python3(_start+0x25)[0x57d229593b45]
[bh-30-special-smarton-for-reservation-75776:476925] *** End of error message ***
EXIT=139
bash: line 1: 476925 Segmentation fault      (core dumped) .venv/bin/python3 scripts/a003_verify.py --views 1 --iter-dir loop-noshut --out /tmp/ns.json
