================ BUILD ID ================
  cpp : #53 sha=4de5b93 bin=f47c6138740b5493 iter18 diag: force-ramp toggle
  data: # sha= 
=========================================
host=yyzo-bh-03  tag=pay-fused-ab  timeout=1500s  worry=600s  ts=2026-06-01T10:29:34-0700
cmd: export TT_METAL_HOME=/localdev/smarton/tt-metal TT_METAL_RUNTIME_ROOT=/localdev/smarton/tt-metal TT_METAL_CACHE=/localdev/smarton/.cache/tt-metal-cache TT_METAL_ARCH_NAME=blackhole MESH_DEVICE=P100; source .venv/bin/activate 2>/dev/null; COMMON='GSPLAT_TT_BLEND_MODE=2 GSPLAT_TT_MB_KERNEL=1 GSPLAT_TT_MB_DEVCULL=1 GSPLAT_TT_DEVICE_PROJECT=1 GSPLAT_TT_RESIDENT_PROJECT=1 GSPLAT_TT_RESIDENT_GATHER=1 GSPLAT_TT_DEVICE_TILE_ASSIGN=1 GSPLAT_TT_RESIDENT_TA_IN=1 GSPLAT_TT_DEVICE_SORT=1 GSPLAT_TT_RESIDENT_PAIRS=1 GSPLAT_TT_RESIDENT_BLEND=1 GSPLAT_TT_SORT_DEVICE_PUBLISH=1 GSPLAT_TT_TA_DEVICE_SCAN=1 GSPLAT_TT_MB_TIMING=1 GSPLAT_TT_BLEND_PAYLOAD=1'; echo '===== RUN C: payload, SFPU_CULL=1, FUSED_TILE=0 ====='; env $COMMON GSPLAT_TT_SFPU_CULL=1 .venv/bin/python3 scripts/a003_verify.py --views 1 --iter-dir pay-c --out opt/ttw/last_c.json 2>&1; echo '===== RUN D: payload, SFPU_CULL=0, FUSED_TILE=0 ====='; env $COMMON GSPLAT_TT_SFPU_CULL=0 .venv/bin/python3 scripts/a003_verify.py --views 1 --iter-dir pay-d --out opt/ttw/last_d.json 2>&1
-----------------------------------------
BUILD-ID VERIFY OK: cpp#53 bin=f47c6138740b5493 matches the built+stamped artifact
===== RUN C: payload, SFPU_CULL=1, FUSED_TILE=0 =====
2026-06-01 17:29:37.055 | info     |             UMD | Creating TopologyDiscovery for architecture: blackhole (topology_discovery.cpp:75)
2026-06-01 17:29:37.055 | info     |             UMD | Starting topology discovery. (topology_discovery.cpp:92)
2026-06-01 17:29:37.056 | warning  |             UMD | Low power mode is disabled while UMD holds open file descriptors. The device will return to low power mode once all file descriptors are closed. (topology_discovery.cpp:143)
2026-06-01 17:29:37.056 | warning  |             UMD | KMD version 2.4.1 does not support power state management. (pci_device.cpp:1067)
2026-06-01 17:29:37.056 | info     |             UMD | Established firmware bundle version: 18.12.1 (topology_discovery.cpp:544)
2026-06-01 17:29:37.056 | info     |             UMD | Completed topology discovery. (topology_discovery.cpp:96)
2026-06-01 17:29:37.056 | info     |          Device | Opening user mode device driver (tt_cluster.cpp:225)
2026-06-01 17:29:37.056 | info     |             UMD | Cluster constructor started. (cluster.cpp:317)
2026-06-01 17:29:37.056 | info     |             UMD | Creating TopologyDiscovery for architecture: blackhole (topology_discovery.cpp:75)
2026-06-01 17:29:37.056 | info     |             UMD | Starting topology discovery. (topology_discovery.cpp:92)
2026-06-01 17:29:37.056 | warning  |             UMD | Low power mode is disabled while UMD holds open file descriptors. The device will return to low power mode once all file descriptors are closed. (topology_discovery.cpp:143)
2026-06-01 17:29:37.056 | warning  |             UMD | KMD version 2.4.1 does not support power state management. (pci_device.cpp:1067)
2026-06-01 17:29:37.057 | info     |             UMD | Established firmware bundle version: 18.12.1 (topology_discovery.cpp:544)
2026-06-01 17:29:37.057 | info     |             UMD | Completed topology discovery. (topology_discovery.cpp:96)
2026-06-01 17:29:37.057 | info     |             UMD | Harvesting masks for Chip 0: Tensix: 0xc0 DRAM: 0x8 ETH: 0x3fff PCIe: 0x2 L2CPU: 0x0 (cluster.cpp:270)
2026-06-01 17:29:37.057 | info     |             UMD | Initializing iommu for sysmem (size: 0x40000000). (silicon_sysmem_manager.cpp:334)
2026-06-01 17:29:37.057 | info     |             UMD | Allocating sysmem for IOMMU (size: 0x40000000). (silicon_sysmem_manager.cpp:340)
2026-06-01 17:29:37.096 | warning  |             UMD | KMD version 2.4.1 does not support power state management. (pci_device.cpp:1067)
2026-06-01 17:29:37.096 | info     |             UMD | Opening local chip ids/PCIe ids: {0}/[0] and remote chip ids {} (cluster.cpp:159)
2026-06-01 17:29:37.096 | info     |             UMD | IOMMU: enabled (cluster.cpp:133)
2026-06-01 17:29:37.096 | info     |             UMD | KMD version: 2.4.1 (cluster.cpp:136)
2026-06-01 17:29:37.096 | info     |             UMD | Cluster constructor completed. (cluster.cpp:409)
2026-06-01 17:29:37.100 | info     |             UMD | Starting devices in cluster (cluster.cpp:1044)
2026-06-01 17:29:37.100 | info     |             UMD | Mapped sysmem without hugepages to IOVA 0x80000000; NOC address 0x1000000000000000 (silicon_sysmem_manager.cpp:391)
2026-06-01 17:29:37.100 | info     |             UMD | Starting devices in cluster completed. (cluster.cpp:1052)
2026-06-01 17:29:37.575 | info     |     Distributed | Using auto discovery to generate mesh graph. (metal_env.cpp:332)
2026-06-01 17:29:37.575 | info     |     Distributed | Constructing control plane using auto-discovery (no mesh graph descriptor). (metal_env.cpp:394)
2026-06-01 17:29:37.575 | info     |             UMD | Creating TopologyDiscovery for architecture: blackhole (topology_discovery.cpp:75)
2026-06-01 17:29:37.575 | info     |             UMD | Starting topology discovery. (topology_discovery.cpp:92)
2026-06-01 17:29:37.575 | warning  |             UMD | Low power mode is disabled while UMD holds open file descriptors. The device will return to low power mode once all file descriptors are closed. (topology_discovery.cpp:143)
2026-06-01 17:29:37.575 | warning  |             UMD | KMD version 2.4.1 does not support power state management. (pci_device.cpp:1067)
2026-06-01 17:29:37.576 | info     |             UMD | Established firmware bundle version: 18.12.1 (topology_discovery.cpp:544)
2026-06-01 17:29:37.576 | info     |             UMD | Completed topology discovery. (topology_discovery.cpp:96)
2026-06-01 17:29:37.576 | warning  |          Always | Unknown motherboard 'X670E GAMING PLUS WIFI (MS-7E16)' for chip_id=0 (bus_id=0x1) — defaulting tray_id to 0. Add this motherboard and its bus IDs to mobo_to_bus_ids in physical_system_discovery.cpp. (physical_system_discovery.cpp:62)
2026-06-01 17:29:37.576 | info     |          Fabric | TopologyMapper: Logical Multi-Mesh Adjacency Map: (topology_mapper.cpp:1474)
2026-06-01 17:29:37.576 | info     |          Fabric | 
=== Logical Mesh-Level Graph Adjacency Map ===
Total nodes: 1
Degree histogram: {0:1}
 (topology_solver.tpp:94)
2026-06-01 17:29:37.576 | info     |          Fabric | 
=== Logical Mesh 0 Internal Graph Adjacency Map ===
Total nodes: 1
Degree histogram: {0:1}
 (topology_solver.tpp:94)
2026-06-01 17:29:37.576 | info     |          Fabric | TopologyMapper: Physical Multi-Mesh Adjacency Map: (topology_mapper.cpp:1485)
2026-06-01 17:29:37.576 | info     |          Fabric | 
=== Physical Mesh-Level Graph Adjacency Map ===
Total nodes: 1
Degree histogram: {0:1}
 (topology_solver.tpp:94)
2026-06-01 17:29:37.576 | info     |          Fabric | 
=== Physical Mesh 0 Internal Graph Adjacency Map ===
Total nodes: 1
Degree histogram: {0:1}
 (topology_solver.tpp:94)
2026-06-01 17:29:37.576 | info     |          Fabric | Starting multi-mesh mapping: 1 logical mesh(es) to 1 physical mesh(es) (topology_mapper_utils.cpp:1469)
2026-06-01 17:29:37.576 | info     |          Fabric | Multi-mesh mapping attempt 1/2: Trying inter-mesh mapping (topology_mapper_utils.cpp:1510)
2026-06-01 17:29:37.576 | info     |          Fabric | Attempt 1: Inter-mesh mapping succeeded, found 1 mesh pair(s) (topology_mapper_utils.cpp:1539)
2026-06-01 17:29:37.576 | info     |          Fabric | Attempt 1: Mapping 1 mesh pair(s) (topology_mapper_utils.cpp:1547)
2026-06-01 17:29:37.576 | info     |          Fabric | Attempt 1: Mapping mesh 0 -> 0 (topology_mapper_utils.cpp:1554)
2026-06-01 17:29:37.576 | info     |          Fabric | Multi-mesh mapping succeeded after 1 attempt(s): 1 mesh pair(s) mapped (topology_mapper_utils.cpp:1686)
2026-06-01 17:29:37.607 | info     |    BuildKernels | Using pre-compiled firmware from: /localdev/smarton/tt-metal/tt_metal/pre-compiled/431005707817566179/ (build_env_manager.cpp:260)
2026-06-01 17:29:37.889 | info     |           Metal | ShmResourceTracker: removed stale shm '/tt_d2h_38011_1300950068_0' (shm_resource_tracker.cpp:265)
2026-06-01 17:29:37.889 | info     |           Metal | ShmResourceTracker: removed stale manifest '/dev/shm/tt_socket_manifest_38011' (shm_resource_tracker.cpp:275)
2026-06-01 17:29:37.889 | info     |           Metal | ShmResourceTracker: removed orphaned shm '/tt_device_7490744194894819707_memory' (shm_resource_tracker.cpp:282)
2026-06-01 17:29:38.476 | info     |           Metal | [Real-time profiler] Device 0 sync complete: 100 samples, frequency=1.349970 GHz, device_time_at_sync=12723210588932 cycles (realtime_profiler_manager.cpp:1082)
[SORT] stage=RP P=3369033 P_kept=3213120 num_tiles=1024 max_tile_n=25872 bin=10.09 up=0.29 kernel=8.71 d2h=0.00 compact=0.00 publish=1.49 total=20.73ms
[PACK_SPLIT] exec=428.8 ms payload=0x7250180
[BLEND_SPLIT] upload=0.5 (attrs=0.0MB ids=0.0MB resident) exec=78.2 readback=2.1 total=80.8 ms
[BLEND_ADDR] cull_masks=0x0 out=0x8e67500(sz=0x600000) tile_ids=0x708e000 xramp=0x8e65500 yramp=0x8e66500 payload=0x7250180(sz=0xc494800)
[BLEND_DEVICE] resident_blend=512.7 ms (host_build=0)
[SORT] stage=RP P=3369033 P_kept=3213120 num_tiles=1024 max_tile_n=25872 bin=8.06 up=0.30 kernel=7.22 d2h=0.00 compact=0.00 publish=0.05 total=15.76ms
[PACK_SPLIT] exec=426.5 ms payload=0x7250180
[BLEND_SPLIT] upload=0.4 (attrs=0.0MB ids=0.0MB resident) exec=26.0 readback=2.4 total=28.8 ms
[BLEND_ADDR] cull_masks=0x0 out=0x8e67500(sz=0x600000) tile_ids=0x708e000 xramp=0x8e65500 yramp=0x8e66500 payload=0x7250180(sz=0xc494800)
[BLEND_DEVICE] resident_blend=458.4 ms (host_build=0)
[SORT] stage=RP P=3369033 P_kept=3213120 num_tiles=1024 max_tile_n=25872 bin=8.30 up=0.30 kernel=7.23 d2h=6.79 compact=0.00 publish=0.05 total=26.13ms
[SORT] stage=RP P=3369033 P_kept=3213120 num_tiles=1024 max_tile_n=25872 bin=8.02 up=0.29 kernel=7.20 d2h=6.79 compact=0.00 publish=0.02 total=25.65ms
SUMMARY backend=tt blend_mode=2 views=1 hero_vs_gt=40.79dB hero_vs_ref=42.08dB min_vs_ref=42.08dB min_vs_gt=40.79dB ms/view=658.5 (proj=54.5 ta=128.7 sort=15.8 blend=458.6) shot=opt/metal-screenshots/pay-c/hero.png
===== RUN D: payload, SFPU_CULL=0, FUSED_TILE=0 =====
2026-06-01 17:29:42.844 | info     |             UMD | Creating TopologyDiscovery for architecture: blackhole (topology_discovery.cpp:75)
2026-06-01 17:29:42.844 | info     |             UMD | Starting topology discovery. (topology_discovery.cpp:92)
2026-06-01 17:29:42.845 | warning  |             UMD | Low power mode is disabled while UMD holds open file descriptors. The device will return to low power mode once all file descriptors are closed. (topology_discovery.cpp:143)
2026-06-01 17:29:42.845 | warning  |             UMD | KMD version 2.4.1 does not support power state management. (pci_device.cpp:1067)
2026-06-01 17:29:42.845 | info     |             UMD | Established firmware bundle version: 18.12.1 (topology_discovery.cpp:544)
2026-06-01 17:29:42.845 | info     |             UMD | Completed topology discovery. (topology_discovery.cpp:96)
2026-06-01 17:29:42.845 | info     |          Device | Opening user mode device driver (tt_cluster.cpp:225)
2026-06-01 17:29:42.845 | info     |             UMD | Cluster constructor started. (cluster.cpp:317)
2026-06-01 17:29:42.845 | info     |             UMD | Creating TopologyDiscovery for architecture: blackhole (topology_discovery.cpp:75)
2026-06-01 17:29:42.845 | info     |             UMD | Starting topology discovery. (topology_discovery.cpp:92)
2026-06-01 17:29:42.846 | warning  |             UMD | Low power mode is disabled while UMD holds open file descriptors. The device will return to low power mode once all file descriptors are closed. (topology_discovery.cpp:143)
2026-06-01 17:29:42.846 | warning  |             UMD | KMD version 2.4.1 does not support power state management. (pci_device.cpp:1067)
2026-06-01 17:29:42.846 | info     |             UMD | Established firmware bundle version: 18.12.1 (topology_discovery.cpp:544)
2026-06-01 17:29:42.846 | info     |             UMD | Completed topology discovery. (topology_discovery.cpp:96)
2026-06-01 17:29:42.846 | info     |             UMD | Harvesting masks for Chip 0: Tensix: 0xc0 DRAM: 0x8 ETH: 0x3fff PCIe: 0x2 L2CPU: 0x0 (cluster.cpp:270)
2026-06-01 17:29:42.846 | info     |             UMD | Initializing iommu for sysmem (size: 0x40000000). (silicon_sysmem_manager.cpp:334)
2026-06-01 17:29:42.846 | info     |             UMD | Allocating sysmem for IOMMU (size: 0x40000000). (silicon_sysmem_manager.cpp:340)
2026-06-01 17:29:42.885 | warning  |             UMD | KMD version 2.4.1 does not support power state management. (pci_device.cpp:1067)
2026-06-01 17:29:42.885 | info     |             UMD | Opening local chip ids/PCIe ids: {0}/[0] and remote chip ids {} (cluster.cpp:159)
2026-06-01 17:29:42.885 | info     |             UMD | IOMMU: enabled (cluster.cpp:133)
2026-06-01 17:29:42.885 | info     |             UMD | KMD version: 2.4.1 (cluster.cpp:136)
2026-06-01 17:29:42.885 | info     |             UMD | Cluster constructor completed. (cluster.cpp:409)
2026-06-01 17:29:42.887 | info     |             UMD | Starting devices in cluster (cluster.cpp:1044)
2026-06-01 17:29:42.888 | info     |             UMD | Mapped sysmem without hugepages to IOVA 0x80000000; NOC address 0x1000000000000000 (silicon_sysmem_manager.cpp:391)
2026-06-01 17:29:42.888 | info     |             UMD | Starting devices in cluster completed. (cluster.cpp:1052)
2026-06-01 17:29:43.367 | info     |     Distributed | Using auto discovery to generate mesh graph. (metal_env.cpp:332)
2026-06-01 17:29:43.367 | info     |     Distributed | Constructing control plane using auto-discovery (no mesh graph descriptor). (metal_env.cpp:394)
2026-06-01 17:29:43.367 | info     |             UMD | Creating TopologyDiscovery for architecture: blackhole (topology_discovery.cpp:75)
2026-06-01 17:29:43.367 | info     |             UMD | Starting topology discovery. (topology_discovery.cpp:92)
2026-06-01 17:29:43.367 | warning  |             UMD | Low power mode is disabled while UMD holds open file descriptors. The device will return to low power mode once all file descriptors are closed. (topology_discovery.cpp:143)
2026-06-01 17:29:43.367 | warning  |             UMD | KMD version 2.4.1 does not support power state management. (pci_device.cpp:1067)
2026-06-01 17:29:43.367 | info     |             UMD | Established firmware bundle version: 18.12.1 (topology_discovery.cpp:544)
2026-06-01 17:29:43.367 | info     |             UMD | Completed topology discovery. (topology_discovery.cpp:96)
2026-06-01 17:29:43.367 | warning  |          Always | Unknown motherboard 'X670E GAMING PLUS WIFI (MS-7E16)' for chip_id=0 (bus_id=0x1) — defaulting tray_id to 0. Add this motherboard and its bus IDs to mobo_to_bus_ids in physical_system_discovery.cpp. (physical_system_discovery.cpp:62)
2026-06-01 17:29:43.367 | info     |          Fabric | TopologyMapper: Logical Multi-Mesh Adjacency Map: (topology_mapper.cpp:1474)
2026-06-01 17:29:43.367 | info     |          Fabric | 
=== Logical Mesh-Level Graph Adjacency Map ===
Total nodes: 1
Degree histogram: {0:1}
 (topology_solver.tpp:94)
2026-06-01 17:29:43.367 | info     |          Fabric | 
=== Logical Mesh 0 Internal Graph Adjacency Map ===
Total nodes: 1
Degree histogram: {0:1}
 (topology_solver.tpp:94)
2026-06-01 17:29:43.367 | info     |          Fabric | TopologyMapper: Physical Multi-Mesh Adjacency Map: (topology_mapper.cpp:1485)
2026-06-01 17:29:43.367 | info     |          Fabric | 
=== Physical Mesh-Level Graph Adjacency Map ===
Total nodes: 1
Degree histogram: {0:1}
 (topology_solver.tpp:94)
2026-06-01 17:29:43.367 | info     |          Fabric | 
=== Physical Mesh 0 Internal Graph Adjacency Map ===
Total nodes: 1
Degree histogram: {0:1}
 (topology_solver.tpp:94)
2026-06-01 17:29:43.367 | info     |          Fabric | Starting multi-mesh mapping: 1 logical mesh(es) to 1 physical mesh(es) (topology_mapper_utils.cpp:1469)
2026-06-01 17:29:43.367 | info     |          Fabric | Multi-mesh mapping attempt 1/2: Trying inter-mesh mapping (topology_mapper_utils.cpp:1510)
2026-06-01 17:29:43.367 | info     |          Fabric | Attempt 1: Inter-mesh mapping succeeded, found 1 mesh pair(s) (topology_mapper_utils.cpp:1539)
2026-06-01 17:29:43.367 | info     |          Fabric | Attempt 1: Mapping 1 mesh pair(s) (topology_mapper_utils.cpp:1547)
2026-06-01 17:29:43.367 | info     |          Fabric | Attempt 1: Mapping mesh 0 -> 0 (topology_mapper_utils.cpp:1554)
2026-06-01 17:29:43.367 | info     |          Fabric | Multi-mesh mapping succeeded after 1 attempt(s): 1 mesh pair(s) mapped (topology_mapper_utils.cpp:1686)
2026-06-01 17:29:43.380 | info     |    BuildKernels | Using pre-compiled firmware from: /localdev/smarton/tt-metal/tt_metal/pre-compiled/431005707817566179/ (build_env_manager.cpp:260)
2026-06-01 17:29:43.563 | info     |           Metal | ShmResourceTracker: removed stale shm '/tt_d2h_38345_314783408_0' (shm_resource_tracker.cpp:265)
2026-06-01 17:29:43.563 | info     |           Metal | ShmResourceTracker: removed stale manifest '/dev/shm/tt_socket_manifest_38345' (shm_resource_tracker.cpp:275)
2026-06-01 17:29:43.563 | info     |           Metal | ShmResourceTracker: removed orphaned shm '/tt_device_7490744194894819707_memory' (shm_resource_tracker.cpp:282)
2026-06-01 17:29:44.146 | info     |           Metal | [Real-time profiler] Device 0 sync complete: 100 samples, frequency=1.349981 GHz, device_time_at_sync=12730867824650 cycles (realtime_profiler_manager.cpp:1082)
[SORT] stage=RP P=3369033 P_kept=3213120 num_tiles=1024 max_tile_n=25872 bin=10.04 up=0.30 kernel=8.75 d2h=0.00 compact=0.00 publish=1.78 total=21.03ms
[PACK_SPLIT] exec=428.8 ms payload=0x7250180
[BLEND_SPLIT] upload=0.5 (attrs=0.0MB ids=0.0MB resident) exec=635.3 readback=2.1 total=637.9 ms
[BLEND_ADDR] cull_masks=0x0 out=0x8e67500(sz=0x600000) tile_ids=0x708e000 xramp=0x8e65500 yramp=0x8e66500 payload=0x7250180(sz=0xc494800)
[BLEND_DEVICE] resident_blend=1070.0 ms (host_build=0)
[SORT] stage=RP P=3369033 P_kept=3213120 num_tiles=1024 max_tile_n=25872 bin=7.89 up=0.31 kernel=7.22 d2h=0.00 compact=0.00 publish=0.05 total=15.62ms
[PACK_SPLIT] exec=426.5 ms payload=0x7250180
[BLEND_SPLIT] upload=0.4 (attrs=0.0MB ids=0.0MB resident) exec=26.0 readback=2.2 total=28.6 ms
[BLEND_ADDR] cull_masks=0x0 out=0x8e67500(sz=0x600000) tile_ids=0x708e000 xramp=0x8e65500 yramp=0x8e66500 payload=0x7250180(sz=0xc494800)
[BLEND_DEVICE] resident_blend=458.0 ms (host_build=0)
[SORT] stage=RP P=3369033 P_kept=3213120 num_tiles=1024 max_tile_n=25872 bin=7.81 up=0.29 kernel=7.19 d2h=6.79 compact=0.00 publish=0.02 total=25.36ms
[SORT] stage=RP P=3369033 P_kept=3213120 num_tiles=1024 max_tile_n=25872 bin=7.85 up=0.30 kernel=7.23 d2h=6.81 compact=0.00 publish=0.05 total=25.49ms
SUMMARY backend=tt blend_mode=2 views=1 hero_vs_gt=40.79dB hero_vs_ref=42.09dB min_vs_ref=42.09dB min_vs_gt=40.79dB ms/view=658.0 (proj=54.5 ta=128.7 sort=15.6 blend=458.2) shot=opt/metal-screenshots/pay-d/hero.png
