================ BUILD ID ================
  cpp : #8 sha=da09320 iter 8: sort→blend pipe: defer publish Finish, skip pkept D2H
  data: # sha= 
=========================================
host=bh-30  tag=profile-noread  timeout=1200s  worry=600s  ts=2026-05-31T23:36:07-0700
cmd: cd /localdev/smarton/gstt2 && export TT_METAL_HOME=/localdev/smarton/tt-metal TT_METAL_RUNTIME_ROOT=/localdev/smarton/tt-metal TT_METAL_CACHE=/localdev/smarton/.cache/tt-metal-cache TT_METAL_ARCH_NAME=blackhole MESH_DEVICE=P100 GSPLAT_TT_BLEND_MODE=2 GSPLAT_TT_MB_KERNEL=1 GSPLAT_TT_MB_DEVCULL=1 GSPLAT_TT_DEVICE_PROJECT=1 GSPLAT_TT_RESIDENT_PROJECT=1 GSPLAT_TT_RESIDENT_GATHER=1 GSPLAT_TT_DEVICE_TILE_ASSIGN=1 GSPLAT_TT_RESIDENT_TA_IN=1 GSPLAT_TT_DEVICE_SORT=1 GSPLAT_TT_RESIDENT_PAIRS=1 GSPLAT_TT_RESIDENT_BLEND=1 GSPLAT_TT_SORT_DEVICE_PUBLISH=1 GSPLAT_TT_TA_DEVICE_SCAN=1 GSPLAT_TT_SFPU_CULL=1 GSPLAT_TT_FUSED_TILE=0 GSPLAT_TT_MB_TIMING=1 GSPLAT_TT_MB_DEBUG=PROF_NOREAD; source .venv/bin/activate 2>/dev/null; .venv/bin/python3 scripts/a003_verify.py --views 1 --iter-dir loop-ttw --out opt/ttw/profile-noread.json 2>&1
-----------------------------------------
2026-06-01 06:36:10.621 | info     |             UMD | Creating TopologyDiscovery for architecture: blackhole (topology_discovery.cpp:75)
2026-06-01 06:36:10.621 | info     |             UMD | Starting topology discovery. (topology_discovery.cpp:92)
2026-06-01 06:36:10.622 | warning  |             UMD | Low power mode is disabled while UMD holds open file descriptors. The device will return to low power mode once all file descriptors are closed. (topology_discovery.cpp:140)
2026-06-01 06:36:10.622 | warning  |             UMD | KMD version 2.4.1 does not support power state management. (pci_device.cpp:1067)
2026-06-01 06:36:10.622 | info     |             UMD | Established firmware bundle version: 19.5.0 (topology_discovery.cpp:544)
2026-06-01 06:36:10.623 | info     |             UMD | Completed topology discovery. (topology_discovery.cpp:96)
2026-06-01 06:36:10.624 | info     |          Device | Opening user mode device driver (tt_cluster.cpp:225)
2026-06-01 06:36:10.624 | info     |             UMD | Cluster constructor started. (cluster.cpp:317)
2026-06-01 06:36:10.624 | info     |             UMD | Creating TopologyDiscovery for architecture: blackhole (topology_discovery.cpp:75)
2026-06-01 06:36:10.624 | info     |             UMD | Starting topology discovery. (topology_discovery.cpp:92)
2026-06-01 06:36:10.625 | warning  |             UMD | Low power mode is disabled while UMD holds open file descriptors. The device will return to low power mode once all file descriptors are closed. (topology_discovery.cpp:140)
2026-06-01 06:36:10.625 | warning  |             UMD | KMD version 2.4.1 does not support power state management. (pci_device.cpp:1067)
2026-06-01 06:36:10.625 | info     |             UMD | Established firmware bundle version: 19.5.0 (topology_discovery.cpp:544)
2026-06-01 06:36:10.626 | info     |             UMD | Completed topology discovery. (topology_discovery.cpp:96)
2026-06-01 06:36:10.626 | info     |             UMD | Harvesting masks for Chip 0: Tensix: 0xc0 DRAM: 0x0 ETH: 0x120 PCIe: 0x2 L2CPU: 0x0 (cluster.cpp:262)
2026-06-01 06:36:10.626 | info     |             UMD | Initializing iommu for sysmem (size: 0x40000000). (silicon_sysmem_manager.cpp:334)
2026-06-01 06:36:10.626 | info     |             UMD | Allocating sysmem for IOMMU (size: 0x40000000). (silicon_sysmem_manager.cpp:340)
2026-06-01 06:36:10.695 | warning  |             UMD | KMD version 2.4.1 does not support power state management. (pci_device.cpp:1067)
2026-06-01 06:36:10.696 | info     |             UMD | Opening local chip ids/PCIe ids: {0}/[3] and remote chip ids {} (cluster.cpp:153)
2026-06-01 06:36:10.696 | info     |             UMD | IOMMU: enabled (cluster.cpp:133)
2026-06-01 06:36:10.696 | info     |             UMD | KMD version: 2.4.1 (cluster.cpp:136)
2026-06-01 06:36:10.696 | info     |             UMD | Cluster constructor completed. (cluster.cpp:409)
2026-06-01 06:36:10.697 | info     |             UMD | Starting devices in cluster (cluster.cpp:1044)
2026-06-01 06:36:10.698 | info     |             UMD | Mapped sysmem without hugepages to IOVA 0xfffffffec0000000; NOC address 0x1000000000000000 (silicon_sysmem_manager.cpp:391)
2026-06-01 06:36:10.699 | info     |             UMD | Starting devices in cluster completed. (cluster.cpp:1052)
2026-06-01 06:36:11.014 | info     |     Distributed | Using auto discovery to generate mesh graph. (metal_env.cpp:332)
2026-06-01 06:36:11.014 | info     |     Distributed | Constructing control plane using auto-discovery (no mesh graph descriptor). (metal_env.cpp:394)
2026-06-01 06:36:11.014 | info     |             UMD | Creating TopologyDiscovery for architecture: blackhole (topology_discovery.cpp:75)
2026-06-01 06:36:11.014 | info     |             UMD | Starting topology discovery. (topology_discovery.cpp:92)
2026-06-01 06:36:11.015 | warning  |             UMD | Low power mode is disabled while UMD holds open file descriptors. The device will return to low power mode once all file descriptors are closed. (topology_discovery.cpp:140)
2026-06-01 06:36:11.015 | warning  |             UMD | KMD version 2.4.1 does not support power state management. (pci_device.cpp:1067)
2026-06-01 06:36:11.016 | info     |             UMD | Established firmware bundle version: 19.5.0 (topology_discovery.cpp:544)
2026-06-01 06:36:11.016 | info     |             UMD | Completed topology discovery. (topology_discovery.cpp:96)
2026-06-01 06:36:11.017 | warning  |          Always | Unknown motherboard 'H12DSG-O-CPU' for chip_id=0 (bus_id=0xa1) — defaulting tray_id to 0. Add this motherboard and its bus IDs to mobo_to_bus_ids in physical_system_discovery.cpp. (physical_system_discovery.cpp:56)
2026-06-01 06:36:11.017 | info     |          Fabric | TopologyMapper: Logical Multi-Mesh Adjacency Map: (topology_mapper.cpp:1474)
2026-06-01 06:36:11.017 | info     |          Fabric | 
=== Logical Mesh-Level Graph Adjacency Map ===
Total nodes: 1
Degree histogram: {0:1}
 (topology_solver.tpp:94)
2026-06-01 06:36:11.017 | info     |          Fabric | 
=== Logical Mesh 0 Internal Graph Adjacency Map ===
Total nodes: 1
Degree histogram: {0:1}
 (topology_solver.tpp:94)
2026-06-01 06:36:11.017 | info     |          Fabric | TopologyMapper: Physical Multi-Mesh Adjacency Map: (topology_mapper.cpp:1485)
2026-06-01 06:36:11.017 | info     |          Fabric | 
=== Physical Mesh-Level Graph Adjacency Map ===
Total nodes: 1
Degree histogram: {0:1}
 (topology_solver.tpp:94)
2026-06-01 06:36:11.017 | info     |          Fabric | 
=== Physical Mesh 0 Internal Graph Adjacency Map ===
Total nodes: 1
Degree histogram: {0:1}
 (topology_solver.tpp:94)
2026-06-01 06:36:11.017 | info     |          Fabric | Starting multi-mesh mapping: 1 logical mesh(es) to 1 physical mesh(es) (topology_mapper_utils.cpp:1465)
2026-06-01 06:36:11.017 | info     |          Fabric | Multi-mesh mapping attempt 1/2: Trying inter-mesh mapping (topology_mapper_utils.cpp:1506)
2026-06-01 06:36:11.017 | info     |          Fabric | Attempt 1: Inter-mesh mapping succeeded, found 1 mesh pair(s) (topology_mapper_utils.cpp:1535)
2026-06-01 06:36:11.017 | info     |          Fabric | Attempt 1: Mapping 1 mesh pair(s) (topology_mapper_utils.cpp:1547)
2026-06-01 06:36:11.017 | info     |          Fabric | Attempt 1: Mapping mesh 0 -> 0 (topology_mapper_utils.cpp:1549)
2026-06-01 06:36:11.017 | info     |          Fabric | Multi-mesh mapping succeeded after 1 attempt(s): 1 mesh pair(s) mapped (topology_mapper_utils.cpp:1682)
2026-06-01 06:36:11.117 | info     |           Metal | ShmResourceTracker: removed stale shm '/tt_d2h_490688_161061938_0' (shm_resource_tracker.cpp:265)
2026-06-01 06:36:11.117 | info     |           Metal | ShmResourceTracker: removed stale manifest '/dev/shm/tt_socket_manifest_490688' (shm_resource_tracker.cpp:275)
2026-06-01 06:36:11.702 | info     |           Metal | [Real-time profiler] Device 0 sync complete: 100 samples, frequency=1.349928 GHz, device_time_at_sync=99590972865908 cycles (realtime_profiler_manager.cpp:1075)
[SORT] stage=RP P=3369033 P_kept=3213120 num_tiles=1024 max_tile_n=25872 bin=11.13 up=0.29 kernel=9.50 d2h=0.00 compact=0.00 publish=3.57 total=24.79ms
[CULL_SPLIT] candidates=3213120 masks=12.29MB exec=85.7 ms masks_addr=0x6498900 end=0x70e1d80 base_addr=0x630f040
[BLEND_SPLIT] upload=1.1 (attrs=0.0MB ids=0.0MB resident) exec=2662.8 readback=5.5 total=2669.4 ms
[BLEND_ADDR] cull_masks=0x6498900 out=0x6625bc0 tile_ids=0x4acbec0 xramp=0x6623bc0
[BLEND_DEVICE] resident_blend=2762.1 ms (host_build=0)
[SORT] stage=RP P=3369033 P_kept=3213120 num_tiles=1024 max_tile_n=25872 bin=8.04 up=0.30 kernel=7.21 d2h=0.00 compact=0.00 publish=1.35 total=17.20ms
[CULL_SPLIT] candidates=3213120 masks=12.29MB exec=76.8 ms masks_addr=0x6498900 end=0x70e1d80 base_addr=0x630f040
[BLEND_SPLIT] upload=1.0 (attrs=0.0MB ids=0.0MB resident) exec=111.6 readback=5.0 total=117.6 ms
[BLEND_ADDR] cull_masks=0x6498900 out=0x6625bc0 tile_ids=0x4acbec0 xramp=0x6623bc0
[BLEND_DEVICE] resident_blend=201.1 ms (host_build=0)
[SORT] stage=RP P=3369033 P_kept=3213120 num_tiles=1024 max_tile_n=25872 bin=7.90 up=0.29 kernel=7.13 d2h=6.71 compact=0.00 publish=1.26 total=27.41ms
[SORT] stage=RP P=3369033 P_kept=3213120 num_tiles=1024 max_tile_n=25872 bin=7.93 up=0.29 kernel=7.14 d2h=6.70 compact=0.00 publish=1.26 total=27.49ms
SUMMARY backend=tt blend_mode=2 views=1 hero_vs_gt=11.19dB hero_vs_ref=11.19dB min_vs_ref=11.19dB min_vs_gt=11.19dB ms/view=407.6 (proj=56.6 ta=129.4 sort=17.2 blend=201.6) shot=opt/metal-screenshots/loop-ttw/hero.png
