================ BUILD ID ================
  cpp : #81 sha=b920669 bin=7fecf429b846167e amendment-003 GSPLAT_TT_PROFILE device-profiler dump hook
  data: # sha= 
=========================================
host=yyzo-bh-03  tag=profile  timeout=900s  worry=600s  ts=2026-06-01T16:08:37-0700
cmd: export TT_METAL_HOME=/localdev/smarton/tt-metal TT_METAL_RUNTIME_ROOT=/localdev/smarton/tt-metal TT_METAL_CACHE=/localdev/smarton/.cache/tt-metal-cache TT_METAL_ARCH_NAME=blackhole MESH_DEVICE=P100 TT_METAL_DEVICE_PROFILER=1 GSPLAT_TT_PROFILE=1 GSPLAT_TT_BLEND_MODE=2 GSPLAT_TT_MB_KERNEL=1 GSPLAT_TT_MB_DEVCULL=1 GSPLAT_TT_DEVICE_PROJECT=1 GSPLAT_TT_RESIDENT_PROJECT=1 GSPLAT_TT_RESIDENT_GATHER=1 GSPLAT_TT_DEVICE_TILE_ASSIGN=1 GSPLAT_TT_RESIDENT_TA_IN=1 GSPLAT_TT_DEVICE_SORT=1 GSPLAT_TT_RESIDENT_PAIRS=1 GSPLAT_TT_RESIDENT_BLEND=1 GSPLAT_TT_SORT_DEVICE_PUBLISH=1 GSPLAT_TT_TA_DEVICE_SCAN=1 GSPLAT_TT_SFPU_CULL=1 GSPLAT_TT_FUSED_TILE=1 GSPLAT_TT_MB_TIMING=1; source .venv/bin/activate 2>/dev/null; .venv/bin/python3 scripts/a003_verify.py --views 1 --iter-dir profile-capture --out opt/profiler-verify.json 2>&1
-----------------------------------------
BUILD-ID VERIFY OK: cpp#81 bin=7fecf429b846167e matches the built+stamped artifact
2026-06-01 23:08:39.437 | info     |             UMD | Creating TopologyDiscovery for architecture: blackhole (topology_discovery.cpp:75)
2026-06-01 23:08:39.437 | info     |             UMD | Starting topology discovery. (topology_discovery.cpp:92)
2026-06-01 23:08:39.438 | warning  |             UMD | Low power mode is disabled while UMD holds open file descriptors. The device will return to low power mode once all file descriptors are closed. (topology_discovery.cpp:143)
2026-06-01 23:08:39.438 | warning  |             UMD | KMD version 2.4.1 does not support power state management. (pci_device.cpp:1067)
2026-06-01 23:08:39.438 | info     |             UMD | Established firmware bundle version: 18.12.1 (topology_discovery.cpp:544)
2026-06-01 23:08:39.438 | info     |             UMD | Completed topology discovery. (topology_discovery.cpp:96)
2026-06-01 23:08:39.438 | info     |          Device | Opening user mode device driver (tt_cluster.cpp:225)
2026-06-01 23:08:39.438 | info     |             UMD | Cluster constructor started. (cluster.cpp:317)
2026-06-01 23:08:39.438 | info     |             UMD | Creating TopologyDiscovery for architecture: blackhole (topology_discovery.cpp:75)
2026-06-01 23:08:39.438 | info     |             UMD | Starting topology discovery. (topology_discovery.cpp:92)
2026-06-01 23:08:39.439 | warning  |             UMD | Low power mode is disabled while UMD holds open file descriptors. The device will return to low power mode once all file descriptors are closed. (topology_discovery.cpp:143)
2026-06-01 23:08:39.439 | warning  |             UMD | KMD version 2.4.1 does not support power state management. (pci_device.cpp:1067)
2026-06-01 23:08:39.439 | info     |             UMD | Established firmware bundle version: 18.12.1 (topology_discovery.cpp:544)
2026-06-01 23:08:39.439 | info     |             UMD | Completed topology discovery. (topology_discovery.cpp:96)
2026-06-01 23:08:39.439 | info     |             UMD | Harvesting masks for Chip 0: Tensix: 0xc0 DRAM: 0x8 ETH: 0x3fff PCIe: 0x2 L2CPU: 0x0 (cluster.cpp:270)
2026-06-01 23:08:39.439 | info     |             UMD | Initializing iommu for sysmem (size: 0x40000000). (silicon_sysmem_manager.cpp:334)
2026-06-01 23:08:39.439 | info     |             UMD | Allocating sysmem for IOMMU (size: 0x40000000). (silicon_sysmem_manager.cpp:340)
2026-06-01 23:08:39.478 | warning  |             UMD | KMD version 2.4.1 does not support power state management. (pci_device.cpp:1067)
2026-06-01 23:08:39.478 | info     |             UMD | Opening local chip ids/PCIe ids: {0}/[0] and remote chip ids {} (cluster.cpp:159)
2026-06-01 23:08:39.478 | info     |             UMD | IOMMU: enabled (cluster.cpp:133)
2026-06-01 23:08:39.478 | info     |             UMD | KMD version: 2.4.1 (cluster.cpp:136)
2026-06-01 23:08:39.478 | info     |             UMD | Cluster constructor completed. (cluster.cpp:409)
2026-06-01 23:08:39.480 | info     |             UMD | Starting devices in cluster (cluster.cpp:1044)
2026-06-01 23:08:39.480 | info     |             UMD | Mapped sysmem without hugepages to IOVA 0x80000000; NOC address 0x1000000000000000 (silicon_sysmem_manager.cpp:391)
2026-06-01 23:08:39.480 | info     |             UMD | Starting devices in cluster completed. (cluster.cpp:1052)
2026-06-01 23:08:39.977 | info     |     Distributed | Using auto discovery to generate mesh graph. (metal_env.cpp:332)
2026-06-01 23:08:39.977 | info     |     Distributed | Constructing control plane using auto-discovery (no mesh graph descriptor). (metal_env.cpp:394)
2026-06-01 23:08:39.977 | info     |             UMD | Creating TopologyDiscovery for architecture: blackhole (topology_discovery.cpp:75)
2026-06-01 23:08:39.977 | info     |             UMD | Starting topology discovery. (topology_discovery.cpp:92)
2026-06-01 23:08:39.978 | warning  |             UMD | Low power mode is disabled while UMD holds open file descriptors. The device will return to low power mode once all file descriptors are closed. (topology_discovery.cpp:143)
2026-06-01 23:08:39.978 | warning  |             UMD | KMD version 2.4.1 does not support power state management. (pci_device.cpp:1067)
2026-06-01 23:08:39.978 | info     |             UMD | Established firmware bundle version: 18.12.1 (topology_discovery.cpp:544)
2026-06-01 23:08:39.978 | info     |             UMD | Completed topology discovery. (topology_discovery.cpp:96)
2026-06-01 23:08:39.978 | warning  |          Always | Unknown motherboard 'X670E GAMING PLUS WIFI (MS-7E16)' for chip_id=0 (bus_id=0x1) — defaulting tray_id to 0. Add this motherboard and its bus IDs to mobo_to_bus_ids in physical_system_discovery.cpp. (physical_system_discovery.cpp:62)
2026-06-01 23:08:39.978 | info     |          Fabric | TopologyMapper: Logical Multi-Mesh Adjacency Map: (topology_mapper.cpp:1474)
2026-06-01 23:08:39.978 | info     |          Fabric | 
=== Logical Mesh-Level Graph Adjacency Map ===
Total nodes: 1
Degree histogram: {0:1}
 (topology_solver.tpp:94)
2026-06-01 23:08:39.978 | info     |          Fabric | 
=== Logical Mesh 0 Internal Graph Adjacency Map ===
Total nodes: 1
Degree histogram: {0:1}
 (topology_solver.tpp:94)
2026-06-01 23:08:39.978 | info     |          Fabric | TopologyMapper: Physical Multi-Mesh Adjacency Map: (topology_mapper.cpp:1485)
2026-06-01 23:08:39.978 | info     |          Fabric | 
=== Physical Mesh-Level Graph Adjacency Map ===
Total nodes: 1
Degree histogram: {0:1}
 (topology_solver.tpp:94)
2026-06-01 23:08:39.978 | info     |          Fabric | 
=== Physical Mesh 0 Internal Graph Adjacency Map ===
Total nodes: 1
Degree histogram: {0:1}
 (topology_solver.tpp:94)
2026-06-01 23:08:39.978 | info     |          Fabric | Starting multi-mesh mapping: 1 logical mesh(es) to 1 physical mesh(es) (topology_mapper_utils.cpp:1469)
2026-06-01 23:08:39.978 | info     |          Fabric | Multi-mesh mapping attempt 1/2: Trying inter-mesh mapping (topology_mapper_utils.cpp:1510)
2026-06-01 23:08:39.978 | info     |          Fabric | Attempt 1: Inter-mesh mapping succeeded, found 1 mesh pair(s) (topology_mapper_utils.cpp:1539)
2026-06-01 23:08:39.978 | info     |          Fabric | Attempt 1: Mapping 1 mesh pair(s) (topology_mapper_utils.cpp:1547)
2026-06-01 23:08:39.978 | info     |          Fabric | Attempt 1: Mapping mesh 0 -> 0 (topology_mapper_utils.cpp:1554)
2026-06-01 23:08:39.978 | info     |          Fabric | Multi-mesh mapping succeeded after 1 attempt(s): 1 mesh pair(s) mapped (topology_mapper_utils.cpp:1686)
2026-06-01 23:08:51.672 | info     |           Metal | Profiler started on device 0 (profiler_initializer.cpp:49)
2026-06-01 23:08:58.165 | info     |           Metal | ShmResourceTracker: removed stale shm '/tt_d2h_7398_3365894972_0' (shm_resource_tracker.cpp:265)
2026-06-01 23:08:58.165 | info     |           Metal | ShmResourceTracker: removed stale manifest '/dev/shm/tt_socket_manifest_7398' (shm_resource_tracker.cpp:275)
2026-06-01 23:08:58.165 | info     |           Metal | ShmResourceTracker: removed orphaned shm '/tt_device_7490744194894819707_memory' (shm_resource_tracker.cpp:282)
2026-06-01 23:08:59.637 | info     |           Metal | [Real-time profiler] Device 0 sync complete: 100 samples, frequency=1.349980 GHz, device_time_at_sync=2383737885596 cycles (realtime_profiler_manager.cpp:1082)
[SORT] stage=RP P=3369033 P_kept=3369033 num_tiles=1024 max_tile_n=26544 bin=636.41 up=0.29 kernel=583.21 d2h=0.00 compact=0.00 publish=565.24 total=1785.35ms
[FUSED_TILE] upload+exec+readback=8291.7 ms (single Finish sort-publish+cull+blend)
[BLEND_DEVICE] resident_blend=8295.3 ms (host_build=0)
[SORT] stage=RP P=3369033 P_kept=3369033 num_tiles=1024 max_tile_n=26544 bin=8.11 up=0.29 kernel=7.45 d2h=0.00 compact=0.00 publish=0.02 total=16.02ms
[FUSED_TILE] upload+exec+readback=190.9 ms (single Finish sort-publish+cull+blend)
[BLEND_DEVICE] resident_blend=194.1 ms (host_build=0)
[SORT] stage=RP P=3369033 P_kept=3369033 num_tiles=1024 max_tile_n=26544 bin=8.35 up=0.29 kernel=7.45 d2h=7.13 compact=0.00 publish=0.02 total=26.84ms
[SORT] stage=RP P=3369033 P_kept=3369033 num_tiles=1024 max_tile_n=26544 bin=8.01 up=0.29 kernel=7.45 d2h=7.13 compact=0.00 publish=0.02 total=26.50ms
SUMMARY backend=tt blend_mode=2 views=1 hero_vs_gt=46.78dB hero_vs_ref=63.85dB min_vs_ref=63.85dB min_vs_gt=46.78dB ms/view=316.4 (proj=60.6 ta=35.4 sort=16.0 blend=194.3) shot=opt/metal-screenshots/profile-capture/hero.png
