================ BUILD ID ================
  cpp : #114 sha=01ff918 bin=59d109789bbdb4e9 sort device bin layout kernel
  data: # sha= 
=========================================
host=yyzo-bh-03  tag=pybind11-build  timeout=900s  worry=600s  ts=2026-06-02T00:57:36-0700
cmd: bash -c cd /localdev/smarton/gstt2 && test -d .venv || python3 -m venv .venv; .venv/bin/pip install -q pybind11 && export TT_METAL_HOME=/localdev/smarton/tt-metal TT_METAL_RUNTIME_ROOT=/localdev/smarton/tt-metal && GSPLAT_WITH_TT=ON GSPLAT_SIMD_AVX2=ON BUILD_DIR=build-tt bash scripts/build_cpu_cpp.sh
-----------------------------------------
fixed: /localdev/smarton/tt-metal/build/tt_metal/third_party/umd/umdTargets.cmake -> device/CMakeFiles/Export/a66ff87e1dd248bcbf3c902600a65777/umdTargets.cmake
fixed: /localdev/smarton/tt-metal/build/_deps/tt-logger-build/cmake/tt-logger-targets.cmake -> ../CMakeFiles/Export/deaccb5626f933bc02728d438d6dcc90/tt-logger-targets.cmake
fixed: /localdev/smarton/tt-metal/build/tt_metal/lib/libtt_metal.so -> ../libtt_metal.so
fixed: /localdev/smarton/tt-metal/build/tt_metal/lib/libtt_stl.so -> ../../tt_stl/libtt_stl.so
fixed: /localdev/smarton/tt-metal/build/tt_metal/lib/libtracy.so.0.10.0 -> ../../lib/libtracy.so.0.10.0
fixed: /localdev/smarton/tt-metal/build/tt_metal/include/tt-metalium -> ../../../tt_metal/api/tt-metalium
fixed: /localdev/smarton/tt-metal/build/tt_metal/include/tt_stl -> ../../../tt_stl/tt_stl
fixed: /localdev/smarton/tt-metal/build/tt_metal/include/hostdevcommon -> ../../../tt_metal/hostdevcommon/api/hostdevcommon
tt-metal cmake exports ok under /localdev/smarton/tt-metal/build
-- Found Python: /localdev/smarton/gstt2/src/../.venv/bin/python (found suitable version "3.10.12", minimum required is "3.8") found components: Interpreter Development.Module Development.Embed
-- Performing Test HAS_FLTO_AUTO
-- Performing Test HAS_FLTO_AUTO - Success
-- Found pybind11: /localdev/smarton/gstt2/.venv/lib/python3.10/site-packages/pybind11/include (found version "3.0.4")
-- Configuring incomplete, errors occurred!
CMake Error at CMakeLists.txt:138 (add_subdirectory):
  add_subdirectory given source "/localdev/smarton/gstt2/src/../tests" which
  is not an existing directory.


