================ BUILD ID ================
  cpp : #156 sha=f18c3c3 bin=325ef2bf2c6a5942 iter 47: MEASURE-FIRST blend breakdown (device per-tile-class zones rd_bk_emit/rd_overflow/cp_inb/cp_ovf + host TILE_HISTO). Hero: in-budget 914 tiles/2.01M cand (59.8%), overflow 110 tiles/1.36M cand (40.2%), max_tile_n=25699>FIT. Blend makespan ~93ms (reader~=compute co-equal) + separate cull ~80ms = lumped host blend 182.5. In-budget CO-LIMITED: reader-emit 824 ~= compute-SFPU 844 (load+sort only ~286). Busiest cores are OVERFLOW-gather-dominated (top core overflow 449 vs emit 181, 30v totals). Tailskip scaffold gated-off (deadlock-free 63.85 but blend 185.8>182.5, not a win). Measurement-only, PSNR 63.85 bit-identical.
  data: #1 sha=b703f70 sync tracy-041 capture script
=========================================
host=yyzo-bh-03  tag=rc-30views  timeout=1200s  worry=600s  ts=2026-06-02T22:04:40-0700
cmd: export TT_METAL_HOME=/localdev/smarton/tt-metal TT_METAL_RUNTIME_ROOT=/localdev/smarton/tt-metal TT_METAL_CACHE=/localdev/smarton/.cache/tt-metal-cache TT_METAL_ARCH_NAME=blackhole MESH_DEVICE=P100; source .venv/bin/activate 2>/dev/null; python3 render/run.py --iter-dir rc-30views --dump-views render-clean-30views
-----------------------------------------
[run] warmup (hero='hero', 1024x1024, scene=bicycle)
2026-06-03 05:04:42.704 | info     |             UMD | Creating TopologyDiscovery for architecture: blackhole (topology_discovery.cpp:75)
2026-06-03 05:04:42.704 | info     |             UMD | Starting topology discovery. (topology_discovery.cpp:92)
2026-06-03 05:04:42.704 | warning  |             UMD | Low power mode is disabled while UMD holds open file descriptors. The device will return to low power mode once all file descriptors are closed. (topology_discovery.cpp:143)
2026-06-03 05:04:42.704 | warning  |             UMD | KMD version 2.4.1 does not support power state management. (pci_device.cpp:1067)
2026-06-03 05:04:42.705 | info     |             UMD | Established firmware bundle version: 18.12.1 (topology_discovery.cpp:544)
2026-06-03 05:04:42.705 | info     |             UMD | Completed topology discovery. (topology_discovery.cpp:96)
2026-06-03 05:04:42.705 | info     |          Device | Opening user mode device driver (tt_cluster.cpp:225)
2026-06-03 05:04:42.705 | info     |             UMD | Cluster constructor started. (cluster.cpp:317)
2026-06-03 05:04:42.705 | info     |             UMD | Creating TopologyDiscovery for architecture: blackhole (topology_discovery.cpp:75)
2026-06-03 05:04:42.705 | info     |             UMD | Starting topology discovery. (topology_discovery.cpp:92)
2026-06-03 05:04:42.705 | warning  |             UMD | Low power mode is disabled while UMD holds open file descriptors. The device will return to low power mode once all file descriptors are closed. (topology_discovery.cpp:143)
2026-06-03 05:04:42.705 | warning  |             UMD | KMD version 2.4.1 does not support power state management. (pci_device.cpp:1067)
2026-06-03 05:04:42.705 | info     |             UMD | Established firmware bundle version: 18.12.1 (topology_discovery.cpp:544)
2026-06-03 05:04:42.705 | info     |             UMD | Completed topology discovery. (topology_discovery.cpp:96)
2026-06-03 05:04:42.705 | info     |             UMD | Harvesting masks for Chip 0: Tensix: 0xc0 DRAM: 0x8 ETH: 0x3fff PCIe: 0x2 L2CPU: 0x0 (cluster.cpp:270)
2026-06-03 05:04:42.706 | info     |             UMD | Initializing iommu for sysmem (size: 0x40000000). (silicon_sysmem_manager.cpp:334)
2026-06-03 05:04:42.706 | info     |             UMD | Allocating sysmem for IOMMU (size: 0x40000000). (silicon_sysmem_manager.cpp:340)
2026-06-03 05:04:42.746 | warning  |             UMD | KMD version 2.4.1 does not support power state management. (pci_device.cpp:1067)
2026-06-03 05:04:42.746 | info     |             UMD | Opening local chip ids/PCIe ids: {0}/[0] and remote chip ids {} (cluster.cpp:159)
2026-06-03 05:04:42.746 | info     |             UMD | IOMMU: enabled (cluster.cpp:133)
2026-06-03 05:04:42.746 | info     |             UMD | KMD version: 2.4.1 (cluster.cpp:136)
2026-06-03 05:04:42.746 | info     |             UMD | Cluster constructor completed. (cluster.cpp:409)
2026-06-03 05:04:42.748 | info     |             UMD | Starting devices in cluster (cluster.cpp:1044)
2026-06-03 05:04:42.748 | info     |             UMD | Mapped sysmem without hugepages to IOVA 0x80000000; NOC address 0x1000000000000000 (silicon_sysmem_manager.cpp:391)
2026-06-03 05:04:42.748 | info     |             UMD | Starting devices in cluster completed. (cluster.cpp:1052)
2026-06-03 05:04:43.242 | info     |     Distributed | Using auto discovery to generate mesh graph. (metal_env.cpp:332)
2026-06-03 05:04:43.242 | info     |     Distributed | Constructing control plane using auto-discovery (no mesh graph descriptor). (metal_env.cpp:394)
2026-06-03 05:04:43.242 | info     |             UMD | Creating TopologyDiscovery for architecture: blackhole (topology_discovery.cpp:75)
2026-06-03 05:04:43.242 | info     |             UMD | Starting topology discovery. (topology_discovery.cpp:92)
2026-06-03 05:04:43.242 | warning  |             UMD | Low power mode is disabled while UMD holds open file descriptors. The device will return to low power mode once all file descriptors are closed. (topology_discovery.cpp:143)
2026-06-03 05:04:43.242 | warning  |             UMD | KMD version 2.4.1 does not support power state management. (pci_device.cpp:1067)
2026-06-03 05:04:43.243 | info     |             UMD | Established firmware bundle version: 18.12.1 (topology_discovery.cpp:544)
2026-06-03 05:04:43.243 | info     |             UMD | Completed topology discovery. (topology_discovery.cpp:96)
2026-06-03 05:04:43.243 | warning  |          Always | Unknown motherboard 'X670E GAMING PLUS WIFI (MS-7E16)' for chip_id=0 (bus_id=0x1) — defaulting tray_id to 0. Add this motherboard and its bus IDs to mobo_to_bus_ids in physical_system_discovery.cpp. (physical_system_discovery.cpp:62)
2026-06-03 05:04:43.243 | info     |          Fabric | TopologyMapper: Logical Multi-Mesh Adjacency Map: (topology_mapper.cpp:1474)
2026-06-03 05:04:43.243 | info     |          Fabric | 
=== Logical Mesh-Level Graph Adjacency Map ===
Total nodes: 1
Degree histogram: {0:1}
 (topology_solver.tpp:94)
2026-06-03 05:04:43.243 | info     |          Fabric | 
=== Logical Mesh 0 Internal Graph Adjacency Map ===
Total nodes: 1
Degree histogram: {0:1}
 (topology_solver.tpp:94)
2026-06-03 05:04:43.243 | info     |          Fabric | TopologyMapper: Physical Multi-Mesh Adjacency Map: (topology_mapper.cpp:1485)
2026-06-03 05:04:43.243 | info     |          Fabric | 
=== Physical Mesh-Level Graph Adjacency Map ===
Total nodes: 1
Degree histogram: {0:1}
 (topology_solver.tpp:94)
2026-06-03 05:04:43.243 | info     |          Fabric | 
=== Physical Mesh 0 Internal Graph Adjacency Map ===
Total nodes: 1
Degree histogram: {0:1}
 (topology_solver.tpp:94)
2026-06-03 05:04:43.243 | info     |          Fabric | Starting multi-mesh mapping: 1 logical mesh(es) to 1 physical mesh(es) (topology_mapper_utils.cpp:1469)
2026-06-03 05:04:43.243 | info     |          Fabric | Multi-mesh mapping attempt 1/2: Trying inter-mesh mapping (topology_mapper_utils.cpp:1510)
2026-06-03 05:04:43.243 | info     |          Fabric | Attempt 1: Inter-mesh mapping succeeded, found 1 mesh pair(s) (topology_mapper_utils.cpp:1539)
2026-06-03 05:04:43.243 | info     |          Fabric | Attempt 1: Mapping 1 mesh pair(s) (topology_mapper_utils.cpp:1547)
2026-06-03 05:04:43.243 | info     |          Fabric | Attempt 1: Mapping mesh 0 -> 0 (topology_mapper_utils.cpp:1554)
2026-06-03 05:04:43.243 | info     |          Fabric | Multi-mesh mapping succeeded after 1 attempt(s): 1 mesh pair(s) mapped (topology_mapper_utils.cpp:1686)
2026-06-03 05:04:43.266 | info     |    BuildKernels | Using pre-compiled firmware from: /localdev/smarton/tt-metal/tt_metal/pre-compiled/431005707817566179/ (build_env_manager.cpp:260)
2026-06-03 05:04:43.475 | info     |           Metal | ShmResourceTracker: removed stale shm '/tt_d2h_395669_3306142790_0' (shm_resource_tracker.cpp:265)
2026-06-03 05:04:43.475 | info     |           Metal | ShmResourceTracker: removed stale shm '/tt_d2h_395669_3306142790_1' (shm_resource_tracker.cpp:265)
2026-06-03 05:04:43.475 | info     |           Metal | ShmResourceTracker: removed stale manifest '/dev/shm/tt_socket_manifest_395669' (shm_resource_tracker.cpp:275)
2026-06-03 05:04:43.475 | info     |           Metal | ShmResourceTracker: removed orphaned shm '/tt_device_7490744194894819707_memory' (shm_resource_tracker.cpp:282)
2026-06-03 05:04:44.059 | info     |           Metal | [Real-time profiler] Device 0 sync complete: 100 samples, frequency=1.349969 GHz, device_time_at_sync=147836662784029 cycles (realtime_profiler_manager.cpp:1082)
[JIT_WARMUP] ideal-path contexts compiled in 1373.2 ms
[SORT] stage=RP P=3369033 P_kept=3369033 num_tiles=1024 max_tile_n=26496 bin=43.55 up=0.02 kernel=1.91 d2h=0.00 compact=0.00 publish=1.53 total=47.11ms
[run] timing 30 views (warmup excluded)
[SORT] stage=RP P=3369033 P_kept=3369033 num_tiles=1024 max_tile_n=26496 bin=41.97 up=0.02 kernel=0.02 d2h=0.00 compact=0.00 publish=0.02 total=42.11ms
[run]   view=hero 293.0ms saved=view00_hero.png
[run]   view=orbit_141 254.7ms saved=view01_orbit_141.png
[SORT] stage=RP P=2774729 P_kept=2774729 num_tiles=1024 max_tile_n=25136 bin=35.02 up=0.02 kernel=0.03 d2h=0.00 compact=0.00 publish=0.02 total=35.17ms
[SORT] stage=RP P=3235251 P_kept=3235251 num_tiles=1024 max_tile_n=22592 bin=40.72 up=0.02 kernel=0.03 d2h=0.00 compact=0.00 publish=0.03 total=40.86ms
[run]   view=orbit_111 273.5ms saved=view02_orbit_111.png
[run]   view=orbit_081 197.2ms saved=view03_orbit_081.png
[run]   view=orbit_051 89.8ms saved=view04_orbit_051.png
[SORT] stage=RP P=1753355 P_kept=1753355 num_tiles=1024 max_tile_n=21360 bin=23.48 up=0.02 kernel=0.02 d2h=0.00 compact=0.00 publish=0.02 total=23.60ms
[SORT] stage=RP P=934247 P_kept=934247 num_tiles=1024 max_tile_n=5248 bin=14.24 up=0.02 kernel=0.02 d2h=0.00 compact=0.00 publish=0.02 total=14.36ms
[run]   view=chal_behind 101.6ms saved=view05_chal_behind.png
[run]   view=orbit_021 82.7ms saved=view06_orbit_021.png
[run]   view=orbit_351 91.6ms saved=view07_orbit_351.png
[SORT] stage=RP P=1124461 P_kept=1124461 num_tiles=1024 max_tile_n=6544 bin=16.42 up=0.02 kernel=0.02 d2h=0.00 compact=0.00 publish=0.03 total=16.55ms
[SORT] stage=RP P=835298 P_kept=835298 num_tiles=1024 max_tile_n=5536 bin=13.16 up=0.02 kernel=0.03 d2h=0.00 compact=0.00 publish=0.03 total=13.29ms
[SORT] stage=RP P=1067596 P_kept=1067596 num_tiles=1024 max_tile_n=5104 bin=15.62 up=0.02 kernel=0.02 d2h=0.00 compact=0.00 publish=0.02 total=15.74ms
[run]   view=orbit_321 88.9ms saved=view08_orbit_321.png
[run]   view=orbit_291 75.5ms saved=view09_orbit_291.png
[run]   view=chal_quarter 54.0ms saved=view10_chal_quarter.png
[run]   view=orbit_261 68.4ms saved=view11_orbit_261.png
[run]   view=adj_4 61.0ms saved=view12_adj_4.png
[run]   view=adj_3 67.4ms saved=view13_adj_3.png
[run]   view=orbit_231 67.9ms saved=view14_orbit_231.png
[run]   view=adj_1 66.2ms saved=view15_adj_1.png
[run]   view=adj_5 62.6ms saved=view16_adj_5.png
[run]   view=elev_p10 57.2ms saved=view17_elev_p10.png
[run]   view=elev_p20 46.2ms saved=view18_elev_p20.png
[run]   view=elev_p30 37.7ms saved=view19_elev_p30.png
[run]   view=chal_close 65.1ms saved=view20_chal_close.png
[run]   view=elev_n10 81.4ms saved=view21_elev_n10.png
[run]   view=adj_2 80.0ms saved=view22_adj_2.png
[run]   view=elev_n20 95.3ms saved=view23_elev_n20.png
[SORT] stage=RP P=1024763 P_kept=1024763 num_tiles=1024 max_tile_n=4672 bin=15.32 up=0.02 kernel=0.02 d2h=0.00 compact=0.00 publish=0.02 total=15.44ms
[SORT] stage=RP P=779787 P_kept=779787 num_tiles=1024 max_tile_n=3616 bin=12.78 up=0.02 kernel=0.02 d2h=0.00 compact=0.00 publish=0.02 total=12.89ms
[SORT] stage=RP P=402318 P_kept=402318 num_tiles=1024 max_tile_n=2704 bin=9.23 up=0.02 kernel=0.02 d2h=0.00 compact=0.00 publish=0.02 total=9.36ms
[SORT] stage=RP P=638458 P_kept=638458 num_tiles=1024 max_tile_n=3360 bin=11.51 up=0.02 kernel=0.02 d2h=0.00 compact=0.00 publish=0.02 total=11.62ms
[SORT] stage=RP P=486800 P_kept=486800 num_tiles=1024 max_tile_n=3952 bin=9.93 up=0.02 kernel=0.02 d2h=0.00 compact=0.00 publish=0.02 total=10.05ms
[SORT] stage=RP P=602411 P_kept=602411 num_tiles=1024 max_tile_n=4432 bin=11.32 up=0.02 kernel=0.02 d2h=0.00 compact=0.00 publish=0.02 total=11.45ms
[SORT] stage=RP P=629297 P_kept=629297 num_tiles=1024 max_tile_n=4928 bin=10.90 up=0.02 kernel=0.02 d2h=0.00 compact=0.00 publish=0.02 total=11.03ms
[SORT] stage=RP P=574474 P_kept=574474 num_tiles=1024 max_tile_n=4784 bin=11.10 up=0.02 kernel=0.02 d2h=0.00 compact=0.00 publish=0.02 total=11.23ms
[SORT] stage=RP P=508814 P_kept=508814 num_tiles=1024 max_tile_n=4560 bin=10.23 up=0.02 kernel=0.02 d2h=0.00 compact=0.00 publish=0.02 total=10.34ms
[SORT] stage=RP P=414994 P_kept=414994 num_tiles=1024 max_tile_n=3520 bin=9.19 up=0.02 kernel=0.02 d2h=0.00 compact=0.00 publish=0.02 total=9.30ms
[SORT] stage=RP P=245802 P_kept=245802 num_tiles=1024 max_tile_n=2704 bin=6.24 up=0.02 kernel=0.02 d2h=0.00 compact=0.00 publish=0.02 total=6.36ms
[SORT] stage=RP P=162380 P_kept=162380 num_tiles=1024 max_tile_n=1744 bin=5.24 up=0.02 kernel=0.03 d2h=0.00 compact=0.00 publish=0.02 total=5.38ms
[SORT] stage=RP P=588050 P_kept=588050 num_tiles=1024 max_tile_n=4864 bin=10.32 up=0.02 kernel=0.02 d2h=0.00 compact=0.00 publish=0.02 total=10.44ms
[SORT] stage=RP P=854460 P_kept=854460 num_tiles=1024 max_tile_n=5152 bin=13.41 up=0.02 kernel=0.03 d2h=0.00 compact=0.00 publish=0.02 total=13.54ms
[SORT] stage=RP P=840033 P_kept=840033 num_tiles=1024 max_tile_n=4704 bin=13.28 up=0.02 kernel=0.03 d2h=0.00 compact=0.00 publish=0.04 total=13.43ms
[SORT] stage=RP P=1077452 P_kept=1077452 num_tiles=1024 max_tile_n=5408 bin=15.90 up=0.02 kernel=0.02 d2h=0.00 compact=0.00 publish=0.02 total=16.03ms
[SORT] stage=RP P=1175882 P_kept=1175882 num_tiles=1024 max_tile_n=5312 bin=17.18 up=0.02 kernel=0.04 d2h=0.00 compact=0.00 publish=0.03 total=17.34ms
[run]   view=elev_n30 100.6ms saved=view24_elev_n30.png
[run]   view=orbit_201 72.5ms saved=view25_orbit_201.png
[run]   view=orbit_171 166.9ms saved=view26_orbit_171.png
[SORT] stage=RP P=662931 P_kept=662931 num_tiles=1024 max_tile_n=5184 bin=11.94 up=0.02 kernel=0.03 d2h=0.00 compact=0.00 publish=0.02 total=12.07ms
[SORT] stage=RP P=1298085 P_kept=1298085 num_tiles=1024 max_tile_n=18608 bin=18.35 up=0.02 kernel=0.03 d2h=0.00 compact=0.00 publish=0.03 total=18.49ms
[SORT] stage=RP P=262468 P_kept=262468 num_tiles=1024 max_tile_n=4464 bin=6.18 up=0.03 kernel=0.02 d2h=0.00 compact=0.00 publish=0.03 total=6.32ms
[run]   view=chal_bottom 57.3ms saved=view27_chal_bottom.png
[run]   view=chal_top 31.9ms saved=view28_chal_top.png
[run]   view=chal_far 76.7ms saved=view29_chal_far.png
[SORT] stage=RP P=107247 P_kept=107247 num_tiles=1024 max_tile_n=1664 bin=5.09 up=0.02 kernel=0.02 d2h=0.00 compact=0.00 publish=0.02 total=5.22ms
[SORT] stage=RP P=742945 P_kept=742945 num_tiles=1024 max_tile_n=4720 bin=12.14 up=0.03 kernel=0.03 d2h=0.00 compact=0.00 publish=0.03 total=12.30ms
SUMMARY scene=bicycle hero='hero' hero_vs_ref=63.85dB avg_frame_ms=98.8 p50_ms=76.1 min_ms=31.9 max_ms=293.0 n_views=30 warmup_s=2.0 out=/localdev/smarton/gstt2/tmp/rc-30views
