================ BUILD ID ================
  cpp : #156 sha=f18c3c3 bin=325ef2bf2c6a5942 iter 47: MEASURE-FIRST blend breakdown (device per-tile-class zones rd_bk_emit/rd_overflow/cp_inb/cp_ovf + host TILE_HISTO). Hero: in-budget 914 tiles/2.01M cand (59.8%), overflow 110 tiles/1.36M cand (40.2%), max_tile_n=25699>FIT. Blend makespan ~93ms (reader~=compute co-equal) + separate cull ~80ms = lumped host blend 182.5. In-budget CO-LIMITED: reader-emit 824 ~= compute-SFPU 844 (load+sort only ~286). Busiest cores are OVERFLOW-gather-dominated (top core overflow 449 vs emit 181, 30v totals). Tailskip scaffold gated-off (deadlock-free 63.85 but blend 185.8>182.5, not a win). Measurement-only, PSNR 63.85 bit-identical.
  data: #1 sha=b703f70 sync tracy-041 capture script
=========================================
host=yyzo-bh-03  tag=rc-tracy2  timeout=1800s  worry=600s  ts=2026-06-02T22:16:43-0700
cmd: bash render/profiler/capture_tracy_clean.sh
-----------------------------------------
[capture_clean] render_clean FULL 30-view capture -> /localdev/smarton/gstt2/opt/profiler/render-clean/render.tracy
[capture_clean] CMD: python3 -m tracy -r -p -v --dump-device-data-mid-run -o /localdev/smarton/gstt2/opt/profiler/wrap_out_render-clean render/profiler/_render_clean_inner.sh
2026-06-03 05:16:44.703 | INFO     | __main__:main:175 - Setting profiler artifacts folder to /localdev/smarton/gstt2/opt/profiler/wrap_out_render-clean
2026-06-03 05:16:44.703 | INFO     | __main__:main:336 - Using port 8086
2026-06-03 05:16:44.703 | INFO     | tracy:run_report_setup:88 - Verifying tracy profiling tools
2026-06-03 05:16:44.709 | INFO     | tracy:run_report_setup:108 - Capture command: ('/localdev/smarton/tt-metal/build/tools/profiler/bin/capture-release -o /localdev/smarton/gstt2/opt/profiler/wrap_out_render-clean/.logs/tracy_profile_log_host.tracy -f -p 8086',)
Connecting to 127.0.0.1:8086...2026-06-03 05:16:44.713 | INFO     | __main__:main:400 - Test process started
2026-06-03 05:16:45.279 | INFO     | __main__:main:175 - Setting profiler artifacts folder to /localdev/smarton/gstt2/opt/profiler/wrap_out_render-clean
[render-clean-inner] python3 render/run.py --no-ref --iter-dir rc-tracy (MID_RUN_DUMP=1 DEVICE_PROFILER=1 GSPLAT_TT_PROFILE=1 TRACY_PORT=8086)
[run] warmup (hero='hero', 1024x1024, scene=bicycle)
2026-06-03 05:16:46.981 | info     |             UMD | Creating TopologyDiscovery for architecture: blackhole (topology_discovery.cpp:75)
2026-06-03 05:16:46.981 | info     |             UMD | Starting topology discovery. (topology_discovery.cpp:92)
2026-06-03 05:16:46.981 | warning  |             UMD | Low power mode is disabled while UMD holds open file descriptors. The device will return to low power mode once all file descriptors are closed. (topology_discovery.cpp:143)
2026-06-03 05:16:46.982 | warning  |             UMD | KMD version 2.4.1 does not support power state management. (pci_device.cpp:1067)
2026-06-03 05:16:46.982 | info     |             UMD | Established firmware bundle version: 18.12.1 (topology_discovery.cpp:544)
2026-06-03 05:16:46.982 | info     |             UMD | Completed topology discovery. (topology_discovery.cpp:96)
2026-06-03 05:16:46.982 | info     |          Device | Opening user mode device driver (tt_cluster.cpp:225)
2026-06-03 05:16:46.982 | info     |             UMD | Cluster constructor started. (cluster.cpp:317)
2026-06-03 05:16:46.982 | info     |             UMD | Creating TopologyDiscovery for architecture: blackhole (topology_discovery.cpp:75)
2026-06-03 05:16:46.982 | info     |             UMD | Starting topology discovery. (topology_discovery.cpp:92)
2026-06-03 05:16:46.982 | warning  |             UMD | Low power mode is disabled while UMD holds open file descriptors. The device will return to low power mode once all file descriptors are closed. (topology_discovery.cpp:143)
2026-06-03 05:16:46.982 | warning  |             UMD | KMD version 2.4.1 does not support power state management. (pci_device.cpp:1067)
2026-06-03 05:16:46.983 | info     |             UMD | Established firmware bundle version: 18.12.1 (topology_discovery.cpp:544)
2026-06-03 05:16:46.983 | info     |             UMD | Completed topology discovery. (topology_discovery.cpp:96)
2026-06-03 05:16:46.983 | info     |             UMD | Harvesting masks for Chip 0: Tensix: 0xc0 DRAM: 0x8 ETH: 0x3fff PCIe: 0x2 L2CPU: 0x0 (cluster.cpp:270)
2026-06-03 05:16:46.983 | info     |             UMD | Initializing iommu for sysmem (size: 0x40000000). (silicon_sysmem_manager.cpp:334)
2026-06-03 05:16:46.983 | info     |             UMD | Allocating sysmem for IOMMU (size: 0x40000000). (silicon_sysmem_manager.cpp:340)
2026-06-03 05:16:47.022 | warning  |             UMD | KMD version 2.4.1 does not support power state management. (pci_device.cpp:1067)
2026-06-03 05:16:47.022 | info     |             UMD | Opening local chip ids/PCIe ids: {0}/[0] and remote chip ids {} (cluster.cpp:159)
2026-06-03 05:16:47.022 | info     |             UMD | IOMMU: enabled (cluster.cpp:133)
2026-06-03 05:16:47.022 | info     |             UMD | KMD version: 2.4.1 (cluster.cpp:136)
2026-06-03 05:16:47.022 | info     |             UMD | Cluster constructor completed. (cluster.cpp:409)
2026-06-03 05:16:47.024 | info     |             UMD | Starting devices in cluster (cluster.cpp:1044)
2026-06-03 05:16:47.024 | info     |             UMD | Mapped sysmem without hugepages to IOVA 0x80000000; NOC address 0x1000000000000000 (silicon_sysmem_manager.cpp:391)
2026-06-03 05:16:47.025 | info     |             UMD | Starting devices in cluster completed. (cluster.cpp:1052)
2026-06-03 05:16:47.550 | info     |     Distributed | Using auto discovery to generate mesh graph. (metal_env.cpp:332)
2026-06-03 05:16:47.550 | info     |     Distributed | Constructing control plane using auto-discovery (no mesh graph descriptor). (metal_env.cpp:394)
2026-06-03 05:16:47.550 | info     |             UMD | Creating TopologyDiscovery for architecture: blackhole (topology_discovery.cpp:75)
2026-06-03 05:16:47.550 | info     |             UMD | Starting topology discovery. (topology_discovery.cpp:92)
2026-06-03 05:16:47.551 | warning  |             UMD | Low power mode is disabled while UMD holds open file descriptors. The device will return to low power mode once all file descriptors are closed. (topology_discovery.cpp:143)
2026-06-03 05:16:47.551 | warning  |             UMD | KMD version 2.4.1 does not support power state management. (pci_device.cpp:1067)
2026-06-03 05:16:47.551 | info     |             UMD | Established firmware bundle version: 18.12.1 (topology_discovery.cpp:544)
2026-06-03 05:16:47.551 | info     |             UMD | Completed topology discovery. (topology_discovery.cpp:96)
2026-06-03 05:16:47.551 | warning  |          Always | Unknown motherboard 'X670E GAMING PLUS WIFI (MS-7E16)' for chip_id=0 (bus_id=0x1) — defaulting tray_id to 0. Add this motherboard and its bus IDs to mobo_to_bus_ids in physical_system_discovery.cpp. (physical_system_discovery.cpp:62)
2026-06-03 05:16:47.551 | info     |          Fabric | TopologyMapper: Logical Multi-Mesh Adjacency Map: (topology_mapper.cpp:1474)
2026-06-03 05:16:47.551 | info     |          Fabric | 
=== Logical Mesh-Level Graph Adjacency Map ===
Total nodes: 1
Degree histogram: {0:1}
 (topology_solver.tpp:94)
2026-06-03 05:16:47.551 | info     |          Fabric | 
=== Logical Mesh 0 Internal Graph Adjacency Map ===
Total nodes: 1
Degree histogram: {0:1}
 (topology_solver.tpp:94)
2026-06-03 05:16:47.551 | info     |          Fabric | TopologyMapper: Physical Multi-Mesh Adjacency Map: (topology_mapper.cpp:1485)
2026-06-03 05:16:47.551 | info     |          Fabric | 
=== Physical Mesh-Level Graph Adjacency Map ===
Total nodes: 1
Degree histogram: {0:1}
 (topology_solver.tpp:94)
2026-06-03 05:16:47.551 | info     |          Fabric | 
=== Physical Mesh 0 Internal Graph Adjacency Map ===
Total nodes: 1
Degree histogram: {0:1}
 (topology_solver.tpp:94)
2026-06-03 05:16:47.551 | info     |          Fabric | Starting multi-mesh mapping: 1 logical mesh(es) to 1 physical mesh(es) (topology_mapper_utils.cpp:1469)
2026-06-03 05:16:47.551 | info     |          Fabric | Multi-mesh mapping attempt 1/2: Trying inter-mesh mapping (topology_mapper_utils.cpp:1510)
2026-06-03 05:16:47.551 | info     |          Fabric | Attempt 1: Inter-mesh mapping succeeded, found 1 mesh pair(s) (topology_mapper_utils.cpp:1539)
2026-06-03 05:16:47.551 | info     |          Fabric | Attempt 1: Mapping 1 mesh pair(s) (topology_mapper_utils.cpp:1547)
2026-06-03 05:16:47.551 | info     |          Fabric | Attempt 1: Mapping mesh 0 -> 0 (topology_mapper_utils.cpp:1554)
2026-06-03 05:16:47.551 | info     |          Fabric | Multi-mesh mapping succeeded after 1 attempt(s): 1 mesh pair(s) mapped (topology_mapper_utils.cpp:1686)
2026-06-03 05:16:47.649 | info     |           Metal | Profiler started on device 0 (profiler_initializer.cpp:49)
2026-06-03 05:16:47.794 | info     |           Metal | ShmResourceTracker: removed stale shm '/tt_d2h_398859_4229340349_0' (shm_resource_tracker.cpp:265)
2026-06-03 05:16:47.794 | info     |           Metal | ShmResourceTracker: removed stale manifest '/dev/shm/tt_socket_manifest_398859' (shm_resource_tracker.cpp:275)
2026-06-03 05:16:47.794 | info     |           Metal | ShmResourceTracker: removed orphaned shm '/tt_device_7490744194894819707_memory' (shm_resource_tracker.cpp:282)
2026-06-03 05:16:48.380 | info     |           Metal | [Real-time profiler] Device 0 sync complete: 100 samples, frequency=1.349984 GHz, device_time_at_sync=148814481996949 cycles (realtime_profiler_manager.cpp:1082)
[JIT_WARMUP] ideal-path contexts compiled in 1416.1 ms
[SORT] stage=RP P=3369033 P_kept=3369033 num_tiles=1024 max_tile_n=26496 bin=44.99 up=0.02 kernel=2.90 d2h=0.00 compact=0.00 publish=3.00 total=51.01ms
2026-06-03 05:16:49.268 | info     |           Metal | Device kernel duration perf summary (device=0): count=1, min=466628279ns, avg=466628279.0ns, max=466628279ns (profiler_analysis.cpp:652)
2026-06-03 05:16:49.268 | info     |           Metal | Device kernel duration perf histogram (device=0): (buckets=10, bucket_size=100ns, range=[466628200..466629200), underflow(<466628200ns)=0, overflow(>=466629200ns)=0) (profiler_analysis.cpp:695)
2026-06-03 05:16:49.268 | info     |           Metal |   [   466628200 ..    466628300) |########################################|        1 (profiler_analysis.cpp:700)
2026-06-03 05:16:49.268 | info     |           Metal |   [   466628300 ..    466628400) |                                        |        0 (profiler_analysis.cpp:700)
2026-06-03 05:16:49.268 | info     |           Metal |   [   466628400 ..    466628500) |                                        |        0 (profiler_analysis.cpp:700)
2026-06-03 05:16:49.268 | info     |           Metal |   [   466628500 ..    466628600) |                                        |        0 (profiler_analysis.cpp:700)
2026-06-03 05:16:49.268 | info     |           Metal |   [   466628600 ..    466628700) |                                        |        0 (profiler_analysis.cpp:700)
2026-06-03 05:16:49.268 | info     |           Metal |   [   466628700 ..    466628800) |                                        |        0 (profiler_analysis.cpp:700)
2026-06-03 05:16:49.268 | info     |           Metal |   [   466628800 ..    466628900) |                                        |        0 (profiler_analysis.cpp:700)
2026-06-03 05:16:49.268 | info     |           Metal |   [   466628900 ..    466629000) |                                        |        0 (profiler_analysis.cpp:700)
2026-06-03 05:16:49.268 | info     |           Metal |   [   466629000 ..    466629100) |                                        |        0 (profiler_analysis.cpp:700)
2026-06-03 05:16:49.268 | info     |           Metal |   [   466629100 ..    466629200) |                                        |        0 (profiler_analysis.cpp:700)
[run] timing 30 views (warmup excluded)
[SORT] stage=RP P=3369033 P_kept=3369033 num_tiles=1024 max_tile_n=26496 bin=42.13 up=0.02 kernel=0.02 d2h=0.00 compact=0.00 publish=0.02 total=42.24ms
2026-06-03 05:16:49.583 | info     |           Metal | Device kernel duration perf summary (device=0): count=1, min=288503349ns, avg=288503349.0ns, max=288503349ns (profiler_analysis.cpp:652)
2026-06-03 05:16:49.583 | info     |           Metal | Device kernel duration perf histogram (device=0): (buckets=10, bucket_size=100ns, range=[288503300..288504300), underflow(<288503300ns)=0, overflow(>=288504300ns)=0) (profiler_analysis.cpp:695)
2026-06-03 05:16:49.583 | info     |           Metal |   [   288503300 ..    288503400) |########################################|        1 (profiler_analysis.cpp:700)
2026-06-03 05:16:49.583 | info     |           Metal |   [   288503400 ..    288503500) |                                        |        0 (profiler_analysis.cpp:700)
2026-06-03 05:16:49.583 | info     |           Metal |   [   288503500 ..    288503600) |                                        |        0 (profiler_analysis.cpp:700)
2026-06-03 05:16:49.583 | info     |           Metal |   [   288503600 ..    288503700) |                                        |        0 (profiler_analysis.cpp:700)
2026-06-03 05:16:49.583 | info     |           Metal |   [   288503700 ..    288503800) |                                        |        0 (profiler_analysis.cpp:700)
2026-06-03 05:16:49.583 | info     |           Metal |   [   288503800 ..    288503900) |                                        |        0 (profiler_analysis.cpp:700)
2026-06-03 05:16:49.583 | info     |           Metal |   [   288503900 ..    288504000) |                                        |        0 (profiler_analysis.cpp:700)
2026-06-03 05:16:49.583 | info     |           Metal |   [   288504000 ..    288504100) |                                        |        0 (profiler_analysis.cpp:700)
2026-06-03 05:16:49.583 | info     |           Metal |   [   288504100 ..    288504200) |                                        |        0 (profiler_analysis.cpp:700)
2026-06-03 05:16:49.583 | info     |           Metal |   [   288504200 ..    288504300) |                                        |        0 (profiler_analysis.cpp:700)
[run]   view=hero 313.0ms
[SORT] stage=RP P=2774729 P_kept=2774729 num_tiles=1024 max_tile_n=25136 bin=34.58 up=0.02 kernel=0.02 d2h=0.00 compact=0.00 publish=0.02 total=34.70ms
2026-06-03 05:16:49.858 | info     |           Metal | Device kernel duration perf summary (device=0): count=1, min=249475350ns, avg=249475350.0ns, max=249475350ns (profiler_analysis.cpp:652)
2026-06-03 05:16:49.858 | info     |           Metal | Device kernel duration perf histogram (device=0): (buckets=10, bucket_size=100ns, range=[249475300..249476300), underflow(<249475300ns)=0, overflow(>=249476300ns)=0) (profiler_analysis.cpp:695)
2026-06-03 05:16:49.858 | info     |           Metal |   [   249475300 ..    249475400) |########################################|        1 (profiler_analysis.cpp:700)
2026-06-03 05:16:49.858 | info     |           Metal |   [   249475400 ..    249475500) |                                        |        0 (profiler_analysis.cpp:700)
2026-06-03 05:16:49.858 | info     |           Metal |   [   249475500 ..    249475600) |                                        |        0 (profiler_analysis.cpp:700)
2026-06-03 05:16:49.858 | info     |           Metal |   [   249475600 ..    249475700) |                                        |        0 (profiler_analysis.cpp:700)
2026-06-03 05:16:49.858 | info     |           Metal |   [   249475700 ..    249475800) |                                        |        0 (profiler_analysis.cpp:700)
2026-06-03 05:16:49.858 | info     |           Metal |   [   249475800 ..    249475900) |                                        |        0 (profiler_analysis.cpp:700)
2026-06-03 05:16:49.858 | info     |           Metal |   [   249475900 ..    249476000) |                                        |        0 (profiler_analysis.cpp:700)
2026-06-03 05:16:49.858 | info     |           Metal |   [   249476000 ..    249476100) |                                        |        0 (profiler_analysis.cpp:700)
2026-06-03 05:16:49.858 | info     |           Metal |   [   249476100 ..    249476200) |                                        |        0 (profiler_analysis.cpp:700)
2026-06-03 05:16:49.858 | info     |           Metal |   [   249476200 ..    249476300) |                                        |        0 (profiler_analysis.cpp:700)
[run]   view=orbit_141 274.7ms
[SORT] stage=RP P=3235251 P_kept=3235251 num_tiles=1024 max_tile_n=22592 bin=40.50 up=0.02 kernel=0.02 d2h=0.00 compact=0.00 publish=0.02 total=40.62ms
2026-06-03 05:16:50.154 | info     |           Metal | Device kernel duration perf summary (device=0): count=1, min=269015007ns, avg=269015007.0ns, max=269015007ns (profiler_analysis.cpp:652)
2026-06-03 05:16:50.154 | info     |           Metal | Device kernel duration perf histogram (device=0): (buckets=10, bucket_size=100ns, range=[269015000..269016000), underflow(<269015000ns)=0, overflow(>=269016000ns)=0) (profiler_analysis.cpp:695)
2026-06-03 05:16:50.154 | info     |           Metal |   [   269015000 ..    269015100) |########################################|        1 (profiler_analysis.cpp:700)
2026-06-03 05:16:50.154 | info     |           Metal |   [   269015100 ..    269015200) |                                        |        0 (profiler_analysis.cpp:700)
2026-06-03 05:16:50.154 | info     |           Metal |   [   269015200 ..    269015300) |                                        |        0 (profiler_analysis.cpp:700)
2026-06-03 05:16:50.154 | info     |           Metal |   [   269015300 ..    269015400) |                                        |        0 (profiler_analysis.cpp:700)
2026-06-03 05:16:50.154 | info     |           Metal |   [   269015400 ..    269015500) |                                        |        0 (profiler_analysis.cpp:700)
2026-06-03 05:16:50.154 | info     |           Metal |   [   269015500 ..    269015600) |                                        |        0 (profiler_analysis.cpp:700)
2026-06-03 05:16:50.154 | info     |           Metal |   [   269015600 ..    269015700) |                                        |        0 (profiler_analysis.cpp:700)
2026-06-03 05:16:50.154 | info     |           Metal |   [   269015700 ..    269015800) |                                        |        0 (profiler_analysis.cpp:700)
2026-06-03 05:16:50.154 | info     |           Metal |   [   269015800 ..    269015900) |                                        |        0 (profiler_analysis.cpp:700)
2026-06-03 05:16:50.154 | info     |           Metal |   [   269015900 ..    269016000) |                                        |        0 (profiler_analysis.cpp:700)
[run]   view=orbit_111 294.5ms
[SORT] stage=RP P=1753355 P_kept=1753355 num_tiles=1024 max_tile_n=21360 bin=22.71 up=0.02 kernel=0.02 d2h=0.00 compact=0.00 publish=0.02 total=22.84ms
2026-06-03 05:16:50.372 | info     |           Metal | Device kernel duration perf summary (device=0): count=1, min=191717867ns, avg=191717867.0ns, max=191717867ns (profiler_analysis.cpp:652)
2026-06-03 05:16:50.372 | info     |           Metal | Device kernel duration perf histogram (device=0): (buckets=10, bucket_size=100ns, range=[191717800..191718800), underflow(<191717800ns)=0, overflow(>=191718800ns)=0) (profiler_analysis.cpp:695)
2026-06-03 05:16:50.372 | info     |           Metal |   [   191717800 ..    191717900) |########################################|        1 (profiler_analysis.cpp:700)
2026-06-03 05:16:50.372 | info     |           Metal |   [   191717900 ..    191718000) |                                        |        0 (profiler_analysis.cpp:700)
2026-06-03 05:16:50.372 | info     |           Metal |   [   191718000 ..    191718100) |                                        |        0 (profiler_analysis.cpp:700)
2026-06-03 05:16:50.372 | info     |           Metal |   [   191718100 ..    191718200) |                                        |        0 (profiler_analysis.cpp:700)
2026-06-03 05:16:50.372 | info     |           Metal |   [   191718200 ..    191718300) |                                        |        0 (profiler_analysis.cpp:700)
2026-06-03 05:16:50.372 | info     |           Metal |   [   191718300 ..    191718400) |                                        |        0 (profiler_analysis.cpp:700)
2026-06-03 05:16:50.372 | info     |           Metal |   [   191718400 ..    191718500) |                                        |        0 (profiler_analysis.cpp:700)
2026-06-03 05:16:50.372 | info     |           Metal |   [   191718500 ..    191718600) |                                        |        0 (profiler_analysis.cpp:700)
2026-06-03 05:16:50.372 | info     |           Metal |   [   191718600 ..    191718700) |                                        |        0 (profiler_analysis.cpp:700)
2026-06-03 05:16:50.372 | info     |           Metal |   [   191718700 ..    191718800) |                                        |        0 (profiler_analysis.cpp:700)
[run]   view=orbit_081 217.1ms
[SORT] stage=RP P=934247 P_kept=934247 num_tiles=1024 max_tile_n=5248 bin=13.45 up=0.02 kernel=0.03 d2h=0.00 compact=0.00 publish=0.02 total=13.59ms
2026-06-03 05:16:50.484 | info     |           Metal | Device kernel duration perf summary (device=0): count=1, min=84455562ns, avg=84455562.0ns, max=84455562ns (profiler_analysis.cpp:652)
2026-06-03 05:16:50.484 | info     |           Metal | Device kernel duration perf histogram (device=0): (buckets=10, bucket_size=100ns, range=[84455500..84456500), underflow(<84455500ns)=0, overflow(>=84456500ns)=0) (profiler_analysis.cpp:695)
2026-06-03 05:16:50.484 | info     |           Metal |   [    84455500 ..     84455600) |########################################|        1 (profiler_analysis.cpp:700)
2026-06-03 05:16:50.484 | info     |           Metal |   [    84455600 ..     84455700) |                                        |        0 (profiler_analysis.cpp:700)
2026-06-03 05:16:50.484 | info     |           Metal |   [    84455700 ..     84455800) |                                        |        0 (profiler_analysis.cpp:700)
2026-06-03 05:16:50.484 | info     |           Metal |   [    84455800 ..     84455900) |                                        |        0 (profiler_analysis.cpp:700)
2026-06-03 05:16:50.484 | info     |           Metal |   [    84455900 ..     84456000) |                                        |        0 (profiler_analysis.cpp:700)
2026-06-03 05:16:50.484 | info     |           Metal |   [    84456000 ..     84456100) |                                        |        0 (profiler_analysis.cpp:700)
2026-06-03 05:16:50.484 | info     |           Metal |   [    84456100 ..     84456200) |                                        |        0 (profiler_analysis.cpp:700)
2026-06-03 05:16:50.484 | info     |           Metal |   [    84456200 ..     84456300) |                                        |        0 (profiler_analysis.cpp:700)
2026-06-03 05:16:50.484 | info     |           Metal |   [    84456300 ..     84456400) |                                        |        0 (profiler_analysis.cpp:700)
2026-06-03 05:16:50.484 | info     |           Metal |   [    84456400 ..     84456500) |                                        |        0 (profiler_analysis.cpp:700)
[run]   view=orbit_051 110.8ms
[SORT] stage=RP P=1124461 P_kept=1124461 num_tiles=1024 max_tile_n=6544 bin=16.76 up=0.02 kernel=0.02 d2h=0.00 compact=0.00 publish=0.02 total=16.88ms
2026-06-03 05:16:50.607 | info     |           Metal | Device kernel duration perf summary (device=0): count=1, min=96848230ns, avg=96848230.0ns, max=96848230ns (profiler_analysis.cpp:652)
2026-06-03 05:16:50.607 | info     |           Metal | Device kernel duration perf histogram (device=0): (buckets=10, bucket_size=100ns, range=[96848200..96849200), underflow(<96848200ns)=0, overflow(>=96849200ns)=0) (profiler_analysis.cpp:695)
2026-06-03 05:16:50.607 | info     |           Metal |   [    96848200 ..     96848300) |########################################|        1 (profiler_analysis.cpp:700)
2026-06-03 05:16:50.607 | info     |           Metal |   [    96848300 ..     96848400) |                                        |        0 (profiler_analysis.cpp:700)
2026-06-03 05:16:50.607 | info     |           Metal |   [    96848400 ..     96848500) |                                        |        0 (profiler_analysis.cpp:700)
2026-06-03 05:16:50.607 | info     |           Metal |   [    96848500 ..     96848600) |                                        |        0 (profiler_analysis.cpp:700)
2026-06-03 05:16:50.607 | info     |           Metal |   [    96848600 ..     96848700) |                                        |        0 (profiler_analysis.cpp:700)
2026-06-03 05:16:50.607 | info     |           Metal |   [    96848700 ..     96848800) |                                        |        0 (profiler_analysis.cpp:700)
2026-06-03 05:16:50.607 | info     |           Metal |   [    96848800 ..     96848900) |                                        |        0 (profiler_analysis.cpp:700)
2026-06-03 05:16:50.607 | info     |           Metal |   [    96848900 ..     96849000) |                                        |        0 (profiler_analysis.cpp:700)
2026-06-03 05:16:50.607 | info     |           Metal |   [    96849000 ..     96849100) |                                        |        0 (profiler_analysis.cpp:700)
2026-06-03 05:16:50.607 | info     |           Metal |   [    96849100 ..     96849200) |                                        |        0 (profiler_analysis.cpp:700)
[run]   view=chal_behind 122.2ms
[SORT] stage=RP P=835298 P_kept=835298 num_tiles=1024 max_tile_n=5536 bin=13.38 up=0.02 kernel=0.02 d2h=0.00 compact=0.00 publish=0.02 total=13.51ms
2026-06-03 05:16:50.712 | info     |           Metal | Device kernel duration perf summary (device=0): count=1, min=78457823ns, avg=78457823.0ns, max=78457823ns (profiler_analysis.cpp:652)
2026-06-03 05:16:50.712 | info     |           Metal | Device kernel duration perf histogram (device=0): (buckets=10, bucket_size=100ns, range=[78457800..78458800), underflow(<78457800ns)=0, overflow(>=78458800ns)=0) (profiler_analysis.cpp:695)
2026-06-03 05:16:50.712 | info     |           Metal |   [    78457800 ..     78457900) |########################################|        1 (profiler_analysis.cpp:700)
2026-06-03 05:16:50.712 | info     |           Metal |   [    78457900 ..     78458000) |                                        |        0 (profiler_analysis.cpp:700)
2026-06-03 05:16:50.712 | info     |           Metal |   [    78458000 ..     78458100) |                                        |        0 (profiler_analysis.cpp:700)
2026-06-03 05:16:50.712 | info     |           Metal |   [    78458100 ..     78458200) |                                        |        0 (profiler_analysis.cpp:700)
2026-06-03 05:16:50.712 | info     |           Metal |   [    78458200 ..     78458300) |                                        |        0 (profiler_analysis.cpp:700)
2026-06-03 05:16:50.712 | info     |           Metal |   [    78458300 ..     78458400) |                                        |        0 (profiler_analysis.cpp:700)
2026-06-03 05:16:50.712 | info     |           Metal |   [    78458400 ..     78458500) |                                        |        0 (profiler_analysis.cpp:700)
2026-06-03 05:16:50.712 | info     |           Metal |   [    78458500 ..     78458600) |                                        |        0 (profiler_analysis.cpp:700)
2026-06-03 05:16:50.712 | info     |           Metal |   [    78458600 ..     78458700) |                                        |        0 (profiler_analysis.cpp:700)
2026-06-03 05:16:50.712 | info     |           Metal |   [    78458700 ..     78458800) |                                        |        0 (profiler_analysis.cpp:700)
[run]   view=orbit_021 103.9ms
[SORT] stage=RP P=1067596 P_kept=1067596 num_tiles=1024 max_tile_n=5104 bin=16.02 up=0.02 kernel=0.02 d2h=0.00 compact=0.00 publish=0.02 total=16.16ms
2026-06-03 05:16:50.826 | info     |           Metal | Device kernel duration perf summary (device=0): count=1, min=87327206ns, avg=87327206.0ns, max=87327206ns (profiler_analysis.cpp:652)
2026-06-03 05:16:50.826 | info     |           Metal | Device kernel duration perf histogram (device=0): (buckets=10, bucket_size=100ns, range=[87327200..87328200), underflow(<87327200ns)=0, overflow(>=87328200ns)=0) (profiler_analysis.cpp:695)
2026-06-03 05:16:50.826 | info     |           Metal |   [    87327200 ..     87327300) |########################################|        1 (profiler_analysis.cpp:700)
2026-06-03 05:16:50.826 | info     |           Metal |   [    87327300 ..     87327400) |                                        |        0 (profiler_analysis.cpp:700)
2026-06-03 05:16:50.826 | info     |           Metal |   [    87327400 ..     87327500) |                                        |        0 (profiler_analysis.cpp:700)
2026-06-03 05:16:50.826 | info     |           Metal |   [    87327500 ..     87327600) |                                        |        0 (profiler_analysis.cpp:700)
2026-06-03 05:16:50.826 | info     |           Metal |   [    87327600 ..     87327700) |                                        |        0 (profiler_analysis.cpp:700)
2026-06-03 05:16:50.826 | info     |           Metal |   [    87327700 ..     87327800) |                                        |        0 (profiler_analysis.cpp:700)
2026-06-03 05:16:50.826 | info     |           Metal |   [    87327800 ..     87327900) |                                        |        0 (profiler_analysis.cpp:700)
2026-06-03 05:16:50.826 | info     |           Metal |   [    87327900 ..     87328000) |                                        |        0 (profiler_analysis.cpp:700)
2026-06-03 05:16:50.826 | info     |           Metal |   [    87328000 ..     87328100) |                                        |        0 (profiler_analysis.cpp:700)
2026-06-03 05:16:50.826 | info     |           Metal |   [    87328100 ..     87328200) |                                        |        0 (profiler_analysis.cpp:700)
[run]   view=orbit_351 113.0ms
[SORT] stage=RP P=1024763 P_kept=1024763 num_tiles=1024 max_tile_n=4672 bin=15.63 up=0.02 kernel=0.02 d2h=0.00 compact=0.00 publish=0.02 total=15.77ms
2026-06-03 05:16:50.937 | info     |           Metal | Device kernel duration perf summary (device=0): count=1, min=84991391ns, avg=84991391.0ns, max=84991391ns (profiler_analysis.cpp:652)
2026-06-03 05:16:50.937 | info     |           Metal | Device kernel duration perf histogram (device=0): (buckets=10, bucket_size=100ns, range=[84991300..84992300), underflow(<84991300ns)=0, overflow(>=84992300ns)=0) (profiler_analysis.cpp:695)
2026-06-03 05:16:50.937 | info     |           Metal |   [    84991300 ..     84991400) |########################################|        1 (profiler_analysis.cpp:700)
2026-06-03 05:16:50.937 | info     |           Metal |   [    84991400 ..     84991500) |                                        |        0 (profiler_analysis.cpp:700)
2026-06-03 05:16:50.937 | info     |           Metal |   [    84991500 ..     84991600) |                                        |        0 (profiler_analysis.cpp:700)
2026-06-03 05:16:50.937 | info     |           Metal |   [    84991600 ..     84991700) |                                        |        0 (profiler_analysis.cpp:700)
2026-06-03 05:16:50.937 | info     |           Metal |   [    84991700 ..     84991800) |                                        |        0 (profiler_analysis.cpp:700)
2026-06-03 05:16:50.937 | info     |           Metal |   [    84991800 ..     84991900) |                                        |        0 (profiler_analysis.cpp:700)
2026-06-03 05:16:50.937 | info     |           Metal |   [    84991900 ..     84992000) |                                        |        0 (profiler_analysis.cpp:700)
2026-06-03 05:16:50.937 | info     |           Metal |   [    84992000 ..     84992100) |                                        |        0 (profiler_analysis.cpp:700)
2026-06-03 05:16:50.937 | info     |           Metal |   [    84992100 ..     84992200) |                                        |        0 (profiler_analysis.cpp:700)
2026-06-03 05:16:50.937 | info     |           Metal |   [    84992200 ..     84992300) |                                        |        0 (profiler_analysis.cpp:700)
[run]   view=orbit_321 110.0ms
[SORT] stage=RP P=779787 P_kept=779787 num_tiles=1024 max_tile_n=3616 bin=13.03 up=0.02 kernel=0.02 d2h=0.00 compact=0.00 publish=0.02 total=13.15ms
2026-06-03 05:16:51.034 | info     |           Metal | Device kernel duration perf summary (device=0): count=1, min=70977459ns, avg=70977459.0ns, max=70977459ns (profiler_analysis.cpp:652)
2026-06-03 05:16:51.034 | info     |           Metal | Device kernel duration perf histogram (device=0): (buckets=10, bucket_size=100ns, range=[70977400..70978400), underflow(<70977400ns)=0, overflow(>=70978400ns)=0) (profiler_analysis.cpp:695)
2026-06-03 05:16:51.034 | info     |           Metal |   [    70977400 ..     70977500) |########################################|        1 (profiler_analysis.cpp:700)
2026-06-03 05:16:51.034 | info     |           Metal |   [    70977500 ..     70977600) |                                        |        0 (profiler_analysis.cpp:700)
2026-06-03 05:16:51.034 | info     |           Metal |   [    70977600 ..     70977700) |                                        |        0 (profiler_analysis.cpp:700)
2026-06-03 05:16:51.034 | info     |           Metal |   [    70977700 ..     70977800) |                                        |        0 (profiler_analysis.cpp:700)
2026-06-03 05:16:51.034 | info     |           Metal |   [    70977800 ..     70977900) |                                        |        0 (profiler_analysis.cpp:700)
2026-06-03 05:16:51.034 | info     |           Metal |   [    70977900 ..     70978000) |                                        |        0 (profiler_analysis.cpp:700)
2026-06-03 05:16:51.034 | info     |           Metal |   [    70978000 ..     70978100) |                                        |        0 (profiler_analysis.cpp:700)
2026-06-03 05:16:51.034 | info     |           Metal |   [    70978100 ..     70978200) |                                        |        0 (profiler_analysis.cpp:700)
2026-06-03 05:16:51.034 | info     |           Metal |   [    70978200 ..     70978300) |                                        |        0 (profiler_analysis.cpp:700)
2026-06-03 05:16:51.034 | info     |           Metal |   [    70978300 ..     70978400) |                                        |        0 (profiler_analysis.cpp:700)
[run]   view=orbit_291 96.2ms
[SORT] stage=RP P=402318 P_kept=402318 num_tiles=1024 max_tile_n=2704 bin=7.56 up=0.02 kernel=0.02 d2h=0.00 compact=0.00 publish=0.02 total=7.68ms
2026-06-03 05:16:51.109 | info     |           Metal | Device kernel duration perf summary (device=0): count=1, min=48115987ns, avg=48115987.0ns, max=48115987ns (profiler_analysis.cpp:652)
2026-06-03 05:16:51.109 | info     |           Metal | Device kernel duration perf histogram (device=0): (buckets=10, bucket_size=100ns, range=[48115900..48116900), underflow(<48115900ns)=0, overflow(>=48116900ns)=0) (profiler_analysis.cpp:695)
2026-06-03 05:16:51.109 | info     |           Metal |   [    48115900 ..     48116000) |########################################|        1 (profiler_analysis.cpp:700)
2026-06-03 05:16:51.109 | info     |           Metal |   [    48116000 ..     48116100) |                                        |        0 (profiler_analysis.cpp:700)
2026-06-03 05:16:51.109 | info     |           Metal |   [    48116100 ..     48116200) |                                        |        0 (profiler_analysis.cpp:700)
2026-06-03 05:16:51.109 | info     |           Metal |   [    48116200 ..     48116300) |                                        |        0 (profiler_analysis.cpp:700)
2026-06-03 05:16:51.109 | info     |           Metal |   [    48116300 ..     48116400) |                                        |        0 (profiler_analysis.cpp:700)
2026-06-03 05:16:51.109 | info     |           Metal |   [    48116400 ..     48116500) |                                        |        0 (profiler_analysis.cpp:700)
2026-06-03 05:16:51.109 | info     |           Metal |   [    48116500 ..     48116600) |                                        |        0 (profiler_analysis.cpp:700)
2026-06-03 05:16:51.109 | info     |           Metal |   [    48116600 ..     48116700) |                                        |        0 (profiler_analysis.cpp:700)
2026-06-03 05:16:51.109 | info     |           Metal |   [    48116700 ..     48116800) |                                        |        0 (profiler_analysis.cpp:700)
2026-06-03 05:16:51.109 | info     |           Metal |   [    48116800 ..     48116900) |                                        |        0 (profiler_analysis.cpp:700)
[run]   view=chal_quarter 73.7ms
[SORT] stage=RP P=638458 P_kept=638458 num_tiles=1024 max_tile_n=3360 bin=11.44 up=0.02 kernel=0.02 d2h=0.00 compact=0.00 publish=0.02 total=11.56ms
2026-06-03 05:16:51.200 | info     |           Metal | Device kernel duration perf summary (device=0): count=1, min=64341011ns, avg=64341011.0ns, max=64341011ns (profiler_analysis.cpp:652)
2026-06-03 05:16:51.200 | info     |           Metal | Device kernel duration perf histogram (device=0): (buckets=10, bucket_size=100ns, range=[64341000..64342000), underflow(<64341000ns)=0, overflow(>=64342000ns)=0) (profiler_analysis.cpp:695)
2026-06-03 05:16:51.200 | info     |           Metal |   [    64341000 ..     64341100) |########################################|        1 (profiler_analysis.cpp:700)
2026-06-03 05:16:51.200 | info     |           Metal |   [    64341100 ..     64341200) |                                        |        0 (profiler_analysis.cpp:700)
2026-06-03 05:16:51.200 | info     |           Metal |   [    64341200 ..     64341300) |                                        |        0 (profiler_analysis.cpp:700)
2026-06-03 05:16:51.200 | info     |           Metal |   [    64341300 ..     64341400) |                                        |        0 (profiler_analysis.cpp:700)
2026-06-03 05:16:51.200 | info     |           Metal |   [    64341400 ..     64341500) |                                        |        0 (profiler_analysis.cpp:700)
2026-06-03 05:16:51.200 | info     |           Metal |   [    64341500 ..     64341600) |                                        |        0 (profiler_analysis.cpp:700)
2026-06-03 05:16:51.200 | info     |           Metal |   [    64341600 ..     64341700) |                                        |        0 (profiler_analysis.cpp:700)
2026-06-03 05:16:51.200 | info     |           Metal |   [    64341700 ..     64341800) |                                        |        0 (profiler_analysis.cpp:700)
2026-06-03 05:16:51.200 | info     |           Metal |   [    64341800 ..     64341900) |                                        |        0 (profiler_analysis.cpp:700)
2026-06-03 05:16:51.200 | info     |           Metal |   [    64341900 ..     64342000) |                                        |        0 (profiler_analysis.cpp:700)
[run]   view=orbit_261 90.3ms
[SORT] stage=RP P=486800 P_kept=486800 num_tiles=1024 max_tile_n=3952 bin=8.49 up=0.02 kernel=0.02 d2h=0.00 compact=0.00 publish=0.02 total=8.62ms
2026-06-03 05:16:51.283 | info     |           Metal | Device kernel duration perf summary (device=0): count=1, min=55341012ns, avg=55341012.0ns, max=55341012ns (profiler_analysis.cpp:652)
2026-06-03 05:16:51.283 | info     |           Metal | Device kernel duration perf histogram (device=0): (buckets=10, bucket_size=100ns, range=[55341000..55342000), underflow(<55341000ns)=0, overflow(>=55342000ns)=0) (profiler_analysis.cpp:695)
2026-06-03 05:16:51.283 | info     |           Metal |   [    55341000 ..     55341100) |########################################|        1 (profiler_analysis.cpp:700)
2026-06-03 05:16:51.283 | info     |           Metal |   [    55341100 ..     55341200) |                                        |        0 (profiler_analysis.cpp:700)
2026-06-03 05:16:51.283 | info     |           Metal |   [    55341200 ..     55341300) |                                        |        0 (profiler_analysis.cpp:700)
2026-06-03 05:16:51.283 | info     |           Metal |   [    55341300 ..     55341400) |                                        |        0 (profiler_analysis.cpp:700)
2026-06-03 05:16:51.283 | info     |           Metal |   [    55341400 ..     55341500) |                                        |        0 (profiler_analysis.cpp:700)
2026-06-03 05:16:51.283 | info     |           Metal |   [    55341500 ..     55341600) |                                        |        0 (profiler_analysis.cpp:700)
2026-06-03 05:16:51.283 | info     |           Metal |   [    55341600 ..     55341700) |                                        |        0 (profiler_analysis.cpp:700)
2026-06-03 05:16:51.283 | info     |           Metal |   [    55341700 ..     55341800) |                                        |        0 (profiler_analysis.cpp:700)
2026-06-03 05:16:51.283 | info     |           Metal |   [    55341800 ..     55341900) |                                        |        0 (profiler_analysis.cpp:700)
2026-06-03 05:16:51.283 | info     |           Metal |   [    55341900 ..     55342000) |                                        |        0 (profiler_analysis.cpp:700)
[run]   view=adj_4 81.6ms
[SORT] stage=RP P=602411 P_kept=602411 num_tiles=1024 max_tile_n=4432 bin=9.76 up=0.02 kernel=0.02 d2h=0.00 compact=0.00 publish=0.02 total=9.89ms
2026-06-03 05:16:51.372 | info     |           Metal | Device kernel duration perf summary (device=0): count=1, min=61714732ns, avg=61714732.0ns, max=61714732ns (profiler_analysis.cpp:652)
2026-06-03 05:16:51.372 | info     |           Metal | Device kernel duration perf histogram (device=0): (buckets=10, bucket_size=100ns, range=[61714700..61715700), underflow(<61714700ns)=0, overflow(>=61715700ns)=0) (profiler_analysis.cpp:695)
2026-06-03 05:16:51.372 | info     |           Metal |   [    61714700 ..     61714800) |########################################|        1 (profiler_analysis.cpp:700)
2026-06-03 05:16:51.372 | info     |           Metal |   [    61714800 ..     61714900) |                                        |        0 (profiler_analysis.cpp:700)
2026-06-03 05:16:51.372 | info     |           Metal |   [    61714900 ..     61715000) |                                        |        0 (profiler_analysis.cpp:700)
2026-06-03 05:16:51.372 | info     |           Metal |   [    61715000 ..     61715100) |                                        |        0 (profiler_analysis.cpp:700)
2026-06-03 05:16:51.372 | info     |           Metal |   [    61715100 ..     61715200) |                                        |        0 (profiler_analysis.cpp:700)
2026-06-03 05:16:51.372 | info     |           Metal |   [    61715200 ..     61715300) |                                        |        0 (profiler_analysis.cpp:700)
2026-06-03 05:16:51.372 | info     |           Metal |   [    61715300 ..     61715400) |                                        |        0 (profiler_analysis.cpp:700)
2026-06-03 05:16:51.372 | info     |           Metal |   [    61715400 ..     61715500) |                                        |        0 (profiler_analysis.cpp:700)
2026-06-03 05:16:51.372 | info     |           Metal |   [    61715500 ..     61715600) |                                        |        0 (profiler_analysis.cpp:700)
2026-06-03 05:16:51.372 | info     |           Metal |   [    61715600 ..     61715700) |                                        |        0 (profiler_analysis.cpp:700)
[run]   view=adj_3 87.8ms
[SORT] stage=RP P=629297 P_kept=629297 num_tiles=1024 max_tile_n=4928 bin=11.45 up=0.02 kernel=0.02 d2h=0.00 compact=0.00 publish=0.02 total=11.57ms
2026-06-03 05:16:51.463 | info     |           Metal | Device kernel duration perf summary (device=0): count=1, min=64275096ns, avg=64275096.0ns, max=64275096ns (profiler_analysis.cpp:652)
2026-06-03 05:16:51.463 | info     |           Metal | Device kernel duration perf histogram (device=0): (buckets=10, bucket_size=100ns, range=[64275000..64276000), underflow(<64275000ns)=0, overflow(>=64276000ns)=0) (profiler_analysis.cpp:695)
2026-06-03 05:16:51.463 | info     |           Metal |   [    64275000 ..     64275100) |########################################|        1 (profiler_analysis.cpp:700)
2026-06-03 05:16:51.463 | info     |           Metal |   [    64275100 ..     64275200) |                                        |        0 (profiler_analysis.cpp:700)
2026-06-03 05:16:51.463 | info     |           Metal |   [    64275200 ..     64275300) |                                        |        0 (profiler_analysis.cpp:700)
2026-06-03 05:16:51.463 | info     |           Metal |   [    64275300 ..     64275400) |                                        |        0 (profiler_analysis.cpp:700)
2026-06-03 05:16:51.463 | info     |           Metal |   [    64275400 ..     64275500) |                                        |        0 (profiler_analysis.cpp:700)
2026-06-03 05:16:51.463 | info     |           Metal |   [    64275500 ..     64275600) |                                        |        0 (profiler_analysis.cpp:700)
2026-06-03 05:16:51.463 | info     |           Metal |   [    64275600 ..     64275700) |                                        |        0 (profiler_analysis.cpp:700)
2026-06-03 05:16:51.463 | info     |           Metal |   [    64275700 ..     64275800) |                                        |        0 (profiler_analysis.cpp:700)
2026-06-03 05:16:51.463 | info     |           Metal |   [    64275800 ..     64275900) |                                        |        0 (profiler_analysis.cpp:700)
2026-06-03 05:16:51.463 | info     |           Metal |   [    64275900 ..     64276000) |                                        |        0 (profiler_analysis.cpp:700)
[run]   view=orbit_231 90.3ms
[SORT] stage=RP P=574474 P_kept=574474 num_tiles=1024 max_tile_n=4784 bin=9.48 up=0.02 kernel=0.02 d2h=0.00 compact=0.00 publish=0.02 total=9.61ms
2026-06-03 05:16:51.550 | info     |           Metal | Device kernel duration perf summary (device=0): count=1, min=60275967ns, avg=60275967.0ns, max=60275967ns (profiler_analysis.cpp:652)
2026-06-03 05:16:51.550 | info     |           Metal | Device kernel duration perf histogram (device=0): (buckets=10, bucket_size=100ns, range=[60275900..60276900), underflow(<60275900ns)=0, overflow(>=60276900ns)=0) (profiler_analysis.cpp:695)
2026-06-03 05:16:51.550 | info     |           Metal |   [    60275900 ..     60276000) |########################################|        1 (profiler_analysis.cpp:700)
2026-06-03 05:16:51.550 | info     |           Metal |   [    60276000 ..     60276100) |                                        |        0 (profiler_analysis.cpp:700)
2026-06-03 05:16:51.550 | info     |           Metal |   [    60276100 ..     60276200) |                                        |        0 (profiler_analysis.cpp:700)
2026-06-03 05:16:51.550 | info     |           Metal |   [    60276200 ..     60276300) |                                        |        0 (profiler_analysis.cpp:700)
2026-06-03 05:16:51.550 | info     |           Metal |   [    60276300 ..     60276400) |                                        |        0 (profiler_analysis.cpp:700)
2026-06-03 05:16:51.550 | info     |           Metal |   [    60276400 ..     60276500) |                                        |        0 (profiler_analysis.cpp:700)
2026-06-03 05:16:51.550 | info     |           Metal |   [    60276500 ..     60276600) |                                        |        0 (profiler_analysis.cpp:700)
2026-06-03 05:16:51.550 | info     |           Metal |   [    60276600 ..     60276700) |                                        |        0 (profiler_analysis.cpp:700)
2026-06-03 05:16:51.550 | info     |           Metal |   [    60276700 ..     60276800) |                                        |        0 (profiler_analysis.cpp:700)
2026-06-03 05:16:51.550 | info     |           Metal |   [    60276800 ..     60276900) |                                        |        0 (profiler_analysis.cpp:700)
[run]   view=adj_1 86.4ms
[SORT] stage=RP P=508814 P_kept=508814 num_tiles=1024 max_tile_n=4560 bin=10.16 up=0.02 kernel=0.02 d2h=0.00 compact=0.00 publish=0.02 total=10.28ms
2026-06-03 05:16:51.635 | info     |           Metal | Device kernel duration perf summary (device=0): count=1, min=58299836ns, avg=58299836.0ns, max=58299836ns (profiler_analysis.cpp:652)
2026-06-03 05:16:51.635 | info     |           Metal | Device kernel duration perf histogram (device=0): (buckets=10, bucket_size=100ns, range=[58299800..58300800), underflow(<58299800ns)=0, overflow(>=58300800ns)=0) (profiler_analysis.cpp:695)
2026-06-03 05:16:51.635 | info     |           Metal |   [    58299800 ..     58299900) |########################################|        1 (profiler_analysis.cpp:700)
2026-06-03 05:16:51.635 | info     |           Metal |   [    58299900 ..     58300000) |                                        |        0 (profiler_analysis.cpp:700)
2026-06-03 05:16:51.635 | info     |           Metal |   [    58300000 ..     58300100) |                                        |        0 (profiler_analysis.cpp:700)
2026-06-03 05:16:51.635 | info     |           Metal |   [    58300100 ..     58300200) |                                        |        0 (profiler_analysis.cpp:700)
2026-06-03 05:16:51.635 | info     |           Metal |   [    58300200 ..     58300300) |                                        |        0 (profiler_analysis.cpp:700)
2026-06-03 05:16:51.635 | info     |           Metal |   [    58300300 ..     58300400) |                                        |        0 (profiler_analysis.cpp:700)
2026-06-03 05:16:51.635 | info     |           Metal |   [    58300400 ..     58300500) |                                        |        0 (profiler_analysis.cpp:700)
2026-06-03 05:16:51.635 | info     |           Metal |   [    58300500 ..     58300600) |                                        |        0 (profiler_analysis.cpp:700)
2026-06-03 05:16:51.635 | info     |           Metal |   [    58300600 ..     58300700) |                                        |        0 (profiler_analysis.cpp:700)
2026-06-03 05:16:51.635 | info     |           Metal |   [    58300700 ..     58300800) |                                        |        0 (profiler_analysis.cpp:700)
[run]   view=adj_5 83.6ms
[SORT] stage=RP P=414994 P_kept=414994 num_tiles=1024 max_tile_n=3520 bin=7.73 up=0.02 kernel=0.02 d2h=0.00 compact=0.00 publish=0.02 total=7.86ms
2026-06-03 05:16:51.713 | info     |           Metal | Device kernel duration perf summary (device=0): count=1, min=51496976ns, avg=51496976.0ns, max=51496976ns (profiler_analysis.cpp:652)
2026-06-03 05:16:51.713 | info     |           Metal | Device kernel duration perf histogram (device=0): (buckets=10, bucket_size=100ns, range=[51496900..51497900), underflow(<51496900ns)=0, overflow(>=51497900ns)=0) (profiler_analysis.cpp:695)
2026-06-03 05:16:51.713 | info     |           Metal |   [    51496900 ..     51497000) |########################################|        1 (profiler_analysis.cpp:700)
2026-06-03 05:16:51.713 | info     |           Metal |   [    51497000 ..     51497100) |                                        |        0 (profiler_analysis.cpp:700)
2026-06-03 05:16:51.713 | info     |           Metal |   [    51497100 ..     51497200) |                                        |        0 (profiler_analysis.cpp:700)
2026-06-03 05:16:51.713 | info     |           Metal |   [    51497200 ..     51497300) |                                        |        0 (profiler_analysis.cpp:700)
2026-06-03 05:16:51.713 | info     |           Metal |   [    51497300 ..     51497400) |                                        |        0 (profiler_analysis.cpp:700)
2026-06-03 05:16:51.713 | info     |           Metal |   [    51497400 ..     51497500) |                                        |        0 (profiler_analysis.cpp:700)
2026-06-03 05:16:51.713 | info     |           Metal |   [    51497500 ..     51497600) |                                        |        0 (profiler_analysis.cpp:700)
2026-06-03 05:16:51.713 | info     |           Metal |   [    51497600 ..     51497700) |                                        |        0 (profiler_analysis.cpp:700)
2026-06-03 05:16:51.713 | info     |           Metal |   [    51497700 ..     51497800) |                                        |        0 (profiler_analysis.cpp:700)
2026-06-03 05:16:51.713 | info     |           Metal |   [    51497800 ..     51497900) |                                        |        0 (profiler_analysis.cpp:700)
[run]   view=elev_p10 77.3ms
[SORT] stage=RP P=245802 P_kept=245802 num_tiles=1024 max_tile_n=2704 bin=7.30 up=0.02 kernel=0.02 d2h=0.00 compact=0.00 publish=0.02 total=7.42ms
2026-06-03 05:16:51.783 | info     |           Metal | Device kernel duration perf summary (device=0): count=1, min=43072319ns, avg=43072319.0ns, max=43072319ns (profiler_analysis.cpp:652)
2026-06-03 05:16:51.783 | info     |           Metal | Device kernel duration perf histogram (device=0): (buckets=10, bucket_size=100ns, range=[43072300..43073300), underflow(<43072300ns)=0, overflow(>=43073300ns)=0) (profiler_analysis.cpp:695)
2026-06-03 05:16:51.783 | info     |           Metal |   [    43072300 ..     43072400) |########################################|        1 (profiler_analysis.cpp:700)
2026-06-03 05:16:51.783 | info     |           Metal |   [    43072400 ..     43072500) |                                        |        0 (profiler_analysis.cpp:700)
2026-06-03 05:16:51.783 | info     |           Metal |   [    43072500 ..     43072600) |                                        |        0 (profiler_analysis.cpp:700)
2026-06-03 05:16:51.783 | info     |           Metal |   [    43072600 ..     43072700) |                                        |        0 (profiler_analysis.cpp:700)
2026-06-03 05:16:51.783 | info     |           Metal |   [    43072700 ..     43072800) |                                        |        0 (profiler_analysis.cpp:700)
2026-06-03 05:16:51.783 | info     |           Metal |   [    43072800 ..     43072900) |                                        |        0 (profiler_analysis.cpp:700)
2026-06-03 05:16:51.783 | info     |           Metal |   [    43072900 ..     43073000) |                                        |        0 (profiler_analysis.cpp:700)
2026-06-03 05:16:51.783 | info     |           Metal |   [    43073000 ..     43073100) |                                        |        0 (profiler_analysis.cpp:700)
2026-06-03 05:16:51.783 | info     |           Metal |   [    43073100 ..     43073200) |                                        |        0 (profiler_analysis.cpp:700)
2026-06-03 05:16:51.783 | info     |           Metal |   [    43073200 ..     43073300) |                                        |        0 (profiler_analysis.cpp:700)
[run]   view=elev_p20 68.6ms
[SORT] stage=RP P=162380 P_kept=162380 num_tiles=1024 max_tile_n=1744 bin=5.31 up=0.02 kernel=0.02 d2h=0.00 compact=0.00 publish=0.02 total=5.44ms
2026-06-03 05:16:51.842 | info     |           Metal | Device kernel duration perf summary (device=0): count=1, min=33532635ns, avg=33532635.0ns, max=33532635ns (profiler_analysis.cpp:652)
2026-06-03 05:16:51.842 | info     |           Metal | Device kernel duration perf histogram (device=0): (buckets=10, bucket_size=100ns, range=[33532600..33533600), underflow(<33532600ns)=0, overflow(>=33533600ns)=0) (profiler_analysis.cpp:695)
2026-06-03 05:16:51.842 | info     |           Metal |   [    33532600 ..     33532700) |########################################|        1 (profiler_analysis.cpp:700)
2026-06-03 05:16:51.842 | info     |           Metal |   [    33532700 ..     33532800) |                                        |        0 (profiler_analysis.cpp:700)
2026-06-03 05:16:51.842 | info     |           Metal |   [    33532800 ..     33532900) |                                        |        0 (profiler_analysis.cpp:700)
2026-06-03 05:16:51.842 | info     |           Metal |   [    33532900 ..     33533000) |                                        |        0 (profiler_analysis.cpp:700)
2026-06-03 05:16:51.842 | info     |           Metal |   [    33533000 ..     33533100) |                                        |        0 (profiler_analysis.cpp:700)
2026-06-03 05:16:51.842 | info     |           Metal |   [    33533100 ..     33533200) |                                        |        0 (profiler_analysis.cpp:700)
2026-06-03 05:16:51.842 | info     |           Metal |   [    33533200 ..     33533300) |                                        |        0 (profiler_analysis.cpp:700)
2026-06-03 05:16:51.842 | info     |           Metal |   [    33533300 ..     33533400) |                                        |        0 (profiler_analysis.cpp:700)
2026-06-03 05:16:51.842 | info     |           Metal |   [    33533400 ..     33533500) |                                        |        0 (profiler_analysis.cpp:700)
2026-06-03 05:16:51.842 | info     |           Metal |   [    33533500 ..     33533600) |                                        |        0 (profiler_analysis.cpp:700)
[run]   view=elev_p30 59.2ms
[SORT] stage=RP P=588050 P_kept=588050 num_tiles=1024 max_tile_n=4864 bin=11.04 up=0.02 kernel=0.02 d2h=0.00 compact=0.00 publish=0.02 total=11.17ms
2026-06-03 05:16:51.931 | info     |           Metal | Device kernel duration perf summary (device=0): count=1, min=61775839ns, avg=61775839.0ns, max=61775839ns (profiler_analysis.cpp:652)
2026-06-03 05:16:51.931 | info     |           Metal | Device kernel duration perf histogram (device=0): (buckets=10, bucket_size=100ns, range=[61775800..61776800), underflow(<61775800ns)=0, overflow(>=61776800ns)=0) (profiler_analysis.cpp:695)
2026-06-03 05:16:51.931 | info     |           Metal |   [    61775800 ..     61775900) |########################################|        1 (profiler_analysis.cpp:700)
2026-06-03 05:16:51.931 | info     |           Metal |   [    61775900 ..     61776000) |                                        |        0 (profiler_analysis.cpp:700)
2026-06-03 05:16:51.931 | info     |           Metal |   [    61776000 ..     61776100) |                                        |        0 (profiler_analysis.cpp:700)
2026-06-03 05:16:51.931 | info     |           Metal |   [    61776100 ..     61776200) |                                        |        0 (profiler_analysis.cpp:700)
2026-06-03 05:16:51.931 | info     |           Metal |   [    61776200 ..     61776300) |                                        |        0 (profiler_analysis.cpp:700)
2026-06-03 05:16:51.931 | info     |           Metal |   [    61776300 ..     61776400) |                                        |        0 (profiler_analysis.cpp:700)
2026-06-03 05:16:51.931 | info     |           Metal |   [    61776400 ..     61776500) |                                        |        0 (profiler_analysis.cpp:700)
2026-06-03 05:16:51.931 | info     |           Metal |   [    61776500 ..     61776600) |                                        |        0 (profiler_analysis.cpp:700)
2026-06-03 05:16:51.931 | info     |           Metal |   [    61776600 ..     61776700) |                                        |        0 (profiler_analysis.cpp:700)
2026-06-03 05:16:51.931 | info     |           Metal |   [    61776700 ..     61776800) |                                        |        0 (profiler_analysis.cpp:700)
[run]   view=chal_close 87.4ms
[SORT] stage=RP P=854460 P_kept=854460 num_tiles=1024 max_tile_n=5152 bin=12.53 up=0.02 kernel=0.02 d2h=0.00 compact=0.00 publish=0.02 total=12.66ms
2026-06-03 05:16:52.034 | info     |           Metal | Device kernel duration perf summary (device=0): count=1, min=76092016ns, avg=76092016.0ns, max=76092016ns (profiler_analysis.cpp:652)
2026-06-03 05:16:52.034 | info     |           Metal | Device kernel duration perf histogram (device=0): (buckets=10, bucket_size=100ns, range=[76092000..76093000), underflow(<76092000ns)=0, overflow(>=76093000ns)=0) (profiler_analysis.cpp:695)
2026-06-03 05:16:52.034 | info     |           Metal |   [    76092000 ..     76092100) |########################################|        1 (profiler_analysis.cpp:700)
2026-06-03 05:16:52.034 | info     |           Metal |   [    76092100 ..     76092200) |                                        |        0 (profiler_analysis.cpp:700)
2026-06-03 05:16:52.034 | info     |           Metal |   [    76092200 ..     76092300) |                                        |        0 (profiler_analysis.cpp:700)
2026-06-03 05:16:52.034 | info     |           Metal |   [    76092300 ..     76092400) |                                        |        0 (profiler_analysis.cpp:700)
2026-06-03 05:16:52.034 | info     |           Metal |   [    76092400 ..     76092500) |                                        |        0 (profiler_analysis.cpp:700)
2026-06-03 05:16:52.034 | info     |           Metal |   [    76092500 ..     76092600) |                                        |        0 (profiler_analysis.cpp:700)
2026-06-03 05:16:52.034 | info     |           Metal |   [    76092600 ..     76092700) |                                        |        0 (profiler_analysis.cpp:700)
2026-06-03 05:16:52.034 | info     |           Metal |   [    76092700 ..     76092800) |                                        |        0 (profiler_analysis.cpp:700)
2026-06-03 05:16:52.034 | info     |           Metal |   [    76092800 ..     76092900) |                                        |        0 (profiler_analysis.cpp:700)
2026-06-03 05:16:52.034 | info     |           Metal |   [    76092900 ..     76093000) |                                        |        0 (profiler_analysis.cpp:700)
[run]   view=elev_n10 101.5ms
[SORT] stage=RP P=840033 P_kept=840033 num_tiles=1024 max_tile_n=4704 bin=13.58 up=0.02 kernel=0.02 d2h=0.00 compact=0.00 publish=0.02 total=13.70ms
2026-06-03 05:16:52.137 | info     |           Metal | Device kernel duration perf summary (device=0): count=1, min=76034571ns, avg=76034571.0ns, max=76034571ns (profiler_analysis.cpp:652)
2026-06-03 05:16:52.137 | info     |           Metal | Device kernel duration perf histogram (device=0): (buckets=10, bucket_size=100ns, range=[76034500..76035500), underflow(<76034500ns)=0, overflow(>=76035500ns)=0) (profiler_analysis.cpp:695)
2026-06-03 05:16:52.137 | info     |           Metal |   [    76034500 ..     76034600) |########################################|        1 (profiler_analysis.cpp:700)
2026-06-03 05:16:52.137 | info     |           Metal |   [    76034600 ..     76034700) |                                        |        0 (profiler_analysis.cpp:700)
2026-06-03 05:16:52.137 | info     |           Metal |   [    76034700 ..     76034800) |                                        |        0 (profiler_analysis.cpp:700)
2026-06-03 05:16:52.137 | info     |           Metal |   [    76034800 ..     76034900) |                                        |        0 (profiler_analysis.cpp:700)
2026-06-03 05:16:52.137 | info     |           Metal |   [    76034900 ..     76035000) |                                        |        0 (profiler_analysis.cpp:700)
2026-06-03 05:16:52.137 | info     |           Metal |   [    76035000 ..     76035100) |                                        |        0 (profiler_analysis.cpp:700)
2026-06-03 05:16:52.137 | info     |           Metal |   [    76035100 ..     76035200) |                                        |        0 (profiler_analysis.cpp:700)
2026-06-03 05:16:52.137 | info     |           Metal |   [    76035200 ..     76035300) |                                        |        0 (profiler_analysis.cpp:700)
2026-06-03 05:16:52.137 | info     |           Metal |   [    76035300 ..     76035400) |                                        |        0 (profiler_analysis.cpp:700)
2026-06-03 05:16:52.137 | info     |           Metal |   [    76035400 ..     76035500) |                                        |        0 (profiler_analysis.cpp:700)
[run]   view=adj_2 102.5ms
[SORT] stage=RP P=1077452 P_kept=1077452 num_tiles=1024 max_tile_n=5408 bin=15.57 up=0.02 kernel=0.02 d2h=0.00 compact=0.00 publish=0.02 total=15.69ms
2026-06-03 05:16:52.253 | info     |           Metal | Device kernel duration perf summary (device=0): count=1, min=90043572ns, avg=90043572.0ns, max=90043572ns (profiler_analysis.cpp:652)
2026-06-03 05:16:52.253 | info     |           Metal | Device kernel duration perf histogram (device=0): (buckets=10, bucket_size=100ns, range=[90043500..90044500), underflow(<90043500ns)=0, overflow(>=90044500ns)=0) (profiler_analysis.cpp:695)
2026-06-03 05:16:52.253 | info     |           Metal |   [    90043500 ..     90043600) |########################################|        1 (profiler_analysis.cpp:700)
2026-06-03 05:16:52.253 | info     |           Metal |   [    90043600 ..     90043700) |                                        |        0 (profiler_analysis.cpp:700)
2026-06-03 05:16:52.253 | info     |           Metal |   [    90043700 ..     90043800) |                                        |        0 (profiler_analysis.cpp:700)
2026-06-03 05:16:52.253 | info     |           Metal |   [    90043800 ..     90043900) |                                        |        0 (profiler_analysis.cpp:700)
2026-06-03 05:16:52.253 | info     |           Metal |   [    90043900 ..     90044000) |                                        |        0 (profiler_analysis.cpp:700)
2026-06-03 05:16:52.253 | info     |           Metal |   [    90044000 ..     90044100) |                                        |        0 (profiler_analysis.cpp:700)
2026-06-03 05:16:52.253 | info     |           Metal |   [    90044100 ..     90044200) |                                        |        0 (profiler_analysis.cpp:700)
2026-06-03 05:16:52.253 | info     |           Metal |   [    90044200 ..     90044300) |                                        |        0 (profiler_analysis.cpp:700)
2026-06-03 05:16:52.253 | info     |           Metal |   [    90044300 ..     90044400) |                                        |        0 (profiler_analysis.cpp:700)
2026-06-03 05:16:52.253 | info     |           Metal |   [    90044400 ..     90044500) |                                        |        0 (profiler_analysis.cpp:700)
[run]   view=elev_n20 114.8ms
[SORT] stage=RP P=1175882 P_kept=1175882 num_tiles=1024 max_tile_n=5312 bin=17.26 up=0.02 kernel=0.02 d2h=0.00 compact=0.00 publish=0.02 total=17.39ms
2026-06-03 05:16:52.377 | info     |           Metal | Device kernel duration perf summary (device=0): count=1, min=96483438ns, avg=96483438.0ns, max=96483438ns (profiler_analysis.cpp:652)
2026-06-03 05:16:52.377 | info     |           Metal | Device kernel duration perf histogram (device=0): (buckets=10, bucket_size=100ns, range=[96483400..96484400), underflow(<96483400ns)=0, overflow(>=96484400ns)=0) (profiler_analysis.cpp:695)
2026-06-03 05:16:52.377 | info     |           Metal |   [    96483400 ..     96483500) |########################################|        1 (profiler_analysis.cpp:700)
2026-06-03 05:16:52.377 | info     |           Metal |   [    96483500 ..     96483600) |                                        |        0 (profiler_analysis.cpp:700)
2026-06-03 05:16:52.377 | info     |           Metal |   [    96483600 ..     96483700) |                                        |        0 (profiler_analysis.cpp:700)
2026-06-03 05:16:52.377 | info     |           Metal |   [    96483700 ..     96483800) |                                        |        0 (profiler_analysis.cpp:700)
2026-06-03 05:16:52.377 | info     |           Metal |   [    96483800 ..     96483900) |                                        |        0 (profiler_analysis.cpp:700)
2026-06-03 05:16:52.377 | info     |           Metal |   [    96483900 ..     96484000) |                                        |        0 (profiler_analysis.cpp:700)
2026-06-03 05:16:52.377 | info     |           Metal |   [    96484000 ..     96484100) |                                        |        0 (profiler_analysis.cpp:700)
2026-06-03 05:16:52.377 | info     |           Metal |   [    96484100 ..     96484200) |                                        |        0 (profiler_analysis.cpp:700)
2026-06-03 05:16:52.377 | info     |           Metal |   [    96484200 ..     96484300) |                                        |        0 (profiler_analysis.cpp:700)
2026-06-03 05:16:52.377 | info     |           Metal |   [    96484300 ..     96484400) |                                        |        0 (profiler_analysis.cpp:700)
[run]   view=elev_n30 122.2ms
[SORT] stage=RP P=662931 P_kept=662931 num_tiles=1024 max_tile_n=5184 bin=10.44 up=0.02 kernel=0.02 d2h=0.00 compact=0.00 publish=0.02 total=10.56ms
2026-06-03 05:16:52.470 | info     |           Metal | Device kernel duration perf summary (device=0): count=1, min=66852812ns, avg=66852812.0ns, max=66852812ns (profiler_analysis.cpp:652)
2026-06-03 05:16:52.470 | info     |           Metal | Device kernel duration perf histogram (device=0): (buckets=10, bucket_size=100ns, range=[66852800..66853800), underflow(<66852800ns)=0, overflow(>=66853800ns)=0) (profiler_analysis.cpp:695)
2026-06-03 05:16:52.470 | info     |           Metal |   [    66852800 ..     66852900) |########################################|        1 (profiler_analysis.cpp:700)
2026-06-03 05:16:52.470 | info     |           Metal |   [    66852900 ..     66853000) |                                        |        0 (profiler_analysis.cpp:700)
2026-06-03 05:16:52.470 | info     |           Metal |   [    66853000 ..     66853100) |                                        |        0 (profiler_analysis.cpp:700)
2026-06-03 05:16:52.470 | info     |           Metal |   [    66853100 ..     66853200) |                                        |        0 (profiler_analysis.cpp:700)
2026-06-03 05:16:52.470 | info     |           Metal |   [    66853200 ..     66853300) |                                        |        0 (profiler_analysis.cpp:700)
2026-06-03 05:16:52.470 | info     |           Metal |   [    66853300 ..     66853400) |                                        |        0 (profiler_analysis.cpp:700)
2026-06-03 05:16:52.470 | info     |           Metal |   [    66853400 ..     66853500) |                                        |        0 (profiler_analysis.cpp:700)
2026-06-03 05:16:52.470 | info     |           Metal |   [    66853500 ..     66853600) |                                        |        0 (profiler_analysis.cpp:700)
2026-06-03 05:16:52.470 | info     |           Metal |   [    66853600 ..     66853700) |                                        |        0 (profiler_analysis.cpp:700)
2026-06-03 05:16:52.470 | info     |           Metal |   [    66853700 ..     66853800) |                                        |        0 (profiler_analysis.cpp:700)
[run]   view=orbit_201 92.3ms
[SORT] stage=RP P=1298085 P_kept=1298085 num_tiles=1024 max_tile_n=18608 bin=17.62 up=0.02 kernel=0.02 d2h=0.00 compact=0.00 publish=0.02 total=17.75ms
2026-06-03 05:16:52.665 | info     |           Metal | Device kernel duration perf summary (device=0): count=1, min=161969716ns, avg=161969716.0ns, max=161969716ns (profiler_analysis.cpp:652)
2026-06-03 05:16:52.665 | info     |           Metal | Device kernel duration perf histogram (device=0): (buckets=10, bucket_size=100ns, range=[161969700..161970700), underflow(<161969700ns)=0, overflow(>=161970700ns)=0) (profiler_analysis.cpp:695)
2026-06-03 05:16:52.665 | info     |           Metal |   [   161969700 ..    161969800) |########################################|        1 (profiler_analysis.cpp:700)
2026-06-03 05:16:52.665 | info     |           Metal |   [   161969800 ..    161969900) |                                        |        0 (profiler_analysis.cpp:700)
2026-06-03 05:16:52.665 | info     |           Metal |   [   161969900 ..    161970000) |                                        |        0 (profiler_analysis.cpp:700)
2026-06-03 05:16:52.665 | info     |           Metal |   [   161970000 ..    161970100) |                                        |        0 (profiler_analysis.cpp:700)
2026-06-03 05:16:52.665 | info     |           Metal |   [   161970100 ..    161970200) |                                        |        0 (profiler_analysis.cpp:700)
2026-06-03 05:16:52.665 | info     |           Metal |   [   161970200 ..    161970300) |                                        |        0 (profiler_analysis.cpp:700)
2026-06-03 05:16:52.665 | info     |           Metal |   [   161970300 ..    161970400) |                                        |        0 (profiler_analysis.cpp:700)
2026-06-03 05:16:52.665 | info     |           Metal |   [   161970400 ..    161970500) |                                        |        0 (profiler_analysis.cpp:700)
2026-06-03 05:16:52.665 | info     |           Metal |   [   161970500 ..    161970600) |                                        |        0 (profiler_analysis.cpp:700)
2026-06-03 05:16:52.665 | info     |           Metal |   [   161970600 ..    161970700) |                                        |        0 (profiler_analysis.cpp:700)
[run]   view=orbit_171 186.6ms
[SORT] stage=RP P=262468 P_kept=262468 num_tiles=1024 max_tile_n=4464 bin=7.38 up=0.02 kernel=0.02 d2h=0.00 compact=0.00 publish=0.02 total=7.49ms
2026-06-03 05:16:52.745 | info     |           Metal | Device kernel duration perf summary (device=0): count=1, min=54186864ns, avg=54186864.0ns, max=54186864ns (profiler_analysis.cpp:652)
2026-06-03 05:16:52.745 | info     |           Metal | Device kernel duration perf histogram (device=0): (buckets=10, bucket_size=100ns, range=[54186800..54187800), underflow(<54186800ns)=0, overflow(>=54187800ns)=0) (profiler_analysis.cpp:695)
2026-06-03 05:16:52.745 | info     |           Metal |   [    54186800 ..     54186900) |########################################|        1 (profiler_analysis.cpp:700)
2026-06-03 05:16:52.745 | info     |           Metal |   [    54186900 ..     54187000) |                                        |        0 (profiler_analysis.cpp:700)
2026-06-03 05:16:52.745 | info     |           Metal |   [    54187000 ..     54187100) |                                        |        0 (profiler_analysis.cpp:700)
2026-06-03 05:16:52.745 | info     |           Metal |   [    54187100 ..     54187200) |                                        |        0 (profiler_analysis.cpp:700)
2026-06-03 05:16:52.745 | info     |           Metal |   [    54187200 ..     54187300) |                                        |        0 (profiler_analysis.cpp:700)
2026-06-03 05:16:52.745 | info     |           Metal |   [    54187300 ..     54187400) |                                        |        0 (profiler_analysis.cpp:700)
2026-06-03 05:16:52.745 | info     |           Metal |   [    54187400 ..     54187500) |                                        |        0 (profiler_analysis.cpp:700)
2026-06-03 05:16:52.745 | info     |           Metal |   [    54187500 ..     54187600) |                                        |        0 (profiler_analysis.cpp:700)
2026-06-03 05:16:52.745 | info     |           Metal |   [    54187600 ..     54187700) |                                        |        0 (profiler_analysis.cpp:700)
2026-06-03 05:16:52.745 | info     |           Metal |   [    54187700 ..     54187800) |                                        |        0 (profiler_analysis.cpp:700)
[run]   view=chal_bottom 80.6ms
[SORT] stage=RP P=107247 P_kept=107247 num_tiles=1024 max_tile_n=1664 bin=5.97 up=0.02 kernel=0.02 d2h=0.00 compact=0.00 publish=0.02 total=6.08ms
2026-06-03 05:16:52.801 | info     |           Metal | Device kernel duration perf summary (device=0): count=1, min=28547422ns, avg=28547422.0ns, max=28547422ns (profiler_analysis.cpp:652)
2026-06-03 05:16:52.801 | info     |           Metal | Device kernel duration perf histogram (device=0): (buckets=10, bucket_size=100ns, range=[28547400..28548400), underflow(<28547400ns)=0, overflow(>=28548400ns)=0) (profiler_analysis.cpp:695)
2026-06-03 05:16:52.801 | info     |           Metal |   [    28547400 ..     28547500) |########################################|        1 (profiler_analysis.cpp:700)
2026-06-03 05:16:52.801 | info     |           Metal |   [    28547500 ..     28547600) |                                        |        0 (profiler_analysis.cpp:700)
2026-06-03 05:16:52.801 | info     |           Metal |   [    28547600 ..     28547700) |                                        |        0 (profiler_analysis.cpp:700)
2026-06-03 05:16:52.801 | info     |           Metal |   [    28547700 ..     28547800) |                                        |        0 (profiler_analysis.cpp:700)
2026-06-03 05:16:52.801 | info     |           Metal |   [    28547800 ..     28547900) |                                        |        0 (profiler_analysis.cpp:700)
2026-06-03 05:16:52.801 | info     |           Metal |   [    28547900 ..     28548000) |                                        |        0 (profiler_analysis.cpp:700)
2026-06-03 05:16:52.801 | info     |           Metal |   [    28548000 ..     28548100) |                                        |        0 (profiler_analysis.cpp:700)
2026-06-03 05:16:52.801 | info     |           Metal |   [    28548100 ..     28548200) |                                        |        0 (profiler_analysis.cpp:700)
2026-06-03 05:16:52.801 | info     |           Metal |   [    28548200 ..     28548300) |                                        |        0 (profiler_analysis.cpp:700)
2026-06-03 05:16:52.801 | info     |           Metal |   [    28548300 ..     28548400) |                                        |        0 (profiler_analysis.cpp:700)
[run]   view=chal_top 54.0ms
[SORT] stage=RP P=742945 P_kept=742945 num_tiles=1024 max_tile_n=4720 bin=12.55 up=0.02 kernel=0.02 d2h=0.00 compact=0.00 publish=0.02 total=12.66ms
2026-06-03 05:16:52.901 | info     |           Metal | Device kernel duration perf summary (device=0): count=1, min=72243619ns, avg=72243619.0ns, max=72243619ns (profiler_analysis.cpp:652)
2026-06-03 05:16:52.901 | info     |           Metal | Device kernel duration perf histogram (device=0): (buckets=10, bucket_size=100ns, range=[72243600..72244600), underflow(<72243600ns)=0, overflow(>=72244600ns)=0) (profiler_analysis.cpp:695)
2026-06-03 05:16:52.901 | info     |           Metal |   [    72243600 ..     72243700) |########################################|        1 (profiler_analysis.cpp:700)
2026-06-03 05:16:52.901 | info     |           Metal |   [    72243700 ..     72243800) |                                        |        0 (profiler_analysis.cpp:700)
2026-06-03 05:16:52.901 | info     |           Metal |   [    72243800 ..     72243900) |                                        |        0 (profiler_analysis.cpp:700)
2026-06-03 05:16:52.901 | info     |           Metal |   [    72243900 ..     72244000) |                                        |        0 (profiler_analysis.cpp:700)
2026-06-03 05:16:52.901 | info     |           Metal |   [    72244000 ..     72244100) |                                        |        0 (profiler_analysis.cpp:700)
2026-06-03 05:16:52.901 | info     |           Metal |   [    72244100 ..     72244200) |                                        |        0 (profiler_analysis.cpp:700)
2026-06-03 05:16:52.901 | info     |           Metal |   [    72244200 ..     72244300) |                                        |        0 (profiler_analysis.cpp:700)
2026-06-03 05:16:52.901 | info     |           Metal |   [    72244300 ..     72244400) |                                        |        0 (profiler_analysis.cpp:700)
2026-06-03 05:16:52.901 | info     |           Metal |   [    72244400 ..     72244500) |                                        |        0 (profiler_analysis.cpp:700)
2026-06-03 05:16:52.901 | info     |           Metal |   [    72244500 ..     72244600) |                                        |        0 (profiler_analysis.cpp:700)
[run]   view=chal_far 98.5ms
SUMMARY scene=bicycle hero='hero' hero_vs_ref=nandB avg_frame_ms=119.8 p50_ms=97.4 min_ms=54.0 max_ms=313.0 n_views=30 warmup_s=2.4 out=/localdev/smarton/gstt2/tmp/rc-tracy
[render-clean-inner] run.py rc=0

Queue delay: 13 ns
Timer resolution: 0 ns

Frames: 2
Time span: 7.02 s
Zones: 1,143,448
Elapsed time: 6.3 s
Saving trace... done!
Trace size 13.02 MB (26.69% ratio)
2026-06-03 05:16:54.029 | INFO     | tracy:generate_report:154 - Host side ops time report generated at /localdev/smarton/gstt2/opt/profiler/wrap_out_render-clean/.logs/tracy_ops_times.csv
2026-06-03 05:16:54.052 | INFO     | tracy:generate_report:165 - Host side ops data report generated at /localdev/smarton/gstt2/opt/profiler/wrap_out_render-clean/.logs/tracy_ops_data.csv
2026-06-03 05:16:54.052 | INFO     | tracy.process_ops_logs:import_tracy_op_logs:255 - Importing ops logs
/localdev/smarton/tt-metal/tools/tracy/process_ops_logs.py:360: DtypeWarning: Columns (3) have mixed types. Specify dtype option on import or set low_memory=False.
  df = pd.read_csv(tracyOpTimesLog)
2026-06-03 05:16:55.546 | INFO     | tracy.process_ops_logs:get_device_data_generate_report:1014 - Copying runtime artifacts
2026-06-03 05:16:55.622 | INFO     | tracy.process_ops_logs:get_device_data_generate_report:1020 - Getting device only ops data
2026-06-03 05:16:58.667 | INFO     | tracy.process_device_log:core_to_device_timeseries:416 - Importing Data For Device Number : 0
2026-06-03 05:17:03.683 | INFO     | tracy.process_ops_logs:get_device_data_generate_report:1032 - Generating device op report ...
2026-06-03 05:17:03.748 | INFO     | tracy.process_ops_logs:get_device_data_generate_report:1210 - Device only OPs csv generated at: /localdev/smarton/gstt2/opt/profiler/wrap_out_render-clean/reports/2026_06_03_05_16_55/ops_perf_results_2026_06_03_05_16_55.csv
2026-06-03 05:17:03.756 | INFO     | tracy.process_ops_logs:get_device_data_generate_report:1219 - Device only per core op to op times csv generated at: /localdev/smarton/gstt2/opt/profiler/wrap_out_render-clean/reports/2026_06_03_05_16_55/per_core_op_to_op_times_2026_06_03_05_16_55.csv
[capture_clean] wrapper exited rc=0
[capture_clean] OK tracy: -rw-rw-r-- 1 smarton smarton 13651900 Jun  3 05:17 /localdev/smarton/gstt2/opt/profiler/render-clean/render.tracy
[capture_clean] device profiler CSV data rows: 854423 (1-view baseline ~65600; ~30x => full 30-view)
[capture_clean] per-zone-hash device marker counts (each zone repeats ~30x across views):
 187764 56852
  95604 13133
  81902 32535
  81902 16443
  81840 49375
  81840 17277
  62588 31605
  40982 12391
  20460 44306
  20460 40299
  20460 23657
  20460 22745
   6820 8060
   6820 58209
   6820 53772
   6820 41521
   6820 37203
   6820 27904
   6820 25184
   6820 18954
   2700 10736
    900 22609
      1  timer_id
[capture_clean] DONE rc=0 tracy=/localdev/smarton/gstt2/opt/profiler/render-clean/render.tracy
