================ BUILD ID ================
  cpp : #126 sha=b703f70 bin=2c241eb3d360fde2 M1: fix namespace qualification in sort_device.cpp
  data: #1 sha=b703f70 sync tracy-041 capture script
=========================================
host=yyzo-bh-03  tag=run  timeout=1200s  worry=600s  ts=2026-06-02T13:13:08-0700
cmd: grep -n "TensorAccessorArgs\|l1_recs_args\|l1_base\|tile_recs_args\|bucket_meta_args\|blendrec_args" /localdev/smarton/gstt2/src/gsplat_tt/kernels/dataflow/reader_alpha_blend_mb_devcull.cpp | head -20
-----------------------------------------
BUILD-ID VERIFY OK: cpp#126 bin=2c241eb3d360fde2 matches the built+stamped artifact
37:// COMPILE-TIME ARGS: 6 TensorAccessorArgs: attrs, ids, ids_off, xramp, yramp,
398:    constexpr auto a_args        = TensorAccessorArgs<0>();
399:    constexpr auto b_args        = TensorAccessorArgs<a_args.next_compile_time_args_offset()>();
400:    constexpr auto c_args        = TensorAccessorArgs<b_args.next_compile_time_args_offset()>();
401:    constexpr auto px_args       = TensorAccessorArgs<c_args.next_compile_time_args_offset()>();
402:    constexpr auto py_args       = TensorAccessorArgs<px_args.next_compile_time_args_offset()>();
403:    constexpr auto op_args       = TensorAccessorArgs<py_args.next_compile_time_args_offset()>();
404:    constexpr auto col_args      = TensorAccessorArgs<op_args.next_compile_time_args_offset()>();
405:    constexpr auto ids_args      = TensorAccessorArgs<col_args.next_compile_time_args_offset()>();
406:    constexpr auto ranges_args   = TensorAccessorArgs<ids_args.next_compile_time_args_offset()>();
407:    constexpr auto xramp_args    = TensorAccessorArgs<ranges_args.next_compile_time_args_offset()>();
408:    constexpr auto yramp_args    = TensorAccessorArgs<xramp_args.next_compile_time_args_offset()>();
409:    constexpr auto tile_ids_args = TensorAccessorArgs<yramp_args.next_compile_time_args_offset()>();
410:    constexpr auto lpt_meta_args  = TensorAccessorArgs<tile_ids_args.next_compile_time_args_offset()>();
412:    constexpr auto cull_masks_args = TensorAccessorArgs<lpt_meta_args.next_compile_time_args_offset()>();
413:    constexpr auto cull_base_args  = TensorAccessorArgs<cull_masks_args.next_compile_time_args_offset()>();
415:    constexpr auto blendrec_args   = TensorAccessorArgs<cull_base_args.next_compile_time_args_offset()>();
417:    constexpr auto tile_recs_args  = TensorAccessorArgs<blendrec_args.next_compile_time_args_offset()>();
418:    constexpr auto bucket_meta_args= TensorAccessorArgs<tile_recs_args.next_compile_time_args_offset()>();
420:    constexpr auto l1_recs_args    = TensorAccessorArgs<bucket_meta_args.next_compile_time_args_offset()>();
