================ BUILD ID ================
  cpp : #126 sha=b703f70 bin=2c241eb3d360fde2 M1: fix namespace qualification in sort_device.cpp
  data: #1 sha=b703f70 sync tracy-041 capture script
=========================================
host=yyzo-bh-03  tag=run  timeout=1200s  worry=600s  ts=2026-06-02T13:09:25-0700
cmd: wc -l /localdev/smarton/gstt2/src/gsplat_tt/kernels/dataflow/sort_bin.cpp && sed -n "300,420p" /localdev/smarton/gstt2/src/gsplat_tt/kernels/dataflow/sort_bin.cpp
-----------------------------------------
BUILD-ID VERIFY OK: cpp#126 bin=2c241eb3d360fde2 matches the built+stamped artifact
468 /localdev/smarton/gstt2/src/gsplat_tt/kernels/dataflow/sort_bin.cpp
    const uint32_t rec_l1_base = get_write_ptr(CB_REC);
    uint32_t brec_key[REC_BATCH];
    uint32_t brec_page[REC_BATCH];
#ifdef L1_BUCKET_REC
    uint32_t brec_l1_slot[REC_BATCH];  // abs slot index in buf_l1_recs for each batched entry
#endif
    uint32_t nbrec = 0;
    // L1 32B record staging (reuse a 32B aligned region immediately after rec_l1_base ring;
    // we write it with a single noc_async_write per record during flush).
    auto flush_recs = [&]() {
        if (nbrec == 0) return;
        noc_async_read_barrier();
        for (uint32_t b = 0; b < nbrec; b++) {
            const uint32_t slot = rec_l1_base + b * PAGE_BYTES;
            volatile uint32_t* sp = reinterpret_cast<volatile uint32_t*>(slot);
            sp[9] = brec_key[b];
            noc_async_write(slot, get_noc_addr(brec_page[b], tile_recs_acc), PAGE_BYTES);
#ifdef L1_BUCKET_REC
            // Pack 32B record from the 64B blendrec in L1 and write to buf_l1_recs.
            // 64B layout (fp32 words):  0=cov_a 1=cov_b 2=cov_c 3=mx 4=my 5=op
            //                           6=cr    7=cg    8=cb    9=depth_key(u32)
            // 32B layout (M0 §7):
            //   [0..1]  h16 cov_a,cov_b   [2..3]  h16 cov_c,mx
            //   [4..5]  h16 my,opacity     [6..9]  u32 depth_key
            //  [10..11] h16 r,g           [12..13] h16 b,pad
            //  [14..15] u32 pad/flags(0)
            // (words are 16-bit; we write as 8 × uint32 = 32B)
            float fa = *reinterpret_cast<const volatile float*>(&sp[0]);
            float fb = *reinterpret_cast<const volatile float*>(&sp[1]);
            float fc = *reinterpret_cast<const volatile float*>(&sp[2]);
            float mx = *reinterpret_cast<const volatile float*>(&sp[3]);
            float my = *reinterpret_cast<const volatile float*>(&sp[4]);
            float op = *reinterpret_cast<const volatile float*>(&sp[5]);
            float cr = *reinterpret_cast<const volatile float*>(&sp[6]);
            float cg = *reinterpret_cast<const volatile float*>(&sp[7]);
            float cb_v = *reinterpret_cast<const volatile float*>(&sp[8]);
            const uint32_t depth_key = brec_key[b];
            // Pack 32B record into per-batch slot of l1_scratch (16 × 32B = 512B),
            // then issue async write. Each batch entry has its own 32B region so
            // they can all be in-flight simultaneously without aliasing.
            volatile uint32_t* p32 =
                reinterpret_cast<volatile uint32_t*>(l1_scratch + b * 32u);
            p32[0] = (static_cast<uint32_t>(fp32_to_fp16(fa))
                   | (static_cast<uint32_t>(fp32_to_fp16(fb)) << 16));
            p32[1] = (static_cast<uint32_t>(fp32_to_fp16(fc))
                   | (static_cast<uint32_t>(fp32_to_fp16(mx)) << 16));
            p32[2] = (static_cast<uint32_t>(fp32_to_fp16(my))
                   | (static_cast<uint32_t>(fp32_to_fp16(op)) << 16));
            p32[3] = depth_key;
            p32[4] = (static_cast<uint32_t>(fp32_to_fp16(cr))
                   | (static_cast<uint32_t>(fp32_to_fp16(cg)) << 16));
            p32[5] = static_cast<uint32_t>(fp32_to_fp16(cb_v));
            p32[6] = 0u;
            p32[7] = 0u;
            noc_async_write(l1_scratch + b * 32u,
                            get_noc_addr(brec_l1_slot[b], l1_recs_acc),
                            32u);
#endif
        }
        noc_async_write_barrier();
        nbrec = 0;
    };
#endif

    // Sub-pass 2: counting-sort kept pairs into L1, grouped by tile (gaussian-
    // major within each tile). key = depth_bits[g], id = g.
    for (uint32_t pg = pg_lo; pg < pg_hi; pg++) {
        noc_async_read(get_noc_addr(pg, gids_acc), gid_l1, PAGE_BYTES);
        noc_async_read(get_noc_addr(pg, tids_acc), tid_l1, PAGE_BYTES);
        noc_async_read(get_noc_addr(pg, keep_acc), keep_l1, PAGE_BYTES);
        noc_async_read_barrier();
        for (uint32_t j = 0; j < ELEMS_PER_PAGE; j++) {
            const uint32_t p = pg * ELEMS_PER_PAGE + j;
            if (p >= P) break;
            if (keepp[j] == 0) continue;
            const uint32_t g = static_cast<uint32_t>(gidp[j]);
            const uint32_t t = static_cast<uint32_t>(tidp[j]);
#ifdef BIN_NO_DEPTH
            const uint32_t key = 0u;
            (void)depp; (void)dep_l1; (void)dep_cached_page; (void)depth_acc;
#else
            const int32_t dpg = static_cast<int32_t>(g / ELEMS_PER_PAGE);
            if (dpg != dep_cached_page) {
                noc_async_read(get_noc_addr(static_cast<uint32_t>(dpg), depth_acc),
                               dep_l1, PAGE_BYTES);
                noc_async_read_barrier();
                dep_cached_page = dpg;
            }
            const uint32_t key = depp[g % ELEMS_PER_PAGE];
#endif
            const uint32_t li = offp[t] + curp[t];
#ifdef BIN_EMIT_REC
            // Scatter the full record to its per-tile bucket page. DENSE layout:
            // tile t's records occupy pages [starts[t], starts[t]+counts[t]); this
            // core's k-th kept pair for tile t goes to recrowp[t] + curp[t]
            // (recrowp[t] = starts[t] + prefix of cores < this core). Each record
            // is its own 64B page, so even dense, cores never share a page (no
            // race, no atomics). Read blendrec[g]
            // (page g), inject depth=key as the 10th field, write 64B. T1 keeps
            // it correctness-simple: one staging buffer, read+write barriered per
            // record (the scatter is off the blend critical path; T1b can ring-
            // buffer to pipeline if the bin stage cost matters).
            {
                // Stage into the ring; flush in batches (issue-ahead, 1 barrier
                // per REC_BATCH instead of 2 per record). rec_page captured with
                // the CURRENT curp[t] (matches the pre-increment dense layout).
                const uint32_t slot = rec_l1_base + nbrec * PAGE_BYTES;
                noc_async_read(get_noc_addr(g, blendrec_acc), slot, PAGE_BYTES);
                brec_key[nbrec] = key;
                brec_page[nbrec] = recrowp[t] + curp[t];  // DENSE 64B bucket page
#ifdef L1_BUCKET_REC
                // Absolute slot in buf_l1_recs = per-core base + local cursor.
                brec_l1_slot[nbrec] = l1basep[t] + curp[t];
#endif
                nbrec++;
                if (nbrec == REC_BATCH) flush_recs();
            }
#endif
            curp[t] = curp[t] + 1;
            ksp[li] = key;
            isp[li] = g;
