================ BUILD ID ================
  cpp : #108 sha=8eb62c8 bin=90f66c610cac25a2 iter 38 diag: GSPLAT_TT_SORT_TIMING split of bin into count-kernel/D2H/host-build (gated, default off)
  data: # sha= 
=========================================
host=yyzo-bh-03  tag=run  timeout=1200s  worry=600s  ts=2026-06-01T23:52:58-0700
cmd: sed -n "765,800p" /localdev/smarton/gstt2/src/gsplat_tt/tile_assign_device.cpp
-----------------------------------------
                    wss.start[c], wss.count[c], Mu, c,
                });
            }
            distributed::EnqueueMeshWorkload(*ctx->cq, ctx->wl_scan1, false);
            // scan_bases chains on scan1 output — one Finish for both (in-order CQ).
            Program& progb = ctx->wl_scan_bases.get_programs().begin()->second;
            CoreCoord core0{0, 0};
            SetRuntimeArgs(progb, ctx->ks_bases, core0, {
                static_cast<uint32_t>(ctx->buf_core_total->address()),
                static_cast<uint32_t>(ctx->buf_core_base->address()),
                static_cast<uint32_t>(ctx->buf_pairs_P->address()),
                num_cores,
            });
            distributed::EnqueueMeshWorkload(*ctx->cq, ctx->wl_scan_bases, false);
            {
                GSPLAT_HOST_ZONE("host_finish_ta_scan");
                distributed::Finish(*ctx->cq);
            }
            T.scan1_ms = std::chrono::duration<double, std::milli>(clk::now() - t_s1_0).count();
            if (k3_pipelined) {
                T.k3_compute_ms =
                    std::chrono::duration<double, std::milli>(clk::now() - k3_t0).count();
                T.k3_h2d_ms = 0.0;
            }

            // On-device exclusive scan of per-core partials -> core_base[] + P in
            // ta_pairs_P (replaces D2H(core_total) + host prefix loop).
            const auto t_pre0 = clk::now();
            Program& progb = ctx->wl_scan_bases.get_programs().begin()->second;
            CoreCoord core0{0, 0};
            SetRuntimeArgs(progb, ctx->ks_bases, core0, {
                static_cast<uint32_t>(ctx->buf_core_total->address()),
                static_cast<uint32_t>(ctx->buf_core_base->address()),
                static_cast<uint32_t>(ctx->buf_pairs_P->address()),
                num_cores,
            });
