================ BUILD ID ================
  cpp : #126 sha=b703f70 bin=2c241eb3d360fde2 M1: fix namespace qualification in sort_device.cpp
  data: #1 sha=b703f70 sync tracy-041 capture script
=========================================
host=yyzo-bh-03  tag=run  timeout=1200s  worry=600s  ts=2026-06-02T13:27:17-0700
cmd: wc -l /localdev/smarton/gstt2/src/gsplat_tt/kernels/dataflow/sort_publish.cpp && grep -n "sorted_ids\|out_addr\|buf_out\|ids_acc\|key\|id\|write" /localdev/smarton/gstt2/src/gsplat_tt/kernels/dataflow/sort_publish.cpp | tail -20
-----------------------------------------
BUILD-ID VERIFY OK: cpp#126 bin=2c241eb3d360fde2 matches the built+stamped artifact
112 /localdev/smarton/gstt2/src/gsplat_tt/kernels/dataflow/sort_publish.cpp
46:    constexpr auto tile_ids_args  = TensorAccessorArgs<ranges_args.next_compile_time_args_offset()>();
47:    constexpr auto tmeta_args     = TensorAccessorArgs<tile_ids_args.next_compile_time_args_offset()>();
49:    const auto out_acc       = TensorAccessor(out_args,       out_addr,       PAGE_BYTES);
52:    const auto tile_ids_acc  = TensorAccessor(tile_ids_args,  tile_ids_addr,  PAGE_BYTES);
55:    if (tile_ids_count == 0) {
59:    const uint32_t tids_scratch = get_write_ptr(CB_TIDS);
60:    auto tids_ptr = reinterpret_cast<volatile uint32_t*>(tids_scratch);
61:    const uint32_t meta_scratch = get_write_ptr(CB_META);
63:    const uint32_t scratch = get_write_ptr(CB_SCRATCH);
66:    uint32_t cur_tids_page = 0xFFFFFFFFu;
69:    for (uint32_t ti = 0; ti < tile_ids_count; ti++) {
70:        const uint32_t list_idx = tile_ids_start + ti;
71:        const uint32_t list_page = list_idx / ELEMS_PER_PAGE;
72:        const uint32_t list_ip   = list_idx % ELEMS_PER_PAGE;
73:        if (list_page != cur_tids_page) {
74:            noc_async_read(get_noc_addr(list_page, tile_ids_acc), tids_scratch, PAGE_BYTES);
76:            cur_tids_page = list_page;
78:        const uint32_t t = tids_ptr[list_ip];
108:            noc_async_write(scratch, get_noc_addr(dst_base_page + p, sorted_acc), PAGE_BYTES);
109:            noc_async_write_barrier();
