================ BUILD ID ================
  cpp : #126 sha=b703f70 bin=2c241eb3d360fde2 M1: fix namespace qualification in sort_device.cpp
  data: #1 sha=b703f70 sync tracy-041 capture script
=========================================
host=yyzo-bh-03  tag=run  timeout=1200s  worry=600s  ts=2026-06-02T13:22:22-0700
cmd: ulimit -c unlimited; export TT_METAL_HOME=/localdev/smarton/tt-metal TT_METAL_RUNTIME_ROOT=/localdev/smarton/tt-metal TT_METAL_CACHE=/localdev/smarton/.cache/tt-metal-cache TT_METAL_ARCH_NAME=blackhole MESH_DEVICE=P100 GSPLAT_TT_JIT_WARMUP=1 GSPLAT_TT_BLEND_MODE=2 GSPLAT_TT_MB_KERNEL=1 GSPLAT_TT_DEVICE_PROJECT=1 GSPLAT_TT_RESIDENT_PROJECT=1 GSPLAT_TT_RESIDENT_GATHER=1 GSPLAT_TT_DEVICE_TILE_ASSIGN=1 GSPLAT_TT_RESIDENT_TA_IN=1 GSPLAT_TT_DEVICE_SORT=1 GSPLAT_TT_RESIDENT_PAIRS=1 GSPLAT_TT_RESIDENT_BLEND=1 GSPLAT_TT_SORT_DEVICE_PUBLISH=1 GSPLAT_TT_TA_DEVICE_SCAN=1 GSPLAT_TT_PROJ_DEVICE_SCAN=1 GSPLAT_TT_SFPU_CULL=1 GSPLAT_TT_TILE_BUCKET=1 GSPLAT_TT_BUCKET_FIT=8192 GSPLAT_TT_FUSED_TILE=0 GSPLAT_TT_L1_RECORD=1 GSPLAT_TT_MB_TIMING=1; cd /localdev/smarton/gstt2 && source .venv/bin/activate 2>/dev/null && python3 -X faulthandler scripts/a003_verify.py --views 1 --iter-dir debug-bt --out /tmp/debug-bt.json 2>&1 | tail -50
-----------------------------------------
BUILD-ID VERIFY OK: cpp#126 bin=2c241eb3d360fde2 matches the built+stamped artifact
Total nodes: 1
Degree histogram: {0:1}
 (topology_solver.tpp:94)
2026-06-02 20:22:25.226 | info     |          Fabric | 
=== Logical Mesh 0 Internal Graph Adjacency Map ===
Total nodes: 1
Degree histogram: {0:1}
 (topology_solver.tpp:94)
2026-06-02 20:22:25.226 | info     |          Fabric | TopologyMapper: Physical Multi-Mesh Adjacency Map: (topology_mapper.cpp:1485)
2026-06-02 20:22:25.226 | info     |          Fabric | 
=== Physical Mesh-Level Graph Adjacency Map ===
Total nodes: 1
Degree histogram: {0:1}
 (topology_solver.tpp:94)
2026-06-02 20:22:25.226 | info     |          Fabric | 
=== Physical Mesh 0 Internal Graph Adjacency Map ===
Total nodes: 1
Degree histogram: {0:1}
 (topology_solver.tpp:94)
2026-06-02 20:22:25.226 | info     |          Fabric | Starting multi-mesh mapping: 1 logical mesh(es) to 1 physical mesh(es) (topology_mapper_utils.cpp:1469)
2026-06-02 20:22:25.226 | info     |          Fabric | Multi-mesh mapping attempt 1/2: Trying inter-mesh mapping (topology_mapper_utils.cpp:1510)
2026-06-02 20:22:25.226 | info     |          Fabric | Attempt 1: Inter-mesh mapping succeeded, found 1 mesh pair(s) (topology_mapper_utils.cpp:1539)
2026-06-02 20:22:25.226 | info     |          Fabric | Attempt 1: Mapping 1 mesh pair(s) (topology_mapper_utils.cpp:1547)
2026-06-02 20:22:25.226 | info     |          Fabric | Attempt 1: Mapping mesh 0 -> 0 (topology_mapper_utils.cpp:1554)
2026-06-02 20:22:25.226 | info     |          Fabric | Multi-mesh mapping succeeded after 1 attempt(s): 1 mesh pair(s) mapped (topology_mapper_utils.cpp:1686)
2026-06-02 20:22:25.250 | info     |    BuildKernels | Using pre-compiled firmware from: /localdev/smarton/tt-metal/tt_metal/pre-compiled/431005707817566179/ (build_env_manager.cpp:260)
2026-06-02 20:22:25.448 | info     |           Metal | ShmResourceTracker: removed stale shm '/tt_d2h_275401_833447871_0' (shm_resource_tracker.cpp:265)
2026-06-02 20:22:25.448 | info     |           Metal | ShmResourceTracker: removed stale manifest '/dev/shm/tt_socket_manifest_275401' (shm_resource_tracker.cpp:275)
2026-06-02 20:22:25.448 | info     |           Metal | ShmResourceTracker: removed orphaned shm '/tt_device_7490744194894819707_memory' (shm_resource_tracker.cpp:282)
2026-06-02 20:22:26.032 | info     |           Metal | [Real-time profiler] Device 0 sync complete: 100 samples, frequency=1.349981 GHz, device_time_at_sync=105530921948141 cycles (realtime_profiler_manager.cpp:1082)
[JIT_WARMUP] ideal-path contexts compiled in 0.7 ms
[SORT] stage=RP P=3369033 P_kept=3369033 num_tiles=1024 max_tile_n=26496 bin=22.62 up=0.02 kernel=1.77 d2h=0.00 compact=0.00 publish=1.62 total=26.14ms
[CULL_SPLIT] pipelined (no separate Finish; cull device exec folded under the blend host-setup window; candidates=3369033)
[BLEND_SPLIT] upload+exec=0.0 readback=175.0 total=175.0 ms (resident, one Finish)
[BLEND_ADDR] cull_masks=0x1060ee00 out=0x107e7ec0(sz=0x600000) tile_ids=0x54d3ec0 xramp=0x107e5ec0 yramp=0x107e6ec0 payload=0x0(sz=0x0)
[SORT] stage=RP P=3369033 P_kept=3369033 num_tiles=1024 max_tile_n=26496 bin=20.48 up=0.02 kernel=0.03 d2h=0.00 compact=0.00 publish=0.02 total=20.61ms
[CULL_SPLIT] pipelined (no separate Finish; cull device exec folded under the blend host-setup window; candidates=3369033)
[BLEND_SPLIT] upload+exec=0.0 readback=184.0 total=184.0 ms (resident, one Finish)
[BLEND_ADDR] cull_masks=0x1060ee00 out=0x107e7ec0(sz=0x600000) tile_ids=0x54d3ec0 xramp=0x107e5ec0 yramp=0x107e6ec0 payload=0x0(sz=0x0)
[SORT] stage=RP P=3369033 P_kept=3369033 num_tiles=1024 max_tile_n=26496 bin=20.47 up=0.02 kernel=0.04 d2h=7.13 compact=0.00 publish=0.04 total=38.66ms
Fatal Python error: Segmentation fault

Thread 0x00007f777bf24000 (most recent call first):
  File "/localdev/smarton/gstt2/backends/cpu_cpp/backend.py", line 364 in render_fused
  File "/localdev/smarton/gstt2/gsplat/pipeline.py", line 151 in render
  File "/localdev/smarton/gstt2/scripts/a003_verify.py", line 127 in render_all
  File "/localdev/smarton/gstt2/scripts/a003_verify.py", line 179 in main
  File "/localdev/smarton/gstt2/scripts/a003_verify.py", line 331 in <module>

Extension modules: numpy._core._multiarray_umath, numpy.linalg._umath_linalg, torch._C, torch._C._dynamo.autograd_compiler, torch._C._dynamo.eval_frame, torch._C._dynamo.guards, torch._C._dynamo.utils, torch._C._fft, torch._C._linalg, torch._C._nested, torch._C._nn, torch._C._sparse, torch._C._special, PIL._imaging (total: 14)
