================ BUILD ID ================
  cpp : #8 sha=b3b6231 fix: dedicated per-chunk barrier for SFPU mask read
  data: # sha= 
=========================================
host=bh-30  tag=sfpu  timeout=800s  worry=600s  ts=2026-05-31T15:24:51-0700
cmd: export TT_METAL_HOME=/localdev/smarton/tt-metal TT_METAL_RUNTIME_ROOT=/localdev/smarton/tt-metal TT_METAL_CACHE=/localdev/smarton/.cache/tt-metal-cache TT_METAL_ARCH_NAME=blackhole MESH_DEVICE=P100 GSPLAT_TT_BLEND_MODE=2 GSPLAT_TT_MB_KERNEL=1 GSPLAT_TT_MB_DEVCULL=1 GSPLAT_TT_DEVICE_PROJECT=1 GSPLAT_TT_RESIDENT_PROJECT=1 GSPLAT_TT_RESIDENT_GATHER=1 GSPLAT_TT_DEVICE_TILE_ASSIGN=1 GSPLAT_TT_RESIDENT_TA_IN=1 GSPLAT_TT_DEVICE_SORT=1 GSPLAT_TT_RESIDENT_PAIRS=1 GSPLAT_TT_RESIDENT_BLEND=1 GSPLAT_TT_SORT_DEVICE_PUBLISH=1 GSPLAT_TT_TA_DEVICE_SCAN=1 GSPLAT_TT_MB_TIMING=1 GSPLAT_TT_SFPU_CULL=1 GSPLAT_TT_CULL_CAP=64; source .venv/bin/activate 2>/dev/null; .venv/bin/python3 scripts/a003_verify.py --views 1 --iter-dir loop-c64f --out opt/ttw/c64f.json
-----------------------------------------
2026-05-31 22:24:54.472 | info     |             UMD | Creating TopologyDiscovery for architecture: blackhole (topology_discovery.cpp:75)
2026-05-31 22:24:54.472 | info     |             UMD | Starting topology discovery. (topology_discovery.cpp:92)
2026-05-31 22:24:54.473 | warning  |             UMD | Low power mode is disabled while UMD holds open file descriptors. The device will return to low power mode once all file descriptors are closed. (topology_discovery.cpp:140)
2026-05-31 22:24:54.473 | warning  |             UMD | KMD version 2.4.1 does not support power state management. (pci_device.cpp:1067)
2026-05-31 22:24:54.473 | info     |             UMD | Established firmware bundle version: 19.5.0 (topology_discovery.cpp:544)
2026-05-31 22:24:54.474 | info     |             UMD | Completed topology discovery. (topology_discovery.cpp:96)
2026-05-31 22:24:54.474 | info     |          Device | Opening user mode device driver (tt_cluster.cpp:225)
2026-05-31 22:24:54.474 | info     |             UMD | Cluster constructor started. (cluster.cpp:317)
2026-05-31 22:24:54.475 | info     |             UMD | Creating TopologyDiscovery for architecture: blackhole (topology_discovery.cpp:75)
2026-05-31 22:24:54.475 | info     |             UMD | Starting topology discovery. (topology_discovery.cpp:92)
2026-05-31 22:24:54.475 | warning  |             UMD | Low power mode is disabled while UMD holds open file descriptors. The device will return to low power mode once all file descriptors are closed. (topology_discovery.cpp:140)
2026-05-31 22:24:54.475 | warning  |             UMD | KMD version 2.4.1 does not support power state management. (pci_device.cpp:1067)
2026-05-31 22:24:54.476 | info     |             UMD | Established firmware bundle version: 19.5.0 (topology_discovery.cpp:544)
2026-05-31 22:24:54.476 | info     |             UMD | Completed topology discovery. (topology_discovery.cpp:96)
2026-05-31 22:24:54.476 | info     |             UMD | Harvesting masks for Chip 0: Tensix: 0xc0 DRAM: 0x0 ETH: 0x120 PCIe: 0x2 L2CPU: 0x0 (cluster.cpp:262)
2026-05-31 22:24:54.477 | info     |             UMD | Initializing iommu for sysmem (size: 0x40000000). (silicon_sysmem_manager.cpp:334)
2026-05-31 22:24:54.477 | info     |             UMD | Allocating sysmem for IOMMU (size: 0x40000000). (silicon_sysmem_manager.cpp:340)
2026-05-31 22:24:54.547 | warning  |             UMD | KMD version 2.4.1 does not support power state management. (pci_device.cpp:1067)
2026-05-31 22:24:54.547 | info     |             UMD | Opening local chip ids/PCIe ids: {0}/[3] and remote chip ids {} (cluster.cpp:153)
2026-05-31 22:24:54.547 | info     |             UMD | IOMMU: enabled (cluster.cpp:133)
2026-05-31 22:24:54.547 | info     |             UMD | KMD version: 2.4.1 (cluster.cpp:136)
2026-05-31 22:24:54.547 | info     |             UMD | Cluster constructor completed. (cluster.cpp:409)
2026-05-31 22:24:54.548 | info     |             UMD | Starting devices in cluster (cluster.cpp:1044)
2026-05-31 22:24:54.549 | info     |             UMD | Mapped sysmem without hugepages to IOVA 0xfffffffec0000000; NOC address 0x1000000000000000 (silicon_sysmem_manager.cpp:391)
2026-05-31 22:24:54.550 | info     |             UMD | Starting devices in cluster completed. (cluster.cpp:1052)
2026-05-31 22:24:54.862 | info     |     Distributed | Using auto discovery to generate mesh graph. (metal_env.cpp:332)
2026-05-31 22:24:54.862 | info     |     Distributed | Constructing control plane using auto-discovery (no mesh graph descriptor). (metal_env.cpp:394)
2026-05-31 22:24:54.862 | info     |             UMD | Creating TopologyDiscovery for architecture: blackhole (topology_discovery.cpp:75)
2026-05-31 22:24:54.862 | info     |             UMD | Starting topology discovery. (topology_discovery.cpp:92)
2026-05-31 22:24:54.863 | warning  |             UMD | Low power mode is disabled while UMD holds open file descriptors. The device will return to low power mode once all file descriptors are closed. (topology_discovery.cpp:140)
2026-05-31 22:24:54.863 | warning  |             UMD | KMD version 2.4.1 does not support power state management. (pci_device.cpp:1067)
2026-05-31 22:24:54.864 | info     |             UMD | Established firmware bundle version: 19.5.0 (topology_discovery.cpp:544)
2026-05-31 22:24:54.864 | info     |             UMD | Completed topology discovery. (topology_discovery.cpp:96)
2026-05-31 22:24:54.865 | warning  |          Always | Unknown motherboard 'H12DSG-O-CPU' for chip_id=0 (bus_id=0xa1) — defaulting tray_id to 0. Add this motherboard and its bus IDs to mobo_to_bus_ids in physical_system_discovery.cpp. (physical_system_discovery.cpp:56)
2026-05-31 22:24:54.865 | info     |          Fabric | TopologyMapper: Logical Multi-Mesh Adjacency Map: (topology_mapper.cpp:1474)
2026-05-31 22:24:54.865 | info     |          Fabric | 
=== Logical Mesh-Level Graph Adjacency Map ===
Total nodes: 1
Degree histogram: {0:1}
 (topology_solver.tpp:94)
2026-05-31 22:24:54.865 | info     |          Fabric | 
=== Logical Mesh 0 Internal Graph Adjacency Map ===
Total nodes: 1
Degree histogram: {0:1}
 (topology_solver.tpp:94)
2026-05-31 22:24:54.865 | info     |          Fabric | TopologyMapper: Physical Multi-Mesh Adjacency Map: (topology_mapper.cpp:1485)
2026-05-31 22:24:54.865 | info     |          Fabric | 
=== Physical Mesh-Level Graph Adjacency Map ===
Total nodes: 1
Degree histogram: {0:1}
 (topology_solver.tpp:94)
2026-05-31 22:24:54.865 | info     |          Fabric | 
=== Physical Mesh 0 Internal Graph Adjacency Map ===
Total nodes: 1
Degree histogram: {0:1}
 (topology_solver.tpp:94)
2026-05-31 22:24:54.865 | info     |          Fabric | Starting multi-mesh mapping: 1 logical mesh(es) to 1 physical mesh(es) (topology_mapper_utils.cpp:1465)
2026-05-31 22:24:54.865 | info     |          Fabric | Multi-mesh mapping attempt 1/2: Trying inter-mesh mapping (topology_mapper_utils.cpp:1506)
2026-05-31 22:24:54.865 | info     |          Fabric | Attempt 1: Inter-mesh mapping succeeded, found 1 mesh pair(s) (topology_mapper_utils.cpp:1535)
2026-05-31 22:24:54.865 | info     |          Fabric | Attempt 1: Mapping 1 mesh pair(s) (topology_mapper_utils.cpp:1547)
2026-05-31 22:24:54.865 | info     |          Fabric | Attempt 1: Mapping mesh 0 -> 0 (topology_mapper_utils.cpp:1549)
2026-05-31 22:24:54.865 | info     |          Fabric | Multi-mesh mapping succeeded after 1 attempt(s): 1 mesh pair(s) mapped (topology_mapper_utils.cpp:1682)
2026-05-31 22:24:54.961 | info     |           Metal | ShmResourceTracker: removed stale shm '/tt_d2h_451370_250166248_0' (shm_resource_tracker.cpp:265)
2026-05-31 22:24:54.961 | info     |           Metal | ShmResourceTracker: removed stale manifest '/dev/shm/tt_socket_manifest_451370' (shm_resource_tracker.cpp:275)
2026-05-31 22:24:55.546 | info     |           Metal | [Real-time profiler] Device 0 sync complete: 100 samples, frequency=1.350006 GHz, device_time_at_sync=59798505873795 cycles (realtime_profiler_manager.cpp:1075)
[SORT] stage=RP P=3369033 P_kept=3213120 num_tiles=1024 max_tile_n=25872 bin=11.39 up=0.31 kernel=9.53 d2h=13.19 compact=0.00 publish=3.91 total=55.80ms
[CULL_ALLOC] masks_realloc=1 res_masks=0x6498100 +12883072 end=0x70e1580 | res_mask_base=0x66213c0 +4096 | res_out_exists=0 out=0x0 tiles=0
[CULL_SPLIT] candidates=3213120 masks=12.29MB exec=80.6 ms masks_addr=0x6498100 end=0x70e1580 base_addr=0x66213c0
[BLEND_ALLOC] out_realloc=1 res_out=0x66257c0 +6291456 end=0x6c257c0 | res_masks=0x6498100 +12883072 end=0x70e1580 | xramp=0x66237c0 yramp=0x66247c0
[BLEND_SPLIT] upload=1.1 (attrs=0.0MB ids=0.0MB resident) exec=1131.1 readback=1.4 total=1133.6 ms
[BLEND_ADDR] cull_masks=0x6498100 out=0x66257c0 end=0x6c257c0 tile_ids=0x66e57c0 xramp=0x66237c0
[BLEND_HOST] resident_blend device=1230.3 (host attr/id build=0, upload=0) total=1230.3 ms
[SORT] stage=RP P=3369033 P_kept=3213120 num_tiles=1024 max_tile_n=25872 bin=8.05 up=0.30 kernel=7.15 d2h=10.64 compact=0.00 publish=1.26 total=44.10ms
[CULL_ALLOC] masks_realloc=0 res_masks=0x6498100 +12883072 end=0x70e1580 | res_mask_base=0x66213c0 +4096 | res_out_exists=1 out=0x66257c0 tiles=1024
[CULL_SPLIT] candidates=3213120 masks=12.29MB exec=71.4 ms masks_addr=0x6498100 end=0x70e1580 base_addr=0x66213c0
[BLEND_ALLOC] out_realloc=0 res_out=0x66257c0 +6291456 end=0x6c257c0 | res_masks=0x6498100 +12883072 end=0x70e1580 | xramp=0x66237c0 yramp=0x66247c0
[BLEND_SPLIT] upload=1.1 (attrs=0.0MB ids=0.0MB resident) exec=1.7 readback=1.4 total=4.1 ms
[BLEND_ADDR] cull_masks=0x6498100 out=0x66257c0 end=0x6c257c0 tile_ids=0x66e57c0 xramp=0x66237c0
[BLEND_HOST] resident_blend device=89.1 (host attr/id build=0, upload=0) total=89.1 ms
[SORT] stage=RP P=3369033 P_kept=3213120 num_tiles=1024 max_tile_n=25872 bin=7.95 up=0.29 kernel=7.14 d2h=6.70 compact=0.00 publish=1.26 total=27.42ms
[SORT] stage=RP P=3369033 P_kept=3213120 num_tiles=1024 max_tile_n=25872 bin=7.94 up=0.29 kernel=7.15 d2h=6.74 compact=0.00 publish=1.27 total=27.37ms
SUMMARY backend=tt blend_mode=2 views=1 hero_vs_gt=8.80dB hero_vs_ref=8.79dB min_vs_ref=8.79dB min_vs_gt=8.80dB ms/view=294.3 (proj=60.6 ta=97.9 sort=44.1 blend=90.5) shot=opt/metal-screenshots/loop-c64f/hero.png
[bh-30-special-smarton-for-reservation-75776:451972] *** Process received signal ***
[bh-30-special-smarton-for-reservation-75776:451972] Signal: Segmentation fault (11)
[bh-30-special-smarton-for-reservation-75776:451972] Signal code: Address not mapped (1)
[bh-30-special-smarton-for-reservation-75776:451972] Failing at address: 0x5b9a02f60
[bh-30-special-smarton-for-reservation-75776:451972] [ 0] /lib/x86_64-linux-gnu/libc.so.6(+0x42520)[0x73aeb9073520]
[bh-30-special-smarton-for-reservation-75776:451972] [ 1] /localdev/smarton/tt-metal/build/tt_metal/libtt_metal.so(_ZNSt8__detail9_Map_baseIjSt4pairIKjNSt6chrono10time_pointINS3_3_V212steady_clockENS3_8durationIlSt5ratioILl1ELl1000000000EEEEEEESaISC_ENS_10_Select1stESt8equal_toIjESt4hashIjENS_18_Mod_range_hashingENS_20_Default_ranged_hashENS_20_Prime_rehash_policyENS_17_Hashtable_traitsILb0ELb0ELb1EEELb1EEixEOj+0x48)[0x73ae5e152488]
[bh-30-special-smarton-for-reservation-75776:451972] [ 2] /localdev/smarton/tt-metal/build/tt_metal/libtt_metal.so(_ZN2tt8tt_metal25SharedMemoryStatsProvider21update_from_allocatorEPKNS0_6DeviceEi+0x9c)[0x73ae5e141f9c]
[bh-30-special-smarton-for-reservation-75776:451972] [ 3] /localdev/smarton/tt-metal/build/tt_metal/libtt_metal.so(_ZN2tt8tt_metal6detail11ProgramImpl27deallocate_circular_buffersEv+0xc0)[0x73ae5e1fb5c0]
[bh-30-special-smarton-for-reservation-75776:451972] [ 4] /localdev/smarton/tt-metal/build/tt_metal/libtt_metal.so(_ZN2tt8tt_metal6detail11ProgramImplD1Ev+0x1a)[0x73ae5e2067fa]
[bh-30-special-smarton-for-reservation-75776:451972] [ 5] /localdev/smarton/tt-metal/build/tt_metal/libtt_metal.so(+0x5dfc26)[0x73ae5dfdfc26]
[bh-30-special-smarton-for-reservation-75776:451972] [ 6] /localdev/smarton/tt-metal/build/tt_metal/libtt_metal.so(_ZN2tt8tt_metal11distributed16MeshWorkloadImplD2Ev+0xa8)[0x73ae5e517168]
[bh-30-special-smarton-for-reservation-75776:451972] [ 7] /localdev/smarton/tt-metal/build/tt_metal/libtt_metal.so(_ZN2tt8tt_metal11distributed12MeshWorkloadD1Ev+0x15)[0x73ae5e5175e5]
[bh-30-special-smarton-for-reservation-75776:451972] [ 8] /localdev/smarton/gstt2/backends/cpu_cpp/_gsplat_cpu.cpython-310-x86_64-linux-gnu.so(+0xbc971)[0x73ae5f1f1971]
[bh-30-special-smarton-for-reservation-75776:451972] [ 9] /lib/x86_64-linux-gnu/libc.so.6(+0x45495)[0x73aeb9076495]
[bh-30-special-smarton-for-reservation-75776:451972] [10] /lib/x86_64-linux-gnu/libc.so.6(on_exit+0x0)[0x73aeb9076610]
[bh-30-special-smarton-for-reservation-75776:451972] [11] /lib/x86_64-linux-gnu/libc.so.6(+0x29d97)[0x73aeb905ad97]
[bh-30-special-smarton-for-reservation-75776:451972] [12] /lib/x86_64-linux-gnu/libc.so.6(__libc_start_main+0x80)[0x73aeb905ae40]
[bh-30-special-smarton-for-reservation-75776:451972] [13] .venv/bin/python3(_start+0x25)[0x5b99ee40fb45]
[bh-30-special-smarton-for-reservation-75776:451972] *** End of error message ***
