================ BUILD ID ================
  cpp : #8 sha=b3b6231 fix: dedicated per-chunk barrier for SFPU mask read
  data: # sha= 
=========================================
host=bh-30  tag=sfpu  timeout=2400s  worry=600s  ts=2026-05-31T17:37:29-0700
cmd: export TT_METAL_HOME=/localdev/smarton/tt-metal TT_METAL_RUNTIME_ROOT=/localdev/smarton/tt-metal TT_METAL_CACHE=/localdev/smarton/.cache/tt-metal-cache TT_METAL_ARCH_NAME=blackhole MESH_DEVICE=P100 GSPLAT_TT_BLEND_MODE=2 GSPLAT_TT_MB_KERNEL=1 GSPLAT_TT_MB_DEVCULL=1 GSPLAT_TT_DEVICE_PROJECT=1 GSPLAT_TT_RESIDENT_PROJECT=1 GSPLAT_TT_RESIDENT_GATHER=1 GSPLAT_TT_DEVICE_TILE_ASSIGN=1 GSPLAT_TT_RESIDENT_TA_IN=1 GSPLAT_TT_DEVICE_SORT=1 GSPLAT_TT_RESIDENT_PAIRS=1 GSPLAT_TT_RESIDENT_BLEND=1 GSPLAT_TT_SORT_DEVICE_PUBLISH=1 GSPLAT_TT_TA_DEVICE_SCAN=1 GSPLAT_TT_MB_TIMING=1 GSPLAT_TT_SFPU_CULL=1 GSPLAT_TT_SFPU_CULL_USEREF=1; source .venv/bin/activate 2>/dev/null; .venv/bin/python3 scripts/a003_verify.py --views 30 --iter-dir loop-gate30ref --out opt/ttw/gate30ref.json
-----------------------------------------
2026-06-01 00:37:31.878 | info     |             UMD | Creating TopologyDiscovery for architecture: blackhole (topology_discovery.cpp:75)
2026-06-01 00:37:31.878 | info     |             UMD | Starting topology discovery. (topology_discovery.cpp:92)
2026-06-01 00:37:31.879 | warning  |             UMD | Low power mode is disabled while UMD holds open file descriptors. The device will return to low power mode once all file descriptors are closed. (topology_discovery.cpp:140)
2026-06-01 00:37:31.879 | warning  |             UMD | KMD version 2.4.1 does not support power state management. (pci_device.cpp:1067)
2026-06-01 00:37:31.879 | info     |             UMD | Established firmware bundle version: 19.5.0 (topology_discovery.cpp:544)
2026-06-01 00:37:31.880 | info     |             UMD | Completed topology discovery. (topology_discovery.cpp:96)
2026-06-01 00:37:31.881 | info     |          Device | Opening user mode device driver (tt_cluster.cpp:225)
2026-06-01 00:37:31.881 | info     |             UMD | Cluster constructor started. (cluster.cpp:317)
2026-06-01 00:37:31.881 | info     |             UMD | Creating TopologyDiscovery for architecture: blackhole (topology_discovery.cpp:75)
2026-06-01 00:37:31.881 | info     |             UMD | Starting topology discovery. (topology_discovery.cpp:92)
2026-06-01 00:37:31.882 | warning  |             UMD | Low power mode is disabled while UMD holds open file descriptors. The device will return to low power mode once all file descriptors are closed. (topology_discovery.cpp:140)
2026-06-01 00:37:31.882 | warning  |             UMD | KMD version 2.4.1 does not support power state management. (pci_device.cpp:1067)
2026-06-01 00:37:31.882 | info     |             UMD | Established firmware bundle version: 19.5.0 (topology_discovery.cpp:544)
2026-06-01 00:37:31.883 | info     |             UMD | Completed topology discovery. (topology_discovery.cpp:96)
2026-06-01 00:37:31.883 | info     |             UMD | Harvesting masks for Chip 0: Tensix: 0xc0 DRAM: 0x0 ETH: 0x120 PCIe: 0x2 L2CPU: 0x0 (cluster.cpp:262)
2026-06-01 00:37:31.883 | info     |             UMD | Initializing iommu for sysmem (size: 0x40000000). (silicon_sysmem_manager.cpp:334)
2026-06-01 00:37:31.883 | info     |             UMD | Allocating sysmem for IOMMU (size: 0x40000000). (silicon_sysmem_manager.cpp:340)
2026-06-01 00:37:31.952 | warning  |             UMD | KMD version 2.4.1 does not support power state management. (pci_device.cpp:1067)
2026-06-01 00:37:31.952 | info     |             UMD | Opening local chip ids/PCIe ids: {0}/[3] and remote chip ids {} (cluster.cpp:153)
2026-06-01 00:37:31.953 | info     |             UMD | IOMMU: enabled (cluster.cpp:133)
2026-06-01 00:37:31.953 | info     |             UMD | KMD version: 2.4.1 (cluster.cpp:136)
2026-06-01 00:37:31.953 | info     |             UMD | Cluster constructor completed. (cluster.cpp:409)
2026-06-01 00:37:31.954 | info     |             UMD | Starting devices in cluster (cluster.cpp:1044)
2026-06-01 00:37:31.955 | info     |             UMD | Mapped sysmem without hugepages to IOVA 0xfffffffec0000000; NOC address 0x1000000000000000 (silicon_sysmem_manager.cpp:391)
2026-06-01 00:37:31.955 | info     |             UMD | Starting devices in cluster completed. (cluster.cpp:1052)
2026-06-01 00:37:32.267 | info     |     Distributed | Using auto discovery to generate mesh graph. (metal_env.cpp:332)
2026-06-01 00:37:32.267 | info     |     Distributed | Constructing control plane using auto-discovery (no mesh graph descriptor). (metal_env.cpp:394)
2026-06-01 00:37:32.267 | info     |             UMD | Creating TopologyDiscovery for architecture: blackhole (topology_discovery.cpp:75)
2026-06-01 00:37:32.267 | info     |             UMD | Starting topology discovery. (topology_discovery.cpp:92)
2026-06-01 00:37:32.268 | warning  |             UMD | Low power mode is disabled while UMD holds open file descriptors. The device will return to low power mode once all file descriptors are closed. (topology_discovery.cpp:140)
2026-06-01 00:37:32.268 | warning  |             UMD | KMD version 2.4.1 does not support power state management. (pci_device.cpp:1067)
2026-06-01 00:37:32.269 | info     |             UMD | Established firmware bundle version: 19.5.0 (topology_discovery.cpp:544)
2026-06-01 00:37:32.269 | info     |             UMD | Completed topology discovery. (topology_discovery.cpp:96)
2026-06-01 00:37:32.270 | warning  |          Always | Unknown motherboard 'H12DSG-O-CPU' for chip_id=0 (bus_id=0xa1) — defaulting tray_id to 0. Add this motherboard and its bus IDs to mobo_to_bus_ids in physical_system_discovery.cpp. (physical_system_discovery.cpp:56)
2026-06-01 00:37:32.270 | info     |          Fabric | TopologyMapper: Logical Multi-Mesh Adjacency Map: (topology_mapper.cpp:1474)
2026-06-01 00:37:32.271 | info     |          Fabric | 
=== Logical Mesh-Level Graph Adjacency Map ===
Total nodes: 1
Degree histogram: {0:1}
 (topology_solver.tpp:94)
2026-06-01 00:37:32.271 | info     |          Fabric | 
=== Logical Mesh 0 Internal Graph Adjacency Map ===
Total nodes: 1
Degree histogram: {0:1}
 (topology_solver.tpp:94)
2026-06-01 00:37:32.271 | info     |          Fabric | TopologyMapper: Physical Multi-Mesh Adjacency Map: (topology_mapper.cpp:1485)
2026-06-01 00:37:32.271 | info     |          Fabric | 
=== Physical Mesh-Level Graph Adjacency Map ===
Total nodes: 1
Degree histogram: {0:1}
 (topology_solver.tpp:94)
2026-06-01 00:37:32.271 | info     |          Fabric | 
=== Physical Mesh 0 Internal Graph Adjacency Map ===
Total nodes: 1
Degree histogram: {0:1}
 (topology_solver.tpp:94)
2026-06-01 00:37:32.271 | info     |          Fabric | Starting multi-mesh mapping: 1 logical mesh(es) to 1 physical mesh(es) (topology_mapper_utils.cpp:1465)
2026-06-01 00:37:32.271 | info     |          Fabric | Multi-mesh mapping attempt 1/2: Trying inter-mesh mapping (topology_mapper_utils.cpp:1506)
2026-06-01 00:37:32.271 | info     |          Fabric | Attempt 1: Inter-mesh mapping succeeded, found 1 mesh pair(s) (topology_mapper_utils.cpp:1535)
2026-06-01 00:37:32.271 | info     |          Fabric | Attempt 1: Mapping 1 mesh pair(s) (topology_mapper_utils.cpp:1547)
2026-06-01 00:37:32.271 | info     |          Fabric | Attempt 1: Mapping mesh 0 -> 0 (topology_mapper_utils.cpp:1549)
2026-06-01 00:37:32.271 | info     |          Fabric | Multi-mesh mapping succeeded after 1 attempt(s): 1 mesh pair(s) mapped (topology_mapper_utils.cpp:1682)
2026-06-01 00:37:32.369 | info     |           Metal | ShmResourceTracker: removed stale shm '/tt_d2h_461280_3841973081_0' (shm_resource_tracker.cpp:265)
2026-06-01 00:37:32.369 | info     |           Metal | ShmResourceTracker: removed stale manifest '/dev/shm/tt_socket_manifest_461280' (shm_resource_tracker.cpp:275)
2026-06-01 00:37:32.954 | info     |           Metal | [Real-time profiler] Device 0 sync complete: 100 samples, frequency=1.349994 GHz, device_time_at_sync=70540892036705 cycles (realtime_profiler_manager.cpp:1075)
[SORT] stage=RP P=3369033 P_kept=3213120 num_tiles=1024 max_tile_n=25872 bin=10.97 up=0.29 kernel=9.52 d2h=13.26 compact=0.00 publish=3.55 total=55.12ms
[CULL_ALLOC] masks_realloc=1 res_masks=0x6498100 +12883072 end=0x70e1580 | res_mask_base=0x66213c0 +4096 | res_out_exists=0 out=0x0 tiles=0
[CULL_SPLIT] candidates=3213120 masks=12.29MB exec=80.9 ms masks_addr=0x6498100 end=0x70e1580 base_addr=0x66213c0
[BLEND_ALLOC] out_realloc=1 res_out=0x66257c0 +6291456 end=0x6c257c0 | res_masks=0x6498100 +12883072 end=0x70e1580 | xramp=0x66237c0 yramp=0x66247c0
[BLEND_SPLIT] upload=1.1 (attrs=0.0MB ids=0.0MB resident) exec=1837.0 readback=1.4 total=1839.5 ms
[BLEND_ADDR] cull_masks=0x6498100 out=0x66257c0 end=0x6c257c0 tile_ids=0x66e57c0 xramp=0x66237c0
[BLEND_HOST] resident_blend device=1935.4 (host attr/id build=0, upload=0) total=1935.4 ms
[SORT] stage=RP P=3369033 P_kept=3213120 num_tiles=1024 max_tile_n=25872 bin=8.13 up=0.31 kernel=7.22 d2h=10.56 compact=0.00 publish=1.33 total=44.25ms
[CULL_ALLOC] masks_realloc=0 res_masks=0x6498100 +12883072 end=0x70e1580 | res_mask_base=0x66213c0 +4096 | res_out_exists=1 out=0x66257c0 tiles=1024
[CULL_SPLIT] candidates=3213120 masks=12.29MB exec=71.4 ms masks_addr=0x6498100 end=0x70e1580 base_addr=0x66213c0
[BLEND_ALLOC] out_realloc=0 res_out=0x66257c0 +6291456 end=0x6c257c0 | res_masks=0x6498100 +12883072 end=0x70e1580 | xramp=0x66237c0 yramp=0x66247c0
[BLEND_SPLIT] upload=0.9 (attrs=0.0MB ids=0.0MB resident) exec=544.4 readback=1.5 total=546.7 ms
[BLEND_ADDR] cull_masks=0x6498100 out=0x66257c0 end=0x6c257c0 tile_ids=0x66e57c0 xramp=0x66237c0
[BLEND_HOST] resident_blend device=631.5 (host attr/id build=0, upload=0) total=631.5 ms
[SORT] stage=RP P=2774729 P_kept=2611438 num_tiles=1024 max_tile_n=24176 bin=6.84 up=0.31 kernel=6.25 d2h=6.83 compact=0.00 publish=1.13 total=24.93ms
[CULL_ALLOC] masks_realloc=0 res_masks=0x6498100 +10476544 end=0x6e95d00 | res_mask_base=0x66213c0 +4096 | res_out_exists=1 out=0x66257c0 tiles=1024
[CULL_SPLIT] candidates=2611438 masks=9.99MB exec=58.1 ms masks_addr=0x6498100 end=0x6e95d00 base_addr=0x66213c0
[BLEND_ALLOC] out_realloc=0 res_out=0x66257c0 +6291456 end=0x6c257c0 | res_masks=0x6498100 +12883072 end=0x70e1580 | xramp=0x66237c0 yramp=0x66247c0
[BLEND_SPLIT] upload=0.9 (attrs=0.0MB ids=0.0MB resident) exec=479.8 readback=2.6 total=483.2 ms
[BLEND_ADDR] cull_masks=0x6498100 out=0x66257c0 end=0x6c257c0 tile_ids=0x66e57c0 xramp=0x66237c0
[BLEND_HOST] resident_blend device=555.9 (host attr/id build=0, upload=0) total=555.9 ms
[SORT] stage=RP P=3235251 P_kept=3044420 num_tiles=1024 max_tile_n=22144 bin=8.42 up=0.31 kernel=6.94 d2h=6.79 compact=0.00 publish=1.24 total=33.89ms
[CULL_ALLOC] masks_realloc=0 res_masks=0x6498100 +12208448 end=0x703ca40 | res_mask_base=0x66213c0 +4096 | res_out_exists=1 out=0x66257c0 tiles=1024
[CULL_SPLIT] candidates=3044420 masks=11.64MB exec=67.6 ms masks_addr=0x6498100 end=0x703ca40 base_addr=0x66213c0
[BLEND_ALLOC] out_realloc=0 res_out=0x66257c0 +6291456 end=0x6c257c0 | res_masks=0x6498100 +12883072 end=0x70e1580 | xramp=0x66237c0 yramp=0x66247c0
[BLEND_SPLIT] upload=0.9 (attrs=0.0MB ids=0.0MB resident) exec=560.0 readback=1.5 total=562.4 ms
[BLEND_ADDR] cull_masks=0x6498100 out=0x66257c0 end=0x6c257c0 tile_ids=0x66e57c0 xramp=0x66237c0
[BLEND_HOST] resident_blend device=644.5 (host attr/id build=0, upload=0) total=644.5 ms
[SORT] stage=RP P=1753355 P_kept=1637292 num_tiles=1024 max_tile_n=20928 bin=4.95 up=0.30 kernel=4.48 d2h=6.71 compact=0.00 publish=0.85 total=19.50ms
[CULL_ALLOC] masks_realloc=0 res_masks=0x6498100 +6579968 end=0x6ade800 | res_mask_base=0x66213c0 +4096 | res_out_exists=1 out=0x66257c0 tiles=1024
[CULL_SPLIT] candidates=1637292 masks=6.28MB exec=49.1 ms masks_addr=0x6498100 end=0x6ade800 base_addr=0x66213c0
[BLEND_ALLOC] out_realloc=0 res_out=0x66257c0 +6291456 end=0x6c257c0 | res_masks=0x6498100 +12883072 end=0x70e1580 | xramp=0x66237c0 yramp=0x66247c0
[BLEND_SPLIT] upload=0.9 (attrs=0.0MB ids=0.0MB resident) exec=332.1 readback=1.4 total=334.4 ms
[BLEND_ADDR] cull_masks=0x6498100 out=0x66257c0 end=0x6c257c0 tile_ids=0x66e57c0 xramp=0x66237c0
[BLEND_HOST] resident_blend device=392.0 (host attr/id build=0, upload=0) total=392.0 ms
[SORT] stage=RP P=934247 P_kept=867521 num_tiles=1024 max_tile_n=5136 bin=3.81 up=0.29 kernel=3.19 d2h=7.08 compact=0.00 publish=0.40 total=16.07ms
[CULL_ALLOC] masks_realloc=0 res_masks=0x6498100 +3500544 end=0x67eeb00 | res_mask_base=0x66213c0 +4096 | res_out_exists=1 out=0x66257c0 tiles=1024
[CULL_SPLIT] candidates=867521 masks=3.34MB exec=19.3 ms masks_addr=0x6498100 end=0x67eeb00 base_addr=0x66213c0
[BLEND_ALLOC] out_realloc=0 res_out=0x66257c0 +6291456 end=0x6c257c0 | res_masks=0x6498100 +12883072 end=0x70e1580 | xramp=0x66237c0 yramp=0x66247c0
[BLEND_SPLIT] upload=0.9 (attrs=0.0MB ids=0.0MB resident) exec=177.0 readback=1.5 total=179.4 ms
[BLEND_ADDR] cull_masks=0x6498100 out=0x66257c0 end=0x6c257c0 tile_ids=0x66e57c0 xramp=0x66237c0
[BLEND_HOST] resident_blend device=206.1 (host attr/id build=0, upload=0) total=206.1 ms
[SORT] stage=RP P=1124461 P_kept=1056654 num_tiles=1024 max_tile_n=6256 bin=4.27 up=0.32 kernel=3.45 d2h=6.96 compact=0.00 publish=0.53 total=17.15ms
[CULL_ALLOC] masks_realloc=0 res_masks=0x6498100 +4257024 end=0x68a7600 | res_mask_base=0x66213c0 +4096 | res_out_exists=1 out=0x66257c0 tiles=1024
[CULL_SPLIT] candidates=1056654 masks=4.06MB exec=23.6 ms masks_addr=0x6498100 end=0x68a7600 base_addr=0x66213c0
[BLEND_ALLOC] out_realloc=0 res_out=0x66257c0 +6291456 end=0x6c257c0 | res_masks=0x6498100 +12883072 end=0x70e1580 | xramp=0x66237c0 yramp=0x66247c0
[BLEND_SPLIT] upload=0.9 (attrs=0.0MB ids=0.0MB resident) exec=207.4 readback=1.5 total=209.8 ms
[BLEND_ADDR] cull_masks=0x6498100 out=0x66257c0 end=0x6c257c0 tile_ids=0x66e57c0 xramp=0x66237c0
[BLEND_HOST] resident_blend device=240.6 (host attr/id build=0, upload=0) total=240.6 ms
[SORT] stage=RP P=835298 P_kept=781922 num_tiles=1024 max_tile_n=5312 bin=3.80 up=0.30 kernel=2.97 d2h=6.93 compact=0.00 publish=0.37 total=15.53ms
[CULL_ALLOC] masks_realloc=0 res_masks=0x6498100 +3157632 end=0x679af80 | res_mask_base=0x66213c0 +4096 | res_out_exists=1 out=0x66257c0 tiles=1024
[CULL_SPLIT] candidates=781922 masks=3.01MB exec=17.4 ms masks_addr=0x6498100 end=0x679af80 base_addr=0x66213c0
[BLEND_ALLOC] out_realloc=0 res_out=0x66257c0 +6291456 end=0x6c257c0 | res_masks=0x6498100 +12883072 end=0x70e1580 | xramp=0x66237c0 yramp=0x66247c0
[BLEND_SPLIT] upload=0.9 (attrs=0.0MB ids=0.0MB resident) exec=153.4 readback=1.4 total=155.7 ms
[BLEND_ADDR] cull_masks=0x6498100 out=0x66257c0 end=0x6c257c0 tile_ids=0x66e57c0 xramp=0x66237c0
[BLEND_HOST] resident_blend device=185.4 (host attr/id build=0, upload=0) total=185.4 ms
[SORT] stage=RP P=1067596 P_kept=1004359 num_tiles=1024 max_tile_n=4816 bin=3.95 up=0.29 kernel=3.32 d2h=6.93 compact=0.00 publish=0.44 total=17.44ms
[CULL_ALLOC] masks_realloc=0 res_masks=0x6498100 +4048576 end=0x68747c0 | res_mask_base=0x66213c0 +4096 | res_out_exists=1 out=0x66257c0 tiles=1024
[CULL_SPLIT] candidates=1004359 masks=3.86MB exec=22.5 ms masks_addr=0x6498100 end=0x68747c0 base_addr=0x66213c0
[BLEND_ALLOC] out_realloc=0 res_out=0x66257c0 +6291456 end=0x6c257c0 | res_masks=0x6498100 +12883072 end=0x70e1580 | xramp=0x66237c0 yramp=0x66247c0
[BLEND_SPLIT] upload=0.9 (attrs=0.0MB ids=0.0MB resident) exec=181.7 readback=1.5 total=184.1 ms
[BLEND_ADDR] cull_masks=0x6498100 out=0x66257c0 end=0x6c257c0 tile_ids=0x66e57c0 xramp=0x66237c0
[BLEND_HOST] resident_blend device=220.9 (host attr/id build=0, upload=0) total=220.9 ms
[SORT] stage=RP P=1024763 P_kept=962008 num_tiles=1024 max_tile_n=4576 bin=3.83 up=0.29 kernel=3.42 d2h=6.91 compact=0.00 publish=0.47 total=16.28ms
[CULL_ALLOC] masks_realloc=0 res_masks=0x6498100 +3878976 end=0x684b140 | res_mask_base=0x66213c0 +4096 | res_out_exists=1 out=0x66257c0 tiles=1024
[CULL_SPLIT] candidates=962008 masks=3.70MB exec=21.6 ms masks_addr=0x6498100 end=0x684b140 base_addr=0x66213c0
[BLEND_ALLOC] out_realloc=0 res_out=0x66257c0 +6291456 end=0x6c257c0 | res_masks=0x6498100 +12883072 end=0x70e1580 | xramp=0x66237c0 yramp=0x66247c0
[BLEND_SPLIT] upload=0.9 (attrs=0.0MB ids=0.0MB resident) exec=175.2 readback=1.5 total=177.6 ms
[BLEND_ADDR] cull_masks=0x6498100 out=0x66257c0 end=0x6c257c0 tile_ids=0x66e57c0 xramp=0x66237c0
[BLEND_HOST] resident_blend device=212.2 (host attr/id build=0, upload=0) total=212.2 ms
[SORT] stage=RP P=779787 P_kept=724640 num_tiles=1024 max_tile_n=3328 bin=3.70 up=0.31 kernel=3.08 d2h=7.04 compact=0.00 publish=0.41 total=16.07ms
[CULL_ALLOC] masks_realloc=0 res_masks=0x6498100 +2929984 end=0x6763640 | res_mask_base=0x66213c0 +4096 | res_out_exists=1 out=0x66257c0 tiles=1024
[CULL_SPLIT] candidates=724640 masks=2.79MB exec=16.3 ms masks_addr=0x6498100 end=0x6763640 base_addr=0x66213c0
[BLEND_ALLOC] out_realloc=0 res_out=0x66257c0 +6291456 end=0x6c257c0 | res_masks=0x6498100 +12883072 end=0x70e1580 | xramp=0x66237c0 yramp=0x66247c0
[BLEND_SPLIT] upload=1.0 (attrs=0.0MB ids=0.0MB resident) exec=139.0 readback=1.5 total=141.5 ms
[BLEND_ADDR] cull_masks=0x6498100 out=0x66257c0 end=0x6c257c0 tile_ids=0x66e57c0 xramp=0x66237c0
[BLEND_HOST] resident_blend device=170.6 (host attr/id build=0, upload=0) total=170.6 ms
[SORT] stage=RP P=402318 P_kept=360276 num_tiles=1024 max_tile_n=2592 bin=2.87 up=0.32 kernel=2.33 d2h=7.02 compact=0.00 publish=0.28 total=13.85ms
[CULL_ALLOC] masks_realloc=0 res_masks=0x6498100 +1472576 end=0x65ff940 | res_mask_base=0x66213c0 +4096 | res_out_exists=1 out=0x66257c0 tiles=1024
[CULL_SPLIT] candidates=360276 masks=1.40MB exec=8.2 ms masks_addr=0x6498100 end=0x65ff940 base_addr=0x66213c0
[BLEND_ALLOC] out_realloc=0 res_out=0x66257c0 +6291456 end=0x6c257c0 | res_masks=0x6498100 +12883072 end=0x70e1580 | xramp=0x66237c0 yramp=0x66247c0
[BLEND_SPLIT] upload=0.9 (attrs=0.0MB ids=0.0MB resident) exec=76.9 readback=1.5 total=79.3 ms
[BLEND_ADDR] cull_masks=0x6498100 out=0x66257c0 end=0x6c257c0 tile_ids=0x66e57c0 xramp=0x66237c0
[BLEND_HOST] resident_blend device=98.4 (host attr/id build=0, upload=0) total=98.4 ms
[SORT] stage=RP P=638458 P_kept=582104 num_tiles=1024 max_tile_n=3264 bin=3.20 up=0.29 kernel=2.78 d2h=7.17 compact=0.00 publish=0.29 total=14.67ms
[CULL_ALLOC] masks_realloc=0 res_masks=0x6498100 +2358592 end=0x66d7e40 | res_mask_base=0x66213c0 +4096 | res_out_exists=1 out=0x66257c0 tiles=1024
[CULL_SPLIT] candidates=582104 masks=2.25MB exec=13.1 ms masks_addr=0x6498100 end=0x66d7e40 base_addr=0x66213c0
[BLEND_ALLOC] out_realloc=0 res_out=0x66257c0 +6291456 end=0x6c257c0 | res_masks=0x6498100 +12883072 end=0x70e1580 | xramp=0x66237c0 yramp=0x66247c0
[BLEND_SPLIT] upload=0.9 (attrs=0.0MB ids=0.0MB resident) exec=118.1 readback=4.6 total=123.7 ms
[BLEND_ADDR] cull_masks=0x6498100 out=0x66257c0 end=0x6c257c0 tile_ids=0x66e57c0 xramp=0x66237c0
[BLEND_HOST] resident_blend device=150.7 (host attr/id build=0, upload=0) total=150.7 ms
[SORT] stage=RP P=486800 P_kept=434755 num_tiles=1024 max_tile_n=3760 bin=2.83 up=0.29 kernel=2.52 d2h=6.97 compact=0.00 publish=0.25 total=13.64ms
[CULL_ALLOC] masks_realloc=0 res_masks=0x6498100 +1769152 end=0x6647fc0 | res_mask_base=0x66213c0 +4096 | res_out_exists=1 out=0x66257c0 tiles=1024
[CULL_SPLIT] candidates=434755 masks=1.69MB exec=9.8 ms masks_addr=0x6498100 end=0x6647fc0 base_addr=0x66213c0
[BLEND_ALLOC] out_realloc=0 res_out=0x66257c0 +6291456 end=0x6c257c0 | res_masks=0x6498100 +12883072 end=0x70e1580 | xramp=0x66237c0 yramp=0x66247c0
[BLEND_SPLIT] upload=0.9 (attrs=0.0MB ids=0.0MB resident) exec=95.4 readback=1.5 total=97.9 ms
[BLEND_ADDR] cull_masks=0x6498100 out=0x66257c0 end=0x6c257c0 tile_ids=0x66e57c0 xramp=0x66237c0
[BLEND_HOST] resident_blend device=121.1 (host attr/id build=0, upload=0) total=121.1 ms
[SORT] stage=RP P=602411 P_kept=544891 num_tiles=1024 max_tile_n=4304 bin=3.13 up=0.29 kernel=2.74 d2h=6.95 compact=0.00 publish=0.29 total=14.30ms
[CULL_ALLOC] masks_realloc=0 res_masks=0x6498100 +2210496 end=0x66b3bc0 | res_mask_base=0x66213c0 +4096 | res_out_exists=1 out=0x66257c0 tiles=1024
[CULL_SPLIT] candidates=544891 masks=2.11MB exec=12.2 ms masks_addr=0x6498100 end=0x66b3bc0 base_addr=0x66213c0
[BLEND_ALLOC] out_realloc=0 res_out=0x66257c0 +6291456 end=0x6c257c0 | res_masks=0x6498100 +12883072 end=0x70e1580 | xramp=0x66237c0 yramp=0x66247c0
[BLEND_SPLIT] upload=0.9 (attrs=0.0MB ids=0.0MB resident) exec=117.2 readback=1.5 total=119.6 ms
[BLEND_ADDR] cull_masks=0x6498100 out=0x66257c0 end=0x6c257c0 tile_ids=0x66e57c0 xramp=0x66237c0
[BLEND_HOST] resident_blend device=145.0 (host attr/id build=0, upload=0) total=145.0 ms
[SORT] stage=RP P=629297 P_kept=570421 num_tiles=1024 max_tile_n=4784 bin=3.11 up=0.29 kernel=2.77 d2h=6.95 compact=0.00 publish=0.29 total=14.34ms
[CULL_ALLOC] masks_realloc=0 res_masks=0x6498100 +2311936 end=0x66cc800 | res_mask_base=0x66213c0 +4096 | res_out_exists=1 out=0x66257c0 tiles=1024
[CULL_SPLIT] candidates=570421 masks=2.20MB exec=12.8 ms masks_addr=0x6498100 end=0x66cc800 base_addr=0x66213c0
[BLEND_ALLOC] out_realloc=0 res_out=0x66257c0 +6291456 end=0x6c257c0 | res_masks=0x6498100 +12883072 end=0x70e1580 | xramp=0x66237c0 yramp=0x66247c0
[BLEND_SPLIT] upload=0.9 (attrs=0.0MB ids=0.0MB resident) exec=118.8 readback=1.5 total=121.2 ms
[BLEND_ADDR] cull_masks=0x6498100 out=0x66257c0 end=0x6c257c0 tile_ids=0x66e57c0 xramp=0x66237c0
[BLEND_HOST] resident_blend device=148.1 (host attr/id build=0, upload=0) total=148.1 ms
[SORT] stage=RP P=574474 P_kept=518758 num_tiles=1024 max_tile_n=4640 bin=3.02 up=0.29 kernel=2.66 d2h=6.94 compact=0.00 publish=0.28 total=14.06ms
[CULL_ALLOC] masks_realloc=0 res_masks=0x6498100 +2105536 end=0x669a1c0 | res_mask_base=0x66213c0 +4096 | res_out_exists=1 out=0x66257c0 tiles=1024
[CULL_SPLIT] candidates=518758 masks=2.01MB exec=11.6 ms masks_addr=0x6498100 end=0x669a1c0 base_addr=0x66213c0
[BLEND_ALLOC] out_realloc=0 res_out=0x66257c0 +6291456 end=0x6c257c0 | res_masks=0x6498100 +12883072 end=0x70e1580 | xramp=0x66237c0 yramp=0x66247c0
[BLEND_SPLIT] upload=0.9 (attrs=0.0MB ids=0.0MB resident) exec=111.1 readback=1.4 total=113.5 ms
[BLEND_ADDR] cull_masks=0x6498100 out=0x66257c0 end=0x6c257c0 tile_ids=0x66e57c0 xramp=0x66237c0
[BLEND_HOST] resident_blend device=139.3 (host attr/id build=0, upload=0) total=139.3 ms
[SORT] stage=RP P=508814 P_kept=455635 num_tiles=1024 max_tile_n=4352 bin=3.07 up=0.31 kernel=2.60 d2h=7.05 compact=0.00 publish=0.35 total=14.46ms
[CULL_ALLOC] masks_realloc=0 res_masks=0x6498100 +1854400 end=0x665ccc0 | res_mask_base=0x66213c0 +4096 | res_out_exists=1 out=0x66257c0 tiles=1024
[CULL_SPLIT] candidates=455635 masks=1.77MB exec=10.3 ms masks_addr=0x6498100 end=0x665ccc0 base_addr=0x66213c0
[BLEND_ALLOC] out_realloc=0 res_out=0x66257c0 +6291456 end=0x6c257c0 | res_masks=0x6498100 +12883072 end=0x70e1580 | xramp=0x66237c0 yramp=0x66247c0
[BLEND_SPLIT] upload=1.0 (attrs=0.0MB ids=0.0MB resident) exec=101.1 readback=1.5 total=103.7 ms
[BLEND_ADDR] cull_masks=0x6498100 out=0x66257c0 end=0x6c257c0 tile_ids=0x66e57c0 xramp=0x66237c0
[BLEND_HOST] resident_blend device=128.1 (host attr/id build=0, upload=0) total=128.1 ms
[SORT] stage=RP P=414994 P_kept=365695 num_tiles=1024 max_tile_n=3520 bin=2.85 up=0.29 kernel=2.39 d2h=6.98 compact=0.00 publish=0.22 total=13.54ms
[CULL_ALLOC] masks_realloc=0 res_masks=0x6498100 +1492288 end=0x6604640 | res_mask_base=0x66213c0 +4096 | res_out_exists=1 out=0x66257c0 tiles=1024
[CULL_SPLIT] candidates=365695 masks=1.42MB exec=8.2 ms masks_addr=0x6498100 end=0x6604640 base_addr=0x66213c0
[BLEND_ALLOC] out_realloc=0 res_out=0x66257c0 +6291456 end=0x6c257c0 | res_masks=0x6498100 +12883072 end=0x70e1580 | xramp=0x66237c0 yramp=0x66247c0
[BLEND_SPLIT] upload=0.9 (attrs=0.0MB ids=0.0MB resident) exec=84.8 readback=1.4 total=87.1 ms
[BLEND_ADDR] cull_masks=0x6498100 out=0x66257c0 end=0x6c257c0 tile_ids=0x66e57c0 xramp=0x66237c0
[BLEND_HOST] resident_blend device=105.8 (host attr/id build=0, upload=0) total=105.8 ms
[SORT] stage=RP P=245802 P_kept=202039 num_tiles=1024 max_tile_n=2624 bin=2.57 up=0.29 kernel=2.06 d2h=7.18 compact=0.00 publish=0.19 total=12.79ms
[CULL_ALLOC] masks_realloc=0 res_masks=0x6498100 +839296 end=0x6564f80 | res_mask_base=0x66213c0 +4096 | res_out_exists=1 out=0x66257c0 tiles=1024
[CULL_SPLIT] candidates=202039 masks=0.80MB exec=4.6 ms masks_addr=0x6498100 end=0x6564f80 base_addr=0x66213c0
[BLEND_ALLOC] out_realloc=0 res_out=0x66257c0 +6291456 end=0x6c257c0 | res_masks=0x6498100 +12883072 end=0x70e1580 | xramp=0x66237c0 yramp=0x66247c0
[BLEND_SPLIT] upload=0.9 (attrs=0.0MB ids=0.0MB resident) exec=58.2 readback=1.3 total=60.4 ms
[BLEND_ADDR] cull_masks=0x6498100 out=0x66257c0 end=0x6c257c0 tile_ids=0x66e57c0 xramp=0x66237c0
[BLEND_HOST] resident_blend device=78.3 (host attr/id build=0, upload=0) total=78.3 ms
[SORT] stage=RP P=162380 P_kept=121062 num_tiles=1024 max_tile_n=1664 bin=2.37 up=0.29 kernel=1.88 d2h=7.16 compact=0.00 publish=0.12 total=12.25ms
[CULL_ALLOC] masks_realloc=0 res_masks=0x6498100 +515456 end=0x6515e80 | res_mask_base=0x66213c0 +4096 | res_out_exists=1 out=0x66257c0 tiles=1024
[CULL_SPLIT] candidates=121062 masks=0.49MB exec=2.9 ms masks_addr=0x6498100 end=0x6515e80 base_addr=0x66213c0
[BLEND_ALLOC] out_realloc=0 res_out=0x66257c0 +6291456 end=0x6c257c0 | res_masks=0x6498100 +12883072 end=0x70e1580 | xramp=0x66237c0 yramp=0x66247c0
[BLEND_SPLIT] upload=0.9 (attrs=0.0MB ids=0.0MB resident) exec=38.1 readback=1.3 total=40.3 ms
[BLEND_ADDR] cull_masks=0x6498100 out=0x66257c0 end=0x6c257c0 tile_ids=0x66e57c0 xramp=0x66237c0
[BLEND_HOST] resident_blend device=57.3 (host attr/id build=0, upload=0) total=57.3 ms
[SORT] stage=RP P=588050 P_kept=531265 num_tiles=1024 max_tile_n=4800 bin=3.10 up=0.29 kernel=2.69 d2h=7.13 compact=0.00 publish=0.30 total=14.41ms
[CULL_ALLOC] masks_realloc=0 res_masks=0x6498100 +2155840 end=0x66a6640 | res_mask_base=0x66213c0 +4096 | res_out_exists=1 out=0x66257c0 tiles=1024
[CULL_SPLIT] candidates=531265 masks=2.06MB exec=11.9 ms masks_addr=0x6498100 end=0x66a6640 base_addr=0x66213c0
[BLEND_ALLOC] out_realloc=0 res_out=0x66257c0 +6291456 end=0x6c257c0 | res_masks=0x6498100 +12883072 end=0x70e1580 | xramp=0x66237c0 yramp=0x66247c0
[BLEND_SPLIT] upload=0.9 (attrs=0.0MB ids=0.0MB resident) exec=112.4 readback=4.8 total=118.0 ms
[BLEND_ADDR] cull_masks=0x6498100 out=0x66257c0 end=0x6c257c0 tile_ids=0x66e57c0 xramp=0x66237c0
[BLEND_HOST] resident_blend device=143.6 (host attr/id build=0, upload=0) total=143.6 ms
[SORT] stage=RP P=854460 P_kept=787093 num_tiles=1024 max_tile_n=5072 bin=3.49 up=0.29 kernel=3.16 d2h=6.94 compact=0.00 publish=0.37 total=15.46ms
[CULL_ALLOC] masks_realloc=0 res_masks=0x6498100 +3179392 end=0x67a0480 | res_mask_base=0x66213c0 +4096 | res_out_exists=1 out=0x66257c0 tiles=1024
[CULL_SPLIT] candidates=787093 masks=3.03MB exec=17.6 ms masks_addr=0x6498100 end=0x67a0480 base_addr=0x66213c0
[BLEND_ALLOC] out_realloc=0 res_out=0x66257c0 +6291456 end=0x6c257c0 | res_masks=0x6498100 +12883072 end=0x70e1580 | xramp=0x66237c0 yramp=0x66247c0
[BLEND_SPLIT] upload=0.9 (attrs=0.0MB ids=0.0MB resident) exec=154.3 readback=1.5 total=156.7 ms
[BLEND_ADDR] cull_masks=0x6498100 out=0x66257c0 end=0x6c257c0 tile_ids=0x66e57c0 xramp=0x66237c0
[BLEND_HOST] resident_blend device=187.8 (host attr/id build=0, upload=0) total=187.8 ms
[SORT] stage=RP P=840033 P_kept=772462 num_tiles=1024 max_tile_n=4560 bin=3.45 up=0.29 kernel=3.14 d2h=6.94 compact=0.00 publish=0.38 total=15.36ms
[CULL_ALLOC] masks_realloc=0 res_masks=0x6498100 +3121152 end=0x6792100 | res_mask_base=0x66213c0 +4096 | res_out_exists=1 out=0x66257c0 tiles=1024
[CULL_SPLIT] candidates=772462 masks=2.98MB exec=17.3 ms masks_addr=0x6498100 end=0x6792100 base_addr=0x66213c0
[BLEND_ALLOC] out_realloc=0 res_out=0x66257c0 +6291456 end=0x6c257c0 | res_masks=0x6498100 +12883072 end=0x70e1580 | xramp=0x66237c0 yramp=0x66247c0
[BLEND_SPLIT] upload=0.9 (attrs=0.0MB ids=0.0MB resident) exec=152.5 readback=1.5 total=154.9 ms
[BLEND_ADDR] cull_masks=0x6498100 out=0x66257c0 end=0x6c257c0 tile_ids=0x66e57c0 xramp=0x66237c0
[BLEND_HOST] resident_blend device=186.6 (host attr/id build=0, upload=0) total=186.6 ms
[SORT] stage=RP P=1077452 P_kept=1004258 num_tiles=1024 max_tile_n=5232 bin=3.96 up=0.30 kernel=3.48 d2h=6.93 compact=0.00 publish=0.46 total=17.62ms
[CULL_ALLOC] masks_realloc=0 res_masks=0x6498100 +4047360 end=0x6874300 | res_mask_base=0x66213c0 +4096 | res_out_exists=1 out=0x66257c0 tiles=1024
[CULL_SPLIT] candidates=1004258 masks=3.86MB exec=22.4 ms masks_addr=0x6498100 end=0x6874300 base_addr=0x66213c0
[BLEND_ALLOC] out_realloc=0 res_out=0x66257c0 +6291456 end=0x6c257c0 | res_masks=0x6498100 +12883072 end=0x70e1580 | xramp=0x66237c0 yramp=0x66247c0
[BLEND_SPLIT] upload=0.9 (attrs=0.0MB ids=0.0MB resident) exec=194.1 readback=4.6 total=199.7 ms
[BLEND_ADDR] cull_masks=0x6498100 out=0x66257c0 end=0x6c257c0 tile_ids=0x66e57c0 xramp=0x66237c0
[BLEND_HOST] resident_blend device=235.6 (host attr/id build=0, upload=0) total=235.6 ms
[SORT] stage=RP P=1175882 P_kept=1106757 num_tiles=1024 max_tile_n=5248 bin=4.16 up=0.29 kernel=3.51 d2h=6.92 compact=0.00 publish=0.47 total=16.91ms
[CULL_ALLOC] masks_realloc=0 res_masks=0x6498100 +4457920 end=0x68d86c0 | res_mask_base=0x66213c0 +4096 | res_out_exists=1 out=0x66257c0 tiles=1024
[CULL_SPLIT] candidates=1106757 masks=4.25MB exec=24.7 ms masks_addr=0x6498100 end=0x68d86c0 base_addr=0x66213c0
[BLEND_ALLOC] out_realloc=0 res_out=0x66257c0 +6291456 end=0x6c257c0 | res_masks=0x6498100 +12883072 end=0x70e1580 | xramp=0x66237c0 yramp=0x66247c0
[BLEND_SPLIT] upload=0.9 (attrs=0.0MB ids=0.0MB resident) exec=202.9 readback=2.1 total=205.9 ms
[BLEND_ADDR] cull_masks=0x6498100 out=0x66257c0 end=0x6c257c0 tile_ids=0x66e57c0 xramp=0x66237c0
[BLEND_HOST] resident_blend device=244.6 (host attr/id build=0, upload=0) total=244.6 ms
[SORT] stage=RP P=662931 P_kept=606620 num_tiles=1024 max_tile_n=4928 bin=3.26 up=0.29 kernel=2.84 d2h=6.95 compact=0.00 publish=0.32 total=14.78ms
[CULL_ALLOC] masks_realloc=0 res_masks=0x6498100 +2457408 end=0x66f0040 | res_mask_base=0x66213c0 +4096 | res_out_exists=1 out=0x66257c0 tiles=1024
[CULL_SPLIT] candidates=606620 masks=2.34MB exec=13.6 ms masks_addr=0x6498100 end=0x66f0040 base_addr=0x66213c0
[BLEND_ALLOC] out_realloc=0 res_out=0x66257c0 +6291456 end=0x6c257c0 | res_masks=0x6498100 +12883072 end=0x70e1580 | xramp=0x66237c0 yramp=0x66247c0
[BLEND_SPLIT] upload=0.9 (attrs=0.0MB ids=0.0MB resident) exec=130.9 readback=1.5 total=133.3 ms
[BLEND_ADDR] cull_masks=0x6498100 out=0x66257c0 end=0x6c257c0 tile_ids=0x66e57c0 xramp=0x66237c0
[BLEND_HOST] resident_blend device=156.2 (host attr/id build=0, upload=0) total=156.2 ms
[SORT] stage=RP P=1298085 P_kept=1211183 num_tiles=1024 max_tile_n=18048 bin=4.24 up=0.29 kernel=3.90 d2h=6.91 compact=0.00 publish=0.72 total=19.62ms
[CULL_ALLOC] masks_realloc=0 res_masks=0x6498100 +4875264 end=0x693e500 | res_mask_base=0x66213c0 +4096 | res_out_exists=1 out=0x66257c0 tiles=1024
[CULL_SPLIT] candidates=1211183 masks=4.65MB exec=41.8 ms masks_addr=0x6498100 end=0x693e500 base_addr=0x66213c0
[BLEND_ALLOC] out_realloc=0 res_out=0x66257c0 +6291456 end=0x6c257c0 | res_masks=0x6498100 +12883072 end=0x70e1580 | xramp=0x66237c0 yramp=0x66247c0
[BLEND_SPLIT] upload=0.9 (attrs=0.0MB ids=0.0MB resident) exec=294.7 readback=5.1 total=300.7 ms
[BLEND_ADDR] cull_masks=0x6498100 out=0x66257c0 end=0x6c257c0 tile_ids=0x66e57c0 xramp=0x66237c0
[BLEND_HOST] resident_blend device=356.5 (host attr/id build=0, upload=0) total=356.5 ms
[SORT] stage=RP P=262468 P_kept=239689 num_tiles=1024 max_tile_n=4400 bin=2.64 up=0.29 kernel=1.57 d2h=6.99 compact=0.00 publish=0.22 total=12.28ms
[CULL_ALLOC] masks_realloc=0 res_masks=0x6498100 +988608 end=0x65896c0 | res_mask_base=0x66213c0 +4096 | res_out_exists=1 out=0x66257c0 tiles=1024
[CULL_SPLIT] candidates=239689 masks=0.94MB exec=8.4 ms masks_addr=0x6498100 end=0x65896c0 base_addr=0x66213c0
[BLEND_ALLOC] out_realloc=0 res_out=0x66257c0 +6291456 end=0x6c257c0 | res_masks=0x6498100 +12883072 end=0x70e1580 | xramp=0x66237c0 yramp=0x66247c0
[BLEND_SPLIT] upload=1.0 (attrs=0.0MB ids=0.0MB resident) exec=76.2 readback=1.3 total=78.5 ms
[BLEND_ADDR] cull_masks=0x6498100 out=0x66257c0 end=0x6c257c0 tile_ids=0x66e57c0 xramp=0x66237c0
[BLEND_HOST] resident_blend device=95.1 (host attr/id build=0, upload=0) total=95.1 ms
[SORT] stage=RP P=107247 P_kept=72110 num_tiles=1024 max_tile_n=1440 bin=2.29 up=0.29 kernel=1.46 d2h=7.01 compact=0.00 publish=0.10 total=11.51ms
[CULL_ALLOC] masks_realloc=0 res_masks=0x6498100 +318592 end=0x64e5d80 | res_mask_base=0x66213c0 +4096 | res_out_exists=1 out=0x66257c0 tiles=1024
[CULL_SPLIT] candidates=72110 masks=0.30MB exec=1.8 ms masks_addr=0x6498100 end=0x64e5d80 base_addr=0x66213c0
[BLEND_ALLOC] out_realloc=0 res_out=0x66257c0 +6291456 end=0x6c257c0 | res_masks=0x6498100 +12883072 end=0x70e1580 | xramp=0x66237c0 yramp=0x66247c0
[BLEND_SPLIT] upload=0.9 (attrs=0.0MB ids=0.0MB resident) exec=25.5 readback=1.3 total=27.7 ms
[BLEND_ADDR] cull_masks=0x6498100 out=0x66257c0 end=0x6c257c0 tile_ids=0x66e57c0 xramp=0x66237c0
[BLEND_HOST] resident_blend device=41.6 (host attr/id build=0, upload=0) total=41.6 ms
[SORT] stage=RP P=742945 P_kept=677949 num_tiles=1024 max_tile_n=4672 bin=4.09 up=0.31 kernel=3.03 d2h=7.21 compact=0.00 publish=0.42 total=16.38ms
[CULL_ALLOC] masks_realloc=0 res_masks=0x6498100 +2741824 end=0x6735740 | res_mask_base=0x66213c0 +4096 | res_out_exists=1 out=0x66257c0 tiles=1024
[CULL_SPLIT] candidates=677949 masks=2.61MB exec=15.2 ms masks_addr=0x6498100 end=0x6735740 base_addr=0x66213c0
[BLEND_ALLOC] out_realloc=0 res_out=0x66257c0 +6291456 end=0x6c257c0 | res_masks=0x6498100 +12883072 end=0x70e1580 | xramp=0x66237c0 yramp=0x66247c0
[BLEND_SPLIT] upload=1.1 (attrs=0.0MB ids=0.0MB resident) exec=138.2 readback=4.6 total=143.8 ms
[BLEND_ADDR] cull_masks=0x6498100 out=0x66257c0 end=0x6c257c0 tile_ids=0x66e57c0 xramp=0x66237c0
[BLEND_HOST] resident_blend device=172.7 (host attr/id build=0, upload=0) total=172.7 ms
[SORT] stage=RP P=3369033 P_kept=3213120 num_tiles=1024 max_tile_n=25872 bin=7.88 up=0.29 kernel=7.13 d2h=6.72 compact=0.00 publish=1.26 total=27.48ms
[SORT] stage=RP P=3369033 P_kept=3213120 num_tiles=1024 max_tile_n=25872 bin=7.85 up=0.29 kernel=7.13 d2h=6.76 compact=0.00 publish=1.26 total=27.67ms
[SORT] stage=RP P=2774729 P_kept=2611438 num_tiles=1024 max_tile_n=24176 bin=6.84 up=0.29 kernel=6.18 d2h=6.74 compact=0.00 publish=1.06 total=24.65ms
[SORT] stage=RP P=3235251 P_kept=3044420 num_tiles=1024 max_tile_n=22144 bin=7.63 up=0.29 kernel=6.86 d2h=6.70 compact=0.00 publish=1.17 total=26.57ms
[SORT] stage=RP P=1753355 P_kept=1637292 num_tiles=1024 max_tile_n=20928 bin=5.07 up=0.29 kernel=4.48 d2h=6.77 compact=0.00 publish=0.85 total=19.77ms
[SORT] stage=RP P=934247 P_kept=867521 num_tiles=1024 max_tile_n=5136 bin=3.72 up=0.29 kernel=3.19 d2h=6.74 compact=0.00 publish=0.40 total=15.59ms
[SORT] stage=RP P=1124461 P_kept=1056654 num_tiles=1024 max_tile_n=6256 bin=4.06 up=0.29 kernel=3.42 d2h=6.76 compact=0.00 publish=0.46 total=16.52ms
[SORT] stage=RP P=835298 P_kept=781922 num_tiles=1024 max_tile_n=5312 bin=3.55 up=0.29 kernel=2.98 d2h=6.69 compact=0.00 publish=0.38 total=15.11ms
[SORT] stage=RP P=1067596 P_kept=1004359 num_tiles=1024 max_tile_n=4816 bin=3.94 up=0.29 kernel=3.33 d2h=6.75 compact=0.00 publish=0.45 total=16.22ms
[SORT] stage=RP P=1024763 P_kept=962008 num_tiles=1024 max_tile_n=4576 bin=3.85 up=0.30 kernel=3.43 d2h=6.75 compact=0.00 publish=0.43 total=16.21ms
[SORT] stage=RP P=779787 P_kept=724640 num_tiles=1024 max_tile_n=3328 bin=3.43 up=0.29 kernel=3.05 d2h=6.75 compact=0.00 publish=0.35 total=15.00ms
[SORT] stage=RP P=402318 P_kept=360276 num_tiles=1024 max_tile_n=2592 bin=2.77 up=0.29 kernel=2.29 d2h=6.81 compact=0.00 publish=0.22 total=13.10ms
[SORT] stage=RP P=638458 P_kept=582104 num_tiles=1024 max_tile_n=3264 bin=3.17 up=0.29 kernel=2.78 d2h=6.70 compact=0.00 publish=0.30 total=14.20ms
[SORT] stage=RP P=486800 P_kept=434755 num_tiles=1024 max_tile_n=3760 bin=2.91 up=0.29 kernel=2.52 d2h=6.71 compact=0.00 publish=0.26 total=13.49ms
[SORT] stage=RP P=602411 P_kept=544891 num_tiles=1024 max_tile_n=4304 bin=3.11 up=0.29 kernel=2.74 d2h=6.75 compact=0.00 publish=0.30 total=14.11ms
[SORT] stage=RP P=629297 P_kept=570421 num_tiles=1024 max_tile_n=4784 bin=3.16 up=0.29 kernel=2.77 d2h=6.75 compact=0.00 publish=0.30 total=14.23ms
[SORT] stage=RP P=574474 P_kept=518758 num_tiles=1024 max_tile_n=4640 bin=3.06 up=0.29 kernel=2.67 d2h=6.74 compact=0.00 publish=0.29 total=13.94ms
[SORT] stage=RP P=508814 P_kept=455635 num_tiles=1024 max_tile_n=4352 bin=2.92 up=0.29 kernel=2.57 d2h=6.73 compact=0.00 publish=0.29 total=13.63ms
[SORT] stage=RP P=414994 P_kept=365695 num_tiles=1024 max_tile_n=3520 bin=2.75 up=0.29 kernel=2.40 d2h=6.75 compact=0.00 publish=0.23 total=13.17ms
[SORT] stage=RP P=245802 P_kept=202039 num_tiles=1024 max_tile_n=2624 bin=2.33 up=0.29 kernel=2.07 d2h=6.73 compact=0.00 publish=0.19 total=12.13ms
[SORT] stage=RP P=162380 P_kept=121062 num_tiles=1024 max_tile_n=1664 bin=2.51 up=0.29 kernel=1.88 d2h=6.70 compact=0.00 publish=0.13 total=11.97ms
[SORT] stage=RP P=588050 P_kept=531265 num_tiles=1024 max_tile_n=4800 bin=3.12 up=0.29 kernel=2.68 d2h=6.77 compact=0.00 publish=0.30 total=14.08ms
[SORT] stage=RP P=854460 P_kept=787093 num_tiles=1024 max_tile_n=5072 bin=3.54 up=0.29 kernel=3.16 d2h=6.75 compact=0.00 publish=0.37 total=15.31ms
[SORT] stage=RP P=840033 P_kept=772462 num_tiles=1024 max_tile_n=4560 bin=3.51 up=0.29 kernel=3.14 d2h=6.75 compact=0.00 publish=0.47 total=15.36ms
[SORT] stage=RP P=1077452 P_kept=1004258 num_tiles=1024 max_tile_n=5232 bin=3.92 up=0.29 kernel=3.48 d2h=6.75 compact=0.00 publish=0.45 total=16.33ms
[SORT] stage=RP P=1175882 P_kept=1106757 num_tiles=1024 max_tile_n=5248 bin=4.12 up=0.29 kernel=3.51 d2h=6.69 compact=0.00 publish=0.47 total=16.65ms
[SORT] stage=RP P=662931 P_kept=606620 num_tiles=1024 max_tile_n=4928 bin=3.19 up=0.29 kernel=2.83 d2h=6.75 compact=0.00 publish=0.32 total=14.38ms
[SORT] stage=RP P=1298085 P_kept=1211183 num_tiles=1024 max_tile_n=18048 bin=4.29 up=0.29 kernel=3.90 d2h=6.73 compact=0.00 publish=0.73 total=17.63ms
[SORT] stage=RP P=262468 P_kept=239689 num_tiles=1024 max_tile_n=4400 bin=2.45 up=0.29 kernel=1.57 d2h=6.68 compact=0.00 publish=0.23 total=11.83ms
[SORT] stage=RP P=107247 P_kept=72110 num_tiles=1024 max_tile_n=1440 bin=2.47 up=0.29 kernel=1.47 d2h=6.70 compact=0.00 publish=0.11 total=11.43ms
[SORT] stage=RP P=742945 P_kept=677949 num_tiles=1024 max_tile_n=4672 bin=3.38 up=0.29 kernel=2.99 d2h=6.74 compact=0.00 publish=0.33 total=14.82ms
SUMMARY backend=tt blend_mode=2 views=30 hero_vs_gt=46.78dB hero_vs_ref=63.64dB min_vs_ref=55.77dB min_vs_gt=41.19dB ms/view=304.0 (proj=31.9 ta=29.6 sort=15.5 blend=173.2) shot=opt/metal-screenshots/loop-gate30ref/hero.png
[bh-30-special-smarton-for-reservation-75776:461940] *** Process received signal ***
[bh-30-special-smarton-for-reservation-75776:461940] Signal: Segmentation fault (11)
[bh-30-special-smarton-for-reservation-75776:461940] Signal code: Address not mapped (1)
[bh-30-special-smarton-for-reservation-75776:461940] Failing at address: 0x58d6049e7
[bh-30-special-smarton-for-reservation-75776:461940] [ 0] /lib/x86_64-linux-gnu/libc.so.6(+0x42520)[0x79b678a3c520]
[bh-30-special-smarton-for-reservation-75776:461940] [ 1] /localdev/smarton/tt-metal/build/tt_metal/libtt_metal.so(_ZNSt8__detail9_Map_baseIjSt4pairIKjNSt6chrono10time_pointINS3_3_V212steady_clockENS3_8durationIlSt5ratioILl1ELl1000000000EEEEEEESaISC_ENS_10_Select1stESt8equal_toIjESt4hashIjENS_18_Mod_range_hashingENS_20_Default_ranged_hashENS_20_Prime_rehash_policyENS_17_Hashtable_traitsILb0ELb0ELb1EEELb1EEixEOj+0x48)[0x79b61db52488]
[bh-30-special-smarton-for-reservation-75776:461940] [ 2] /localdev/smarton/tt-metal/build/tt_metal/libtt_metal.so(_ZN2tt8tt_metal25SharedMemoryStatsProvider21update_from_allocatorEPKNS0_6DeviceEi+0x9c)[0x79b61db41f9c]
[bh-30-special-smarton-for-reservation-75776:461940] [ 3] /localdev/smarton/tt-metal/build/tt_metal/libtt_metal.so(_ZN2tt8tt_metal6detail11ProgramImpl27deallocate_circular_buffersEv+0xc0)[0x79b61dbfb5c0]
[bh-30-special-smarton-for-reservation-75776:461940] [ 4] /localdev/smarton/tt-metal/build/tt_metal/libtt_metal.so(_ZN2tt8tt_metal6detail11ProgramImplD1Ev+0x1a)[0x79b61dc067fa]
[bh-30-special-smarton-for-reservation-75776:461940] [ 5] /localdev/smarton/tt-metal/build/tt_metal/libtt_metal.so(+0x5dfc26)[0x79b61d9dfc26]
[bh-30-special-smarton-for-reservation-75776:461940] [ 6] /localdev/smarton/tt-metal/build/tt_metal/libtt_metal.so(_ZN2tt8tt_metal11distributed16MeshWorkloadImplD2Ev+0xa8)[0x79b61df17168]
[bh-30-special-smarton-for-reservation-75776:461940] [ 7] /localdev/smarton/tt-metal/build/tt_metal/libtt_metal.so(_ZN2tt8tt_metal11distributed12MeshWorkloadD1Ev+0x15)[0x79b61df175e5]
[bh-30-special-smarton-for-reservation-75776:461940] [ 8] /localdev/smarton/gstt2/backends/cpu_cpp/_gsplat_cpu.cpython-310-x86_64-linux-gnu.so(+0xbcbd1)[0x79b61ebf0bd1]
[bh-30-special-smarton-for-reservation-75776:461940] [ 9] /lib/x86_64-linux-gnu/libc.so.6(+0x45495)[0x79b678a3f495]
[bh-30-special-smarton-for-reservation-75776:461940] [10] /lib/x86_64-linux-gnu/libc.so.6(on_exit+0x0)[0x79b678a3f610]
[bh-30-special-smarton-for-reservation-75776:461940] [11] /lib/x86_64-linux-gnu/libc.so.6(+0x29d97)[0x79b678a23d97]
[bh-30-special-smarton-for-reservation-75776:461940] [12] /lib/x86_64-linux-gnu/libc.so.6(__libc_start_main+0x80)[0x79b678a23e40]
[bh-30-special-smarton-for-reservation-75776:461940] [13] .venv/bin/python3(_start+0x25)[0x58d5d627ab45]
[bh-30-special-smarton-for-reservation-75776:461940] *** End of error message ***
