================ BUILD ID ================
  cpp : #8 sha=b3b6231 fix: dedicated per-chunk barrier for SFPU mask read
  data: # sha= 
=========================================
host=bh-30  tag=sfpu  timeout=1500s  worry=600s  ts=2026-05-31T15:06:27-0700
cmd: export TT_METAL_HOME=/localdev/smarton/tt-metal TT_METAL_RUNTIME_ROOT=/localdev/smarton/tt-metal TT_METAL_CACHE=/localdev/smarton/.cache/tt-metal-cache TT_METAL_ARCH_NAME=blackhole MESH_DEVICE=P100 GSPLAT_TT_BLEND_MODE=2 GSPLAT_TT_MB_KERNEL=1 GSPLAT_TT_MB_DEVCULL=1 GSPLAT_TT_DEVICE_PROJECT=1 GSPLAT_TT_RESIDENT_PROJECT=1 GSPLAT_TT_RESIDENT_GATHER=1 GSPLAT_TT_DEVICE_TILE_ASSIGN=1 GSPLAT_TT_RESIDENT_TA_IN=1 GSPLAT_TT_DEVICE_SORT=1 GSPLAT_TT_RESIDENT_PAIRS=1 GSPLAT_TT_RESIDENT_BLEND=1 GSPLAT_TT_SORT_DEVICE_PUBLISH=1 GSPLAT_TT_TA_DEVICE_SCAN=1 GSPLAT_TT_MB_TIMING=1 GSPLAT_TT_SFPU_CULL=1 GSPLAT_TT_MB_COEFF_DEPTH=2; source .venv/bin/activate 2>/dev/null; .venv/bin/python3 scripts/a003_verify.py --views 1 --iter-dir loop-depth2 --out opt/ttw/depth2.json
-----------------------------------------
2026-05-31 22:06:30.195 | info     |             UMD | Creating TopologyDiscovery for architecture: blackhole (topology_discovery.cpp:75)
2026-05-31 22:06:30.195 | info     |             UMD | Starting topology discovery. (topology_discovery.cpp:92)
2026-05-31 22:06:30.196 | warning  |             UMD | Low power mode is disabled while UMD holds open file descriptors. The device will return to low power mode once all file descriptors are closed. (topology_discovery.cpp:140)
2026-05-31 22:06:30.196 | warning  |             UMD | KMD version 2.4.1 does not support power state management. (pci_device.cpp:1067)
2026-05-31 22:06:30.196 | info     |             UMD | Established firmware bundle version: 19.5.0 (topology_discovery.cpp:544)
2026-05-31 22:06:30.197 | info     |             UMD | Completed topology discovery. (topology_discovery.cpp:96)
2026-05-31 22:06:30.198 | info     |          Device | Opening user mode device driver (tt_cluster.cpp:225)
2026-05-31 22:06:30.198 | info     |             UMD | Cluster constructor started. (cluster.cpp:317)
2026-05-31 22:06:30.198 | info     |             UMD | Creating TopologyDiscovery for architecture: blackhole (topology_discovery.cpp:75)
2026-05-31 22:06:30.198 | info     |             UMD | Starting topology discovery. (topology_discovery.cpp:92)
2026-05-31 22:06:30.199 | warning  |             UMD | Low power mode is disabled while UMD holds open file descriptors. The device will return to low power mode once all file descriptors are closed. (topology_discovery.cpp:140)
2026-05-31 22:06:30.199 | warning  |             UMD | KMD version 2.4.1 does not support power state management. (pci_device.cpp:1067)
2026-05-31 22:06:30.199 | info     |             UMD | Established firmware bundle version: 19.5.0 (topology_discovery.cpp:544)
2026-05-31 22:06:30.200 | info     |             UMD | Completed topology discovery. (topology_discovery.cpp:96)
2026-05-31 22:06:30.200 | info     |             UMD | Harvesting masks for Chip 0: Tensix: 0xc0 DRAM: 0x0 ETH: 0x120 PCIe: 0x2 L2CPU: 0x0 (cluster.cpp:262)
2026-05-31 22:06:30.200 | info     |             UMD | Initializing iommu for sysmem (size: 0x40000000). (silicon_sysmem_manager.cpp:334)
2026-05-31 22:06:30.200 | info     |             UMD | Allocating sysmem for IOMMU (size: 0x40000000). (silicon_sysmem_manager.cpp:340)
2026-05-31 22:06:30.269 | warning  |             UMD | KMD version 2.4.1 does not support power state management. (pci_device.cpp:1067)
2026-05-31 22:06:30.269 | info     |             UMD | Opening local chip ids/PCIe ids: {0}/[3] and remote chip ids {} (cluster.cpp:153)
2026-05-31 22:06:30.269 | info     |             UMD | IOMMU: enabled (cluster.cpp:133)
2026-05-31 22:06:30.269 | info     |             UMD | KMD version: 2.4.1 (cluster.cpp:136)
2026-05-31 22:06:30.269 | info     |             UMD | Cluster constructor completed. (cluster.cpp:409)
2026-05-31 22:06:30.271 | info     |             UMD | Starting devices in cluster (cluster.cpp:1044)
2026-05-31 22:06:30.272 | info     |             UMD | Mapped sysmem without hugepages to IOVA 0xfffffffec0000000; NOC address 0x1000000000000000 (silicon_sysmem_manager.cpp:391)
2026-05-31 22:06:30.273 | info     |             UMD | Starting devices in cluster completed. (cluster.cpp:1052)
2026-05-31 22:06:30.586 | info     |     Distributed | Using auto discovery to generate mesh graph. (metal_env.cpp:332)
2026-05-31 22:06:30.586 | info     |     Distributed | Constructing control plane using auto-discovery (no mesh graph descriptor). (metal_env.cpp:394)
2026-05-31 22:06:30.586 | info     |             UMD | Creating TopologyDiscovery for architecture: blackhole (topology_discovery.cpp:75)
2026-05-31 22:06:30.586 | info     |             UMD | Starting topology discovery. (topology_discovery.cpp:92)
2026-05-31 22:06:30.587 | warning  |             UMD | Low power mode is disabled while UMD holds open file descriptors. The device will return to low power mode once all file descriptors are closed. (topology_discovery.cpp:140)
2026-05-31 22:06:30.587 | warning  |             UMD | KMD version 2.4.1 does not support power state management. (pci_device.cpp:1067)
2026-05-31 22:06:30.587 | info     |             UMD | Established firmware bundle version: 19.5.0 (topology_discovery.cpp:544)
2026-05-31 22:06:30.588 | info     |             UMD | Completed topology discovery. (topology_discovery.cpp:96)
2026-05-31 22:06:30.589 | warning  |          Always | Unknown motherboard 'H12DSG-O-CPU' for chip_id=0 (bus_id=0xa1) — defaulting tray_id to 0. Add this motherboard and its bus IDs to mobo_to_bus_ids in physical_system_discovery.cpp. (physical_system_discovery.cpp:56)
2026-05-31 22:06:30.589 | info     |          Fabric | TopologyMapper: Logical Multi-Mesh Adjacency Map: (topology_mapper.cpp:1474)
2026-05-31 22:06:30.589 | info     |          Fabric | 
=== Logical Mesh-Level Graph Adjacency Map ===
Total nodes: 1
Degree histogram: {0:1}
 (topology_solver.tpp:94)
2026-05-31 22:06:30.589 | info     |          Fabric | 
=== Logical Mesh 0 Internal Graph Adjacency Map ===
Total nodes: 1
Degree histogram: {0:1}
 (topology_solver.tpp:94)
2026-05-31 22:06:30.589 | info     |          Fabric | TopologyMapper: Physical Multi-Mesh Adjacency Map: (topology_mapper.cpp:1485)
2026-05-31 22:06:30.589 | info     |          Fabric | 
=== Physical Mesh-Level Graph Adjacency Map ===
Total nodes: 1
Degree histogram: {0:1}
 (topology_solver.tpp:94)
2026-05-31 22:06:30.589 | info     |          Fabric | 
=== Physical Mesh 0 Internal Graph Adjacency Map ===
Total nodes: 1
Degree histogram: {0:1}
 (topology_solver.tpp:94)
2026-05-31 22:06:30.589 | info     |          Fabric | Starting multi-mesh mapping: 1 logical mesh(es) to 1 physical mesh(es) (topology_mapper_utils.cpp:1465)
2026-05-31 22:06:30.589 | info     |          Fabric | Multi-mesh mapping attempt 1/2: Trying inter-mesh mapping (topology_mapper_utils.cpp:1506)
2026-05-31 22:06:30.589 | info     |          Fabric | Attempt 1: Inter-mesh mapping succeeded, found 1 mesh pair(s) (topology_mapper_utils.cpp:1535)
2026-05-31 22:06:30.589 | info     |          Fabric | Attempt 1: Mapping 1 mesh pair(s) (topology_mapper_utils.cpp:1547)
2026-05-31 22:06:30.589 | info     |          Fabric | Attempt 1: Mapping mesh 0 -> 0 (topology_mapper_utils.cpp:1549)
2026-05-31 22:06:30.589 | info     |          Fabric | Multi-mesh mapping succeeded after 1 attempt(s): 1 mesh pair(s) mapped (topology_mapper_utils.cpp:1682)
2026-05-31 22:06:30.685 | info     |           Metal | ShmResourceTracker: removed stale shm '/tt_d2h_444655_1940522523_0' (shm_resource_tracker.cpp:265)
2026-05-31 22:06:30.685 | info     |           Metal | ShmResourceTracker: removed stale manifest '/dev/shm/tt_socket_manifest_444655' (shm_resource_tracker.cpp:275)
2026-05-31 22:06:31.271 | info     |           Metal | [Real-time profiler] Device 0 sync complete: 100 samples, frequency=1.349998 GHz, device_time_at_sync=58307750824546 cycles (realtime_profiler_manager.cpp:1075)
[SORT] stage=RP P=3369033 P_kept=3213120 num_tiles=1024 max_tile_n=25872 bin=11.65 up=0.31 kernel=9.82 d2h=13.14 compact=0.00 publish=4.44 total=56.75ms
[CULL_ALLOC] masks_realloc=1 res_masks=0x6498100 +12883072 end=0x70e1580 | res_mask_base=0x66213c0 +4096 | res_out_exists=0 out=0x0 tiles=0
[CULL_SPLIT] candidates=3213120 masks=12.29MB exec=80.7 ms masks_addr=0x6498100 end=0x70e1580 base_addr=0x66213c0
[BLEND_ALLOC] out_realloc=1 res_out=0x66257c0 +6291456 end=0x6c257c0 | res_masks=0x6498100 +12883072 end=0x70e1580 | xramp=0x66237c0 yramp=0x66247c0
[BLEND_SPLIT] upload=1.1 (attrs=0.0MB ids=0.0MB resident) exec=67.3 readback=1.4 total=69.7 ms
[BLEND_ADDR] cull_masks=0x6498100 out=0x66257c0 end=0x6c257c0 tile_ids=0x66e57c0 xramp=0x66237c0
[BLEND_HOST] resident_blend device=165.9 (host attr/id build=0, upload=0) total=165.9 ms
[SORT] stage=RP P=3369033 P_kept=3213120 num_tiles=1024 max_tile_n=25872 bin=8.11 up=0.31 kernel=7.23 d2h=10.76 compact=0.00 publish=1.32 total=45.22ms
[CULL_ALLOC] masks_realloc=0 res_masks=0x6498100 +12883072 end=0x70e1580 | res_mask_base=0x66213c0 +4096 | res_out_exists=1 out=0x66257c0 tiles=1024
[CULL_SPLIT] candidates=3213120 masks=12.29MB exec=71.4 ms masks_addr=0x6498100 end=0x70e1580 base_addr=0x66213c0
[BLEND_ALLOC] out_realloc=0 res_out=0x66257c0 +6291456 end=0x6c257c0 | res_masks=0x6498100 +12883072 end=0x70e1580 | xramp=0x66237c0 yramp=0x66247c0
[BLEND_SPLIT] upload=1.3 (attrs=0.0MB ids=0.0MB resident) exec=61.0 readback=1.5 total=63.8 ms
[BLEND_ADDR] cull_masks=0x6498100 out=0x66257c0 end=0x6c257c0 tile_ids=0x66e57c0 xramp=0x66237c0
[BLEND_HOST] resident_blend device=149.2 (host attr/id build=0, upload=0) total=149.2 ms
[SORT] stage=RP P=3369033 P_kept=3213120 num_tiles=1024 max_tile_n=25872 bin=7.94 up=0.29 kernel=7.14 d2h=6.76 compact=0.00 publish=1.27 total=27.69ms
[SORT] stage=RP P=3369033 P_kept=3213120 num_tiles=1024 max_tile_n=25872 bin=7.92 up=0.29 kernel=7.15 d2h=6.70 compact=0.00 publish=1.26 total=27.60ms
SUMMARY backend=tt blend_mode=2 views=1 hero_vs_gt=28.70dB hero_vs_ref=28.78dB min_vs_ref=28.78dB min_vs_gt=28.70dB ms/view=355.7 (proj=60.9 ta=97.9 sort=45.3 blend=150.5) shot=opt/metal-screenshots/loop-depth2/hero.png
[bh-30-special-smarton-for-reservation-75776:445466] *** Process received signal ***
[bh-30-special-smarton-for-reservation-75776:445466] Signal: Segmentation fault (11)
[bh-30-special-smarton-for-reservation-75776:445466] Signal code: Address not mapped (1)
[bh-30-special-smarton-for-reservation-75776:445466] Failing at address: 0x5eda58efeb84
[bh-30-special-smarton-for-reservation-75776:445466] [ 0] /lib/x86_64-linux-gnu/libc.so.6(+0x42520)[0x739aebe3c520]
[bh-30-special-smarton-for-reservation-75776:445466] [ 1] /localdev/smarton/tt-metal/build/tt_metal/libtt_metal.so(_ZNSt8__detail9_Map_baseIjSt4pairIKjNSt6chrono10time_pointINS3_3_V212steady_clockENS3_8durationIlSt5ratioILl1ELl1000000000EEEEEEESaISC_ENS_10_Select1stESt8equal_toIjESt4hashIjENS_18_Mod_range_hashingENS_20_Default_ranged_hashENS_20_Prime_rehash_policyENS_17_Hashtable_traitsILb0ELb0ELb1EEELb1EEixEOj+0x48)[0x739a90f52488]
[bh-30-special-smarton-for-reservation-75776:445466] [ 2] /localdev/smarton/tt-metal/build/tt_metal/libtt_metal.so(_ZN2tt8tt_metal25SharedMemoryStatsProvider21update_from_allocatorEPKNS0_6DeviceEi+0x9c)[0x739a90f41f9c]
[bh-30-special-smarton-for-reservation-75776:445466] [ 3] /localdev/smarton/tt-metal/build/tt_metal/libtt_metal.so(_ZN2tt8tt_metal6detail11ProgramImpl27deallocate_circular_buffersEv+0xc0)[0x739a90ffb5c0]
[bh-30-special-smarton-for-reservation-75776:445466] [ 4] /localdev/smarton/tt-metal/build/tt_metal/libtt_metal.so(_ZN2tt8tt_metal6detail11ProgramImplD1Ev+0x1a)[0x739a910067fa]
[bh-30-special-smarton-for-reservation-75776:445466] [ 5] /localdev/smarton/tt-metal/build/tt_metal/libtt_metal.so(+0x5dfc26)[0x739a90ddfc26]
[bh-30-special-smarton-for-reservation-75776:445466] [ 6] /localdev/smarton/tt-metal/build/tt_metal/libtt_metal.so(_ZN2tt8tt_metal11distributed16MeshWorkloadImplD2Ev+0xa8)[0x739a91317168]
[bh-30-special-smarton-for-reservation-75776:445466] [ 7] /localdev/smarton/tt-metal/build/tt_metal/libtt_metal.so(_ZN2tt8tt_metal11distributed12MeshWorkloadD1Ev+0x15)[0x739a913175e5]
[bh-30-special-smarton-for-reservation-75776:445466] [ 8] /localdev/smarton/gstt2/backends/cpu_cpp/_gsplat_cpu.cpython-310-x86_64-linux-gnu.so(+0xbc5d1)[0x739a91ff15d1]
[bh-30-special-smarton-for-reservation-75776:445466] [ 9] /lib/x86_64-linux-gnu/libc.so.6(+0x45495)[0x739aebe3f495]
[bh-30-special-smarton-for-reservation-75776:445466] [10] /lib/x86_64-linux-gnu/libc.so.6(on_exit+0x0)[0x739aebe3f610]
[bh-30-special-smarton-for-reservation-75776:445466] [11] /lib/x86_64-linux-gnu/libc.so.6(+0x29d97)[0x739aebe23d97]
[bh-30-special-smarton-for-reservation-75776:445466] [12] /lib/x86_64-linux-gnu/libc.so.6(__libc_start_main+0x80)[0x739aebe23e40]
[bh-30-special-smarton-for-reservation-75776:445466] [13] .venv/bin/python3(_start+0x25)[0x5edfaac59b45]
[bh-30-special-smarton-for-reservation-75776:445466] *** End of error message ***
