================ BUILD ID ================
  cpp : #1 sha=7eed227 iter 0: baseline
  data: # sha= 
=========================================
host=bh-30  tag=sfpu  timeout=1200s  worry=600s  ts=2026-05-31T05:58:44-0700
cmd: export TT_METAL_HOME=/localdev/smarton/tt-metal TT_METAL_RUNTIME_ROOT=/localdev/smarton/tt-metal TT_METAL_CACHE=/localdev/smarton/.cache/tt-metal-cache TT_METAL_ARCH_NAME=blackhole MESH_DEVICE=P100 GSPLAT_TT_BLEND_MODE=2 GSPLAT_TT_MB_KERNEL=1 GSPLAT_TT_MB_DEVCULL=1 GSPLAT_TT_DEVICE_PROJECT=1 GSPLAT_TT_RESIDENT_PROJECT=1 GSPLAT_TT_RESIDENT_GATHER=1 GSPLAT_TT_DEVICE_TILE_ASSIGN=1 GSPLAT_TT_RESIDENT_TA_IN=1 GSPLAT_TT_DEVICE_SORT=1 GSPLAT_TT_RESIDENT_PAIRS=1 GSPLAT_TT_RESIDENT_BLEND=1 GSPLAT_TT_SORT_DEVICE_PUBLISH=1 GSPLAT_TT_TA_DEVICE_SCAN=1 GSPLAT_TT_MB_TIMING=1 GSPLAT_TT_SFPU_CULL=1; source .venv/bin/activate 2>/dev/null; .venv/bin/python3 scripts/a003_verify.py --views 1 --iter-dir loop-sfpu-phased --out opt/ttw/sfpu-phased.json
-----------------------------------------
2026-05-31 12:58:47.527 | info     |             UMD | Creating TopologyDiscovery for architecture: blackhole (topology_discovery.cpp:75)
2026-05-31 12:58:47.527 | info     |             UMD | Starting topology discovery. (topology_discovery.cpp:92)
2026-05-31 12:58:47.528 | warning  |             UMD | Low power mode is disabled while UMD holds open file descriptors. The device will return to low power mode once all file descriptors are closed. (topology_discovery.cpp:140)
2026-05-31 12:58:47.528 | warning  |             UMD | KMD version 2.4.1 does not support power state management. (pci_device.cpp:1067)
2026-05-31 12:58:47.529 | info     |             UMD | Established firmware bundle version: 19.5.0 (topology_discovery.cpp:544)
2026-05-31 12:58:47.529 | info     |             UMD | Completed topology discovery. (topology_discovery.cpp:96)
2026-05-31 12:58:47.530 | info     |          Device | Opening user mode device driver (tt_cluster.cpp:225)
2026-05-31 12:58:47.530 | info     |             UMD | Cluster constructor started. (cluster.cpp:317)
2026-05-31 12:58:47.530 | info     |             UMD | Creating TopologyDiscovery for architecture: blackhole (topology_discovery.cpp:75)
2026-05-31 12:58:47.530 | info     |             UMD | Starting topology discovery. (topology_discovery.cpp:92)
2026-05-31 12:58:47.531 | warning  |             UMD | Low power mode is disabled while UMD holds open file descriptors. The device will return to low power mode once all file descriptors are closed. (topology_discovery.cpp:140)
2026-05-31 12:58:47.531 | warning  |             UMD | KMD version 2.4.1 does not support power state management. (pci_device.cpp:1067)
2026-05-31 12:58:47.532 | info     |             UMD | Established firmware bundle version: 19.5.0 (topology_discovery.cpp:544)
2026-05-31 12:58:47.532 | info     |             UMD | Completed topology discovery. (topology_discovery.cpp:96)
2026-05-31 12:58:47.532 | info     |             UMD | Harvesting masks for Chip 0: Tensix: 0xc0 DRAM: 0x0 ETH: 0x120 PCIe: 0x2 L2CPU: 0x0 (cluster.cpp:262)
2026-05-31 12:58:47.533 | info     |             UMD | Initializing iommu for sysmem (size: 0x40000000). (silicon_sysmem_manager.cpp:334)
2026-05-31 12:58:47.533 | info     |             UMD | Allocating sysmem for IOMMU (size: 0x40000000). (silicon_sysmem_manager.cpp:340)
2026-05-31 12:58:47.605 | warning  |             UMD | KMD version 2.4.1 does not support power state management. (pci_device.cpp:1067)
2026-05-31 12:58:47.605 | info     |             UMD | Opening local chip ids/PCIe ids: {0}/[3] and remote chip ids {} (cluster.cpp:153)
2026-05-31 12:58:47.605 | info     |             UMD | IOMMU: enabled (cluster.cpp:133)
2026-05-31 12:58:47.605 | info     |             UMD | KMD version: 2.4.1 (cluster.cpp:136)
2026-05-31 12:58:47.605 | info     |             UMD | Cluster constructor completed. (cluster.cpp:409)
2026-05-31 12:58:47.607 | info     |             UMD | Starting devices in cluster (cluster.cpp:1044)
2026-05-31 12:58:47.608 | info     |             UMD | Mapped sysmem without hugepages to IOVA 0xfffffffec0000000; NOC address 0x1000000000000000 (silicon_sysmem_manager.cpp:391)
2026-05-31 12:58:47.609 | info     |             UMD | Starting devices in cluster completed. (cluster.cpp:1052)
2026-05-31 12:58:47.922 | info     |     Distributed | Using auto discovery to generate mesh graph. (metal_env.cpp:332)
2026-05-31 12:58:47.922 | info     |     Distributed | Constructing control plane using auto-discovery (no mesh graph descriptor). (metal_env.cpp:394)
2026-05-31 12:58:47.923 | info     |             UMD | Creating TopologyDiscovery for architecture: blackhole (topology_discovery.cpp:75)
2026-05-31 12:58:47.923 | info     |             UMD | Starting topology discovery. (topology_discovery.cpp:92)
2026-05-31 12:58:47.924 | warning  |             UMD | Low power mode is disabled while UMD holds open file descriptors. The device will return to low power mode once all file descriptors are closed. (topology_discovery.cpp:140)
2026-05-31 12:58:47.924 | warning  |             UMD | KMD version 2.4.1 does not support power state management. (pci_device.cpp:1067)
2026-05-31 12:58:47.924 | info     |             UMD | Established firmware bundle version: 19.5.0 (topology_discovery.cpp:544)
2026-05-31 12:58:47.925 | info     |             UMD | Completed topology discovery. (topology_discovery.cpp:96)
2026-05-31 12:58:47.925 | warning  |          Always | Unknown motherboard 'H12DSG-O-CPU' for chip_id=0 (bus_id=0xa1) — defaulting tray_id to 0. Add this motherboard and its bus IDs to mobo_to_bus_ids in physical_system_discovery.cpp. (physical_system_discovery.cpp:56)
2026-05-31 12:58:47.925 | info     |          Fabric | TopologyMapper: Logical Multi-Mesh Adjacency Map: (topology_mapper.cpp:1474)
2026-05-31 12:58:47.925 | info     |          Fabric | 
=== Logical Mesh-Level Graph Adjacency Map ===
Total nodes: 1
Degree histogram: {0:1}
 (topology_solver.tpp:94)
2026-05-31 12:58:47.925 | info     |          Fabric | 
=== Logical Mesh 0 Internal Graph Adjacency Map ===
Total nodes: 1
Degree histogram: {0:1}
 (topology_solver.tpp:94)
2026-05-31 12:58:47.925 | info     |          Fabric | TopologyMapper: Physical Multi-Mesh Adjacency Map: (topology_mapper.cpp:1485)
2026-05-31 12:58:47.925 | info     |          Fabric | 
=== Physical Mesh-Level Graph Adjacency Map ===
Total nodes: 1
Degree histogram: {0:1}
 (topology_solver.tpp:94)
2026-05-31 12:58:47.925 | info     |          Fabric | 
=== Physical Mesh 0 Internal Graph Adjacency Map ===
Total nodes: 1
Degree histogram: {0:1}
 (topology_solver.tpp:94)
2026-05-31 12:58:47.925 | info     |          Fabric | Starting multi-mesh mapping: 1 logical mesh(es) to 1 physical mesh(es) (topology_mapper_utils.cpp:1465)
2026-05-31 12:58:47.925 | info     |          Fabric | Multi-mesh mapping attempt 1/2: Trying inter-mesh mapping (topology_mapper_utils.cpp:1506)
2026-05-31 12:58:47.925 | info     |          Fabric | Attempt 1: Inter-mesh mapping succeeded, found 1 mesh pair(s) (topology_mapper_utils.cpp:1535)
2026-05-31 12:58:47.925 | info     |          Fabric | Attempt 1: Mapping 1 mesh pair(s) (topology_mapper_utils.cpp:1547)
2026-05-31 12:58:47.925 | info     |          Fabric | Attempt 1: Mapping mesh 0 -> 0 (topology_mapper_utils.cpp:1549)
2026-05-31 12:58:47.925 | info     |          Fabric | Multi-mesh mapping succeeded after 1 attempt(s): 1 mesh pair(s) mapped (topology_mapper_utils.cpp:1682)
2026-05-31 12:58:48.021 | info     |           Metal | ShmResourceTracker: removed stale shm '/tt_d2h_419377_164089792_0' (shm_resource_tracker.cpp:265)
2026-05-31 12:58:48.021 | info     |           Metal | ShmResourceTracker: removed stale manifest '/dev/shm/tt_socket_manifest_419377' (shm_resource_tracker.cpp:275)
2026-05-31 12:58:48.604 | info     |           Metal | [Real-time profiler] Device 0 sync complete: 100 samples, frequency=1.349992 GHz, device_time_at_sync=13943458018392 cycles (realtime_profiler_manager.cpp:1075)
[SORT] stage=RP P=3369033 P_kept=3213120 num_tiles=1024 max_tile_n=25872 bin=10.70 up=0.29 kernel=9.43 d2h=13.31 compact=0.00 publish=3.63 total=54.95ms
[CULL_SPLIT] candidates=3213120 masks=12.29MB exec=5426.6 ms masks_addr=0x6498100 end=0x70e1580 base_addr=0x66213c0
[BLEND_SPLIT] upload=0.9 (attrs=0.0MB ids=0.0MB resident) exec=67.6 readback=1.0 total=69.5 ms
[BLEND_ADDR] cull_masks=0x6498100 out=0x66257c0 end=0x6c257c0 tile_ids=0x66e57c0 xramp=0x66237c0
[BLEND_HOST] resident_blend device=5510.5 (host attr/id build=0, upload=0) total=5510.5 ms
[SORT] stage=RP P=3369033 P_kept=3213120 num_tiles=1024 max_tile_n=25872 bin=8.03 up=0.31 kernel=7.21 d2h=10.58 compact=0.00 publish=1.33 total=44.51ms
[CULL_SPLIT] candidates=3213120 masks=12.29MB exec=39.9 ms masks_addr=0x6498100 end=0x70e1580 base_addr=0x66213c0
[BLEND_SPLIT] upload=0.9 (attrs=0.0MB ids=0.0MB resident) exec=61.3 readback=1.0 total=63.1 ms
[BLEND_ADDR] cull_masks=0x6498100 out=0x66257c0 end=0x6c257c0 tile_ids=0x66e57c0 xramp=0x66237c0
[BLEND_HOST] resident_blend device=117.6 (host attr/id build=0, upload=0) total=117.6 ms
[SORT] stage=RP P=3369033 P_kept=3213120 num_tiles=1024 max_tile_n=25872 bin=7.86 up=0.29 kernel=7.14 d2h=6.74 compact=0.00 publish=1.26 total=27.41ms
[SORT] stage=RP P=3369033 P_kept=3213120 num_tiles=1024 max_tile_n=25872 bin=7.85 up=0.29 kernel=7.14 d2h=6.74 compact=0.00 publish=1.26 total=27.49ms
SUMMARY backend=tt blend_mode=2 views=1 hero_vs_gt=28.65dB hero_vs_ref=28.73dB min_vs_ref=28.73dB min_vs_gt=28.65dB ms/view=322.5 (proj=60.4 ta=97.8 sort=44.6 blend=118.8) shot=opt/metal-screenshots/loop-sfpu-phased/hero.png
[bh-30-special-smarton-for-reservation-75776:420033] *** Process received signal ***
[bh-30-special-smarton-for-reservation-75776:420033] Signal: Segmentation fault (11)
[bh-30-special-smarton-for-reservation-75776:420033] Signal code: Address not mapped (1)
[bh-30-special-smarton-for-reservation-75776:420033] Failing at address: 0x5bb55c1444fb
[bh-30-special-smarton-for-reservation-75776:420033] [ 0] /lib/x86_64-linux-gnu/libc.so.6(+0x42520)[0x7ab3752a2520]
[bh-30-special-smarton-for-reservation-75776:420033] [ 1] /localdev/smarton/tt-metal/build/tt_metal/libtt_metal.so(_ZNSt8__detail9_Map_baseIjSt4pairIKjNSt6chrono10time_pointINS3_3_V212steady_clockENS3_8durationIlSt5ratioILl1ELl1000000000EEEEEEESaISC_ENS_10_Select1stESt8equal_toIjESt4hashIjENS_18_Mod_range_hashingENS_20_Default_ranged_hashENS_20_Prime_rehash_policyENS_17_Hashtable_traitsILb0ELb0ELb1EEELb1EEixEOj+0x48)[0x7ab31a352488]
[bh-30-special-smarton-for-reservation-75776:420033] [ 2] /localdev/smarton/tt-metal/build/tt_metal/libtt_metal.so(_ZN2tt8tt_metal25SharedMemoryStatsProvider21update_from_allocatorEPKNS0_6DeviceEi+0x9c)[0x7ab31a341f9c]
[bh-30-special-smarton-for-reservation-75776:420033] [ 3] /localdev/smarton/tt-metal/build/tt_metal/libtt_metal.so(_ZN2tt8tt_metal6detail11ProgramImpl27deallocate_circular_buffersEv+0xc0)[0x7ab31a3fb5c0]
[bh-30-special-smarton-for-reservation-75776:420033] [ 4] /localdev/smarton/tt-metal/build/tt_metal/libtt_metal.so(_ZN2tt8tt_metal6detail11ProgramImplD1Ev+0x1a)[0x7ab31a4067fa]
[bh-30-special-smarton-for-reservation-75776:420033] [ 5] /localdev/smarton/tt-metal/build/tt_metal/libtt_metal.so(+0x5dfc26)[0x7ab31a1dfc26]
[bh-30-special-smarton-for-reservation-75776:420033] [ 6] /localdev/smarton/tt-metal/build/tt_metal/libtt_metal.so(_ZN2tt8tt_metal11distributed16MeshWorkloadImplD2Ev+0xa8)[0x7ab31a717168]
[bh-30-special-smarton-for-reservation-75776:420033] [ 7] /localdev/smarton/tt-metal/build/tt_metal/libtt_metal.so(_ZN2tt8tt_metal11distributed12MeshWorkloadD1Ev+0x15)[0x7ab31a7175e5]
[bh-30-special-smarton-for-reservation-75776:420033] [ 8] /localdev/smarton/gstt2/backends/cpu_cpp/_gsplat_cpu.cpython-310-x86_64-linux-gnu.so(+0xbf731)[0x7ab31b3f1731]
[bh-30-special-smarton-for-reservation-75776:420033] [ 9] /lib/x86_64-linux-gnu/libc.so.6(+0x45495)[0x7ab3752a5495]
[bh-30-special-smarton-for-reservation-75776:420033] [10] /lib/x86_64-linux-gnu/libc.so.6(on_exit+0x0)[0x7ab3752a5610]
[bh-30-special-smarton-for-reservation-75776:420033] [11] /lib/x86_64-linux-gnu/libc.so.6(+0x29d97)[0x7ab375289d97]
[bh-30-special-smarton-for-reservation-75776:420033] [12] /lib/x86_64-linux-gnu/libc.so.6(__libc_start_main+0x80)[0x7ab375289e40]
[bh-30-special-smarton-for-reservation-75776:420033] [13] .venv/bin/python3(_start+0x25)[0x5bb0c4994b45]
[bh-30-special-smarton-for-reservation-75776:420033] *** End of error message ***
