================ BUILD ID ================
  cpp : #8 sha=b3b6231 fix: dedicated per-chunk barrier for SFPU mask read
  data: # sha= 
=========================================
host=bh-30  tag=sfpu  timeout=2400s  worry=600s  ts=2026-05-31T17:19:51-0700
cmd: export TT_METAL_HOME=/localdev/smarton/tt-metal TT_METAL_RUNTIME_ROOT=/localdev/smarton/tt-metal TT_METAL_CACHE=/localdev/smarton/.cache/tt-metal-cache TT_METAL_ARCH_NAME=blackhole MESH_DEVICE=P100 GSPLAT_TT_BLEND_MODE=2 GSPLAT_TT_MB_KERNEL=1 GSPLAT_TT_MB_DEVCULL=1 GSPLAT_TT_DEVICE_PROJECT=1 GSPLAT_TT_RESIDENT_PROJECT=1 GSPLAT_TT_RESIDENT_GATHER=1 GSPLAT_TT_DEVICE_TILE_ASSIGN=1 GSPLAT_TT_RESIDENT_TA_IN=1 GSPLAT_TT_DEVICE_SORT=1 GSPLAT_TT_RESIDENT_PAIRS=1 GSPLAT_TT_RESIDENT_BLEND=1 GSPLAT_TT_SORT_DEVICE_PUBLISH=1 GSPLAT_TT_TA_DEVICE_SCAN=1 GSPLAT_TT_MB_TIMING=1 GSPLAT_TT_SFPU_CULL=1 GSPLAT_TT_CULL_SPIN=2048; source .venv/bin/activate 2>/dev/null; .venv/bin/python3 scripts/a003_verify.py --views 30 --iter-dir loop-gate30b --out opt/ttw/gate30b.json
-----------------------------------------
2026-06-01 00:19:54.642 | info     |             UMD | Creating TopologyDiscovery for architecture: blackhole (topology_discovery.cpp:75)
2026-06-01 00:19:54.642 | info     |             UMD | Starting topology discovery. (topology_discovery.cpp:92)
2026-06-01 00:19:54.643 | warning  |             UMD | Low power mode is disabled while UMD holds open file descriptors. The device will return to low power mode once all file descriptors are closed. (topology_discovery.cpp:140)
2026-06-01 00:19:54.643 | warning  |             UMD | KMD version 2.4.1 does not support power state management. (pci_device.cpp:1067)
2026-06-01 00:19:54.644 | info     |             UMD | Established firmware bundle version: 19.5.0 (topology_discovery.cpp:544)
2026-06-01 00:19:54.644 | info     |             UMD | Completed topology discovery. (topology_discovery.cpp:96)
2026-06-01 00:19:54.646 | info     |          Device | Opening user mode device driver (tt_cluster.cpp:225)
2026-06-01 00:19:54.646 | info     |             UMD | Cluster constructor started. (cluster.cpp:317)
2026-06-01 00:19:54.646 | info     |             UMD | Creating TopologyDiscovery for architecture: blackhole (topology_discovery.cpp:75)
2026-06-01 00:19:54.646 | info     |             UMD | Starting topology discovery. (topology_discovery.cpp:92)
2026-06-01 00:19:54.647 | warning  |             UMD | Low power mode is disabled while UMD holds open file descriptors. The device will return to low power mode once all file descriptors are closed. (topology_discovery.cpp:140)
2026-06-01 00:19:54.647 | warning  |             UMD | KMD version 2.4.1 does not support power state management. (pci_device.cpp:1067)
2026-06-01 00:19:54.647 | info     |             UMD | Established firmware bundle version: 19.5.0 (topology_discovery.cpp:544)
2026-06-01 00:19:54.648 | info     |             UMD | Completed topology discovery. (topology_discovery.cpp:96)
2026-06-01 00:19:54.648 | info     |             UMD | Harvesting masks for Chip 0: Tensix: 0xc0 DRAM: 0x0 ETH: 0x120 PCIe: 0x2 L2CPU: 0x0 (cluster.cpp:262)
2026-06-01 00:19:54.648 | info     |             UMD | Initializing iommu for sysmem (size: 0x40000000). (silicon_sysmem_manager.cpp:334)
2026-06-01 00:19:54.648 | info     |             UMD | Allocating sysmem for IOMMU (size: 0x40000000). (silicon_sysmem_manager.cpp:340)
2026-06-01 00:19:54.718 | warning  |             UMD | KMD version 2.4.1 does not support power state management. (pci_device.cpp:1067)
2026-06-01 00:19:54.718 | info     |             UMD | Opening local chip ids/PCIe ids: {0}/[3] and remote chip ids {} (cluster.cpp:153)
2026-06-01 00:19:54.718 | info     |             UMD | IOMMU: enabled (cluster.cpp:133)
2026-06-01 00:19:54.718 | info     |             UMD | KMD version: 2.4.1 (cluster.cpp:136)
2026-06-01 00:19:54.718 | info     |             UMD | Cluster constructor completed. (cluster.cpp:409)
2026-06-01 00:19:54.719 | info     |             UMD | Starting devices in cluster (cluster.cpp:1044)
2026-06-01 00:19:54.720 | info     |             UMD | Mapped sysmem without hugepages to IOVA 0xfffffffec0000000; NOC address 0x1000000000000000 (silicon_sysmem_manager.cpp:391)
2026-06-01 00:19:54.721 | info     |             UMD | Starting devices in cluster completed. (cluster.cpp:1052)
2026-06-01 00:19:55.034 | info     |     Distributed | Using auto discovery to generate mesh graph. (metal_env.cpp:332)
2026-06-01 00:19:55.034 | info     |     Distributed | Constructing control plane using auto-discovery (no mesh graph descriptor). (metal_env.cpp:394)
2026-06-01 00:19:55.034 | info     |             UMD | Creating TopologyDiscovery for architecture: blackhole (topology_discovery.cpp:75)
2026-06-01 00:19:55.034 | info     |             UMD | Starting topology discovery. (topology_discovery.cpp:92)
2026-06-01 00:19:55.035 | warning  |             UMD | Low power mode is disabled while UMD holds open file descriptors. The device will return to low power mode once all file descriptors are closed. (topology_discovery.cpp:140)
2026-06-01 00:19:55.035 | warning  |             UMD | KMD version 2.4.1 does not support power state management. (pci_device.cpp:1067)
2026-06-01 00:19:55.036 | info     |             UMD | Established firmware bundle version: 19.5.0 (topology_discovery.cpp:544)
2026-06-01 00:19:55.036 | info     |             UMD | Completed topology discovery. (topology_discovery.cpp:96)
2026-06-01 00:19:55.037 | warning  |          Always | Unknown motherboard 'H12DSG-O-CPU' for chip_id=0 (bus_id=0xa1) — defaulting tray_id to 0. Add this motherboard and its bus IDs to mobo_to_bus_ids in physical_system_discovery.cpp. (physical_system_discovery.cpp:56)
2026-06-01 00:19:55.037 | info     |          Fabric | TopologyMapper: Logical Multi-Mesh Adjacency Map: (topology_mapper.cpp:1474)
2026-06-01 00:19:55.037 | info     |          Fabric | 
=== Logical Mesh-Level Graph Adjacency Map ===
Total nodes: 1
Degree histogram: {0:1}
 (topology_solver.tpp:94)
2026-06-01 00:19:55.037 | info     |          Fabric | 
=== Logical Mesh 0 Internal Graph Adjacency Map ===
Total nodes: 1
Degree histogram: {0:1}
 (topology_solver.tpp:94)
2026-06-01 00:19:55.037 | info     |          Fabric | TopologyMapper: Physical Multi-Mesh Adjacency Map: (topology_mapper.cpp:1485)
2026-06-01 00:19:55.037 | info     |          Fabric | 
=== Physical Mesh-Level Graph Adjacency Map ===
Total nodes: 1
Degree histogram: {0:1}
 (topology_solver.tpp:94)
2026-06-01 00:19:55.037 | info     |          Fabric | 
=== Physical Mesh 0 Internal Graph Adjacency Map ===
Total nodes: 1
Degree histogram: {0:1}
 (topology_solver.tpp:94)
2026-06-01 00:19:55.037 | info     |          Fabric | Starting multi-mesh mapping: 1 logical mesh(es) to 1 physical mesh(es) (topology_mapper_utils.cpp:1465)
2026-06-01 00:19:55.037 | info     |          Fabric | Multi-mesh mapping attempt 1/2: Trying inter-mesh mapping (topology_mapper_utils.cpp:1506)
2026-06-01 00:19:55.037 | info     |          Fabric | Attempt 1: Inter-mesh mapping succeeded, found 1 mesh pair(s) (topology_mapper_utils.cpp:1535)
2026-06-01 00:19:55.037 | info     |          Fabric | Attempt 1: Mapping 1 mesh pair(s) (topology_mapper_utils.cpp:1547)
2026-06-01 00:19:55.037 | info     |          Fabric | Attempt 1: Mapping mesh 0 -> 0 (topology_mapper_utils.cpp:1549)
2026-06-01 00:19:55.037 | info     |          Fabric | Multi-mesh mapping succeeded after 1 attempt(s): 1 mesh pair(s) mapped (topology_mapper_utils.cpp:1682)
2026-06-01 00:19:55.133 | info     |           Metal | ShmResourceTracker: removed stale shm '/tt_d2h_460691_1892007649_0' (shm_resource_tracker.cpp:265)
2026-06-01 00:19:55.133 | info     |           Metal | ShmResourceTracker: removed stale manifest '/dev/shm/tt_socket_manifest_460691' (shm_resource_tracker.cpp:275)
2026-06-01 00:19:55.719 | info     |           Metal | [Real-time profiler] Device 0 sync complete: 100 samples, frequency=1.350001 GHz, device_time_at_sync=69113637719338 cycles (realtime_profiler_manager.cpp:1075)
[SORT] stage=RP P=3369033 P_kept=3213120 num_tiles=1024 max_tile_n=25872 bin=12.06 up=0.31 kernel=9.83 d2h=13.24 compact=0.00 publish=4.07 total=57.17ms
[CULL_ALLOC] masks_realloc=1 res_masks=0x6498100 +12883072 end=0x70e1580 | res_mask_base=0x66213c0 +4096 | res_out_exists=0 out=0x0 tiles=0
[CULL_SPLIT] candidates=3213120 masks=12.29MB exec=81.5 ms masks_addr=0x6498100 end=0x70e1580 base_addr=0x66213c0
[BLEND_ALLOC] out_realloc=1 res_out=0x66257c0 +6291456 end=0x6c257c0 | res_masks=0x6498100 +12883072 end=0x70e1580 | xramp=0x66237c0 yramp=0x66247c0
[BLEND_SPLIT] upload=1.1 (attrs=0.0MB ids=0.0MB resident) exec=1501.5 readback=1.4 total=1504.0 ms
[BLEND_ADDR] cull_masks=0x6498100 out=0x66257c0 end=0x6c257c0 tile_ids=0x66e57c0 xramp=0x66237c0
[BLEND_HOST] resident_blend device=1600.7 (host attr/id build=0, upload=0) total=1600.7 ms
[SORT] stage=RP P=3369033 P_kept=3213120 num_tiles=1024 max_tile_n=25872 bin=8.06 up=0.31 kernel=7.21 d2h=10.66 compact=0.00 publish=1.33 total=44.63ms
[CULL_ALLOC] masks_realloc=0 res_masks=0x6498100 +12883072 end=0x70e1580 | res_mask_base=0x66213c0 +4096 | res_out_exists=1 out=0x66257c0 tiles=1024
[CULL_SPLIT] candidates=3213120 masks=12.29MB exec=71.4 ms masks_addr=0x6498100 end=0x70e1580 base_addr=0x66213c0
[BLEND_ALLOC] out_realloc=0 res_out=0x66257c0 +6291456 end=0x6c257c0 | res_masks=0x6498100 +12883072 end=0x70e1580 | xramp=0x66237c0 yramp=0x66247c0
[BLEND_SPLIT] upload=1.0 (attrs=0.0MB ids=0.0MB resident) exec=369.9 readback=1.5 total=372.4 ms
[BLEND_ADDR] cull_masks=0x6498100 out=0x66257c0 end=0x6c257c0 tile_ids=0x66e57c0 xramp=0x66237c0
[BLEND_HOST] resident_blend device=457.9 (host attr/id build=0, upload=0) total=457.9 ms
[SORT] stage=RP P=2774729 P_kept=2611438 num_tiles=1024 max_tile_n=24176 bin=7.05 up=0.32 kernel=6.17 d2h=6.77 compact=0.00 publish=1.06 total=25.63ms
[CULL_ALLOC] masks_realloc=0 res_masks=0x6498100 +10476544 end=0x6e95d00 | res_mask_base=0x66213c0 +4096 | res_out_exists=1 out=0x66257c0 tiles=1024
[CULL_SPLIT] candidates=2611438 masks=9.99MB exec=58.0 ms masks_addr=0x6498100 end=0x6e95d00 base_addr=0x66213c0
[BLEND_ALLOC] out_realloc=0 res_out=0x66257c0 +6291456 end=0x6c257c0 | res_masks=0x6498100 +12883072 end=0x70e1580 | xramp=0x66237c0 yramp=0x66247c0
[BLEND_SPLIT] upload=0.9 (attrs=0.0MB ids=0.0MB resident) exec=300.6 readback=1.5 total=302.9 ms
[BLEND_ADDR] cull_masks=0x6498100 out=0x66257c0 end=0x6c257c0 tile_ids=0x66e57c0 xramp=0x66237c0
[BLEND_HOST] resident_blend device=374.9 (host attr/id build=0, upload=0) total=374.9 ms
[SORT] stage=RP P=3235251 P_kept=3044420 num_tiles=1024 max_tile_n=22144 bin=7.74 up=0.31 kernel=6.93 d2h=6.81 compact=0.00 publish=1.26 total=32.55ms
[CULL_ALLOC] masks_realloc=0 res_masks=0x6498100 +12208448 end=0x703ca40 | res_mask_base=0x66213c0 +4096 | res_out_exists=1 out=0x66257c0 tiles=1024
[CULL_SPLIT] candidates=3044420 masks=11.64MB exec=67.6 ms masks_addr=0x6498100 end=0x703ca40 base_addr=0x66213c0
[BLEND_ALLOC] out_realloc=0 res_out=0x66257c0 +6291456 end=0x6c257c0 | res_masks=0x6498100 +12883072 end=0x70e1580 | xramp=0x66237c0 yramp=0x66247c0
[BLEND_SPLIT] upload=1.3 (attrs=0.0MB ids=0.0MB resident) exec=350.3 readback=1.5 total=353.1 ms
[BLEND_ADDR] cull_masks=0x6498100 out=0x66257c0 end=0x6c257c0 tile_ids=0x66e57c0 xramp=0x66237c0
[BLEND_HOST] resident_blend device=434.4 (host attr/id build=0, upload=0) total=434.4 ms
[SORT] stage=RP P=1753355 P_kept=1637292 num_tiles=1024 max_tile_n=20928 bin=5.17 up=0.29 kernel=4.49 d2h=7.00 compact=0.00 publish=0.87 total=20.01ms
[CULL_ALLOC] masks_realloc=0 res_masks=0x6498100 +6579968 end=0x6ade800 | res_mask_base=0x66213c0 +4096 | res_out_exists=1 out=0x66257c0 tiles=1024
[CULL_SPLIT] candidates=1637292 masks=6.28MB exec=49.3 ms masks_addr=0x6498100 end=0x6ade800 base_addr=0x66213c0
[BLEND_ALLOC] out_realloc=0 res_out=0x66257c0 +6291456 end=0x6c257c0 | res_masks=0x6498100 +12883072 end=0x70e1580 | xramp=0x66237c0 yramp=0x66247c0
[BLEND_SPLIT] upload=0.9 (attrs=0.0MB ids=0.0MB resident) exec=255.3 readback=1.4 total=257.7 ms
[BLEND_ADDR] cull_masks=0x6498100 out=0x66257c0 end=0x6c257c0 tile_ids=0x66e57c0 xramp=0x66237c0
[BLEND_HOST] resident_blend device=314.2 (host attr/id build=0, upload=0) total=314.2 ms
[SORT] stage=RP P=934247 P_kept=867521 num_tiles=1024 max_tile_n=5136 bin=3.73 up=0.29 kernel=3.21 d2h=6.74 compact=0.00 publish=0.40 total=15.88ms
[CULL_ALLOC] masks_realloc=0 res_masks=0x6498100 +3500544 end=0x67eeb00 | res_mask_base=0x66213c0 +4096 | res_out_exists=1 out=0x66257c0 tiles=1024
[CULL_SPLIT] candidates=867521 masks=3.34MB exec=19.3 ms masks_addr=0x6498100 end=0x67eeb00 base_addr=0x66213c0
[BLEND_ALLOC] out_realloc=0 res_out=0x66257c0 +6291456 end=0x6c257c0 | res_masks=0x6498100 +12883072 end=0x70e1580 | xramp=0x66237c0 yramp=0x66247c0
[BLEND_SPLIT] upload=0.9 (attrs=0.0MB ids=0.0MB resident) exec=100.0 readback=1.5 total=102.3 ms
[BLEND_ADDR] cull_masks=0x6498100 out=0x66257c0 end=0x6c257c0 tile_ids=0x66e57c0 xramp=0x66237c0
[BLEND_HOST] resident_blend device=129.2 (host attr/id build=0, upload=0) total=129.2 ms
[SORT] stage=RP P=1124461 P_kept=1056654 num_tiles=1024 max_tile_n=6256 bin=4.15 up=0.29 kernel=3.41 d2h=6.75 compact=0.00 publish=0.46 total=16.59ms
[CULL_ALLOC] masks_realloc=0 res_masks=0x6498100 +4257024 end=0x68a7600 | res_mask_base=0x66213c0 +4096 | res_out_exists=1 out=0x66257c0 tiles=1024
[CULL_SPLIT] candidates=1056654 masks=4.06MB exec=23.6 ms masks_addr=0x6498100 end=0x68a7600 base_addr=0x66213c0
[BLEND_ALLOC] out_realloc=0 res_out=0x66257c0 +6291456 end=0x6c257c0 | res_masks=0x6498100 +12883072 end=0x70e1580 | xramp=0x66237c0 yramp=0x66247c0
[BLEND_SPLIT] upload=0.9 (attrs=0.0MB ids=0.0MB resident) exec=122.1 readback=1.5 total=124.5 ms
[BLEND_ADDR] cull_masks=0x6498100 out=0x66257c0 end=0x6c257c0 tile_ids=0x66e57c0 xramp=0x66237c0
[BLEND_HOST] resident_blend device=159.2 (host attr/id build=0, upload=0) total=159.2 ms
[SORT] stage=RP P=835298 P_kept=781922 num_tiles=1024 max_tile_n=5312 bin=3.50 up=0.29 kernel=2.97 d2h=6.78 compact=0.00 publish=0.37 total=15.20ms
[CULL_ALLOC] masks_realloc=0 res_masks=0x6498100 +3157632 end=0x679af80 | res_mask_base=0x66213c0 +4096 | res_out_exists=1 out=0x66257c0 tiles=1024
[CULL_SPLIT] candidates=781922 masks=3.01MB exec=17.4 ms masks_addr=0x6498100 end=0x679af80 base_addr=0x66213c0
[BLEND_ALLOC] out_realloc=0 res_out=0x66257c0 +6291456 end=0x6c257c0 | res_masks=0x6498100 +12883072 end=0x70e1580 | xramp=0x66237c0 yramp=0x66247c0
[BLEND_SPLIT] upload=0.9 (attrs=0.0MB ids=0.0MB resident) exec=90.2 readback=1.5 total=92.6 ms
[BLEND_ADDR] cull_masks=0x6498100 out=0x66257c0 end=0x6c257c0 tile_ids=0x66e57c0 xramp=0x66237c0
[BLEND_HOST] resident_blend device=121.2 (host attr/id build=0, upload=0) total=121.2 ms
[SORT] stage=RP P=1067596 P_kept=1004359 num_tiles=1024 max_tile_n=4816 bin=4.01 up=0.29 kernel=3.32 d2h=7.04 compact=0.00 publish=0.45 total=16.59ms
[CULL_ALLOC] masks_realloc=0 res_masks=0x6498100 +4048576 end=0x68747c0 | res_mask_base=0x66213c0 +4096 | res_out_exists=1 out=0x66257c0 tiles=1024
[CULL_SPLIT] candidates=1004359 masks=3.86MB exec=22.4 ms masks_addr=0x6498100 end=0x68747c0 base_addr=0x66213c0
[BLEND_ALLOC] out_realloc=0 res_out=0x66257c0 +6291456 end=0x6c257c0 | res_masks=0x6498100 +12883072 end=0x70e1580 | xramp=0x66237c0 yramp=0x66247c0
[BLEND_SPLIT] upload=0.9 (attrs=0.0MB ids=0.0MB resident) exec=116.1 readback=4.9 total=121.9 ms
[BLEND_ADDR] cull_masks=0x6498100 out=0x66257c0 end=0x6c257c0 tile_ids=0x66e57c0 xramp=0x66237c0
[BLEND_HOST] resident_blend device=158.2 (host attr/id build=0, upload=0) total=158.2 ms
[SORT] stage=RP P=1024763 P_kept=962008 num_tiles=1024 max_tile_n=4576 bin=3.78 up=0.29 kernel=3.43 d2h=6.78 compact=0.00 publish=0.43 total=16.12ms
[CULL_ALLOC] masks_realloc=0 res_masks=0x6498100 +3878976 end=0x684b140 | res_mask_base=0x66213c0 +4096 | res_out_exists=1 out=0x66257c0 tiles=1024
[CULL_SPLIT] candidates=962008 masks=3.70MB exec=21.6 ms masks_addr=0x6498100 end=0x684b140 base_addr=0x66213c0
[BLEND_ALLOC] out_realloc=0 res_out=0x66257c0 +6291456 end=0x6c257c0 | res_masks=0x6498100 +12883072 end=0x70e1580 | xramp=0x66237c0 yramp=0x66247c0
[BLEND_SPLIT] upload=0.9 (attrs=0.0MB ids=0.0MB resident) exec=111.5 readback=1.5 total=113.9 ms
[BLEND_ADDR] cull_masks=0x6498100 out=0x66257c0 end=0x6c257c0 tile_ids=0x66e57c0 xramp=0x66237c0
[BLEND_HOST] resident_blend device=150.0 (host attr/id build=0, upload=0) total=150.0 ms
[SORT] stage=RP P=779787 P_kept=724640 num_tiles=1024 max_tile_n=3328 bin=3.39 up=0.29 kernel=3.04 d2h=6.76 compact=0.00 publish=0.35 total=15.05ms
[CULL_ALLOC] masks_realloc=0 res_masks=0x6498100 +2929984 end=0x6763640 | res_mask_base=0x66213c0 +4096 | res_out_exists=1 out=0x66257c0 tiles=1024
[CULL_SPLIT] candidates=724640 masks=2.79MB exec=16.3 ms masks_addr=0x6498100 end=0x6763640 base_addr=0x66213c0
[BLEND_ALLOC] out_realloc=0 res_out=0x66257c0 +6291456 end=0x6c257c0 | res_masks=0x6498100 +12883072 end=0x70e1580 | xramp=0x66237c0 yramp=0x66247c0
[BLEND_SPLIT] upload=0.9 (attrs=0.0MB ids=0.0MB resident) exec=84.1 readback=1.4 total=86.5 ms
[BLEND_ADDR] cull_masks=0x6498100 out=0x66257c0 end=0x6c257c0 tile_ids=0x66e57c0 xramp=0x66237c0
[BLEND_HOST] resident_blend device=114.2 (host attr/id build=0, upload=0) total=114.2 ms
[SORT] stage=RP P=402318 P_kept=360276 num_tiles=1024 max_tile_n=2592 bin=2.83 up=0.31 kernel=2.33 d2h=7.12 compact=0.00 publish=0.28 total=13.57ms
[CULL_ALLOC] masks_realloc=0 res_masks=0x6498100 +1472576 end=0x65ff940 | res_mask_base=0x66213c0 +4096 | res_out_exists=1 out=0x66257c0 tiles=1024
[CULL_SPLIT] candidates=360276 masks=1.40MB exec=8.2 ms masks_addr=0x6498100 end=0x65ff940 base_addr=0x66213c0
[BLEND_ALLOC] out_realloc=0 res_out=0x66257c0 +6291456 end=0x6c257c0 | res_masks=0x6498100 +12883072 end=0x70e1580 | xramp=0x66237c0 yramp=0x66247c0
[BLEND_SPLIT] upload=0.9 (attrs=0.0MB ids=0.0MB resident) exec=41.9 readback=1.5 total=44.3 ms
[BLEND_ADDR] cull_masks=0x6498100 out=0x66257c0 end=0x6c257c0 tile_ids=0x66e57c0 xramp=0x66237c0
[BLEND_HOST] resident_blend device=67.1 (host attr/id build=0, upload=0) total=67.1 ms
[SORT] stage=RP P=638458 P_kept=582104 num_tiles=1024 max_tile_n=3264 bin=3.15 up=0.29 kernel=2.78 d2h=7.07 compact=0.00 publish=0.29 total=14.53ms
[CULL_ALLOC] masks_realloc=0 res_masks=0x6498100 +2358592 end=0x66d7e40 | res_mask_base=0x66213c0 +4096 | res_out_exists=1 out=0x66257c0 tiles=1024
[CULL_SPLIT] candidates=582104 masks=2.25MB exec=13.1 ms masks_addr=0x6498100 end=0x66d7e40 base_addr=0x66213c0
[BLEND_ALLOC] out_realloc=0 res_out=0x66257c0 +6291456 end=0x6c257c0 | res_masks=0x6498100 +12883072 end=0x70e1580 | xramp=0x66237c0 yramp=0x66247c0
[BLEND_SPLIT] upload=0.9 (attrs=0.0MB ids=0.0MB resident) exec=67.6 readback=1.4 total=69.9 ms
[BLEND_ADDR] cull_masks=0x6498100 out=0x66257c0 end=0x6c257c0 tile_ids=0x66e57c0 xramp=0x66237c0
[BLEND_HOST] resident_blend device=97.1 (host attr/id build=0, upload=0) total=97.1 ms
[SORT] stage=RP P=486800 P_kept=434755 num_tiles=1024 max_tile_n=3760 bin=2.87 up=0.29 kernel=2.52 d2h=7.11 compact=0.00 publish=0.25 total=13.81ms
[CULL_ALLOC] masks_realloc=0 res_masks=0x6498100 +1769152 end=0x6647fc0 | res_mask_base=0x66213c0 +4096 | res_out_exists=1 out=0x66257c0 tiles=1024
[CULL_SPLIT] candidates=434755 masks=1.69MB exec=9.8 ms masks_addr=0x6498100 end=0x6647fc0 base_addr=0x66213c0
[BLEND_ALLOC] out_realloc=0 res_out=0x66257c0 +6291456 end=0x6c257c0 | res_masks=0x6498100 +12883072 end=0x70e1580 | xramp=0x66237c0 yramp=0x66247c0
[BLEND_SPLIT] upload=1.0 (attrs=0.0MB ids=0.0MB resident) exec=50.4 readback=1.4 total=52.7 ms
[BLEND_ADDR] cull_masks=0x6498100 out=0x66257c0 end=0x6c257c0 tile_ids=0x66e57c0 xramp=0x66237c0
[BLEND_HOST] resident_blend device=76.1 (host attr/id build=0, upload=0) total=76.1 ms
[SORT] stage=RP P=602411 P_kept=544891 num_tiles=1024 max_tile_n=4304 bin=3.13 up=0.29 kernel=2.74 d2h=7.00 compact=0.00 publish=0.30 total=14.37ms
[CULL_ALLOC] masks_realloc=0 res_masks=0x6498100 +2210496 end=0x66b3bc0 | res_mask_base=0x66213c0 +4096 | res_out_exists=1 out=0x66257c0 tiles=1024
[CULL_SPLIT] candidates=544891 masks=2.11MB exec=12.2 ms masks_addr=0x6498100 end=0x66b3bc0 base_addr=0x66213c0
[BLEND_ALLOC] out_realloc=0 res_out=0x66257c0 +6291456 end=0x6c257c0 | res_masks=0x6498100 +12883072 end=0x70e1580 | xramp=0x66237c0 yramp=0x66247c0
[BLEND_SPLIT] upload=0.9 (attrs=0.0MB ids=0.0MB resident) exec=63.1 readback=1.3 total=65.4 ms
[BLEND_ADDR] cull_masks=0x6498100 out=0x66257c0 end=0x6c257c0 tile_ids=0x66e57c0 xramp=0x66237c0
[BLEND_HOST] resident_blend device=92.3 (host attr/id build=0, upload=0) total=92.3 ms
[SORT] stage=RP P=629297 P_kept=570421 num_tiles=1024 max_tile_n=4784 bin=3.14 up=0.29 kernel=2.79 d2h=7.00 compact=0.00 publish=0.30 total=14.45ms
[CULL_ALLOC] masks_realloc=0 res_masks=0x6498100 +2311936 end=0x66cc800 | res_mask_base=0x66213c0 +4096 | res_out_exists=1 out=0x66257c0 tiles=1024
[CULL_SPLIT] candidates=570421 masks=2.20MB exec=12.8 ms masks_addr=0x6498100 end=0x66cc800 base_addr=0x66213c0
[BLEND_ALLOC] out_realloc=0 res_out=0x66257c0 +6291456 end=0x6c257c0 | res_masks=0x6498100 +12883072 end=0x70e1580 | xramp=0x66237c0 yramp=0x66247c0
[BLEND_SPLIT] upload=0.9 (attrs=0.0MB ids=0.0MB resident) exec=66.1 readback=1.4 total=68.4 ms
[BLEND_ADDR] cull_masks=0x6498100 out=0x66257c0 end=0x6c257c0 tile_ids=0x66e57c0 xramp=0x66237c0
[BLEND_HOST] resident_blend device=95.3 (host attr/id build=0, upload=0) total=95.3 ms
[SORT] stage=RP P=574474 P_kept=518758 num_tiles=1024 max_tile_n=4640 bin=3.04 up=0.29 kernel=2.67 d2h=6.90 compact=0.00 publish=0.28 total=14.06ms
[CULL_ALLOC] masks_realloc=0 res_masks=0x6498100 +2105536 end=0x669a1c0 | res_mask_base=0x66213c0 +4096 | res_out_exists=1 out=0x66257c0 tiles=1024
[CULL_SPLIT] candidates=518758 masks=2.01MB exec=11.7 ms masks_addr=0x6498100 end=0x669a1c0 base_addr=0x66213c0
[BLEND_ALLOC] out_realloc=0 res_out=0x66257c0 +6291456 end=0x6c257c0 | res_masks=0x6498100 +12883072 end=0x70e1580 | xramp=0x66237c0 yramp=0x66247c0
[BLEND_SPLIT] upload=0.9 (attrs=0.0MB ids=0.0MB resident) exec=60.1 readback=1.4 total=62.4 ms
[BLEND_ADDR] cull_masks=0x6498100 out=0x66257c0 end=0x6c257c0 tile_ids=0x66e57c0 xramp=0x66237c0
[BLEND_HOST] resident_blend device=87.6 (host attr/id build=0, upload=0) total=87.6 ms
[SORT] stage=RP P=508814 P_kept=455635 num_tiles=1024 max_tile_n=4352 bin=2.98 up=0.29 kernel=2.56 d2h=7.03 compact=0.00 publish=0.28 total=13.94ms
[CULL_ALLOC] masks_realloc=0 res_masks=0x6498100 +1854400 end=0x665ccc0 | res_mask_base=0x66213c0 +4096 | res_out_exists=1 out=0x66257c0 tiles=1024
[CULL_SPLIT] candidates=455635 masks=1.77MB exec=10.2 ms masks_addr=0x6498100 end=0x665ccc0 base_addr=0x66213c0
[BLEND_ALLOC] out_realloc=0 res_out=0x66257c0 +6291456 end=0x6c257c0 | res_masks=0x6498100 +12883072 end=0x70e1580 | xramp=0x66237c0 yramp=0x66247c0
[BLEND_SPLIT] upload=0.9 (attrs=0.0MB ids=0.0MB resident) exec=52.6 readback=1.4 total=54.9 ms
[BLEND_ADDR] cull_masks=0x6498100 out=0x66257c0 end=0x6c257c0 tile_ids=0x66e57c0 xramp=0x66237c0
[BLEND_HOST] resident_blend device=78.9 (host attr/id build=0, upload=0) total=78.9 ms
[SORT] stage=RP P=414994 P_kept=365695 num_tiles=1024 max_tile_n=3520 bin=2.75 up=0.29 kernel=2.40 d2h=6.94 compact=0.00 publish=0.22 total=13.32ms
[CULL_ALLOC] masks_realloc=0 res_masks=0x6498100 +1492288 end=0x6604640 | res_mask_base=0x66213c0 +4096 | res_out_exists=1 out=0x66257c0 tiles=1024
[CULL_SPLIT] candidates=365695 masks=1.42MB exec=8.2 ms masks_addr=0x6498100 end=0x6604640 base_addr=0x66213c0
[BLEND_ALLOC] out_realloc=0 res_out=0x66257c0 +6291456 end=0x6c257c0 | res_masks=0x6498100 +12883072 end=0x70e1580 | xramp=0x66237c0 yramp=0x66247c0
[BLEND_SPLIT] upload=0.9 (attrs=0.0MB ids=0.0MB resident) exec=42.3 readback=1.4 total=44.5 ms
[BLEND_ADDR] cull_masks=0x6498100 out=0x66257c0 end=0x6c257c0 tile_ids=0x66e57c0 xramp=0x66237c0
[BLEND_HOST] resident_blend device=67.2 (host attr/id build=0, upload=0) total=67.2 ms
[SORT] stage=RP P=245802 P_kept=202039 num_tiles=1024 max_tile_n=2624 bin=2.53 up=0.29 kernel=2.06 d2h=7.00 compact=0.00 publish=0.18 total=12.62ms
[CULL_ALLOC] masks_realloc=0 res_masks=0x6498100 +839296 end=0x6564f80 | res_mask_base=0x66213c0 +4096 | res_out_exists=1 out=0x66257c0 tiles=1024
[CULL_SPLIT] candidates=202039 masks=0.80MB exec=4.6 ms masks_addr=0x6498100 end=0x6564f80 base_addr=0x66213c0
[BLEND_ALLOC] out_realloc=0 res_out=0x66257c0 +6291456 end=0x6c257c0 | res_masks=0x6498100 +12883072 end=0x70e1580 | xramp=0x66237c0 yramp=0x66247c0
[BLEND_SPLIT] upload=0.9 (attrs=0.0MB ids=0.0MB resident) exec=23.7 readback=1.3 total=25.9 ms
[BLEND_ADDR] cull_masks=0x6498100 out=0x66257c0 end=0x6c257c0 tile_ids=0x66e57c0 xramp=0x66237c0
[BLEND_HOST] resident_blend device=44.8 (host attr/id build=0, upload=0) total=44.8 ms
[SORT] stage=RP P=162380 P_kept=121062 num_tiles=1024 max_tile_n=1664 bin=2.34 up=0.29 kernel=1.88 d2h=6.98 compact=0.00 publish=0.12 total=12.02ms
[CULL_ALLOC] masks_realloc=0 res_masks=0x6498100 +515456 end=0x6515e80 | res_mask_base=0x66213c0 +4096 | res_out_exists=1 out=0x66257c0 tiles=1024
[CULL_SPLIT] candidates=121062 masks=0.49MB exec=2.9 ms masks_addr=0x6498100 end=0x6515e80 base_addr=0x66213c0
[BLEND_ALLOC] out_realloc=0 res_out=0x66257c0 +6291456 end=0x6c257c0 | res_masks=0x6498100 +12883072 end=0x70e1580 | xramp=0x66237c0 yramp=0x66247c0
[BLEND_SPLIT] upload=0.9 (attrs=0.0MB ids=0.0MB resident) exec=14.4 readback=1.3 total=16.6 ms
[BLEND_ADDR] cull_masks=0x6498100 out=0x66257c0 end=0x6c257c0 tile_ids=0x66e57c0 xramp=0x66237c0
[BLEND_HOST] resident_blend device=33.3 (host attr/id build=0, upload=0) total=33.3 ms
[SORT] stage=RP P=588050 P_kept=531265 num_tiles=1024 max_tile_n=4800 bin=3.03 up=0.29 kernel=2.68 d2h=6.97 compact=0.00 publish=0.30 total=14.16ms
[CULL_ALLOC] masks_realloc=0 res_masks=0x6498100 +2155840 end=0x66a6640 | res_mask_base=0x66213c0 +4096 | res_out_exists=1 out=0x66257c0 tiles=1024
[CULL_SPLIT] candidates=531265 masks=2.06MB exec=11.9 ms masks_addr=0x6498100 end=0x66a6640 base_addr=0x66213c0
[BLEND_ALLOC] out_realloc=0 res_out=0x66257c0 +6291456 end=0x6c257c0 | res_masks=0x6498100 +12883072 end=0x70e1580 | xramp=0x66237c0 yramp=0x66247c0
[BLEND_SPLIT] upload=0.9 (attrs=0.0MB ids=0.0MB resident) exec=61.4 readback=1.3 total=63.7 ms
[BLEND_ADDR] cull_masks=0x6498100 out=0x66257c0 end=0x6c257c0 tile_ids=0x66e57c0 xramp=0x66237c0
[BLEND_HOST] resident_blend device=171.0 (host attr/id build=0, upload=0) total=171.0 ms
[SORT] stage=RP P=854460 P_kept=787093 num_tiles=1024 max_tile_n=5072 bin=3.53 up=0.29 kernel=3.17 d2h=6.98 compact=0.00 publish=0.37 total=15.56ms
[CULL_ALLOC] masks_realloc=0 res_masks=0x6498100 +3179392 end=0x67a0480 | res_mask_base=0x66213c0 +4096 | res_out_exists=1 out=0x66257c0 tiles=1024
[CULL_SPLIT] candidates=787093 masks=3.03MB exec=17.6 ms masks_addr=0x6498100 end=0x67a0480 base_addr=0x66213c0
[BLEND_ALLOC] out_realloc=0 res_out=0x66257c0 +6291456 end=0x6c257c0 | res_masks=0x6498100 +12883072 end=0x70e1580 | xramp=0x66237c0 yramp=0x66247c0
[BLEND_SPLIT] upload=0.9 (attrs=0.0MB ids=0.0MB resident) exec=91.1 readback=1.5 total=93.5 ms
[BLEND_ADDR] cull_masks=0x6498100 out=0x66257c0 end=0x6c257c0 tile_ids=0x66e57c0 xramp=0x66237c0
[BLEND_HOST] resident_blend device=125.3 (host attr/id build=0, upload=0) total=125.3 ms
[SORT] stage=RP P=840033 P_kept=772462 num_tiles=1024 max_tile_n=4560 bin=3.50 up=0.29 kernel=3.15 d2h=7.00 compact=0.00 publish=0.38 total=15.51ms
[CULL_ALLOC] masks_realloc=0 res_masks=0x6498100 +3121152 end=0x6792100 | res_mask_base=0x66213c0 +4096 | res_out_exists=1 out=0x66257c0 tiles=1024
[CULL_SPLIT] candidates=772462 masks=2.98MB exec=17.3 ms masks_addr=0x6498100 end=0x6792100 base_addr=0x66213c0
[BLEND_ALLOC] out_realloc=0 res_out=0x66257c0 +6291456 end=0x6c257c0 | res_masks=0x6498100 +12883072 end=0x70e1580 | xramp=0x66237c0 yramp=0x66247c0
[BLEND_SPLIT] upload=0.9 (attrs=0.0MB ids=0.0MB resident) exec=89.6 readback=1.5 total=92.0 ms
[BLEND_ADDR] cull_masks=0x6498100 out=0x66257c0 end=0x6c257c0 tile_ids=0x66e57c0 xramp=0x66237c0
[BLEND_HOST] resident_blend device=123.6 (host attr/id build=0, upload=0) total=123.6 ms
[SORT] stage=RP P=1077452 P_kept=1004258 num_tiles=1024 max_tile_n=5232 bin=3.98 up=0.30 kernel=3.48 d2h=6.94 compact=0.00 publish=0.46 total=16.65ms
[CULL_ALLOC] masks_realloc=0 res_masks=0x6498100 +4047360 end=0x6874300 | res_mask_base=0x66213c0 +4096 | res_out_exists=1 out=0x66257c0 tiles=1024
[CULL_SPLIT] candidates=1004258 masks=3.86MB exec=22.5 ms masks_addr=0x6498100 end=0x6874300 base_addr=0x66213c0
[BLEND_ALLOC] out_realloc=0 res_out=0x66257c0 +6291456 end=0x6c257c0 | res_masks=0x6498100 +12883072 end=0x70e1580 | xramp=0x66237c0 yramp=0x66247c0
[BLEND_SPLIT] upload=0.9 (attrs=0.0MB ids=0.0MB resident) exec=116.3 readback=4.4 total=121.6 ms
[BLEND_ADDR] cull_masks=0x6498100 out=0x66257c0 end=0x6c257c0 tile_ids=0x66e57c0 xramp=0x66237c0
[BLEND_HOST] resident_blend device=157.8 (host attr/id build=0, upload=0) total=157.8 ms
[SORT] stage=RP P=1175882 P_kept=1106757 num_tiles=1024 max_tile_n=5248 bin=3.90 up=0.29 kernel=3.52 d2h=6.78 compact=0.00 publish=0.48 total=16.58ms
[CULL_ALLOC] masks_realloc=0 res_masks=0x6498100 +4457920 end=0x68d86c0 | res_mask_base=0x66213c0 +4096 | res_out_exists=1 out=0x66257c0 tiles=1024
[CULL_SPLIT] candidates=1106757 masks=4.25MB exec=24.7 ms masks_addr=0x6498100 end=0x68d86c0 base_addr=0x66213c0
[BLEND_ALLOC] out_realloc=0 res_out=0x66257c0 +6291456 end=0x6c257c0 | res_masks=0x6498100 +12883072 end=0x70e1580 | xramp=0x66237c0 yramp=0x66247c0
[BLEND_SPLIT] upload=0.9 (attrs=0.0MB ids=0.0MB resident) exec=127.9 readback=1.4 total=130.2 ms
[BLEND_ADDR] cull_masks=0x6498100 out=0x66257c0 end=0x6c257c0 tile_ids=0x66e57c0 xramp=0x66237c0
[BLEND_HOST] resident_blend device=169.4 (host attr/id build=0, upload=0) total=169.4 ms
[SORT] stage=RP P=662931 P_kept=606620 num_tiles=1024 max_tile_n=4928 bin=3.25 up=0.29 kernel=2.84 d2h=6.77 compact=0.00 publish=0.33 total=14.61ms
[CULL_ALLOC] masks_realloc=0 res_masks=0x6498100 +2457408 end=0x66f0040 | res_mask_base=0x66213c0 +4096 | res_out_exists=1 out=0x66257c0 tiles=1024
[CULL_SPLIT] candidates=606620 masks=2.34MB exec=13.6 ms masks_addr=0x6498100 end=0x66f0040 base_addr=0x66213c0
[BLEND_ALLOC] out_realloc=0 res_out=0x66257c0 +6291456 end=0x6c257c0 | res_masks=0x6498100 +12883072 end=0x70e1580 | xramp=0x66237c0 yramp=0x66247c0
[BLEND_SPLIT] upload=0.9 (attrs=0.0MB ids=0.0MB resident) exec=70.3 readback=1.3 total=72.5 ms
[BLEND_ADDR] cull_masks=0x6498100 out=0x66257c0 end=0x6c257c0 tile_ids=0x66e57c0 xramp=0x66237c0
[BLEND_HOST] resident_blend device=97.5 (host attr/id build=0, upload=0) total=97.5 ms
[SORT] stage=RP P=1298085 P_kept=1211183 num_tiles=1024 max_tile_n=18048 bin=4.36 up=0.29 kernel=3.90 d2h=7.00 compact=0.00 publish=0.74 total=22.95ms
[CULL_ALLOC] masks_realloc=0 res_masks=0x6498100 +4875264 end=0x693e500 | res_mask_base=0x66213c0 +4096 | res_out_exists=1 out=0x66257c0 tiles=1024
[CULL_SPLIT] candidates=1211183 masks=4.65MB exec=41.8 ms masks_addr=0x6498100 end=0x693e500 base_addr=0x66213c0
[BLEND_ALLOC] out_realloc=0 res_out=0x66257c0 +6291456 end=0x6c257c0 | res_masks=0x6498100 +12883072 end=0x70e1580 | xramp=0x66237c0 yramp=0x66247c0
[BLEND_SPLIT] upload=0.9 (attrs=0.0MB ids=0.0MB resident) exec=217.1 readback=1.5 total=219.5 ms
[BLEND_ADDR] cull_masks=0x6498100 out=0x66257c0 end=0x6c257c0 tile_ids=0x66e57c0 xramp=0x66237c0
[BLEND_HOST] resident_blend device=275.8 (host attr/id build=0, upload=0) total=275.8 ms
[SORT] stage=RP P=262468 P_kept=239689 num_tiles=1024 max_tile_n=4400 bin=2.67 up=0.29 kernel=1.57 d2h=6.75 compact=0.00 publish=0.23 total=12.13ms
[CULL_ALLOC] masks_realloc=0 res_masks=0x6498100 +988608 end=0x65896c0 | res_mask_base=0x66213c0 +4096 | res_out_exists=1 out=0x66257c0 tiles=1024
[CULL_SPLIT] candidates=239689 masks=0.94MB exec=8.4 ms masks_addr=0x6498100 end=0x65896c0 base_addr=0x66213c0
[BLEND_ALLOC] out_realloc=0 res_out=0x66257c0 +6291456 end=0x6c257c0 | res_masks=0x6498100 +12883072 end=0x70e1580 | xramp=0x66237c0 yramp=0x66247c0
[BLEND_SPLIT] upload=1.0 (attrs=0.0MB ids=0.0MB resident) exec=43.4 readback=1.3 total=45.8 ms
[BLEND_ADDR] cull_masks=0x6498100 out=0x66257c0 end=0x6c257c0 tile_ids=0x66e57c0 xramp=0x66237c0
[BLEND_HOST] resident_blend device=62.8 (host attr/id build=0, upload=0) total=62.8 ms
[SORT] stage=RP P=107247 P_kept=72110 num_tiles=1024 max_tile_n=1440 bin=2.30 up=0.29 kernel=1.46 d2h=6.93 compact=0.00 publish=0.11 total=11.44ms
[CULL_ALLOC] masks_realloc=0 res_masks=0x6498100 +318592 end=0x64e5d80 | res_mask_base=0x66213c0 +4096 | res_out_exists=1 out=0x66257c0 tiles=1024
[CULL_SPLIT] candidates=72110 masks=0.30MB exec=1.8 ms masks_addr=0x6498100 end=0x64e5d80 base_addr=0x66213c0
[BLEND_ALLOC] out_realloc=0 res_out=0x66257c0 +6291456 end=0x6c257c0 | res_masks=0x6498100 +12883072 end=0x70e1580 | xramp=0x66237c0 yramp=0x66247c0
[BLEND_SPLIT] upload=0.9 (attrs=0.0MB ids=0.0MB resident) exec=8.7 readback=1.3 total=11.0 ms
[BLEND_ADDR] cull_masks=0x6498100 out=0x66257c0 end=0x6c257c0 tile_ids=0x66e57c0 xramp=0x66237c0
[BLEND_HOST] resident_blend device=26.5 (host attr/id build=0, upload=0) total=26.5 ms
[SORT] stage=RP P=742945 P_kept=677949 num_tiles=1024 max_tile_n=4672 bin=3.39 up=0.29 kernel=3.00 d2h=6.98 compact=0.00 publish=0.34 total=15.06ms
[CULL_ALLOC] masks_realloc=0 res_masks=0x6498100 +2741824 end=0x6735740 | res_mask_base=0x66213c0 +4096 | res_out_exists=1 out=0x66257c0 tiles=1024
[CULL_SPLIT] candidates=677949 masks=2.61MB exec=15.2 ms masks_addr=0x6498100 end=0x6735740 base_addr=0x66213c0
[BLEND_ALLOC] out_realloc=0 res_out=0x66257c0 +6291456 end=0x6c257c0 | res_masks=0x6498100 +12883072 end=0x70e1580 | xramp=0x66237c0 yramp=0x66247c0
[BLEND_SPLIT] upload=0.9 (attrs=0.0MB ids=0.0MB resident) exec=78.6 readback=1.4 total=80.9 ms
[BLEND_ADDR] cull_masks=0x6498100 out=0x66257c0 end=0x6c257c0 tile_ids=0x66e57c0 xramp=0x66237c0
[BLEND_HOST] resident_blend device=110.9 (host attr/id build=0, upload=0) total=110.9 ms
[SORT] stage=RP P=3369033 P_kept=3213120 num_tiles=1024 max_tile_n=25872 bin=7.89 up=0.29 kernel=7.14 d2h=6.77 compact=0.00 publish=1.27 total=27.57ms
[SORT] stage=RP P=3369033 P_kept=3213120 num_tiles=1024 max_tile_n=25872 bin=7.87 up=0.29 kernel=7.14 d2h=6.75 compact=0.00 publish=1.27 total=27.58ms
[SORT] stage=RP P=2774729 P_kept=2611438 num_tiles=1024 max_tile_n=24176 bin=6.94 up=0.29 kernel=6.17 d2h=6.81 compact=0.00 publish=1.06 total=24.89ms
[SORT] stage=RP P=3235251 P_kept=3044420 num_tiles=1024 max_tile_n=22144 bin=7.83 up=0.29 kernel=6.86 d2h=6.75 compact=0.00 publish=1.17 total=27.03ms
[SORT] stage=RP P=1753355 P_kept=1637292 num_tiles=1024 max_tile_n=20928 bin=5.09 up=0.29 kernel=4.49 d2h=6.70 compact=0.00 publish=0.85 total=19.70ms
[SORT] stage=RP P=934247 P_kept=867521 num_tiles=1024 max_tile_n=5136 bin=3.70 up=0.29 kernel=3.19 d2h=6.71 compact=0.00 publish=0.40 total=15.58ms
[SORT] stage=RP P=1124461 P_kept=1056654 num_tiles=1024 max_tile_n=6256 bin=4.05 up=0.29 kernel=3.41 d2h=6.75 compact=0.00 publish=0.46 total=16.44ms
[SORT] stage=RP P=835298 P_kept=781922 num_tiles=1024 max_tile_n=5312 bin=3.50 up=0.29 kernel=2.98 d2h=6.75 compact=0.00 publish=0.38 total=15.10ms
[SORT] stage=RP P=1067596 P_kept=1004359 num_tiles=1024 max_tile_n=4816 bin=3.95 up=0.29 kernel=3.32 d2h=6.74 compact=0.00 publish=0.45 total=16.22ms
[SORT] stage=RP P=1024763 P_kept=962008 num_tiles=1024 max_tile_n=4576 bin=3.84 up=0.29 kernel=3.43 d2h=6.75 compact=0.00 publish=0.43 total=16.17ms
[SORT] stage=RP P=779787 P_kept=724640 num_tiles=1024 max_tile_n=3328 bin=3.47 up=0.29 kernel=3.05 d2h=6.71 compact=0.00 publish=0.35 total=15.01ms
[SORT] stage=RP P=402318 P_kept=360276 num_tiles=1024 max_tile_n=2592 bin=2.75 up=0.29 kernel=2.30 d2h=6.74 compact=0.00 publish=0.22 total=13.02ms
[SORT] stage=RP P=638458 P_kept=582104 num_tiles=1024 max_tile_n=3264 bin=3.20 up=0.29 kernel=2.79 d2h=6.77 compact=0.00 publish=0.30 total=14.34ms
[SORT] stage=RP P=486800 P_kept=434755 num_tiles=1024 max_tile_n=3760 bin=2.68 up=0.29 kernel=2.52 d2h=6.76 compact=0.00 publish=0.26 total=13.31ms
[SORT] stage=RP P=602411 P_kept=544891 num_tiles=1024 max_tile_n=4304 bin=3.13 up=0.29 kernel=2.75 d2h=6.73 compact=0.00 publish=0.30 total=14.13ms
[SORT] stage=RP P=629297 P_kept=570421 num_tiles=1024 max_tile_n=4784 bin=3.17 up=0.29 kernel=2.78 d2h=6.70 compact=0.00 publish=0.30 total=14.19ms
[SORT] stage=RP P=574474 P_kept=518758 num_tiles=1024 max_tile_n=4640 bin=3.09 up=0.29 kernel=2.67 d2h=6.74 compact=0.00 publish=0.28 total=13.97ms
[SORT] stage=RP P=508814 P_kept=455635 num_tiles=1024 max_tile_n=4352 bin=2.95 up=0.29 kernel=2.56 d2h=6.75 compact=0.00 publish=0.29 total=13.69ms
[SORT] stage=RP P=414994 P_kept=365695 num_tiles=1024 max_tile_n=3520 bin=2.78 up=0.29 kernel=2.40 d2h=6.75 compact=0.00 publish=0.23 total=13.19ms
[SORT] stage=RP P=245802 P_kept=202039 num_tiles=1024 max_tile_n=2624 bin=2.53 up=0.29 kernel=2.07 d2h=6.73 compact=0.00 publish=0.18 total=12.47ms
[SORT] stage=RP P=162380 P_kept=121062 num_tiles=1024 max_tile_n=1664 bin=2.43 up=0.29 kernel=1.88 d2h=6.74 compact=0.00 publish=0.13 total=11.91ms
[SORT] stage=RP P=588050 P_kept=531265 num_tiles=1024 max_tile_n=4800 bin=3.08 up=0.29 kernel=2.68 d2h=6.73 compact=0.00 publish=0.30 total=14.02ms
[SORT] stage=RP P=854460 P_kept=787093 num_tiles=1024 max_tile_n=5072 bin=3.40 up=0.29 kernel=3.16 d2h=6.75 compact=0.00 publish=0.37 total=15.22ms
[SORT] stage=RP P=840033 P_kept=772462 num_tiles=1024 max_tile_n=4560 bin=3.36 up=0.29 kernel=3.14 d2h=6.73 compact=0.00 publish=0.37 total=15.13ms
[SORT] stage=RP P=1077452 P_kept=1004258 num_tiles=1024 max_tile_n=5232 bin=3.86 up=0.29 kernel=3.47 d2h=6.70 compact=0.00 publish=0.45 total=16.23ms
[SORT] stage=RP P=1175882 P_kept=1106757 num_tiles=1024 max_tile_n=5248 bin=4.11 up=0.30 kernel=3.52 d2h=6.69 compact=0.00 publish=0.47 total=16.73ms
[SORT] stage=RP P=662931 P_kept=606620 num_tiles=1024 max_tile_n=4928 bin=3.21 up=0.29 kernel=2.83 d2h=6.76 compact=0.00 publish=0.32 total=14.42ms
[SORT] stage=RP P=1298085 P_kept=1211183 num_tiles=1024 max_tile_n=18048 bin=4.46 up=0.29 kernel=3.91 d2h=6.75 compact=0.00 publish=0.73 total=17.82ms
[SORT] stage=RP P=262468 P_kept=239689 num_tiles=1024 max_tile_n=4400 bin=2.62 up=0.29 kernel=1.57 d2h=6.77 compact=0.00 publish=0.22 total=12.08ms
[SORT] stage=RP P=107247 P_kept=72110 num_tiles=1024 max_tile_n=1440 bin=2.41 up=0.29 kernel=1.47 d2h=6.77 compact=0.00 publish=0.11 total=11.44ms
[SORT] stage=RP P=742945 P_kept=677949 num_tiles=1024 max_tile_n=4672 bin=3.43 up=0.29 kernel=2.99 d2h=6.71 compact=0.00 publish=0.33 total=14.83ms
SUMMARY backend=tt blend_mode=2 views=30 hero_vs_gt=46.78dB hero_vs_ref=63.64dB min_vs_ref=55.77dB min_vs_gt=41.19dB ms/view=237.9 (proj=31.9 ta=29.4 sort=15.1 blend=119.3) shot=opt/metal-screenshots/loop-gate30b/hero.png
[bh-30-special-smarton-for-reservation-75776:461280] *** Process received signal ***
[bh-30-special-smarton-for-reservation-75776:461280] Signal: Segmentation fault (11)
[bh-30-special-smarton-for-reservation-75776:461280] Signal code: Address not mapped (1)
[bh-30-special-smarton-for-reservation-75776:461280] Failing at address: 0x5f684b2e3
[bh-30-special-smarton-for-reservation-75776:461280] [ 0] /lib/x86_64-linux-gnu/libc.so.6(+0x42520)[0x78137e266520]
[bh-30-special-smarton-for-reservation-75776:461280] [ 1] /localdev/smarton/tt-metal/build/tt_metal/libtt_metal.so(_ZNSt8__detail9_Map_baseIjSt4pairIKjNSt6chrono10time_pointINS3_3_V212steady_clockENS3_8durationIlSt5ratioILl1ELl1000000000EEEEEEESaISC_ENS_10_Select1stESt8equal_toIjESt4hashIjENS_18_Mod_range_hashingENS_20_Default_ranged_hashENS_20_Prime_rehash_policyENS_17_Hashtable_traitsILb0ELb0ELb1EEELb1EEixEOj+0x48)[0x781323352488]
[bh-30-special-smarton-for-reservation-75776:461280] [ 2] /localdev/smarton/tt-metal/build/tt_metal/libtt_metal.so(_ZN2tt8tt_metal25SharedMemoryStatsProvider21update_from_allocatorEPKNS0_6DeviceEi+0x9c)[0x781323341f9c]
[bh-30-special-smarton-for-reservation-75776:461280] [ 3] /localdev/smarton/tt-metal/build/tt_metal/libtt_metal.so(_ZN2tt8tt_metal6detail11ProgramImpl27deallocate_circular_buffersEv+0xc0)[0x7813233fb5c0]
[bh-30-special-smarton-for-reservation-75776:461280] [ 4] /localdev/smarton/tt-metal/build/tt_metal/libtt_metal.so(_ZN2tt8tt_metal6detail11ProgramImplD1Ev+0x1a)[0x7813234067fa]
[bh-30-special-smarton-for-reservation-75776:461280] [ 5] /localdev/smarton/tt-metal/build/tt_metal/libtt_metal.so(+0x5dfc26)[0x7813231dfc26]
[bh-30-special-smarton-for-reservation-75776:461280] [ 6] /localdev/smarton/tt-metal/build/tt_metal/libtt_metal.so(_ZN2tt8tt_metal11distributed16MeshWorkloadImplD2Ev+0xa8)[0x781323717168]
[bh-30-special-smarton-for-reservation-75776:461280] [ 7] /localdev/smarton/tt-metal/build/tt_metal/libtt_metal.so(_ZN2tt8tt_metal11distributed12MeshWorkloadD1Ev+0x15)[0x7813237175e5]
[bh-30-special-smarton-for-reservation-75776:461280] [ 8] /localdev/smarton/gstt2/backends/cpu_cpp/_gsplat_cpu.cpython-310-x86_64-linux-gnu.so(+0xbcbd1)[0x7813243f0bd1]
[bh-30-special-smarton-for-reservation-75776:461280] [ 9] /lib/x86_64-linux-gnu/libc.so.6(+0x45495)[0x78137e269495]
[bh-30-special-smarton-for-reservation-75776:461280] [10] /lib/x86_64-linux-gnu/libc.so.6(on_exit+0x0)[0x78137e269610]
[bh-30-special-smarton-for-reservation-75776:461280] [11] /lib/x86_64-linux-gnu/libc.so.6(+0x29d97)[0x78137e24dd97]
[bh-30-special-smarton-for-reservation-75776:461280] [12] /lib/x86_64-linux-gnu/libc.so.6(__libc_start_main+0x80)[0x78137e24de40]
[bh-30-special-smarton-for-reservation-75776:461280] [13] .venv/bin/python3(_start+0x25)[0x5f6829adab45]
[bh-30-special-smarton-for-reservation-75776:461280] *** End of error message ***
