================ BUILD ID ================
  cpp : #8 sha=b3b6231 fix: dedicated per-chunk barrier for SFPU mask read
  data: # sha= 
=========================================
host=bh-30  tag=sfpu  timeout=1500s  worry=600s  ts=2026-05-31T14:57:50-0700
cmd: export TT_METAL_HOME=/localdev/smarton/tt-metal TT_METAL_RUNTIME_ROOT=/localdev/smarton/tt-metal TT_METAL_CACHE=/localdev/smarton/.cache/tt-metal-cache TT_METAL_ARCH_NAME=blackhole MESH_DEVICE=P100 GSPLAT_TT_BLEND_MODE=2 GSPLAT_TT_MB_KERNEL=1 GSPLAT_TT_MB_DEVCULL=1 GSPLAT_TT_DEVICE_PROJECT=1 GSPLAT_TT_RESIDENT_PROJECT=1 GSPLAT_TT_RESIDENT_GATHER=1 GSPLAT_TT_DEVICE_TILE_ASSIGN=1 GSPLAT_TT_RESIDENT_TA_IN=1 GSPLAT_TT_DEVICE_SORT=1 GSPLAT_TT_RESIDENT_PAIRS=1 GSPLAT_TT_RESIDENT_BLEND=1 GSPLAT_TT_SORT_DEVICE_PUBLISH=1 GSPLAT_TT_TA_DEVICE_SCAN=1 GSPLAT_TT_MB_TIMING=1 GSPLAT_TT_SFPU_CULL=1 GSPLAT_TT_CULL_KVAL=1; source .venv/bin/activate 2>/dev/null; .venv/bin/python3 scripts/a003_verify.py --views 1 --iter-dir loop-kval --out opt/ttw/kval.json
-----------------------------------------
2026-05-31 21:57:52.765 | info     |             UMD | Creating TopologyDiscovery for architecture: blackhole (topology_discovery.cpp:75)
2026-05-31 21:57:52.765 | info     |             UMD | Starting topology discovery. (topology_discovery.cpp:92)
2026-05-31 21:57:52.766 | warning  |             UMD | Low power mode is disabled while UMD holds open file descriptors. The device will return to low power mode once all file descriptors are closed. (topology_discovery.cpp:140)
2026-05-31 21:57:52.766 | warning  |             UMD | KMD version 2.4.1 does not support power state management. (pci_device.cpp:1067)
2026-05-31 21:57:52.766 | info     |             UMD | Established firmware bundle version: 19.5.0 (topology_discovery.cpp:544)
2026-05-31 21:57:52.767 | info     |             UMD | Completed topology discovery. (topology_discovery.cpp:96)
2026-05-31 21:57:52.768 | info     |          Device | Opening user mode device driver (tt_cluster.cpp:225)
2026-05-31 21:57:52.768 | info     |             UMD | Cluster constructor started. (cluster.cpp:317)
2026-05-31 21:57:52.768 | info     |             UMD | Creating TopologyDiscovery for architecture: blackhole (topology_discovery.cpp:75)
2026-05-31 21:57:52.768 | info     |             UMD | Starting topology discovery. (topology_discovery.cpp:92)
2026-05-31 21:57:52.769 | warning  |             UMD | Low power mode is disabled while UMD holds open file descriptors. The device will return to low power mode once all file descriptors are closed. (topology_discovery.cpp:140)
2026-05-31 21:57:52.769 | warning  |             UMD | KMD version 2.4.1 does not support power state management. (pci_device.cpp:1067)
2026-05-31 21:57:52.770 | info     |             UMD | Established firmware bundle version: 19.5.0 (topology_discovery.cpp:544)
2026-05-31 21:57:52.770 | info     |             UMD | Completed topology discovery. (topology_discovery.cpp:96)
2026-05-31 21:57:52.770 | info     |             UMD | Harvesting masks for Chip 0: Tensix: 0xc0 DRAM: 0x0 ETH: 0x120 PCIe: 0x2 L2CPU: 0x0 (cluster.cpp:262)
2026-05-31 21:57:52.770 | info     |             UMD | Initializing iommu for sysmem (size: 0x40000000). (silicon_sysmem_manager.cpp:334)
2026-05-31 21:57:52.770 | info     |             UMD | Allocating sysmem for IOMMU (size: 0x40000000). (silicon_sysmem_manager.cpp:340)
2026-05-31 21:57:52.841 | warning  |             UMD | KMD version 2.4.1 does not support power state management. (pci_device.cpp:1067)
2026-05-31 21:57:52.841 | info     |             UMD | Opening local chip ids/PCIe ids: {0}/[3] and remote chip ids {} (cluster.cpp:153)
2026-05-31 21:57:52.841 | info     |             UMD | IOMMU: enabled (cluster.cpp:133)
2026-05-31 21:57:52.841 | info     |             UMD | KMD version: 2.4.1 (cluster.cpp:136)
2026-05-31 21:57:52.841 | info     |             UMD | Cluster constructor completed. (cluster.cpp:409)
2026-05-31 21:57:52.842 | info     |             UMD | Starting devices in cluster (cluster.cpp:1044)
2026-05-31 21:57:52.843 | info     |             UMD | Mapped sysmem without hugepages to IOVA 0xfffffffec0000000; NOC address 0x1000000000000000 (silicon_sysmem_manager.cpp:391)
2026-05-31 21:57:52.844 | info     |             UMD | Starting devices in cluster completed. (cluster.cpp:1052)
2026-05-31 21:57:53.158 | info     |     Distributed | Using auto discovery to generate mesh graph. (metal_env.cpp:332)
2026-05-31 21:57:53.158 | info     |     Distributed | Constructing control plane using auto-discovery (no mesh graph descriptor). (metal_env.cpp:394)
2026-05-31 21:57:53.158 | info     |             UMD | Creating TopologyDiscovery for architecture: blackhole (topology_discovery.cpp:75)
2026-05-31 21:57:53.158 | info     |             UMD | Starting topology discovery. (topology_discovery.cpp:92)
2026-05-31 21:57:53.159 | warning  |             UMD | Low power mode is disabled while UMD holds open file descriptors. The device will return to low power mode once all file descriptors are closed. (topology_discovery.cpp:140)
2026-05-31 21:57:53.159 | warning  |             UMD | KMD version 2.4.1 does not support power state management. (pci_device.cpp:1067)
2026-05-31 21:57:53.160 | info     |             UMD | Established firmware bundle version: 19.5.0 (topology_discovery.cpp:544)
2026-05-31 21:57:53.160 | info     |             UMD | Completed topology discovery. (topology_discovery.cpp:96)
2026-05-31 21:57:53.161 | warning  |          Always | Unknown motherboard 'H12DSG-O-CPU' for chip_id=0 (bus_id=0xa1) — defaulting tray_id to 0. Add this motherboard and its bus IDs to mobo_to_bus_ids in physical_system_discovery.cpp. (physical_system_discovery.cpp:56)
2026-05-31 21:57:53.161 | info     |          Fabric | TopologyMapper: Logical Multi-Mesh Adjacency Map: (topology_mapper.cpp:1474)
2026-05-31 21:57:53.161 | info     |          Fabric | 
=== Logical Mesh-Level Graph Adjacency Map ===
Total nodes: 1
Degree histogram: {0:1}
 (topology_solver.tpp:94)
2026-05-31 21:57:53.161 | info     |          Fabric | 
=== Logical Mesh 0 Internal Graph Adjacency Map ===
Total nodes: 1
Degree histogram: {0:1}
 (topology_solver.tpp:94)
2026-05-31 21:57:53.161 | info     |          Fabric | TopologyMapper: Physical Multi-Mesh Adjacency Map: (topology_mapper.cpp:1485)
2026-05-31 21:57:53.161 | info     |          Fabric | 
=== Physical Mesh-Level Graph Adjacency Map ===
Total nodes: 1
Degree histogram: {0:1}
 (topology_solver.tpp:94)
2026-05-31 21:57:53.161 | info     |          Fabric | 
=== Physical Mesh 0 Internal Graph Adjacency Map ===
Total nodes: 1
Degree histogram: {0:1}
 (topology_solver.tpp:94)
2026-05-31 21:57:53.161 | info     |          Fabric | Starting multi-mesh mapping: 1 logical mesh(es) to 1 physical mesh(es) (topology_mapper_utils.cpp:1465)
2026-05-31 21:57:53.161 | info     |          Fabric | Multi-mesh mapping attempt 1/2: Trying inter-mesh mapping (topology_mapper_utils.cpp:1506)
2026-05-31 21:57:53.161 | info     |          Fabric | Attempt 1: Inter-mesh mapping succeeded, found 1 mesh pair(s) (topology_mapper_utils.cpp:1535)
2026-05-31 21:57:53.161 | info     |          Fabric | Attempt 1: Mapping 1 mesh pair(s) (topology_mapper_utils.cpp:1547)
2026-05-31 21:57:53.161 | info     |          Fabric | Attempt 1: Mapping mesh 0 -> 0 (topology_mapper_utils.cpp:1549)
2026-05-31 21:57:53.161 | info     |          Fabric | Multi-mesh mapping succeeded after 1 attempt(s): 1 mesh pair(s) mapped (topology_mapper_utils.cpp:1682)
2026-05-31 21:57:53.263 | info     |           Metal | ShmResourceTracker: removed stale shm '/tt_d2h_443382_557787258_0' (shm_resource_tracker.cpp:265)
2026-05-31 21:57:53.263 | info     |           Metal | ShmResourceTracker: removed stale manifest '/dev/shm/tt_socket_manifest_443382' (shm_resource_tracker.cpp:275)
2026-05-31 21:57:53.849 | info     |           Metal | [Real-time profiler] Device 0 sync complete: 100 samples, frequency=1.349984 GHz, device_time_at_sync=57609237021346 cycles (realtime_profiler_manager.cpp:1075)
[SORT] stage=RP P=3369033 P_kept=3213120 num_tiles=1024 max_tile_n=25872 bin=10.98 up=0.29 kernel=9.57 d2h=13.50 compact=0.00 publish=3.79 total=55.82ms
[CULL_ALLOC] masks_realloc=1 res_masks=0x6498100 +12883072 end=0x70e1580 | res_mask_base=0x66213c0 +4096 | res_out_exists=0 out=0x0 tiles=0
[CULL_SPLIT] candidates=3213120 masks=12.29MB exec=779.0 ms masks_addr=0x6498100 end=0x70e1580 base_addr=0x66213c0
[BLEND_ALLOC] out_realloc=1 res_out=0x66257c0 +6291456 end=0x6c257c0 | res_masks=0x6498100 +12883072 end=0x70e1580 | xramp=0x66237c0 yramp=0x66247c0
[BLEND_SPLIT] upload=1.0 (attrs=0.0MB ids=0.0MB resident) exec=1201.3 readback=0.9 total=1203.2 ms
[BLEND_ADDR] cull_masks=0x6498100 out=0x66257c0 end=0x6c257c0 tile_ids=0x66e57c0 xramp=0x66237c0
[BLEND_HOST] resident_blend device=1997.2 (host attr/id build=0, upload=0) total=1997.2 ms
[SORT] stage=RP P=3369033 P_kept=3213120 num_tiles=1024 max_tile_n=25872 bin=7.89 up=0.29 kernel=7.14 d2h=10.68 compact=0.00 publish=1.26 total=44.14ms
[CULL_ALLOC] masks_realloc=0 res_masks=0x6498100 +12883072 end=0x70e1580 | res_mask_base=0x66213c0 +4096 | res_out_exists=1 out=0x66257c0 tiles=1024
[CULL_SPLIT] candidates=3213120 masks=12.29MB exec=71.4 ms masks_addr=0x6498100 end=0x70e1580 base_addr=0x66213c0
[BLEND_ALLOC] out_realloc=0 res_out=0x66257c0 +6291456 end=0x6c257c0 | res_masks=0x6498100 +12883072 end=0x70e1580 | xramp=0x66237c0 yramp=0x66247c0
[BLEND_SPLIT] upload=0.9 (attrs=0.0MB ids=0.0MB resident) exec=64.6 readback=1.0 total=66.5 ms
[BLEND_ADDR] cull_masks=0x6498100 out=0x66257c0 end=0x6c257c0 tile_ids=0x66e57c0 xramp=0x66237c0
[BLEND_HOST] resident_blend device=152.4 (host attr/id build=0, upload=0) total=152.4 ms
[SORT] stage=RP P=3369033 P_kept=3213120 num_tiles=1024 max_tile_n=25872 bin=7.84 up=0.29 kernel=7.14 d2h=6.74 compact=0.00 publish=1.26 total=27.40ms
[SORT] stage=RP P=3369033 P_kept=3213120 num_tiles=1024 max_tile_n=25872 bin=7.82 up=0.29 kernel=7.13 d2h=6.74 compact=0.00 publish=1.26 total=27.39ms
SUMMARY backend=tt blend_mode=2 views=1 hero_vs_gt=10.76dB hero_vs_ref=10.73dB min_vs_ref=10.73dB min_vs_gt=10.76dB ms/view=356.5 (proj=60.5 ta=97.2 sort=44.2 blend=153.7) shot=opt/metal-screenshots/loop-kval/hero.png
[bh-30-special-smarton-for-reservation-75776:444023] *** Process received signal ***
[bh-30-special-smarton-for-reservation-75776:444023] Signal: Segmentation fault (11)
[bh-30-special-smarton-for-reservation-75776:444023] Signal code: Address not mapped (1)
[bh-30-special-smarton-for-reservation-75776:444023] Failing at address: 0x5b4bb095d
[bh-30-special-smarton-for-reservation-75776:444023] [ 0] /lib/x86_64-linux-gnu/libc.so.6(+0x42520)[0x799145726520]
[bh-30-special-smarton-for-reservation-75776:444023] [ 1] /localdev/smarton/tt-metal/build/tt_metal/libtt_metal.so(_ZNSt8__detail9_Map_baseIjSt4pairIKjNSt6chrono10time_pointINS3_3_V212steady_clockENS3_8durationIlSt5ratioILl1ELl1000000000EEEEEEESaISC_ENS_10_Select1stESt8equal_toIjESt4hashIjENS_18_Mod_range_hashingENS_20_Default_ranged_hashENS_20_Prime_rehash_policyENS_17_Hashtable_traitsILb0ELb0ELb1EEELb1EEixEOj+0x48)[0x7990ea752488]
[bh-30-special-smarton-for-reservation-75776:444023] [ 2] /localdev/smarton/tt-metal/build/tt_metal/libtt_metal.so(_ZN2tt8tt_metal25SharedMemoryStatsProvider21update_from_allocatorEPKNS0_6DeviceEi+0x9c)[0x7990ea741f9c]
[bh-30-special-smarton-for-reservation-75776:444023] [ 3] /localdev/smarton/tt-metal/build/tt_metal/libtt_metal.so(_ZN2tt8tt_metal6detail11ProgramImpl27deallocate_circular_buffersEv+0xc0)[0x7990ea7fb5c0]
[bh-30-special-smarton-for-reservation-75776:444023] [ 4] /localdev/smarton/tt-metal/build/tt_metal/libtt_metal.so(_ZN2tt8tt_metal6detail11ProgramImplD1Ev+0x1a)[0x7990ea8067fa]
[bh-30-special-smarton-for-reservation-75776:444023] [ 5] /localdev/smarton/tt-metal/build/tt_metal/libtt_metal.so(+0x5dfc26)[0x7990ea5dfc26]
[bh-30-special-smarton-for-reservation-75776:444023] [ 6] /localdev/smarton/tt-metal/build/tt_metal/libtt_metal.so(_ZN2tt8tt_metal11distributed16MeshWorkloadImplD2Ev+0xa8)[0x7990eab17168]
[bh-30-special-smarton-for-reservation-75776:444023] [ 7] /localdev/smarton/tt-metal/build/tt_metal/libtt_metal.so(_ZN2tt8tt_metal11distributed12MeshWorkloadD1Ev+0x15)[0x7990eab175e5]
[bh-30-special-smarton-for-reservation-75776:444023] [ 8] /localdev/smarton/gstt2/backends/cpu_cpp/_gsplat_cpu.cpython-310-x86_64-linux-gnu.so(+0xc0201)[0x7990eb8f1201]
[bh-30-special-smarton-for-reservation-75776:444023] [ 9] /lib/x86_64-linux-gnu/libc.so.6(+0x45495)[0x799145729495]
[bh-30-special-smarton-for-reservation-75776:444023] [10] /lib/x86_64-linux-gnu/libc.so.6(on_exit+0x0)[0x799145729610]
[bh-30-special-smarton-for-reservation-75776:444023] [11] /lib/x86_64-linux-gnu/libc.so.6(+0x29d97)[0x79914570dd97]
[bh-30-special-smarton-for-reservation-75776:444023] [12] /lib/x86_64-linux-gnu/libc.so.6(__libc_start_main+0x80)[0x79914570de40]
[bh-30-special-smarton-for-reservation-75776:444023] [13] .venv/bin/python3(_start+0x25)[0x5b4ba478bb45]
[bh-30-special-smarton-for-reservation-75776:444023] *** End of error message ***
