================ BUILD ID ================
  cpp : #1 sha=7eed227 iter 0: baseline
  data: # sha= 
=========================================
host=bh-30  tag=sfpu  timeout=1500s  worry=600s  ts=2026-05-31T13:32:34-0700
cmd: export TT_METAL_HOME=/localdev/smarton/tt-metal TT_METAL_RUNTIME_ROOT=/localdev/smarton/tt-metal TT_METAL_CACHE=/localdev/smarton/.cache/tt-metal-cache TT_METAL_ARCH_NAME=blackhole MESH_DEVICE=P100 TT_METAL_DPRINT_CORES=0,0 GSPLAT_TT_BLEND_MODE=2 GSPLAT_TT_MB_KERNEL=1 GSPLAT_TT_MB_DEVCULL=1 GSPLAT_TT_DEVICE_PROJECT=1 GSPLAT_TT_RESIDENT_PROJECT=1 GSPLAT_TT_RESIDENT_GATHER=1 GSPLAT_TT_DEVICE_TILE_ASSIGN=1 GSPLAT_TT_RESIDENT_TA_IN=1 GSPLAT_TT_DEVICE_SORT=1 GSPLAT_TT_RESIDENT_PAIRS=1 GSPLAT_TT_RESIDENT_BLEND=1 GSPLAT_TT_SORT_DEVICE_PUBLISH=1 GSPLAT_TT_TA_DEVICE_SCAN=1 GSPLAT_TT_MB_TIMING=1 GSPLAT_TT_SFPU_CULL=1 GSPLAT_TT_CULL_VARY=1; source .venv/bin/activate 2>/dev/null; .venv/bin/python3 scripts/a003_verify.py --views 1 --iter-dir loop-sfpu-vary-nobuf --out opt/ttw/sfpu-vary-nobuf.json
-----------------------------------------
2026-05-31 20:32:36.764 | info     |             UMD | Creating TopologyDiscovery for architecture: blackhole (topology_discovery.cpp:75)
2026-05-31 20:32:36.764 | info     |             UMD | Starting topology discovery. (topology_discovery.cpp:92)
2026-05-31 20:32:36.765 | warning  |             UMD | Low power mode is disabled while UMD holds open file descriptors. The device will return to low power mode once all file descriptors are closed. (topology_discovery.cpp:140)
2026-05-31 20:32:36.765 | warning  |             UMD | KMD version 2.4.1 does not support power state management. (pci_device.cpp:1067)
2026-05-31 20:32:36.766 | info     |             UMD | Established firmware bundle version: 19.5.0 (topology_discovery.cpp:544)
2026-05-31 20:32:36.766 | info     |             UMD | Completed topology discovery. (topology_discovery.cpp:96)
2026-05-31 20:32:36.767 | info     |          Device | Opening user mode device driver (tt_cluster.cpp:225)
2026-05-31 20:32:36.767 | info     |             UMD | Cluster constructor started. (cluster.cpp:317)
2026-05-31 20:32:36.767 | info     |             UMD | Creating TopologyDiscovery for architecture: blackhole (topology_discovery.cpp:75)
2026-05-31 20:32:36.767 | info     |             UMD | Starting topology discovery. (topology_discovery.cpp:92)
2026-05-31 20:32:36.768 | warning  |             UMD | Low power mode is disabled while UMD holds open file descriptors. The device will return to low power mode once all file descriptors are closed. (topology_discovery.cpp:140)
2026-05-31 20:32:36.768 | warning  |             UMD | KMD version 2.4.1 does not support power state management. (pci_device.cpp:1067)
2026-05-31 20:32:36.769 | info     |             UMD | Established firmware bundle version: 19.5.0 (topology_discovery.cpp:544)
2026-05-31 20:32:36.769 | info     |             UMD | Completed topology discovery. (topology_discovery.cpp:96)
2026-05-31 20:32:36.769 | info     |             UMD | Harvesting masks for Chip 0: Tensix: 0xc0 DRAM: 0x0 ETH: 0x120 PCIe: 0x2 L2CPU: 0x0 (cluster.cpp:262)
2026-05-31 20:32:36.769 | info     |             UMD | Initializing iommu for sysmem (size: 0x40000000). (silicon_sysmem_manager.cpp:334)
2026-05-31 20:32:36.769 | info     |             UMD | Allocating sysmem for IOMMU (size: 0x40000000). (silicon_sysmem_manager.cpp:340)
2026-05-31 20:32:36.839 | warning  |             UMD | KMD version 2.4.1 does not support power state management. (pci_device.cpp:1067)
2026-05-31 20:32:36.839 | info     |             UMD | Opening local chip ids/PCIe ids: {0}/[3] and remote chip ids {} (cluster.cpp:153)
2026-05-31 20:32:36.839 | info     |             UMD | IOMMU: enabled (cluster.cpp:133)
2026-05-31 20:32:36.839 | info     |             UMD | KMD version: 2.4.1 (cluster.cpp:136)
2026-05-31 20:32:36.839 | info     |             UMD | Cluster constructor completed. (cluster.cpp:409)
2026-05-31 20:32:36.840 | info     |             UMD | Starting devices in cluster (cluster.cpp:1044)
2026-05-31 20:32:36.841 | info     |             UMD | Mapped sysmem without hugepages to IOVA 0xfffffffec0000000; NOC address 0x1000000000000000 (silicon_sysmem_manager.cpp:391)
2026-05-31 20:32:36.842 | info     |             UMD | Starting devices in cluster completed. (cluster.cpp:1052)
2026-05-31 20:32:37.155 | info     |     Distributed | Using auto discovery to generate mesh graph. (metal_env.cpp:332)
2026-05-31 20:32:37.155 | info     |     Distributed | Constructing control plane using auto-discovery (no mesh graph descriptor). (metal_env.cpp:394)
2026-05-31 20:32:37.156 | info     |             UMD | Creating TopologyDiscovery for architecture: blackhole (topology_discovery.cpp:75)
2026-05-31 20:32:37.156 | info     |             UMD | Starting topology discovery. (topology_discovery.cpp:92)
2026-05-31 20:32:37.157 | warning  |             UMD | Low power mode is disabled while UMD holds open file descriptors. The device will return to low power mode once all file descriptors are closed. (topology_discovery.cpp:140)
2026-05-31 20:32:37.157 | warning  |             UMD | KMD version 2.4.1 does not support power state management. (pci_device.cpp:1067)
2026-05-31 20:32:37.157 | info     |             UMD | Established firmware bundle version: 19.5.0 (topology_discovery.cpp:544)
2026-05-31 20:32:37.158 | info     |             UMD | Completed topology discovery. (topology_discovery.cpp:96)
2026-05-31 20:32:37.159 | warning  |          Always | Unknown motherboard 'H12DSG-O-CPU' for chip_id=0 (bus_id=0xa1) — defaulting tray_id to 0. Add this motherboard and its bus IDs to mobo_to_bus_ids in physical_system_discovery.cpp. (physical_system_discovery.cpp:56)
2026-05-31 20:32:37.159 | info     |          Fabric | TopologyMapper: Logical Multi-Mesh Adjacency Map: (topology_mapper.cpp:1474)
2026-05-31 20:32:37.159 | info     |          Fabric | 
=== Logical Mesh-Level Graph Adjacency Map ===
Total nodes: 1
Degree histogram: {0:1}
 (topology_solver.tpp:94)
2026-05-31 20:32:37.159 | info     |          Fabric | 
=== Logical Mesh 0 Internal Graph Adjacency Map ===
Total nodes: 1
Degree histogram: {0:1}
 (topology_solver.tpp:94)
2026-05-31 20:32:37.159 | info     |          Fabric | TopologyMapper: Physical Multi-Mesh Adjacency Map: (topology_mapper.cpp:1485)
2026-05-31 20:32:37.159 | info     |          Fabric | 
=== Physical Mesh-Level Graph Adjacency Map ===
Total nodes: 1
Degree histogram: {0:1}
 (topology_solver.tpp:94)
2026-05-31 20:32:37.159 | info     |          Fabric | 
=== Physical Mesh 0 Internal Graph Adjacency Map ===
Total nodes: 1
Degree histogram: {0:1}
 (topology_solver.tpp:94)
2026-05-31 20:32:37.159 | info     |          Fabric | Starting multi-mesh mapping: 1 logical mesh(es) to 1 physical mesh(es) (topology_mapper_utils.cpp:1465)
2026-05-31 20:32:37.159 | info     |          Fabric | Multi-mesh mapping attempt 1/2: Trying inter-mesh mapping (topology_mapper_utils.cpp:1506)
2026-05-31 20:32:37.159 | info     |          Fabric | Attempt 1: Inter-mesh mapping succeeded, found 1 mesh pair(s) (topology_mapper_utils.cpp:1535)
2026-05-31 20:32:37.159 | info     |          Fabric | Attempt 1: Mapping 1 mesh pair(s) (topology_mapper_utils.cpp:1547)
2026-05-31 20:32:37.159 | info     |          Fabric | Attempt 1: Mapping mesh 0 -> 0 (topology_mapper_utils.cpp:1549)
2026-05-31 20:32:37.159 | info     |          Fabric | Multi-mesh mapping succeeded after 1 attempt(s): 1 mesh pair(s) mapped (topology_mapper_utils.cpp:1682)
2026-05-31 20:32:37.163 | warning  |           Metal | DPRINT is deprecated and will be removed in a future release. Please migrate to DEVICE_PRINT by:
  1. Replace #include "api/debug/dprint.h" with #include "api/debug/device_print.h" in your kernels
  2. Replace DPRINT << ... << ENDL() with DEVICE_PRINT("...\n", args)
  3. Set TT_METAL_DEVICE_PRINT=1 to enable the new DEVICE_PRINT system
For more information, see the DEVICE_PRINT documentation. (metal_context.cpp:241)
2026-05-31 20:32:37.174 | info     |           Metal | DPRINT enabled on device 0, worker core 0-0 (virtual 1-2). (dprint_server.cpp:904)
2026-05-31 20:32:37.174 | info     |           Metal | DPRINT Server attached device 0 (dprint_server.cpp:950)
2026-05-31 20:32:37.265 | info     |           Metal | ShmResourceTracker: removed stale shm '/tt_d2h_431198_740724260_0' (shm_resource_tracker.cpp:265)
2026-05-31 20:32:37.265 | info     |           Metal | ShmResourceTracker: removed stale manifest '/dev/shm/tt_socket_manifest_431198' (shm_resource_tracker.cpp:275)
2026-05-31 20:32:37.852 | info     |           Metal | [Real-time profiler] Device 0 sync complete: 100 samples, frequency=1.349996 GHz, device_time_at_sync=50702697282436 cycles (realtime_profiler_manager.cpp:1075)
[SORT] stage=RP P=3369033 P_kept=3213120 num_tiles=1024 max_tile_n=25872 bin=10.47 up=0.29 kernel=9.39 d2h=13.36 compact=0.00 publish=3.58 total=54.68ms
0:0-0:BR: VARYSTART t=584 L=25144 processed=0
0:0-0:BR: VARYTOT t=584 mm=0
0:0-0:BR: VARYTOT t=584 mm=0
0:0-0:BR: VARYTOT t=584 mm=0
0:0-0:BR: VARYTOT t=584 mm=0
0:0-0:BR: VARYTOT t=584 mm=0
0:0-0:BR: VARYTOT t=584 mm=0
0:0-0:BR: VARYTOT t=584 mm=0
0:0-0:BR: VARYTOT t=584 mm=0
0:0-0:BR: VARYTOT t=584 mm=0
0:0-0:BR: VARYTOT t=584 mm=0
0:0-0:BR: VARYTOT t=584 mm=0
0:0-0:BR: VARYTOT t=584 mm=0
0:0-0:BR: VARYTOT t=584 mm=0
0:0-0:BR: VARYTOT t=584 mm=0
0:0-0:BR: VARYTOT t=584 mm=0
0:0-0:BR: VARYTOT t=584 mm=0
0:0-0:BR: VARYTOT t=584 mm=0
0:0-0:BR: VARYTOT t=584 mm=0
0:0-0:BR: VARYTOT t=584 mm=0
0:0-0:BR: VARYTOT t=584 mm=0
0:0-0:BR: VARYTOT t=584 mm=0
0:0-0:BR: VARYTOT t=584 mm=0
0:0-0:BR: VARYTOT t=584 mm=0
0:0-0:BR: VARYTOT t=584 mm=0
0:0-0:BR: VARYTOT t=584 mm=0
0:0-0:BR: VARYTOT t=584 mm=0
0:0-0:BR: VARYTOT t=584 mm=0
0:0-0:BR: VARYTOT t=584 mm=0
0:0-0:BR: VARYTOT t=584 mm=0
0:0-0:BR: VARYTOT t=584 mm=0
0:0-0:BR: VARYTOT t=584 mm=0
0:0-0:BR: VARYTOT t=584 mm=0
0:0-0:BR: VARYTOT t=584 mm=0
0:0-0:BR: VARYTOT t=584 mm=0
0:0-0:BR: VARYTOT t=584 mm=0
0:0-0:BR: VARYTOT t=584 mm=0
0:0-0:BR: VARYTOT t=584 mm=0
0:0-0:BR: VARYTOT t=584 mm=0
0:0-0:BR: VARYTOT t=584 mm=0
0:0-0:BR: VARYTOT t=584 mm=0
0:0-0:BR: VARYTOT t=584 mm=0
0:0-0:BR: VARYTOT t=584 mm=0
0:0-0:BR: VARYTOT t=584 mm=0
0:0-0:BR: VARYTOT t=584 mm=0
0:0-0:BR: VARYTOT t=584 mm=0
0:0-0:BR: VARYTOT t=584 mm=0
0:0-0:BR: VARYTOT t=584 mm=0
0:0-0:BR: VARYTOT t=584 mm=0
0:0-0:BR: VARYTOT t=584 mm=0
0:0-0:BR: VARYTOT t=584 mm=0
0:0-0:BR: VARYTOT t=584 mm=0
0:0-0:BR: VARYTOT t=584 mm=0
0:0-0:BR: VARYTOT t=584 mm=0
0:0-0:BR: VARYTOT t=584 mm=0
0:0-0:BR: VARYTOT t=584 mm=0
0:0-0:BR: VARYTOT t=584 mm=0
0:0-0:BR: VARYTOT t=584 mm=0
0:0-0:BR: VARYTOT t=584 mm=0
0:0-0:BR: VARYTOT t=584 mm=0
0:0-0:BR: VARYTOT t=584 mm=0
0:0-0:BR: VARYTOT t=584 mm=0
0:0-0:BR: VARYTOT t=584 mm=0
0:0-0:BR: VARYTOT t=584 mm=0
0:0-0:BR: VARYTOT t=584 mm=0
0:0-0:BR: VARYTOT t=584 mm=0
0:0-0:BR: VARYTOT t=584 mm=0
0:0-0:BR: VARYTOT t=584 mm=0
0:0-0:BR: VARYTOT t=584 mm=0
0:0-0:BR: VARYTOT t=584 mm=0
0:0-0:BR: VARYTOT t=584 mm=0
0:0-0:BR: VARYTOT t=584 mm=0
0:0-0:BR: VARYTOT t=584 mm=0
0:0-0:BR: VARYTOT t=584 mm=0
0:0-0:BR: VARYTOT t=584 mm=0
0:0-0:BR: VARYTOT t=584 mm=0
0:0-0:BR: VARYTOT t=584 mm=0
0:0-0:BR: VARYTOT t=584 mm=0
0:0-0:BR: VARYTOT t=584 mm=0
0:0-0:BR: VARYTOT t=584 mm=0
0:0-0:BR: VARYTOT t=584 mm=0
0:0-0:BR: VARYTOT t=584 mm=0
0:0-0:BR: VARYTOT t=584 mm=0
0:0-0:BR: VARYTOT t=584 mm=0
0:0-0:BR: VARYTOT t=584 mm=0
0:0-0:BR: VARYTOT t=584 mm=0
0:0-0:BR: VARYTOT t=584 mm=0
0:0-0:BR: VARYTOT t=584 mm=0
0:0-0:BR: VARYTOT t=584 mm=0
0:0-0:BR: VARYTOT t=584 mm=0
0:0-0:BR: VARYTOT t=584 mm=0
0:0-0:BR: VARYTOT t=584 mm=0
0:0-0:BR: VARYTOT t=584 mm=0
0:0-0:BR: VARYTOT t=584 mm=0
0:0-0:BR: VARYTOT t=584 mm=0
0:0-0:BR: VARYTOT t=584 mm=0
0:0-0:BR: VARYTOT t=584 mm=0
0:0-0:BR: VARYTOT t=584 mm=0
0:0-0:BR: VARYTOT t=584 mm=0
0:0-0:BR: VARYTOT t=584 mm=0
0:0-0:BR: VARYTOT t=584 mm=0
0:0-0:BR: VARYTOT t=584 mm=0
0:0-0:BR: VARYTOT t=584 mm=0
0:0-0:BR: VARYTOT t=584 mm=0
0:0-0:BR: VARYTOT t=584 mm=0
0:0-0:BR: VARYTOT t=584 mm=0
0:0-0:BR: VARYTOT t=584 mm=0
0:0-0:BR: VARYTOT t=584 mm=0
0:0-0:BR: VARYTOT t=584 mm=0
0:0-0:BR: VARYTOT t=584 mm=0
0:0-0:BR: VARYTOT t=584 mm=0
0:0-0:BR: VARYTOT t=584 mm=0
0:0-0:BR: VARYTOT t=584 mm=0
0:0-0:BR: VARYTOT t=584 mm=0
0:0-0:BR: VARYTOT t=584 mm=0
0:0-0:BR: VARYTOT t=584 mm=0
0:0-0:BR: VARYTOT t=584 mm=0
0:0-0:BR: VARYTOT t=584 mm=0
0:0-0:BR: VARYTOT t=584 mm=0
0:0-0:BR: VARYTOT t=584 mm=0
0:0-0:BR: VARYTOT t=584 mm=0
0:0-0:BR: VARYTOT t=584 mm=0
0:0-0:BR: VARYTOT t=584 mm=0
0:0-0:BR: VARYTOT t=584 mm=0
0:0-0:BR: VARYTOT t=584 mm=0
0:0-0:BR: VARYTOT t=584 mm=0
0:0-0:BR: VARYTOT t=584 mm=0
0:0-0:BR: VARYTOT t=584 mm=0
0:0-0:BR: VARYTOT t=584 mm=0
0:0-0:BR: VARYTOT t=584 mm=0
0:0-0:BR: VARYTOT t=584 mm=0
0:0-0:BR: VARYTOT t=584 mm=0
0:0-0:BR: VARYTOT t=584 mm=0
0:0-0:BR: VARYTOT t=584 mm=0
0:0-0:BR: VARYTOT t=584 mm=0
0:0-0:BR: VARYTOT t=584 mm=0
0:0-0:BR: VARYTOT t=584 mm=0
0:0-0:BR: VARYTOT t=584 mm=0
0:0-0:BR: VARYTOT t=584 mm=0
0:0-0:BR: VARYTOT t=584 mm=0
0:0-0:BR: VARYTOT t=584 mm=0
0:0-0:BR: VARYTOT t=584 mm=0
0:0-0:BR: VARYTOT t=584 mm=0
0:0-0:BR: VARYTOT t=584 mm=0
0:0-0:BR: VARYTOT t=584 mm=0
0:0-0:BR: VARYTOT t=584 mm=0
0:0-0:BR: VARYTOT t=584 mm=0
0:0-0:BR: VARYTOT t=584 mm=0
0:0-0:BR: VARYTOT t=584 mm=0
0:0-0:BR: VARYTOT t=584 mm=0
0:0-0:BR: VARYTOT t=584 mm=0
0:0-0:BR: VARYTOT t=584 mm=0
0:0-0:BR: VARYTOT t=584 mm=0
0:0-0:BR: VARYTOT t=584 mm=0
0:0-0:BR: VARYTOT t=584 mm=0
0:0-0:BR: VARYTOT t=584 mm=0
0:0-0:BR: VARYTOT t=584 mm=0
0:0-0:BR: VARYTOT t=584 mm=0
0:0-0:BR: VARYTOT t=584 mm=0
0:0-0:BR: VARYTOT t=584 mm=0
0:0-0:BR: VARYTOT t=584 mm=0
0:0-0:BR: VARYTOT t=584 mm=0
0:0-0:BR: VARYTOT t=584 mm=0
0:0-0:BR: VARYTOT t=584 mm=0
0:0-0:BR: VARYTOT t=584 mm=0
0:0-0:BR: VARYTOT t=584 mm=0
0:0-0:BR: VARYTOT t=584 mm=0
0:0-0:BR: VARYTOT t=584 mm=0
0:0-0:BR: VARYTOT t=584 mm=0
0:0-0:BR: VARYTOT t=584 mm=0
0:0-0:BR: VARYTOT t=584 mm=0
0:0-0:BR: VARYTOT t=584 mm=0
0:0-0:BR: VARYTOT t=584 mm=0
0:0-0:BR: VARYTOT t=584 mm=0
0:0-0:BR: VARYTOT t=584 mm=0
0:0-0:BR: VARYTOT t=584 mm=0
0:0-0:BR: VARYTOT t=584 mm=0
0:0-0:BR: VARYTOT t=584 mm=0
0:0-0:BR: VARYTOT t=584 mm=0
0:0-0:BR: VARYTOT t=584 mm=0
0:0-0:BR: VARYTOT t=584 mm=0
0:0-0:BR: VARYTOT t=584 mm=0
0:0-0:BR: VARYTOT t=584 mm=0
0:0-0:BR: VARYTOT t=584 mm=0
0:0-0:BR: VARYTOT t=584 mm=0
0:0-0:BR: VARYTOT t=584 mm=0
0:0-0:BR: VARYTOT t=584 mm=0
0:0-0:BR: VARYTOT t=584 mm=0
0:0-0:BR: VARYTOT t=584 mm=0
0:0-0:BR: VARYTOT t=584 mm=0
0:0-0:BR: VARYTOT t=584 mm=0
0:0-0:BR: VARYTOT t=584 mm=0
0:0-0:BR: VARYTOT t=584 mm=0
0:0-0:BR: VARYTOT t=584 mm=0
0:0-0:BR: VARYTOT t=584 mm=0
0:0-0:BR: VARYTOT t=584 mm=0
0:0-0:BR: VARYTOT t=584 mm=0
0:0-0:BR: VARYTOT t=584 mm=0
0:0-0:BR: VARYTOT t=584 mm=0
0:0-0:BR: VARYTOT t=584 mm=0
0:0-0:BR: VARYTOT t=584 mm=0
0:0-0:BR: VARYTOT t=584 mm=0
0:0-0:BR: VARYTOT t=584 mm=0
0:0-0:BR: VARYTOT t=584 mm=0
0:0-0:BR: VARYTOT t=584 mm=0
0:0-0:BR: VARYTOT t=584 mm=0
0:0-0:BR: VARYTOT t=584 mm=0
0:0-0:BR: VARYTOT t=584 mm=0
0:0-0:BR: VARYTOT t=584 mm=0
0:0-0:BR: VARYTOT t=584 mm=0
0:0-0:BR: VARYTOT t=584 mm=0
0:0-0:BR: VARYTOT t=584 mm=0
0:0-0:BR: VARYTOT t=584 mm=0
0:0-0:BR: VARYTOT t=584 mm=0
0:0-0:BR: VARYTOT t=584 mm=0
0:0-0:BR: VARYTOT t=584 mm=0
0:0-0:BR: VARYTOT t=584 mm=0
0:0-0:BR: VARYTOT t=584 mm=0
0:0-0:BR: VARYTOT t=584 mm=0
0:0-0:BR: VARYTOT t=584 mm=0
0:0-0:BR: VARYTOT t=584 mm=0
0:0-0:BR: VARYTOT t=584 mm=0
0:0-0:BR: VARYTOT t=584 mm=0
0:0-0:BR: VARYTOT t=584 mm=0
0:0-0:BR: VARYTOT t=584 mm=0
0:0-0:BR: VARYTOT t=584 mm=0
0:0-0:BR: VARYTOT t=584 mm=0
0:0-0:BR: VARYTOT t=584 mm=0
0:0-0:BR: VARYTOT t=584 mm=0
0:0-0:BR: VARYTOT t=584 mm=0
0:0-0:BR: VARYTOT t=584 mm=0
0:0-0:BR: VARYTOT t=584 mm=0
0:0-0:BR: VARYTOT t=584 mm=0
0:0-0:BR: VARYTOT t=584 mm=0
0:0-0:BR: VARYTOT t=584 mm=0
0:0-0:BR: VARYTOT t=584 mm=0
0:0-0:BR: VARYTOT t=584 mm=0
0:0-0:BR: VARYTOT t=584 mm=0
0:0-0:BR: VARYTOT t=584 mm=0
0:0-0:BR: VARYTOT t=584 mm=0
0:0-0:BR: VARYTOT t=584 mm=0
0:0-0:BR: VARYTOT t=584 mm=0
0:0-0:BR: VARYTOT t=584 mm=0
0:0-0:BR: VARYTOT t=584 mm=0
0:0-0:BR: VARYTOT t=584 mm=0
0:0-0:BR: VARYTOT t=584 mm=0
0:0-0:BR: VARYTOT t=584 mm=0
0:0-0:BR: VARYTOT t=584 mm=0
0:0-0:BR: VARYTOT t=584 mm=0
0:0-0:BR: VARYTOT t=584 mm=0
0:0-0:BR: VARYTOT t=584 mm=0
0:0-0:BR: VARYTOT t=584 mm=0
0:0-0:BR: VARYTOT t=584 mm=0
0:0-0:BR: VARYTOT t=584 mm=0
0:0-0:BR: VARYTOT t=584 mm=0
0:0-0:BR: VARYTOT t=584 mm=0
0:0-0:BR: VARYTOT t=584 mm=0
0:0-0:BR: VARYTOT t=584 mm=0
0:0-0:BR: VARYTOT t=584 mm=0
0:0-0:BR: VARYTOT t=584 mm=0
0:0-0:BR: VARYTOT t=584 mm=0
0:0-0:BR: VARYTOT t=584 mm=0
0:0-0:BR: VARYTOT t=584 mm=0
0:0-0:BR: VARYTOT t=584 mm=0
0:0-0:BR: VARYTOT t=584 mm=0
0:0-0:BR: VARYTOT t=584 mm=0
0:0-0:BR: VARYTOT t=584 mm=0
0:0-0:BR: VARYTOT t=584 mm=0
0:0-0:BR: VARYTOT t=584 mm=0
0:0-0:BR: VARYTOT t=584 mm=0
0:0-0:BR: VARYTOT t=584 mm=0
0:0-0:BR: VARYTOT t=584 mm=0
0:0-0:BR: VARYTOT t=584 mm=0
0:0-0:BR: VARYTOT t=584 mm=0
0:0-0:BR: VARYTOT t=584 mm=0
0:0-0:BR: VARYTOT t=584 mm=0
0:0-0:BR: VARYTOT t=584 mm=0
0:0-0:BR: VARYTOT t=584 mm=0
0:0-0:BR: VARYTOT t=584 mm=0
0:0-0:BR: VARYTOT t=584 mm=0
0:0-0:BR: VARYTOT t=584 mm=0
0:0-0:BR: VARYTOT t=584 mm=0
0:0-0:BR: VARYTOT t=584 mm=0
0:0-0:BR: VARYTOT t=584 mm=0
0:0-0:BR: VARYTOT t=584 mm=0
0:0-0:BR: VARYTOT t=584 mm=0
0:0-0:BR: VARYTOT t=584 mm=0
0:0-0:BR: VARYTOT t=584 mm=0
0:0-0:BR: VARYTOT t=584 mm=0
0:0-0:BR: VARYTOT t=584 mm=0
0:0-0:BR: VARYTOT t=584 mm=0
0:0-0:BR: VARYTOT t=584 mm=0
0:0-0:BR: VARYTOT t=584 mm=0
0:0-0:BR: VARYTOT t=584 mm=0
0:0-0:BR: VARYTOT t=584 mm=0
0:0-0:BR: VARYTOT t=584 mm=0
0:0-0:BR: VARYTOT t=584 mm=0
0:0-0:BR: VARYTOT t=584 mm=0
0:0-0:BR: VARYTOT t=584 mm=0
0:0-0:BR: VARYTOT t=584 mm=0
0:0-0:BR: VARYTOT t=584 mm=0
0:0-0:BR: VARYTOT t=584 mm=0
0:0-0:BR: VARYTOT t=584 mm=0
0:0-0:BR: VARYTOT t=584 mm=0
0:0-0:BR: VARYTOT t=584 mm=0
0:0-0:BR: VARYTOT t=584 mm=0
0:0-0:BR: VARYTOT t=584 mm=0
0:0-0:BR: VARYTOT t=584 mm=0
0:0-0:BR: VARYTOT t=584 mm=0
0:0-0:BR: VARYTOT t=584 mm=0
0:0-0:BR: VARYTOT t=584 mm=0
0:0-0:BR: VARYTOT t=584 mm=0
0:0-0:BR: VARYTOT t=584 mm=0
0:0-0:BR: VARYTOT t=584 mm=0
0:0-0:BR: VARYTOT t=584 mm=0
0:0-0:BR: VARYTOT t=584 mm=0
0:0-0:BR: VARYTOT t=584 mm=0
0:0-0:BR: VARYTOT t=584 mm=0
0:0-0:BR: VARYTOT t=584 mm=0
0:0-0:BR: VARYTOT t=584 mm=0
0:0-0:BR: VARYTOT t=584 mm=0
0:0-0:BR: VARYTOT t=584 mm=0
0:0-0:BR: VARYTOT t=584 mm=0
0:0-0:BR: VARYTOT t=584 mm=0
0:0-0:BR: VARYTOT t=584 mm=0
0:0-0:BR: VARYTOT t=584 mm=0
0:0-0:BR: VARYTOT t=584 mm=0
0:0-0:BR: VARYTOT t=584 mm=0
0:0-0:BR: VARYTOT t=584 mm=0
0:0-0:BR: VARYTOT t=584 mm=0
0:0-0:BR: VARYTOT t=584 mm=0
0:0-0:BR: VARYTOT t=584 mm=0
0:0-0:BR: VARYTOT t=584 mm=0
0:0-0:BR: VARYTOT t=584 mm=0
0:0-0:BR: VARYTOT t=584 mm=0
0:0-0:BR: VARYTOT t=584 mm=0
0:0-0:BR: VARYTOT t=584 mm=0
0:0-0:BR: VARYTOT t=584 mm=0
0:0-0:BR: VARYTOT t=584 mm=0
0:0-0:BR: VARYTOT t=584 mm=0
0:0-0:BR: VARYTOT t=584 mm=0
0:0-0:BR: VARYTOT t=584 mm=0
0:0-0:BR: VARYTOT t=584 mm=0
0:0-0:BR: VARYTOT t=584 mm=0
0:0-0:BR: VARYTOT t=584 mm=0
0:0-0:BR: VARYTOT t=584 mm=0
0:0-0:BR: VARYTOT t=584 mm=0
0:0-0:BR: VARYTOT t=584 mm=0
0:0-0:BR: VARYTOT t=584 mm=0
0:0-0:BR: VARYTOT t=584 mm=0
0:0-0:BR: VARYTOT t=584 mm=0
0:0-0:BR: VARYTOT t=584 mm=0
0:0-0:BR: VARYTOT t=584 mm=0
0:0-0:BR: VARYTOT t=584 mm=0
0:0-0:BR: VARYTOT t=584 mm=0
0:0-0:BR: VARYTOT t=584 mm=0
0:0-0:BR: VARYTOT t=584 mm=0
0:0-0:BR: VARYTOT t=584 mm=0
0:0-0:BR: VARYTOT t=584 mm=0
0:0-0:BR: VARYTOT t=584 mm=0
0:0-0:BR: VARYTOT t=584 mm=0
0:0-0:BR: VARYTOT t=584 mm=0
0:0-0:BR: VARYTOT t=584 mm=0
0:0-0:BR: VARYTOT t=584 mm=0
0:0-0:BR: VARYTOT t=584 mm=0
0:0-0:BR: VARYTOT t=584 mm=0
0:0-0:BR: VARYTOT t=584 mm=0
0:0-0:BR: VARYTOT t=584 mm=0
0:0-0:BR: VARYTOT t=584 mm=0
0:0-0:BR: VARYTOT t=584 mm=0
0:0-0:BR: VARYTOT t=584 mm=0
0:0-0:BR: VARYTOT t=584 mm=0
0:0-0:BR: VARYTOT t=584 mm=0
0:0-0:BR: VARYTOT t=584 mm=0
0:0-0:BR: VARYTOT t=584 mm=0
0:0-0:BR: VARYTOT t=584 mm=0
0:0-0:BR: VARYTOT t=584 mm=0
0:0-0:BR: VARYTOT t=584 mm=0
0:0-0:BR: VARYTOT t=584 mm=0
0:0-0:BR: VARYTOT t=584 mm=0
0:0-0:BR: VARYTOT t=584 mm=0
0:0-0:BR: VARYTOT t=584 mm=0
0:0-0:BR: VARYTOT t=584 mm=0
0:0-0:BR: VARYTOT t=584 mm=0
0:0-0:BR: VARYTOT t=584 mm=0
0:0-0:BR: VARYTOT t=584 mm=0
0:0-0:BR: VARYTOT t=584 mm=0
0:0-0:BR: VARYTOT t=584 mm=0
0:0-0:BR: VARYTOT t=584 mm=0
0:0-0:BR: VARYTOT t=584 mm=0
0:0-0:BR: VARYTOT t=584 mm=0
0:0-0:BR: VARYTOT t=584 mm=0
0:0-0:BR: VARYTOT t=584 mm=0
0:0-0:BR: VARYTOT t=584 mm=0
0:0-0:BR: VARYTOT t=584 mm=0
0:0-0:BR: VARYTOT t=584 mm=0
0:0-0:BR: VARYTOT t=584 mm=0
0:0-0:BR: VARYTOT t=584 mm=0
0:0-0:BR: VARYTOT t=584 mm=0
0:0-0:BR: VARYTOT t=584 mm=0
0:0-0:BR: VARYTOT t=584 mm=0
0:0-0:BR: VARYTOT t=584 mm=0
0:0-0:BR: VARYTOT t=584 mm=0
0:0-0:BR: VARYTOT t=584 mm=0
0:0-0:BR: VARYTOT t=584 mm=0
0:0-0:BR: VARYTOT t=584 mm=0
0:0-0:BR: VARYTOT t=584 mm=0
0:0-0:BR: VARYTOT t=584 mm=0
0:0-0:BR: VARYTOT t=584 mm=0
0:0-0:BR: VARYTOT t=584 mm=0
0:0-0:BR: VARYTOT t=584 mm=0
0:0-0:BR: VARYTOT t=584 mm=0
0:0-0:BR: VARYTOT t=584 mm=0
0:0-0:BR: VARYTOT t=584 mm=0
0:0-0:BR: VARYTOT t=584 mm=0
0:0-0:BR: VARYTOT t=584 mm=0
0:0-0:BR: VARYTOT t=584 mm=0
0:0-0:BR: VARYTOT t=584 mm=0
0:0-0:BR: VARYTOT t=584 mm=0
0:0-0:BR: VARYTOT t=584 mm=0
0:0-0:BR: VARYTOT t=584 mm=0
0:0-0:BR: VARYTOT t=584 mm=0
0:0-0:BR: VARYTOT t=584 mm=0
0:0-0:BR: VARYTOT t=584 mm=0
0:0-0:BR: VARYTOT t=584 mm=0
0:0-0:BR: VARYTOT t=584 mm=0
0:0-0:BR: VARYTOT t=584 mm=0
0:0-0:BR: VARYTOT t=584 mm=0
0:0-0:BR: VARYTOT t=584 mm=0
0:0-0:BR: VARYTOT t=584 mm=0
0:0-0:BR: VARYTOT t=584 mm=0
0:0-0:BR: VARYTOT t=584 mm=0
0:0-0:BR: VARYTOT t=584 mm=0
0:0-0:BR: VARYTOT t=584 mm=0
0:0-0:BR: VARYTOT t=584 mm=0
0:0-0:BR: VARYTOT t=584 mm=0
0:0-0:BR: VARYTOT t=584 mm=0
0:0-0:BR: VARYTOT t=584 mm=0
0:0-0:BR: VARYTOT t=584 mm=0
0:0-0:BR: VARYTOT t=584 mm=0
0:0-0:BR: VARYTOT t=584 mm=0
0:0-0:BR: VARYTOT t=584 mm=0
0:0-0:BR: VARYTOT t=584 mm=0
0:0-0:BR: VARYTOT t=584 mm=0
0:0-0:BR: VARYTOT t=584 mm=0
0:0-0:BR: VARYTOT t=584 mm=0
0:0-0:BR: VARYTOT t=584 mm=0
0:0-0:BR: VARYTOT t=584 mm=0
0:0-0:BR: VARYTOT t=584 mm=0
0:0-0:BR: VARYTOT t=584 mm=0
0:0-0:BR: VARYTOT t=584 mm=0
0:0-0:BR: VARYTOT t=584 mm=0
0:0-0:BR: VARYTOT t=584 mm=0
0:0-0:BR: VARYTOT t=584 mm=0
0:0-0:BR: VARYTOT t=584 mm=0
0:0-0:BR: VARYTOT t=584 mm=0
0:0-0:BR: VARYTOT t=584 mm=0
0:0-0:BR: VARYTOT t=584 mm=0
0:0-0:BR: VARYTOT t=584 mm=0
0:0-0:BR: VARYTOT t=584 mm=0
0:0-0:BR: VARYTOT t=584 mm=0
0:0-0:BR: VARYTOT t=584 mm=0
0:0-0:BR: VARYTOT t=584 mm=0
0:0-0:BR: VARYTOT t=584 mm=0
0:0-0:BR: VARYTOT t=584 mm=0
0:0-0:BR: VARYTOT t=584 mm=0
0:0-0:BR: VARYTOT t=584 mm=0
0:0-0:BR: VARYTOT t=584 mm=0
0:0-0:BR: VARYTOT t=584 mm=0
0:0-0:BR: VARYTOT t=584 mm=0
0:0-0:BR: VARYTOT t=584 mm=0
0:0-0:BR: VARYTOT t=584 mm=0
0:0-0:BR: VARYTOT t=584 mm=0
0:0-0:BR: VARYTOT t=584 mm=0
0:0-0:BR: VARYTOT t=584 mm=0
0:0-0:BR: VARYTOT t=584 mm=0
0:0-0:BR: VARYTOT t=584 mm=0
0:0-0:BR: VARYTOT t=584 mm=0
0:0-0:BR: VARYTOT t=584 mm=0
0:0-0:BR: VARYTOT t=584 mm=0
0:0-0:BR: VARYTOT t=584 mm=0
0:0-0:BR: VARYTOT t=584 mm=0
0:0-0:BR: VARYTOT t=584 mm=0
0:0-0:BR: VARYTOT t=584 mm=0
0:0-0:BR: VARYTOT t=584 mm=0
0:0-0:BR: VARYTOT t=584 mm=0
0:0-0:BR: VARYTOT t=584 mm=0
0:0-0:BR: VARYTOT t=584 mm=0
0:0-0:BR: VARYTOT t=584 mm=0
0:0-0:BR: VARYTOT t=584 mm=0
0:0-0:BR: VARYTOT t=584 mm=0
0:0-0:BR: VARYTOT t=584 mm=0
0:0-0:BR: VARYTOT t=584 mm=0
0:0-0:BR: VARYTOT t=584 mm=0
0:0-0:BR: VARYTOT t=584 mm=0
0:0-0:BR: VARYTOT t=584 mm=0
0:0-0:BR: VARYTOT t=584 mm=0
0:0-0:BR: VARYTOT t=584 mm=0
0:0-0:BR: VARYTOT t=584 mm=0
0:0-0:BR: VARYTOT t=584 mm=0
0:0-0:BR: VARYTOT t=584 mm=0
0:0-0:BR: VARYTOT t=584 mm=0
0:0-0:BR: VARYTOT t=584 mm=0
0:0-0:BR: VARYTOT t=584 mm=0
0:0-0:BR: VARYTOT t=584 mm=0
0:0-0:BR: VARYTOT t=584 mm=0
0:0-0:BR: VARYTOT t=584 mm=0
0:0-0:BR: VARYTOT t=584 mm=0
0:0-0:BR: VARYTOT t=584 mm=0
0:0-0:BR: VARYTOT t=584 mm=0
0:0-0:BR: VARYTOT t=584 mm=0
0:0-0:BR: VARYTOT t=584 mm=0
0:0-0:BR: VARYTOT t=584 mm=0
0:0-0:BR: VARYTOT t=584 mm=0
0:0-0:BR: VARYTOT t=584 mm=0
0:0-0:BR: VARYTOT t=584 mm=0
0:0-0:BR: VARYTOT t=584 mm=0
0:0-0:BR: VARYTOT t=584 mm=0
0:0-0:BR: VARYTOT t=584 mm=0
0:0-0:BR: VARYTOT t=584 mm=0
0:0-0:BR: VARYTOT t=584 mm=0
0:0-0:BR: VARYTOT t=584 mm=0
0:0-0:BR: VARYTOT t=584 mm=0
0:0-0:BR: VARYTOT t=584 mm=0
0:0-0:BR: VARYTOT t=584 mm=0
0:0-0:BR: VARYTOT t=584 mm=0
0:0-0:BR: VARYTOT t=584 mm=0
0:0-0:BR: VARYTOT t=584 mm=0
0:0-0:BR: VARYTOT t=584 mm=0
0:0-0:BR: VARYTOT t=584 mm=0
0:0-0:BR: VARYTOT t=584 mm=0
0:0-0:BR: VARYTOT t=584 mm=0
0:0-0:BR: VARYTOT t=584 mm=0
0:0-0:BR: VARYTOT t=584 mm=0
0:0-0:BR: VARYTOT t=584 mm=0
0:0-0:BR: VARYTOT t=584 mm=0
0:0-0:BR: VARYTOT t=584 mm=0
0:0-0:BR: VARYTOT t=584 mm=0
0:0-0:BR: VARYTOT t=584 mm=0
0:0-0:BR: VARYTOT t=584 mm=0
0:0-0:BR: VARYTOT t=584 mm=0
0:0-0:BR: VARYTOT t=584 mm=0
0:0-0:BR: VARYTOT t=584 mm=0
0:0-0:BR: VARYTOT t=584 mm=0
0:0-0:BR: VARYTOT t=584 mm=0
0:0-0:BR: VARYTOT t=584 mm=0
0:0-0:BR: VARYTOT t=584 mm=0
0:0-0:BR: VARYTOT t=584 mm=0
0:0-0:BR: VARYTOT t=584 mm=0
0:0-0:BR: VARYTOT t=584 mm=0
0:0-0:BR: VARYTOT t=584 mm=0
0:0-0:BR: VARYTOT t=584 mm=0
0:0-0:BR: VARYTOT t=584 mm=0
0:0-0:BR: VARYTOT t=584 mm=0
0:0-0:BR: VARYTOT t=584 mm=0
0:0-0:BR: VARYTOT t=584 mm=0
0:0-0:BR: VARYTOT t=584 mm=0
0:0-0:BR: VARYTOT t=584 mm=0
0:0-0:BR: VARYTOT t=584 mm=0
0:0-0:BR: VARYTOT t=584 mm=0
0:0-0:BR: VARYTOT t=584 mm=0
0:0-0:BR: VARYTOT t=584 mm=0
0:0-0:BR: VARYTOT t=584 mm=0
0:0-0:BR: VARYTOT t=584 mm=0
0:0-0:BR: VARYTOT t=584 mm=0
0:0-0:BR: VARYTOT t=584 mm=0
0:0-0:BR: VARYTOT t=584 mm=0
0:0-0:BR: VARYTOT t=584 mm=0
0:0-0:BR: VARYTOT t=584 mm=0
0:0-0:BR: VARYTOT t=584 mm=0
0:0-0:BR: VARYTOT t=584 mm=0
0:0-0:BR: VARYTOT t=584 mm=0
0:0-0:BR: VARYTOT t=584 mm=0
0:0-0:BR: VARYTOT t=584 mm=0
0:0-0:BR: VARYTOT t=584 mm=0
0:0-0:BR: VARYTOT t=584 mm=0
0:0-0:BR: VARYTOT t=584 mm=0
0:0-0:BR: VARYTOT t=584 mm=0
0:0-0:BR: VARYTOT t=584 mm=0
0:0-0:BR: VARYTOT t=584 mm=0
0:0-0:BR: VARYTOT t=584 mm=0
0:0-0:BR: VARYTOT t=584 mm=0
0:0-0:BR: VARYTOT t=584 mm=0
0:0-0:BR: VARYTOT t=584 mm=0
0:0-0:BR: VARYTOT t=584 mm=0
0:0-0:BR: VARYTOT t=584 mm=0
0:0-0:BR: VARYTOT t=584 mm=0
0:0-0:BR: VARYTOT t=584 mm=0
0:0-0:BR: VARYTOT t=584 mm=0
0:0-0:BR: VARYTOT t=584 mm=0
0:0-0:BR: VARYTOT t=584 mm=0
0:0-0:BR: VARYTOT t=584 mm=0
0:0-0:BR: VARYTOT t=584 mm=0
0:0-0:BR: VARYTOT t=584 mm=0
0:0-0:BR: VARYTOT t=584 mm=0
0:0-0:BR: VARYTOT t=584 mm=0
0:0-0:BR: VARYTOT t=584 mm=0
0:0-0:BR: VARYTOT t=584 mm=0
0:0-0:BR: VARYTOT t=584 mm=0
0:0-0:BR: VARYTOT t=584 mm=0
0:0-0:BR: VARYTOT t=584 mm=0
0:0-0:BR: VARYTOT t=584 mm=0
0:0-0:BR: VARYTOT t=584 mm=0
0:0-0:BR: VARYTOT t=584 mm=0
0:0-0:BR: VARYTOT t=584 mm=0
0:0-0:BR: VARYTOT t=584 mm=0
0:0-0:BR: VARYTOT t=584 mm=0
0:0-0:BR: VARYTOT t=584 mm=0
0:0-0:BR: VARYTOT t=584 mm=0
0:0-0:BR: VARYTOT t=584 mm=0
0:0-0:BR: VARYTOT t=584 mm=0
0:0-0:BR: VARYTOT t=584 mm=0
0:0-0:BR: VARYTOT t=584 mm=0
0:0-0:BR: VARYTOT t=584 mm=0
0:0-0:BR: VARYTOT t=584 mm=0
0:0-0:BR: VARYTOT t=584 mm=0
0:0-0:BR: VARYTOT t=584 mm=0
0:0-0:BR: VARYTOT t=584 mm=0
0:0-0:BR: VARYTOT t=584 mm=0
0:0-0:BR: VARYTOT t=584 mm=0
0:0-0:BR: VARYTOT t=584 mm=0
0:0-0:BR: VARYTOT t=584 mm=0
0:0-0:BR: VARYTOT t=584 mm=0
0:0-0:BR: VARYTOT t=584 mm=0
0:0-0:BR: VARYTOT t=584 mm=0
0:0-0:BR: VARYTOT t=584 mm=0
0:0-0:BR: VARYTOT t=584 mm=0
0:0-0:BR: VARYTOT t=584 mm=0
0:0-0:BR: VARYTOT t=584 mm=0
0:0-0:BR: VARYTOT t=584 mm=0
0:0-0:BR: VARYTOT t=584 mm=0
0:0-0:BR: VARYTOT t=584 mm=0
0:0-0:BR: VARYTOT t=584 mm=0
0:0-0:BR: VARYTOT t=584 mm=0
0:0-0:BR: VARYTOT t=584 mm=0
0:0-0:BR: VARYTOT t=584 mm=0
0:0-0:BR: VARYTOT t=584 mm=0
0:0-0:BR: VARYTOT t=584 mm=0
0:0-0:BR: VARYTOT t=584 mm=0
0:0-0:BR: VARYTOT t=584 mm=0
0:0-0:BR: VARYTOT t=584 mm=0
0:0-0:BR: VARYTOT t=584 mm=0
0:0-0:BR: VARYTOT t=584 mm=0
0:0-0:BR: VARYTOT t=584 mm=0
0:0-0:BR: VARYTOT t=584 mm=0
0:0-0:BR: VARYTOT t=584 mm=0
0:0-0:BR: VARYTOT t=584 mm=0
0:0-0:BR: VARYTOT t=584 mm=0
0:0-0:BR: VARYTOT t=584 mm=0
0:0-0:BR: VARYTOT t=584 mm=0
0:0-0:BR: VARYTOT t=584 mm=0
0:0-0:BR: VARYTOT t=584 mm=0
0:0-0:BR: VARYTOT t=584 mm=0
0:0-0:BR: VARYTOT t=584 mm=0
0:0-0:BR: VARYTOT t=584 mm=0
0:0-0:BR: VARYTOT t=584 mm=0
0:0-0:BR: VARYTOT t=584 mm=0
0:0-0:BR: VARYTOT t=584 mm=0
0:0-0:BR: VARYTOT t=584 mm=0
0:0-0:BR: VARYTOT t=584 mm=0
0:0-0:BR: VARYTOT t=584 mm=0
0:0-0:BR: VARYTOT t=584 mm=0
0:0-0:BR: VARYTOT t=584 mm=0
0:0-0:BR: VARYTOT t=584 mm=0
0:0-0:BR: VARYTOT t=584 mm=0
0:0-0:BR: VARYTOT t=584 mm=0
0:0-0:BR: VARYTOT t=584 mm=0
0:0-0:BR: VARYTOT t=584 mm=0
0:0-0:BR: VARYTOT t=584 mm=0
0:0-0:BR: VARYTOT t=584 mm=0
0:0-0:BR: VARYTOT t=584 mm=0
0:0-0:BR: VARYTOT t=584 mm=0
0:0-0:BR: VARYTOT t=584 mm=0
0:0-0:BR: VARYTOT t=584 mm=0
0:0-0:BR: VARYTOT t=584 mm=0
0:0-0:BR: VARYTOT t=584 mm=0
0:0-0:BR: VARYTOT t=584 mm=0
0:0-0:BR: VARYTOT t=584 mm=0
0:0-0:BR: VARYTOT t=584 mm=0
0:0-0:BR: VARYTOT t=584 mm=0
0:0-0:BR: VARYTOT t=584 mm=0
0:0-0:BR: VARYTOT t=584 mm=0
0:0-0:BR: VARYTOT t=584 mm=0
0:0-0:BR: VARYTOT t=584 mm=0
0:0-0:BR: VARYTOT t=584 mm=0
0:0-0:BR: VARYTOT t=584 mm=0
0:0-0:BR: VARYTOT t=584 mm=0
0:0-0:BR: VARYTOT t=584 mm=0
0:0-0:BR: VARYTOT t=584 mm=0
0:0-0:BR: VARYTOT t=584 mm=0
0:0-0:BR: VARYTOT t=584 mm=0
0:0-0:BR: VARYTOT t=584 mm=0
0:0-0:BR: VARYTOT t=584 mm=0
0:0-0:BR: VARYTOT t=584 mm=0
0:0-0:BR: VARYTOT t=584 mm=0
0:0-0:BR: VARYTOT t=584 mm=0
0:0-0:BR: VARYTOT t=584 mm=0
0:0-0:BR: VARYTOT t=584 mm=0
0:0-0:BR: VARYTOT t=584 mm=0
0:0-0:BR: VARYTOT t=584 mm=0
0:0-0:BR: VARYTOT t=584 mm=0
0:0-0:BR: VARYTOT t=584 mm=0
0:0-0:BR: VARYTOT t=584 mm=0
0:0-0:BR: VARYTOT t=584 mm=0
0:0-0:BR: VARYTOT t=584 mm=0
0:0-0:BR: VARYTOT t=584 mm=0
0:0-0:BR: VARYTOT t=584 mm=0
0:0-0:BR: VARYTOT t=584 mm=0
0:0-0:BR: VARYTOT t=584 mm=0
0:0-0:BR: VARYTOT t=584 mm=0
0:0-0:BR: VARYTOT t=584 mm=0
0:0-0:BR: VARYTOT t=584 mm=0
0:0-0:BR: VARYTOT t=584 mm=0
0:0-0:BR: VARYTOT t=584 mm=0
0:0-0:BR: VARYTOT t=584 mm=0
0:0-0:BR: VARYTOT t=584 mm=0
0:0-0:BR: VARYTOT t=584 mm=0
0:0-0:BR: VARYTOT t=584 mm=0
0:0-0:BR: VARYTOT t=584 mm=0
0:0-0:BR: VARYTOT t=584 mm=0
0:0-0:BR: VARYTOT t=584 mm=0
0:0-0:BR: VARYTOT t=584 mm=0
0:0-0:BR: VARYTOT t=584 mm=0
0:0-0:BR: VARYTOT t=584 mm=0
0:0-0:BR: VARYTOT t=584 mm=0
0:0-0:BR: VARYTOT t=584 mm=0
0:0-0:BR: VARYTOT t=584 mm=0
0:0-0:BR: VARYTOT t=584 mm=0
0:0-0:BR: VARYTOT t=584 mm=0
0:0-0:BR: VARYTOT t=584 mm=0
0:0-0:BR: VARYTOT t=584 mm=0
0:0-0:BR: VARYTOT t=584 mm=0
0:0-0:BR: VARYTOT t=584 mm=0
0:0-0:BR: VARYTOT t=584 mm=0
0:0-0:BR: VARYTOT t=584 mm=0
0:0-0:BR: VARYTOT t=584 mm=0
0:0-0:BR: VARYTOT t=584 mm=0
0:0-0:BR: VARYTOT t=584 mm=0
0:0-0:BR: VARYTOT t=584 mm=0
0:0-0:BR: VARYTOT t=584 mm=0
0:0-0:BR: VARYTOT t=584 mm=0
0:0-0:BR: VARYTOT t=584 mm=0
0:0-0:BR: VARYTOT t=584 mm=0
0:0-0:BR: VARYTOT t=584 mm=0
0:0-0:BR: VARYTOT t=584 mm=0
0:0-0:BR: VARYTOT t=584 mm=0
0:0-0:BR: VARYTOT t=584 mm=0
0:0-0:BR: VARYTOT t=584 mm=0
0:0-0:BR: VARYTOT t=584 mm=0
0:0-0:BR: VARYTOT t=584 mm=0
0:0-0:BR: VARYTOT t=584 mm=0
0:0-0:BR: VARYTOT t=584 mm=0
0:0-0:BR: VARYTOT t=584 mm=0
0:0-0:BR: VARYTOT t=584 mm=0
0:0-0:BR: VARYTOT t=584 mm=0
0:0-0:BR: VARYTOT t=584 mm=0
0:0-0:BR: VARYTOT t=584 mm=0
0:0-0:BR: VARYTOT t=584 mm=0
0:0-0:BR: VARYTOT t=584 mm=0
0:0-0:BR: VARYTOT t=584 mm=0
0:0-0:BR: VARYTOT t=584 mm=0
0:0-0:BR: VARYTOT t=584 mm=0
0:0-0:BR: VARYTOT t=584 mm=0
0:0-0:BR: VARYTOT t=584 mm=0
0:0-0:BR: VARYTOT t=584 mm=0
0:0-0:BR: VARYTOT t=584 mm=0
0:0-0:BR: VARYTOT t=584 mm=0
0:0-0:BR: VARYTOT t=584 mm=0
0:0-0:BR: VARYTOT t=584 mm=0
0:0-0:BR: VARYTOT t=584 mm=0
0:0-0:BR: VARYTOT t=584 mm=0
0:0-0:BR: VARYTOT t=584 mm=0
0:0-0:BR: VARYTOT t=584 mm=0
0:0-0:BR: VARYTOT t=584 mm=0
0:0-0:BR: VARYTOT t=584 mm=0
0:0-0:BR: VARYTOT t=584 mm=0
0:0-0:BR: VARYTOT t=584 mm=0
0:0-0:BR: VARYTOT t=584 mm=0
0:0-0:BR: VARYTOT t=584 mm=0
0:0-0:BR: VARYTOT t=584 mm=0
0:0-0:BR: VARYTOT t=584 mm=0
0:0-0:BR: VARYTOT t=584 mm=0
0:0-0:BR: VARYTOT t=584 mm=0
0:0-0:BR: VARYTOT t=584 mm=0
0:0-0:BR: VARYTOT t=584 mm=0
0:0-0:BR: VARYTOT t=584 mm=0
0:0-0:BR: VARYTOT t=584 mm=0
0:0-0:BR: VARYTOT t=8 mm=0
0:0-0:BR: VARYTOT t=8 mm=0
0:0-0:BR: VARYTOT t=8 mm=0
0:0-0:BR: VARYTOT t=8 mm=0
0:0-0:BR: VARYTOT t=8 mm=0
0:0-0:BR: VARYTOT t=8 mm=0
0:0-0:BR: VARYTOT t=8 mm=0
0:0-0:BR: VARYTOT t=8 mm=0
0:0-0:BR: VARYTOT t=8 mm=0
0:0-0:BR: VARYTOT t=8 mm=0
0:0-0:BR: VARYTOT t=8 mm=0
0:0-0:BR: VARYTOT t=8 mm=0
0:0-0:BR: VARYTOT t=8 mm=0
0:0-0:BR: VARYTOT t=8 mm=0
0:0-0:BR: VARYTOT t=8 mm=0
0:0-0:BR: VARYTOT t=8 mm=0
0:0-0:BR: VARYTOT t=8 mm=0
0:0-0:BR: VARYTOT t=8 mm=0
0:0-0:BR: VARYTOT t=8 mm=0
0:0-0:BR: VARYTOT t=8 mm=0
0:0-0:BR: VARYTOT t=8 mm=0
0:0-0:BR: VARYTOT t=8 mm=0
0:0-0:BR: VARYTOT t=8 mm=0
0:0-0:BR: VARYTOT t=8 mm=0
0:0-0:BR: VARYTOT t=8 mm=0
0:0-0:BR: VARYTOT t=8 mm=0
0:0-0:BR: VARYTOT t=8 mm=0
0:0-0:BR: VARYTOT t=8 mm=0
0:0-0:BR: VARYTOT t=8 mm=0
0:0-0:BR: VARYTOT t=8 mm=0
0:0-0:BR: VARYTOT t=8 mm=0
0:0-0:BR: VARYTOT t=8 mm=0
0:0-0:BR: VARYTOT t=8 mm=0
0:0-0:BR: VARYTOT t=8 mm=0
0:0-0:BR: VARYTOT t=8 mm=0
0:0-0:BR: VARYTOT t=8 mm=0
0:0-0:BR: VARYTOT t=8 mm=0
0:0-0:BR: VARYTOT t=8 mm=0
0:0-0:BR: VARYTOT t=8 mm=0
0:0-0:BR: VARYTOT t=8 mm=0
0:0-0:BR: VARYTOT t=8 mm=0
0:0-0:BR: VARYTOT t=8 mm=0
0:0-0:BR: VARYTOT t=8 mm=0
0:0-0:BR: VARYTOT t=8 mm=0
0:0-0:BR: VARYTOT t=8 mm=0
0:0-0:BR: VARYTOT t=8 mm=0
0:0-0:BR: VARYTOT t=8 mm=0
0:0-0:BR: VARYTOT t=8 mm=0
0:0-0:BR: VARYTOT t=8 mm=0
0:0-0:BR: VARYTOT t=8 mm=0
0:0-0:BR: VARYTOT t=8 mm=0
0:0-0:BR: VARYTOT t=8 mm=0
0:0-0:BR: VARYTOT t=8 mm=0
0:0-0:BR: VARYTOT t=8 mm=0
0:0-0:BR: VARYTOT t=8 mm=0
0:0-0:BR: VARYTOT t=8 mm=0
0:0-0:BR: VARYTOT t=8 mm=0
0:0-0:BR: VARYTOT t=8 mm=0
0:0-0:BR: VARYTOT t=8 mm=0
0:0-0:BR: VARYTOT t=8 mm=0
0:0-0:BR: VARYTOT t=8 mm=0
0:0-0:BR: VARYTOT t=61 mm=0
0:0-0:BR: VARYTOT t=61 mm=0
0:0-0:BR: VARYTOT t=61 mm=0
0:0-0:BR: VARYTOT t=61 mm=0
0:0-0:BR: VARYTOT t=61 mm=0
0:0-0:BR: VARYTOT t=61 mm=0
0:0-0:BR: VARYTOT t=61 mm=0
0:0-0:BR: VARYTOT t=61 mm=0
0:0-0:BR: VARYTOT t=61 mm=0
0:0-0:BR: VARYTOT t=61 mm=0
0:0-0:BR: VARYTOT t=61 mm=0
0:0-0:BR: VARYTOT t=61 mm=0
0:0-0:BR: VARYTOT t=61 mm=0
0:0-0:BR: VARYTOT t=61 mm=0
0:0-0:BR: VARYTOT t=61 mm=0
0:0-0:BR: VARYTOT t=61 mm=0
0:0-0:BR: VARYTOT t=61 mm=0
0:0-0:BR: VARYTOT t=61 mm=0
0:0-0:BR: VARYTOT t=61 mm=0
0:0-0:BR: VARYTOT t=61 mm=0
0:0-0:BR: VARYTOT t=61 mm=0
0:0-0:BR: VARYTOT t=61 mm=0
0:0-0:BR: VARYTOT t=61 mm=0
0:0-0:BR: VARYTOT t=61 mm=0
0:0-0:BR: VARYTOT t=61 mm=0
0:0-0:BR: VARYTOT t=61 mm=0
0:0-0:BR: VARYTOT t=61 mm=0
0:0-0:BR: VARYTOT t=61 mm=0
0:0-0:BR: VARYTOT t=61 mm=0
0:0-0:BR: VARYTOT t=61 mm=0
0:0-0:BR: VARYTOT t=61 mm=0
0:0-0:BR: VARYTOT t=61 mm=0
0:0-0:BR: VARYTOT t=61 mm=0
0:0-0:BR: VARYTOT t=61 mm=0
0:0-0:BR: VARYTOT t=61 mm=0
0:0-0:BR: VARYTOT t=61 mm=0
0:0-0:BR: VARYTOT t=61 mm=0
0:0-0:BR: VARYTOT t=61 mm=0
0:0-0:BR: VARYTOT t=61 mm=0
0:0-0:BR: VARYTOT t=61 mm=0
0:0-0:BR: VARYTOT t=512 mm=0
0:0-0:BR: VARYTOT t=512 mm=0
0:0-0:BR: VARYTOT t=512 mm=0
0:0-0:BR: VARYTOT t=512 mm=0
0:0-0:BR: VARYTOT t=512 mm=0
0:0-0:BR: VARYTOT t=512 mm=0
0:0-0:BR: VARYTOT t=512 mm=0
0:0-0:BR: VARYTOT t=512 mm=0
0:0-0:BR: VARYTOT t=512 mm=0
0:0-0:BR: VARYTOT t=512 mm=0
0:0-0:BR: VARYTOT t=512 mm=0
0:0-0:BR: VARYTOT t=512 mm=0
0:0-0:BR: VARYTOT t=512 mm=0
0:0-0:BR: VARYTOT t=512 mm=0
0:0-0:BR: VARYTOT t=512 mm=0
0:0-0:BR: VARYTOT t=512 mm=0
0:0-0:BR: VARYTOT t=512 mm=0
0:0-0:BR: VARYTOT t=512 mm=0
0:0-0:BR: VARYTOT t=512 mm=0
0:0-0:BR: VARYTOT t=804 mm=0
0:0-0:BR: VARYTOT t=804 mm=0
0:0-0:BR: VARYTOT t=804 mm=0
0:0-0:BR: VARYTOT t=804 mm=0
0:0-0:BR: VARYTOT t=804 mm=0
0:0-0:BR: VARYTOT t=804 mm=0
[CULL_SPLIT] candidates=3213120 masks=12.29MB exec=1076.4 ms masks_addr=0x6498100 end=0x70e1580 base_addr=0x66213c0
[BLEND_SPLIT] upload=1.0 (attrs=0.0MB ids=0.0MB resident) exec=82.5 readback=1.4 total=84.9 ms
[BLEND_ADDR] cull_masks=0x6498100 out=0x66257c0 end=0x6c257c0 tile_ids=0x66e57c0 xramp=0x66237c0
[BLEND_HOST] resident_blend device=1177.6 (host attr/id build=0, upload=0) total=1177.6 ms
[SORT] stage=RP P=3369033 P_kept=3213120 num_tiles=1024 max_tile_n=25872 bin=8.06 up=0.33 kernel=7.23 d2h=11.34 compact=0.00 publish=1.33 total=47.16ms
0:0-0:BR: VARYSTART t=584 L=25144 processed=0
0:0-0:BR: VARYTOT t=584 mm=0
0:0-0:BR: VARYTOT t=584 mm=0
0:0-0:BR: VARYTOT t=584 mm=0
0:0-0:BR: VARYTOT t=584 mm=0
0:0-0:BR: VARYTOT t=584 mm=0
0:0-0:BR: VARYTOT t=584 mm=0
0:0-0:BR: VARYTOT t=584 mm=0
0:0-0:BR: VARYTOT t=584 mm=0
0:0-0:BR: VARYTOT t=584 mm=0
0:0-0:BR: VARYTOT t=584 mm=0
0:0-0:BR: VARYTOT t=584 mm=0
0:0-0:BR: VARYTOT t=584 mm=0
0:0-0:BR: VARYTOT t=584 mm=0
0:0-0:BR: VARYTOT t=584 mm=0
0:0-0:BR: VARYTOT t=584 mm=0
0:0-0:BR: VARYTOT t=584 mm=0
0:0-0:BR: VARYTOT t=584 mm=0
0:0-0:BR: VARYTOT t=584 mm=0
0:0-0:BR: VARYTOT t=584 mm=0
0:0-0:BR: VARYTOT t=584 mm=0
0:0-0:BR: VARYTOT t=584 mm=0
0:0-0:BR: VARYTOT t=584 mm=0
0:0-0:BR: VARYTOT t=584 mm=0
0:0-0:BR: VARYTOT t=584 mm=0
0:0-0:BR: VARYTOT t=584 mm=0
0:0-0:BR: VARYTOT t=584 mm=0
0:0-0:BR: VARYTOT t=584 mm=0
0:0-0:BR: VARYTOT t=584 mm=0
0:0-0:BR: VARYTOT t=584 mm=0
0:0-0:BR: VARYTOT t=584 mm=0
0:0-0:BR: VARYTOT t=584 mm=0
0:0-0:BR: VARYTOT t=584 mm=0
0:0-0:BR: VARYTOT t=584 mm=0
0:0-0:BR: VARYTOT t=584 mm=0
0:0-0:BR: VARYTOT t=584 mm=0
0:0-0:BR: VARYTOT t=584 mm=0
0:0-0:BR: VARYTOT t=584 mm=0
0:0-0:BR: VARYTOT t=584 mm=0
0:0-0:BR: VARYTOT t=584 mm=0
0:0-0:BR: VARYTOT t=584 mm=0
0:0-0:BR: VARYTOT t=584 mm=0
0:0-0:BR: VARYTOT t=584 mm=0
0:0-0:BR: VARYTOT t=584 mm=0
0:0-0:BR: VARYTOT t=584 mm=0
0:0-0:BR: VARYTOT t=584 mm=0
0:0-0:BR: VARYTOT t=584 mm=0
0:0-0:BR: VARYTOT t=584 mm=0
0:0-0:BR: VARYTOT t=584 mm=0
0:0-0:BR: VARYTOT t=584 mm=0
0:0-0:BR: VARYTOT t=584 mm=0
0:0-0:BR: VARYTOT t=584 mm=0
0:0-0:BR: VARYTOT t=584 mm=0
0:0-0:BR: VARYTOT t=584 mm=0
0:0-0:BR: VARYTOT t=584 mm=0
0:0-0:BR: VARYTOT t=584 mm=0
0:0-0:BR: VARYTOT t=584 mm=0
0:0-0:BR: VARYTOT t=584 mm=0
0:0-0:BR: VARYTOT t=584 mm=0
0:0-0:BR: VARYTOT t=584 mm=0
0:0-0:BR: VARYTOT t=584 mm=0
0:0-0:BR: VARYTOT t=584 mm=0
0:0-0:BR: VARYTOT t=584 mm=0
0:0-0:BR: VARYTOT t=584 mm=0
0:0-0:BR: VARYTOT t=584 mm=0
0:0-0:BR: VARYTOT t=584 mm=0
0:0-0:BR: VARYTOT t=584 mm=0
0:0-0:BR: VARYTOT t=584 mm=0
0:0-0:BR: VARYTOT t=584 mm=0
0:0-0:BR: VARYTOT t=584 mm=0
0:0-0:BR: VARYTOT t=584 mm=0
0:0-0:BR: VARYTOT t=584 mm=0
0:0-0:BR: VARYTOT t=584 mm=0
0:0-0:BR: VARYTOT t=584 mm=0
0:0-0:BR: VARYTOT t=584 mm=0
0:0-0:BR: VARYTOT t=584 mm=0
0:0-0:BR: VARYTOT t=584 mm=0
0:0-0:BR: VARYTOT t=584 mm=0
0:0-0:BR: VARYTOT t=584 mm=0
0:0-0:BR: VARYTOT t=584 mm=0
0:0-0:BR: VARYTOT t=584 mm=0
0:0-0:BR: VARYTOT t=584 mm=0
0:0-0:BR: VARYTOT t=584 mm=0
0:0-0:BR: VARYTOT t=584 mm=0
0:0-0:BR: VARYTOT t=584 mm=0
0:0-0:BR: VARYTOT t=584 mm=0
0:0-0:BR: VARYTOT t=584 mm=0
0:0-0:BR: VARYTOT t=584 mm=0
0:0-0:BR: VARYTOT t=584 mm=0
0:0-0:BR: VARYTOT t=584 mm=0
0:0-0:BR: VARYTOT t=584 mm=0
0:0-0:BR: VARYTOT t=584 mm=0
0:0-0:BR: VARYTOT t=584 mm=0
0:0-0:BR: VARYTOT t=584 mm=0
0:0-0:BR: VARYTOT t=584 mm=0
0:0-0:BR: VARYTOT t=584 mm=0
0:0-0:BR: VARYTOT t=584 mm=0
0:0-0:BR: VARYTOT t=584 mm=0
0:0-0:BR: VARYTOT t=584 mm=0
0:0-0:BR: VARYTOT t=584 mm=0
0:0-0:BR: VARYTOT t=584 mm=0
0:0-0:BR: VARYTOT t=584 mm=0
0:0-0:BR: VARYTOT t=584 mm=0
0:0-0:BR: VARYTOT t=584 mm=0
0:0-0:BR: VARYTOT t=584 mm=0
0:0-0:BR: VARYTOT t=584 mm=0
0:0-0:BR: VARYTOT t=584 mm=0
0:0-0:BR: VARYTOT t=584 mm=0
0:0-0:BR: VARYTOT t=584 mm=0
0:0-0:BR: VARYTOT t=584 mm=0
0:0-0:BR: VARYTOT t=584 mm=0
0:0-0:BR: VARYTOT t=584 mm=0
0:0-0:BR: VARYTOT t=584 mm=0
0:0-0:BR: VARYTOT t=584 mm=0
0:0-0:BR: VARYTOT t=584 mm=0
0:0-0:BR: VARYTOT t=584 mm=0
0:0-0:BR: VARYTOT t=584 mm=0
0:0-0:BR: VARYTOT t=584 mm=0
0:0-0:BR: VARYTOT t=584 mm=0
0:0-0:BR: VARYTOT t=584 mm=0
0:0-0:BR: VARYTOT t=584 mm=0
0:0-0:BR: VARYTOT t=584 mm=0
0:0-0:BR: VARYTOT t=584 mm=0
0:0-0:BR: VARYTOT t=584 mm=0
0:0-0:BR: VARYTOT t=584 mm=0
0:0-0:BR: VARYTOT t=584 mm=0
0:0-0:BR: VARYTOT t=584 mm=0
0:0-0:BR: VARYTOT t=584 mm=0
0:0-0:BR: VARYTOT t=584 mm=0
0:0-0:BR: VARYTOT t=584 mm=0
0:0-0:BR: VARYTOT t=584 mm=0
0:0-0:BR: VARYTOT t=584 mm=0
0:0-0:BR: VARYTOT t=584 mm=0
0:0-0:BR: VARYTOT t=584 mm=0
0:0-0:BR: VARYTOT t=584 mm=0
0:0-0:BR: VARYTOT t=584 mm=0
0:0-0:BR: VARYTOT t=584 mm=0
0:0-0:BR: VARYTOT t=584 mm=0
0:0-0:BR: VARYTOT t=584 mm=0
0:0-0:BR: VARYTOT t=584 mm=0
0:0-0:BR: VARYTOT t=584 mm=0
0:0-0:BR: VARYTOT t=584 mm=0
0:0-0:BR: VARYTOT t=584 mm=0
0:0-0:BR: VARYTOT t=584 mm=0
0:0-0:BR: VARYTOT t=584 mm=0
0:0-0:BR: VARYTOT t=584 mm=0
0:0-0:BR: VARYTOT t=584 mm=0
0:0-0:BR: VARYTOT t=584 mm=0
0:0-0:BR: VARYTOT t=584 mm=0
0:0-0:BR: VARYTOT t=584 mm=0
0:0-0:BR: VARYTOT t=584 mm=0
0:0-0:BR: VARYTOT t=584 mm=0
0:0-0:BR: VARYTOT t=584 mm=0
0:0-0:BR: VARYTOT t=584 mm=0
0:0-0:BR: VARYTOT t=584 mm=0
0:0-0:BR: VARYTOT t=584 mm=0
0:0-0:BR: VARYTOT t=584 mm=0
0:0-0:BR: VARYTOT t=584 mm=0
0:0-0:BR: VARYTOT t=584 mm=0
0:0-0:BR: VARYTOT t=584 mm=0
0:0-0:BR: VARYTOT t=584 mm=0
0:0-0:BR: VARYTOT t=584 mm=0
0:0-0:BR: VARYTOT t=584 mm=0
0:0-0:BR: VARYTOT t=584 mm=0
0:0-0:BR: VARYTOT t=584 mm=0
0:0-0:BR: VARYTOT t=584 mm=0
0:0-0:BR: VARYTOT t=584 mm=0
0:0-0:BR: VARYTOT t=584 mm=0
0:0-0:BR: VARYTOT t=584 mm=0
0:0-0:BR: VARYTOT t=584 mm=0
0:0-0:BR: VARYTOT t=584 mm=0
0:0-0:BR: VARYTOT t=584 mm=0
0:0-0:BR: VARYTOT t=584 mm=0
0:0-0:BR: VARYTOT t=584 mm=0
0:0-0:BR: VARYTOT t=584 mm=0
0:0-0:BR: VARYTOT t=584 mm=0
0:0-0:BR: VARYTOT t=584 mm=0
0:0-0:BR: VARYTOT t=584 mm=0
0:0-0:BR: VARYTOT t=584 mm=0
0:0-0:BR: VARYTOT t=584 mm=0
0:0-0:BR: VARYTOT t=584 mm=0
0:0-0:BR: VARYTOT t=584 mm=0
0:0-0:BR: VARYTOT t=584 mm=0
0:0-0:BR: VARYTOT t=584 mm=0
0:0-0:BR: VARYTOT t=584 mm=0
0:0-0:BR: VARYTOT t=584 mm=0
0:0-0:BR: VARYTOT t=584 mm=0
0:0-0:BR: VARYTOT t=584 mm=0
0:0-0:BR: VARYTOT t=584 mm=0
0:0-0:BR: VARYTOT t=584 mm=0
0:0-0:BR: VARYTOT t=584 mm=0
0:0-0:BR: VARYTOT t=584 mm=0
0:0-0:BR: VARYTOT t=584 mm=0
0:0-0:BR: VARYTOT t=584 mm=0
0:0-0:BR: VARYTOT t=584 mm=0
0:0-0:BR: VARYTOT t=584 mm=0
0:0-0:BR: VARYTOT t=584 mm=0
0:0-0:BR: VARYTOT t=584 mm=0
0:0-0:BR: VARYTOT t=584 mm=0
0:0-0:BR: VARYTOT t=584 mm=0
0:0-0:BR: VARYTOT t=584 mm=0
0:0-0:BR: VARYTOT t=584 mm=0
0:0-0:BR: VARYTOT t=584 mm=0
0:0-0:BR: VARYTOT t=584 mm=0
0:0-0:BR: VARYTOT t=584 mm=0
0:0-0:BR: VARYTOT t=584 mm=0
0:0-0:BR: VARYTOT t=584 mm=0
0:0-0:BR: VARYTOT t=584 mm=0
0:0-0:BR: VARYTOT t=584 mm=0
0:0-0:BR: VARYTOT t=584 mm=0
0:0-0:BR: VARYTOT t=584 mm=0
0:0-0:BR: VARYTOT t=584 mm=0
0:0-0:BR: VARYTOT t=584 mm=0
0:0-0:BR: VARYTOT t=584 mm=0
0:0-0:BR: VARYTOT t=584 mm=0
0:0-0:BR: VARYTOT t=584 mm=0
0:0-0:BR: VARYTOT t=584 mm=0
0:0-0:BR: VARYTOT t=584 mm=0
0:0-0:BR: VARYTOT t=584 mm=0
0:0-0:BR: VARYTOT t=584 mm=0
0:0-0:BR: VARYTOT t=584 mm=0
0:0-0:BR: VARYTOT t=584 mm=0
0:0-0:BR: VARYTOT t=584 mm=0
0:0-0:BR: VARYTOT t=584 mm=0
0:0-0:BR: VARYTOT t=584 mm=0
0:0-0:BR: VARYTOT t=584 mm=0
0:0-0:BR: VARYTOT t=584 mm=0
0:0-0:BR: VARYTOT t=584 mm=0
0:0-0:BR: VARYTOT t=584 mm=0
0:0-0:BR: VARYTOT t=584 mm=0
0:0-0:BR: VARYTOT t=584 mm=0
0:0-0:BR: VARYTOT t=584 mm=0
0:0-0:BR: VARYTOT t=584 mm=0
0:0-0:BR: VARYTOT t=584 mm=0
0:0-0:BR: VARYTOT t=584 mm=0
0:0-0:BR: VARYTOT t=584 mm=0
0:0-0:BR: VARYTOT t=584 mm=0
0:0-0:BR: VARYTOT t=584 mm=0
0:0-0:BR: VARYTOT t=584 mm=0
0:0-0:BR: VARYTOT t=584 mm=0
0:0-0:BR: VARYTOT t=584 mm=0
0:0-0:BR: VARYTOT t=584 mm=0
0:0-0:BR: VARYTOT t=584 mm=0
0:0-0:BR: VARYTOT t=584 mm=0
0:0-0:BR: VARYTOT t=584 mm=0
0:0-0:BR: VARYTOT t=584 mm=0
0:0-0:BR: VARYTOT t=584 mm=0
0:0-0:BR: VARYTOT t=584 mm=0
0:0-0:BR: VARYTOT t=584 mm=0
0:0-0:BR: VARYTOT t=584 mm=0
0:0-0:BR: VARYTOT t=584 mm=0
0:0-0:BR: VARYTOT t=584 mm=0
0:0-0:BR: VARYTOT t=584 mm=0
0:0-0:BR: VARYTOT t=584 mm=0
0:0-0:BR: VARYTOT t=584 mm=0
0:0-0:BR: VARYTOT t=584 mm=0
0:0-0:BR: VARYTOT t=584 mm=0
0:0-0:BR: VARYTOT t=584 mm=0
0:0-0:BR: VARYTOT t=584 mm=0
0:0-0:BR: VARYTOT t=584 mm=0
0:0-0:BR: VARYTOT t=584 mm=0
0:0-0:BR: VARYTOT t=584 mm=0
0:0-0:BR: VARYTOT t=584 mm=0
0:0-0:BR: VARYTOT t=584 mm=0
0:0-0:BR: VARYTOT t=584 mm=0
0:0-0:BR: VARYTOT t=584 mm=0
0:0-0:BR: VARYTOT t=584 mm=0
0:0-0:BR: VARYTOT t=584 mm=0
0:0-0:BR: VARYTOT t=584 mm=0
0:0-0:BR: VARYTOT t=584 mm=0
0:0-0:BR: VARYTOT t=584 mm=0
0:0-0:BR: VARYTOT t=584 mm=0
0:0-0:BR: VARYTOT t=584 mm=0
0:0-0:BR: VARYTOT t=584 mm=0
0:0-0:BR: VARYTOT t=584 mm=0
0:0-0:BR: VARYTOT t=584 mm=0
0:0-0:BR: VARYTOT t=584 mm=0
0:0-0:BR: VARYTOT t=584 mm=0
0:0-0:BR: VARYTOT t=584 mm=0
0:0-0:BR: VARYTOT t=584 mm=0
0:0-0:BR: VARYTOT t=584 mm=0
0:0-0:BR: VARYTOT t=584 mm=0
0:0-0:BR: VARYTOT t=584 mm=0
0:0-0:BR: VARYTOT t=584 mm=0
0:0-0:BR: VARYTOT t=584 mm=0
0:0-0:BR: VARYTOT t=584 mm=0
0:0-0:BR: VARYTOT t=584 mm=0
0:0-0:BR: VARYTOT t=584 mm=0
0:0-0:BR: VARYTOT t=584 mm=0
0:0-0:BR: VARYTOT t=584 mm=0
0:0-0:BR: VARYTOT t=584 mm=0
0:0-0:BR: VARYTOT t=584 mm=0
0:0-0:BR: VARYTOT t=584 mm=0
0:0-0:BR: VARYTOT t=584 mm=0
0:0-0:BR: VARYTOT t=584 mm=0
0:0-0:BR: VARYTOT t=584 mm=0
0:0-0:BR: VARYTOT t=584 mm=0
0:0-0:BR: VARYTOT t=584 mm=0
0:0-0:BR: VARYTOT t=584 mm=0
0:0-0:BR: VARYTOT t=584 mm=0
0:0-0:BR: VARYTOT t=584 mm=0
0:0-0:BR: VARYTOT t=584 mm=0
0:0-0:BR: VARYTOT t=584 mm=0
0:0-0:BR: VARYTOT t=584 mm=0
0:0-0:BR: VARYTOT t=584 mm=0
0:0-0:BR: VARYTOT t=584 mm=0
0:0-0:BR: VARYTOT t=584 mm=0
0:0-0:BR: VARYTOT t=584 mm=0
0:0-0:BR: VARYTOT t=584 mm=0
0:0-0:BR: VARYTOT t=584 mm=0
0:0-0:BR: VARYTOT t=584 mm=0
0:0-0:BR: VARYTOT t=584 mm=0
0:0-0:BR: VARYTOT t=584 mm=0
0:0-0:BR: VARYTOT t=584 mm=0
0:0-0:BR: VARYTOT t=584 mm=0
0:0-0:BR: VARYTOT t=584 mm=0
0:0-0:BR: VARYTOT t=584 mm=0
0:0-0:BR: VARYTOT t=584 mm=0
0:0-0:BR: VARYTOT t=584 mm=0
0:0-0:BR: VARYTOT t=584 mm=0
0:0-0:BR: VARYTOT t=584 mm=0
0:0-0:BR: VARYTOT t=584 mm=0
0:0-0:BR: VARYTOT t=584 mm=0
0:0-0:BR: VARYTOT t=584 mm=0
0:0-0:BR: VARYTOT t=584 mm=0
0:0-0:BR: VARYTOT t=584 mm=0
0:0-0:BR: VARYTOT t=584 mm=0
0:0-0:BR: VARYTOT t=584 mm=0
0:0-0:BR: VARYTOT t=584 mm=0
0:0-0:BR: VARYTOT t=584 mm=0
0:0-0:BR: VARYTOT t=584 mm=0
0:0-0:BR: VARYTOT t=584 mm=0
0:0-0:BR: VARYTOT t=584 mm=0
0:0-0:BR: VARYTOT t=584 mm=0
0:0-0:BR: VARYTOT t=584 mm=0
0:0-0:BR: VARYTOT t=584 mm=0
0:0-0:BR: VARYTOT t=584 mm=0
0:0-0:BR: VARYTOT t=584 mm=0
0:0-0:BR: VARYTOT t=584 mm=0
0:0-0:BR: VARYTOT t=584 mm=0
0:0-0:BR: VARYTOT t=584 mm=0
0:0-0:BR: VARYTOT t=584 mm=0
0:0-0:BR: VARYTOT t=584 mm=0
0:0-0:BR: VARYTOT t=584 mm=0
0:0-0:BR: VARYTOT t=584 mm=0
0:0-0:BR: VARYTOT t=584 mm=0
0:0-0:BR: VARYTOT t=584 mm=0
0:0-0:BR: VARYTOT t=584 mm=0
0:0-0:BR: VARYTOT t=584 mm=0
0:0-0:BR: VARYTOT t=584 mm=0
0:0-0:BR: VARYTOT t=584 mm=0
0:0-0:BR: VARYTOT t=584 mm=0
0:0-0:BR: VARYTOT t=584 mm=0
0:0-0:BR: VARYTOT t=584 mm=0
0:0-0:BR: VARYTOT t=584 mm=0
0:0-0:BR: VARYTOT t=584 mm=0
0:0-0:BR: VARYTOT t=584 mm=0
0:0-0:BR: VARYTOT t=584 mm=0
0:0-0:BR: VARYTOT t=584 mm=0
0:0-0:BR: VARYTOT t=584 mm=0
0:0-0:BR: VARYTOT t=584 mm=0
0:0-0:BR: VARYTOT t=584 mm=0
0:0-0:BR: VARYTOT t=584 mm=0
0:0-0:BR: VARYTOT t=584 mm=0
0:0-0:BR: VARYTOT t=584 mm=0
0:0-0:BR: VARYTOT t=584 mm=0
0:0-0:BR: VARYTOT t=584 mm=0
0:0-0:BR: VARYTOT t=584 mm=0
0:0-0:BR: VARYTOT t=584 mm=0
0:0-0:BR: VARYTOT t=584 mm=0
0:0-0:BR: VARYTOT t=584 mm=0
0:0-0:BR: VARYTOT t=584 mm=0
0:0-0:BR: VARYTOT t=584 mm=0
0:0-0:BR: VARYTOT t=584 mm=0
0:0-0:BR: VARYTOT t=584 mm=0
0:0-0:BR: VARYTOT t=584 mm=0
0:0-0:BR: VARYTOT t=584 mm=0
0:0-0:BR: VARYTOT t=584 mm=0
0:0-0:BR: VARYTOT t=584 mm=0
0:0-0:BR: VARYTOT t=584 mm=0
0:0-0:BR: VARYTOT t=584 mm=0
0:0-0:BR: VARYTOT t=584 mm=0
0:0-0:BR: VARYTOT t=584 mm=0
0:0-0:BR: VARYTOT t=584 mm=0
0:0-0:BR: VARYTOT t=584 mm=0
0:0-0:BR: VARYTOT t=584 mm=0
0:0-0:BR: VARYTOT t=584 mm=0
0:0-0:BR: VARYTOT t=584 mm=0
0:0-0:BR: VARYTOT t=584 mm=0
0:0-0:BR: VARYTOT t=584 mm=0
0:0-0:BR: VARYTOT t=584 mm=0
0:0-0:BR: VARYTOT t=584 mm=0
0:0-0:BR: VARYTOT t=584 mm=0
0:0-0:BR: VARYTOT t=584 mm=0
0:0-0:BR: VARYTOT t=584 mm=0
0:0-0:BR: VARYTOT t=584 mm=0
0:0-0:BR: VARYTOT t=584 mm=0
0:0-0:BR: VARYTOT t=584 mm=0
0:0-0:BR: VARYTOT t=584 mm=0
0:0-0:BR: VARYTOT t=584 mm=0
0:0-0:BR: VARYTOT t=584 mm=0
0:0-0:BR: VARYTOT t=584 mm=0
0:0-0:BR: VARYTOT t=584 mm=0
0:0-0:BR: VARYTOT t=584 mm=0
0:0-0:BR: VARYTOT t=584 mm=0
0:0-0:BR: VARYTOT t=584 mm=0
0:0-0:BR: VARYTOT t=584 mm=0
0:0-0:BR: VARYTOT t=584 mm=0
0:0-0:BR: VARYTOT t=584 mm=0
0:0-0:BR: VARYTOT t=584 mm=0
0:0-0:BR: VARYTOT t=584 mm=0
0:0-0:BR: VARYTOT t=584 mm=0
0:0-0:BR: VARYTOT t=584 mm=0
0:0-0:BR: VARYTOT t=584 mm=0
0:0-0:BR: VARYTOT t=584 mm=0
0:0-0:BR: VARYTOT t=584 mm=0
0:0-0:BR: VARYTOT t=584 mm=0
0:0-0:BR: VARYTOT t=584 mm=0
0:0-0:BR: VARYTOT t=584 mm=0
0:0-0:BR: VARYTOT t=584 mm=0
0:0-0:BR: VARYTOT t=584 mm=0
0:0-0:BR: VARYTOT t=584 mm=0
0:0-0:BR: VARYTOT t=584 mm=0
0:0-0:BR: VARYTOT t=584 mm=0
0:0-0:BR: VARYTOT t=584 mm=0
0:0-0:BR: VARYTOT t=584 mm=0
0:0-0:BR: VARYTOT t=584 mm=0
0:0-0:BR: VARYTOT t=584 mm=0
0:0-0:BR: VARYTOT t=584 mm=0
0:0-0:BR: VARYTOT t=584 mm=0
0:0-0:BR: VARYTOT t=584 mm=0
0:0-0:BR: VARYTOT t=584 mm=0
0:0-0:BR: VARYTOT t=584 mm=0
0:0-0:BR: VARYTOT t=584 mm=0
0:0-0:BR: VARYTOT t=584 mm=0
0:0-0:BR: VARYTOT t=584 mm=0
0:0-0:BR: VARYTOT t=584 mm=0
0:0-0:BR: VARYTOT t=584 mm=0
0:0-0:BR: VARYTOT t=584 mm=0
0:0-0:BR: VARYTOT t=584 mm=0
0:0-0:BR: VARYTOT t=584 mm=0
0:0-0:BR: VARYTOT t=584 mm=0
0:0-0:BR: VARYTOT t=584 mm=0
0:0-0:BR: VARYTOT t=584 mm=0
0:0-0:BR: VARYTOT t=584 mm=0
0:0-0:BR: VARYTOT t=584 mm=0
0:0-0:BR: VARYTOT t=584 mm=0
0:0-0:BR: VARYTOT t=584 mm=0
0:0-0:BR: VARYTOT t=584 mm=0
0:0-0:BR: VARYTOT t=584 mm=0
0:0-0:BR: VARYTOT t=584 mm=0
0:0-0:BR: VARYTOT t=584 mm=0
0:0-0:BR: VARYTOT t=584 mm=0
0:0-0:BR: VARYTOT t=584 mm=0
0:0-0:BR: VARYTOT t=584 mm=0
0:0-0:BR: VARYTOT t=584 mm=0
0:0-0:BR: VARYTOT t=584 mm=0
0:0-0:BR: VARYTOT t=584 mm=0
0:0-0:BR: VARYTOT t=584 mm=0
0:0-0:BR: VARYTOT t=584 mm=0
0:0-0:BR: VARYTOT t=584 mm=0
0:0-0:BR: VARYTOT t=584 mm=0
0:0-0:BR: VARYTOT t=584 mm=0
0:0-0:BR: VARYTOT t=584 mm=0
0:0-0:BR: VARYTOT t=584 mm=0
0:0-0:BR: VARYTOT t=584 mm=0
0:0-0:BR: VARYTOT t=584 mm=0
0:0-0:BR: VARYTOT t=584 mm=0
0:0-0:BR: VARYTOT t=584 mm=0
0:0-0:BR: VARYTOT t=584 mm=0
0:0-0:BR: VARYTOT t=584 mm=0
0:0-0:BR: VARYTOT t=584 mm=0
0:0-0:BR: VARYTOT t=584 mm=0
0:0-0:BR: VARYTOT t=584 mm=0
0:0-0:BR: VARYTOT t=584 mm=0
0:0-0:BR: VARYTOT t=584 mm=0
0:0-0:BR: VARYTOT t=584 mm=0
0:0-0:BR: VARYTOT t=584 mm=0
0:0-0:BR: VARYTOT t=584 mm=0
0:0-0:BR: VARYTOT t=584 mm=0
0:0-0:BR: VARYTOT t=584 mm=0
0:0-0:BR: VARYTOT t=584 mm=0
0:0-0:BR: VARYTOT t=584 mm=0
0:0-0:BR: VARYTOT t=584 mm=0
0:0-0:BR: VARYTOT t=584 mm=0
0:0-0:BR: VARYTOT t=584 mm=0
0:0-0:BR: VARYTOT t=584 mm=0
0:0-0:BR: VARYTOT t=584 mm=0
0:0-0:BR: VARYTOT t=584 mm=0
0:0-0:BR: VARYTOT t=584 mm=0
0:0-0:BR: VARYTOT t=584 mm=0
0:0-0:BR: VARYTOT t=584 mm=0
0:0-0:BR: VARYTOT t=584 mm=0
0:0-0:BR: VARYTOT t=584 mm=0
0:0-0:BR: VARYTOT t=584 mm=0
0:0-0:BR: VARYTOT t=584 mm=0
0:0-0:BR: VARYTOT t=584 mm=0
0:0-0:BR: VARYTOT t=584 mm=0
0:0-0:BR: VARYTOT t=584 mm=0
0:0-0:BR: VARYTOT t=584 mm=0
0:0-0:BR: VARYTOT t=584 mm=0
0:0-0:BR: VARYTOT t=584 mm=0
0:0-0:BR: VARYTOT t=584 mm=0
0:0-0:BR: VARYTOT t=584 mm=0
0:0-0:BR: VARYTOT t=584 mm=0
0:0-0:BR: VARYTOT t=584 mm=0
0:0-0:BR: VARYTOT t=584 mm=0
0:0-0:BR: VARYTOT t=584 mm=0
0:0-0:BR: VARYTOT t=584 mm=0
0:0-0:BR: VARYTOT t=584 mm=0
0:0-0:BR: VARYTOT t=584 mm=0
0:0-0:BR: VARYTOT t=584 mm=0
0:0-0:BR: VARYTOT t=584 mm=0
0:0-0:BR: VARYTOT t=584 mm=0
0:0-0:BR: VARYTOT t=584 mm=0
0:0-0:BR: VARYTOT t=584 mm=0
0:0-0:BR: VARYTOT t=584 mm=0
0:0-0:BR: VARYTOT t=584 mm=0
0:0-0:BR: VARYTOT t=584 mm=0
0:0-0:BR: VARYTOT t=584 mm=0
0:0-0:BR: VARYTOT t=584 mm=0
0:0-0:BR: VARYTOT t=584 mm=0
0:0-0:BR: VARYTOT t=584 mm=0
0:0-0:BR: VARYTOT t=584 mm=0
0:0-0:BR: VARYTOT t=584 mm=0
0:0-0:BR: VARYTOT t=584 mm=0
0:0-0:BR: VARYTOT t=584 mm=0
0:0-0:BR: VARYTOT t=584 mm=0
0:0-0:BR: VARYTOT t=584 mm=0
0:0-0:BR: VARYTOT t=584 mm=0
0:0-0:BR: VARYTOT t=584 mm=0
0:0-0:BR: VARYTOT t=584 mm=0
0:0-0:BR: VARYTOT t=584 mm=0
0:0-0:BR: VARYTOT t=584 mm=0
0:0-0:BR: VARYTOT t=584 mm=0
0:0-0:BR: VARYTOT t=584 mm=0
0:0-0:BR: VARYTOT t=584 mm=0
0:0-0:BR: VARYTOT t=584 mm=0
0:0-0:BR: VARYTOT t=584 mm=0
0:0-0:BR: VARYTOT t=584 mm=0
0:0-0:BR: VARYTOT t=584 mm=0
0:0-0:BR: VARYTOT t=584 mm=0
0:0-0:BR: VARYTOT t=584 mm=0
0:0-0:BR: VARYTOT t=584 mm=0
0:0-0:BR: VARYTOT t=584 mm=0
0:0-0:BR: VARYTOT t=584 mm=0
0:0-0:BR: VARYTOT t=584 mm=0
0:0-0:BR: VARYTOT t=584 mm=0
0:0-0:BR: VARYTOT t=584 mm=0
0:0-0:BR: VARYTOT t=584 mm=0
0:0-0:BR: VARYTOT t=584 mm=0
0:0-0:BR: VARYTOT t=584 mm=0
0:0-0:BR: VARYTOT t=584 mm=0
0:0-0:BR: VARYTOT t=584 mm=0
0:0-0:BR: VARYTOT t=584 mm=0
0:0-0:BR: VARYTOT t=584 mm=0
0:0-0:BR: VARYTOT t=584 mm=0
0:0-0:BR: VARYTOT t=584 mm=0
0:0-0:BR: VARYTOT t=584 mm=0
0:0-0:BR: VARYTOT t=584 mm=0
0:0-0:BR: VARYTOT t=584 mm=0
0:0-0:BR: VARYTOT t=584 mm=0
0:0-0:BR: VARYTOT t=584 mm=0
0:0-0:BR: VARYTOT t=584 mm=0
0:0-0:BR: VARYTOT t=584 mm=0
0:0-0:BR: VARYTOT t=584 mm=0
0:0-0:BR: VARYTOT t=584 mm=0
0:0-0:BR: VARYTOT t=584 mm=0
0:0-0:BR: VARYTOT t=584 mm=0
0:0-0:BR: VARYTOT t=584 mm=0
0:0-0:BR: VARYTOT t=584 mm=0
0:0-0:BR: VARYTOT t=584 mm=0
0:0-0:BR: VARYTOT t=584 mm=0
0:0-0:BR: VARYTOT t=584 mm=0
0:0-0:BR: VARYTOT t=584 mm=0
0:0-0:BR: VARYTOT t=584 mm=0
0:0-0:BR: VARYTOT t=584 mm=0
0:0-0:BR: VARYTOT t=584 mm=0
0:0-0:BR: VARYTOT t=584 mm=0
0:0-0:BR: VARYTOT t=584 mm=0
0:0-0:BR: VARYTOT t=584 mm=0
0:0-0:BR: VARYTOT t=584 mm=0
0:0-0:BR: VARYTOT t=584 mm=0
0:0-0:BR: VARYTOT t=584 mm=0
0:0-0:BR: VARYTOT t=584 mm=0
0:0-0:BR: VARYTOT t=584 mm=0
0:0-0:BR: VARYTOT t=584 mm=0
0:0-0:BR: VARYTOT t=584 mm=0
0:0-0:BR: VARYTOT t=584 mm=0
0:0-0:BR: VARYTOT t=584 mm=0
0:0-0:BR: VARYTOT t=584 mm=0
0:0-0:BR: VARYTOT t=584 mm=0
0:0-0:BR: VARYTOT t=584 mm=0
0:0-0:BR: VARYTOT t=584 mm=0
0:0-0:BR: VARYTOT t=584 mm=0
0:0-0:BR: VARYTOT t=584 mm=0
0:0-0:BR: VARYTOT t=584 mm=0
0:0-0:BR: VARYTOT t=584 mm=0
0:0-0:BR: VARYTOT t=584 mm=0
0:0-0:BR: VARYTOT t=584 mm=0
0:0-0:BR: VARYTOT t=584 mm=0
0:0-0:BR: VARYTOT t=584 mm=0
0:0-0:BR: VARYTOT t=584 mm=0
0:0-0:BR: VARYTOT t=584 mm=0
0:0-0:BR: VARYTOT t=584 mm=0
0:0-0:BR: VARYTOT t=584 mm=0
0:0-0:BR: VARYTOT t=584 mm=0
0:0-0:BR: VARYTOT t=584 mm=0
0:0-0:BR: VARYTOT t=584 mm=0
0:0-0:BR: VARYTOT t=584 mm=0
0:0-0:BR: VARYTOT t=584 mm=0
0:0-0:BR: VARYTOT t=584 mm=0
0:0-0:BR: VARYTOT t=584 mm=0
0:0-0:BR: VARYTOT t=584 mm=0
0:0-0:BR: VARYTOT t=584 mm=0
0:0-0:BR: VARYTOT t=584 mm=0
0:0-0:BR: VARYTOT t=584 mm=0
0:0-0:BR: VARYTOT t=584 mm=0
0:0-0:BR: VARYTOT t=584 mm=0
0:0-0:BR: VARYTOT t=584 mm=0
0:0-0:BR: VARYTOT t=584 mm=0
0:0-0:BR: VARYTOT t=584 mm=0
0:0-0:BR: VARYTOT t=584 mm=0
0:0-0:BR: VARYTOT t=584 mm=0
0:0-0:BR: VARYTOT t=584 mm=0
0:0-0:BR: VARYTOT t=584 mm=0
0:0-0:BR: VARYTOT t=584 mm=0
0:0-0:BR: VARYTOT t=584 mm=0
0:0-0:BR: VARYTOT t=584 mm=0
0:0-0:BR: VARYTOT t=584 mm=0
0:0-0:BR: VARYTOT t=584 mm=0
0:0-0:BR: VARYTOT t=584 mm=0
0:0-0:BR: VARYTOT t=584 mm=0
0:0-0:BR: VARYTOT t=584 mm=0
0:0-0:BR: VARYTOT t=584 mm=0
0:0-0:BR: VARYTOT t=584 mm=0
0:0-0:BR: VARYTOT t=584 mm=0
0:0-0:BR: VARYTOT t=584 mm=0
0:0-0:BR: VARYTOT t=584 mm=0
0:0-0:BR: VARYTOT t=584 mm=0
0:0-0:BR: VARYTOT t=584 mm=0
0:0-0:BR: VARYTOT t=584 mm=0
0:0-0:BR: VARYTOT t=584 mm=0
0:0-0:BR: VARYTOT t=584 mm=0
0:0-0:BR: VARYTOT t=584 mm=0
0:0-0:BR: VARYTOT t=584 mm=0
0:0-0:BR: VARYTOT t=584 mm=0
0:0-0:BR: VARYTOT t=584 mm=0
0:0-0:BR: VARYTOT t=584 mm=0
0:0-0:BR: VARYTOT t=584 mm=0
0:0-0:BR: VARYTOT t=584 mm=0
0:0-0:BR: VARYTOT t=584 mm=0
0:0-0:BR: VARYTOT t=584 mm=0
0:0-0:BR: VARYTOT t=584 mm=0
0:0-0:BR: VARYTOT t=584 mm=0
0:0-0:BR: VARYTOT t=584 mm=0
0:0-0:BR: VARYTOT t=584 mm=0
0:0-0:BR: VARYTOT t=584 mm=0
0:0-0:BR: VARYTOT t=584 mm=0
0:0-0:BR: VARYTOT t=584 mm=0
0:0-0:BR: VARYTOT t=584 mm=0
0:0-0:BR: VARYTOT t=584 mm=0
0:0-0:BR: VARYTOT t=584 mm=0
0:0-0:BR: VARYTOT t=584 mm=0
0:0-0:BR: VARYTOT t=584 mm=0
0:0-0:BR: VARYTOT t=584 mm=0
0:0-0:BR: VARYTOT t=584 mm=0
0:0-0:BR: VARYTOT t=584 mm=0
0:0-0:BR: VARYTOT t=584 mm=0
0:0-0:BR: VARYTOT t=584 mm=0
0:0-0:BR: VARYTOT t=584 mm=0
0:0-0:BR: VARYTOT t=584 mm=0
0:0-0:BR: VARYTOT t=584 mm=0
0:0-0:BR: VARYTOT t=584 mm=0
0:0-0:BR: VARYTOT t=584 mm=0
0:0-0:BR: VARYTOT t=584 mm=0
0:0-0:BR: VARYTOT t=584 mm=0
0:0-0:BR: VARYTOT t=584 mm=0
0:0-0:BR: VARYTOT t=584 mm=0
0:0-0:BR: VARYTOT t=584 mm=0
0:0-0:BR: VARYTOT t=584 mm=0
0:0-0:BR: VARYTOT t=584 mm=0
0:0-0:BR: VARYTOT t=584 mm=0
0:0-0:BR: VARYTOT t=584 mm=0
0:0-0:BR: VARYTOT t=584 mm=0
0:0-0:BR: VARYTOT t=584 mm=0
0:0-0:BR: VARYTOT t=584 mm=0
0:0-0:BR: VARYTOT t=584 mm=0
0:0-0:BR: VARYTOT t=584 mm=0
0:0-0:BR: VARYTOT t=584 mm=0
0:0-0:BR: VARYTOT t=584 mm=0
0:0-0:BR: VARYTOT t=584 mm=0
0:0-0:BR: VARYTOT t=584 mm=0
0:0-0:BR: VARYTOT t=584 mm=0
0:0-0:BR: VARYTOT t=584 mm=0
0:0-0:BR: VARYTOT t=584 mm=0
0:0-0:BR: VARYTOT t=584 mm=0
0:0-0:BR: VARYTOT t=584 mm=0
0:0-0:BR: VARYTOT t=584 mm=0
0:0-0:BR: VARYTOT t=584 mm=0
0:0-0:BR: VARYTOT t=584 mm=0
0:0-0:BR: VARYTOT t=584 mm=0
0:0-0:BR: VARYTOT t=584 mm=0
0:0-0:BR: VARYTOT t=584 mm=0
0:0-0:BR: VARYTOT t=584 mm=0
0:0-0:BR: VARYTOT t=584 mm=0
0:0-0:BR: VARYTOT t=584 mm=0
0:0-0:BR: VARYTOT t=584 mm=0
0:0-0:BR: VARYTOT t=584 mm=0
0:0-0:BR: VARYTOT t=584 mm=0
0:0-0:BR: VARYTOT t=584 mm=0
0:0-0:BR: VARYTOT t=584 mm=0
0:0-0:BR: VARYTOT t=584 mm=0
0:0-0:BR: VARYTOT t=584 mm=0
0:0-0:BR: VARYTOT t=584 mm=0
0:0-0:BR: VARYTOT t=584 mm=0
0:0-0:BR: VARYTOT t=584 mm=0
0:0-0:BR: VARYTOT t=584 mm=0
0:0-0:BR: VARYTOT t=584 mm=0
0:0-0:BR: VARYTOT t=584 mm=0
0:0-0:BR: VARYTOT t=584 mm=0
0:0-0:BR: VARYTOT t=584 mm=0
0:0-0:BR: VARYTOT t=584 mm=0
0:0-0:BR: VARYTOT t=584 mm=0
0:0-0:BR: VARYTOT t=584 mm=0
0:0-0:BR: VARYTOT t=584 mm=0
0:0-0:BR: VARYTOT t=584 mm=0
0:0-0:BR: VARYTOT t=584 mm=0
0:0-0:BR: VARYTOT t=584 mm=0
0:0-0:BR: VARYTOT t=584 mm=0
0:0-0:BR: VARYTOT t=584 mm=0
0:0-0:BR: VARYTOT t=584 mm=0
0:0-0:BR: VARYTOT t=584 mm=0
0:0-0:BR: VARYTOT t=584 mm=0
0:0-0:BR: VARYTOT t=584 mm=0
0:0-0:BR: VARYTOT t=584 mm=0
0:0-0:BR: VARYTOT t=584 mm=0
0:0-0:BR: VARYTOT t=584 mm=0
0:0-0:BR: VARYTOT t=584 mm=0
0:0-0:BR: VARYTOT t=584 mm=0
0:0-0:BR: VARYTOT t=584 mm=0
0:0-0:BR: VARYTOT t=584 mm=0
0:0-0:BR: VARYTOT t=584 mm=0
0:0-0:BR: VARYTOT t=584 mm=0
0:0-0:BR: VARYTOT t=584 mm=0
0:0-0:BR: VARYTOT t=584 mm=0
0:0-0:BR: VARYTOT t=584 mm=0
0:0-0:BR: VARYTOT t=584 mm=0
0:0-0:BR: VARYTOT t=584 mm=0
0:0-0:BR: VARYTOT t=584 mm=0
0:0-0:BR: VARYTOT t=584 mm=0
0:0-0:BR: VARYTOT t=584 mm=0
0:0-0:BR: VARYTOT t=584 mm=0
0:0-0:BR: VARYTOT t=584 mm=0
0:0-0:BR: VARYTOT t=584 mm=0
0:0-0:BR: VARYTOT t=584 mm=0
0:0-0:BR: VARYTOT t=584 mm=0
0:0-0:BR: VARYTOT t=584 mm=0
0:0-0:BR: VARYTOT t=584 mm=0
0:0-0:BR: VARYTOT t=584 mm=0
0:0-0:BR: VARYTOT t=584 mm=0
0:0-0:BR: VARYTOT t=584 mm=0
0:0-0:BR: VARYTOT t=584 mm=0
0:0-0:BR: VARYTOT t=584 mm=0
0:0-0:BR: VARYTOT t=584 mm=0
0:0-0:BR: VARYTOT t=584 mm=0
0:0-0:BR: VARYTOT t=584 mm=0
0:0-0:BR: VARYTOT t=584 mm=0
0:0-0:BR: VARYTOT t=584 mm=0
0:0-0:BR: VARYTOT t=584 mm=0
0:0-0:BR: VARYTOT t=584 mm=0
0:0-0:BR: VARYTOT t=584 mm=0
0:0-0:BR: VARYTOT t=584 mm=0
0:0-0:BR: VARYTOT t=584 mm=0
0:0-0:BR: VARYTOT t=584 mm=0
0:0-0:BR: VARYTOT t=584 mm=0
0:0-0:BR: VARYTOT t=584 mm=0
0:0-0:BR: VARYTOT t=584 mm=0
0:0-0:BR: VARYTOT t=584 mm=0
0:0-0:BR: VARYTOT t=584 mm=0
0:0-0:BR: VARYTOT t=584 mm=0
0:0-0:BR: VARYTOT t=584 mm=0
0:0-0:BR: VARYTOT t=584 mm=0
0:0-0:BR: VARYTOT t=584 mm=0
0:0-0:BR: VARYTOT t=584 mm=0
0:0-0:BR: VARYTOT t=584 mm=0
0:0-0:BR: VARYTOT t=584 mm=0
0:0-0:BR: VARYTOT t=8 mm=0
0:0-0:BR: VARYTOT t=8 mm=0
0:0-0:BR: VARYTOT t=8 mm=0
0:0-0:BR: VARYTOT t=8 mm=0
0:0-0:BR: VARYTOT t=8 mm=0
0:0-0:BR: VARYTOT t=8 mm=0
0:0-0:BR: VARYTOT t=8 mm=0
0:0-0:BR: VARYTOT t=8 mm=0
0:0-0:BR: VARYTOT t=8 mm=0
0:0-0:BR: VARYTOT t=8 mm=0
0:0-0:BR: VARYTOT t=8 mm=0
0:0-0:BR: VARYTOT t=8 mm=0
0:0-0:BR: VARYTOT t=8 mm=0
0:0-0:BR: VARYTOT t=8 mm=0
0:0-0:BR: VARYTOT t=8 mm=0
0:0-0:BR: VARYTOT t=8 mm=0
0:0-0:BR: VARYTOT t=8 mm=0
0:0-0:BR: VARYTOT t=8 mm=0
0:0-0:BR: VARYTOT t=8 mm=0
0:0-0:BR: VARYTOT t=8 mm=0
0:0-0:BR: VARYTOT t=8 mm=0
0:0-0:BR: VARYTOT t=8 mm=0
0:0-0:BR: VARYTOT t=8 mm=0
0:0-0:BR: VARYTOT t=8 mm=0
0:0-0:BR: VARYTOT t=8 mm=0
0:0-0:BR: VARYTOT t=8 mm=0
0:0-0:BR: VARYTOT t=8 mm=0
0:0-0:BR: VARYTOT t=8 mm=0
0:0-0:BR: VARYTOT t=8 mm=0
0:0-0:BR: VARYTOT t=8 mm=0
0:0-0:BR: VARYTOT t=8 mm=0
0:0-0:BR: VARYTOT t=8 mm=0
0:0-0:BR: VARYTOT t=8 mm=0
0:0-0:BR: VARYTOT t=8 mm=0
0:0-0:BR: VARYTOT t=8 mm=0
0:0-0:BR: VARYTOT t=8 mm=0
0:0-0:BR: VARYTOT t=8 mm=0
0:0-0:BR: VARYTOT t=8 mm=0
0:0-0:BR: VARYTOT t=8 mm=0
0:0-0:BR: VARYTOT t=8 mm=0
0:0-0:BR: VARYTOT t=8 mm=0
0:0-0:BR: VARYTOT t=8 mm=0
0:0-0:BR: VARYTOT t=8 mm=0
0:0-0:BR: VARYTOT t=8 mm=0
0:0-0:BR: VARYTOT t=8 mm=0
0:0-0:BR: VARYTOT t=8 mm=0
0:0-0:BR: VARYTOT t=8 mm=0
0:0-0:BR: VARYTOT t=8 mm=0
0:0-0:BR: VARYTOT t=8 mm=0
0:0-0:BR: VARYTOT t=8 mm=0
0:0-0:BR: VARYTOT t=8 mm=0
0:0-0:BR: VARYTOT t=8 mm=0
0:0-0:BR: VARYTOT t=8 mm=0
0:0-0:BR: VARYTOT t=8 mm=0
0:0-0:BR: VARYTOT t=8 mm=0
0:0-0:BR: VARYTOT t=8 mm=0
0:0-0:BR: VARYTOT t=8 mm=0
0:0-0:BR: VARYTOT t=8 mm=0
0:0-0:BR: VARYTOT t=8 mm=0
0:0-0:BR: VARYTOT t=8 mm=0
0:0-0:BR: VARYTOT t=8 mm=0
0:0-0:BR: VARYTOT t=61 mm=0
0:0-0:BR: VARYTOT t=61 mm=0
0:0-0:BR: VARYTOT t=61 mm=0
0:0-0:BR: VARYTOT t=61 mm=0
0:0-0:BR: VARYTOT t=61 mm=0
0:0-0:BR: VARYTOT t=61 mm=0
0:0-0:BR: VARYTOT t=61 mm=0
0:0-0:BR: VARYTOT t=61 mm=0
0:0-0:BR: VARYTOT t=61 mm=0
0:0-0:BR: VARYTOT t=61 mm=0
0:0-0:BR: VARYTOT t=61 mm=0
0:0-0:BR: VARYTOT t=61 mm=0
0:0-0:BR: VARYTOT t=61 mm=0
0:0-0:BR: VARYTOT t=61 mm=0
0:0-0:BR: VARYTOT t=61 mm=0
0:0-0:BR: VARYTOT t=61 mm=0
0:0-0:BR: VARYTOT t=61 mm=0
0:0-0:BR: VARYTOT t=61 mm=0
0:0-0:BR: VARYTOT t=61 mm=0
0:0-0:BR: VARYTOT t=61 mm=0
0:0-0:BR: VARYTOT t=61 mm=0
0:0-0:BR: VARYTOT t=61 mm=0
0:0-0:BR: VARYTOT t=61 mm=0
0:0-0:BR: VARYTOT t=61 mm=0
0:0-0:BR: VARYTOT t=61 mm=0
0:0-0:BR: VARYTOT t=61 mm=0
0:0-0:BR: VARYTOT t=61 mm=0
0:0-0:BR: VARYTOT t=61 mm=0
0:0-0:BR: VARYTOT t=61 mm=0
0:0-0:BR: VARYTOT t=61 mm=0
0:0-0:BR: VARYTOT t=61 mm=0
0:0-0:BR: VARYTOT t=61 mm=0
0:0-0:BR: VARYTOT t=61 mm=0
0:0-0:BR: VARYTOT t=61 mm=0
0:0-0:BR: VARYTOT t=61 mm=0
0:0-0:BR: VARYTOT t=61 mm=0
0:0-0:BR: VARYTOT t=61 mm=0
0:0-0:BR: VARYTOT t=61 mm=0
0:0-0:BR: VARYTOT t=61 mm=0
0:0-0:BR: VARYTOT t=61 mm=0
0:0-0:BR: VARYTOT t=512 mm=0
0:0-0:BR: VARYTOT t=512 mm=0
0:0-0:BR: VARYTOT t=512 mm=0
0:0-0:BR: VARYTOT t=512 mm=0
0:0-0:BR: VARYTOT t=512 mm=0
0:0-0:BR: VARYTOT t=512 mm=0
0:0-0:BR: VARYTOT t=512 mm=0
0:0-0:BR: VARYTOT t=512 mm=0
0:0-0:BR: VARYTOT t=512 mm=0
0:0-0:BR: VARYTOT t=512 mm=0
0:0-0:BR: VARYTOT t=512 mm=0
0:0-0:BR: VARYTOT t=512 mm=0
0:0-0:BR: VARYTOT t=512 mm=0
0:0-0:BR: VARYTOT t=512 mm=0
0:0-0:BR: VARYTOT t=512 mm=0
0:0-0:BR: VARYTOT t=512 mm=0
0:0-0:BR: VARYTOT t=512 mm=0
0:0-0:BR: VARYTOT t=512 mm=0
0:0-0:BR: VARYTOT t=512 mm=0
0:0-0:BR: VARYTOT t=804 mm=0
0:0-0:BR: VARYTOT t=804 mm=0
0:0-0:BR: VARYTOT t=804 mm=0
0:0-0:BR: VARYTOT t=804 mm=0
0:0-0:BR: VARYTOT t=804 mm=0
0:0-0:BR: VARYTOT t=804 mm=0
[CULL_SPLIT] candidates=3213120 masks=12.29MB exec=37.4 ms masks_addr=0x6498100 end=0x70e1580 base_addr=0x66213c0
[BLEND_SPLIT] upload=0.9 (attrs=0.0MB ids=0.0MB resident) exec=76.8 readback=1.4 total=79.1 ms
[BLEND_ADDR] cull_masks=0x6498100 out=0x66257c0 end=0x6c257c0 tile_ids=0x66e57c0 xramp=0x66237c0
[BLEND_HOST] resident_blend device=130.2 (host attr/id build=0, upload=0) total=130.2 ms
[SORT] stage=RP P=3369033 P_kept=3213120 num_tiles=1024 max_tile_n=25872 bin=7.94 up=0.29 kernel=7.14 d2h=6.74 compact=0.00 publish=1.26 total=27.69ms
[SORT] stage=RP P=3369033 P_kept=3213120 num_tiles=1024 max_tile_n=25872 bin=7.90 up=0.29 kernel=7.13 d2h=6.76 compact=0.00 publish=1.26 total=27.64ms
SUMMARY backend=tt blend_mode=2 views=1 hero_vs_gt=22.14dB hero_vs_ref=22.15dB min_vs_ref=22.15dB min_vs_gt=22.14dB ms/view=338.8 (proj=60.6 ta=98.1 sort=47.2 blend=131.6) shot=opt/metal-screenshots/loop-sfpu-vary-nobuf/hero.png
[bh-30-special-smarton-for-reservation-75776:431868] *** Process received signal ***
[bh-30-special-smarton-for-reservation-75776:431868] Signal: Segmentation fault (11)
[bh-30-special-smarton-for-reservation-75776:431868] Signal code: Address not mapped (1)
[bh-30-special-smarton-for-reservation-75776:431868] Failing at address: 0x5714f3a89
[bh-30-special-smarton-for-reservation-75776:431868] [ 0] /lib/x86_64-linux-gnu/libc.so.6(+0x42520)[0x75b64142b520]
[bh-30-special-smarton-for-reservation-75776:431868] [ 1] /localdev/smarton/tt-metal/build/tt_metal/libtt_metal.so(_ZNSt8__detail9_Map_baseIjSt4pairIKjNSt6chrono10time_pointINS3_3_V212steady_clockENS3_8durationIlSt5ratioILl1ELl1000000000EEEEEEESaISC_ENS_10_Select1stESt8equal_toIjESt4hashIjENS_18_Mod_range_hashingENS_20_Default_ranged_hashENS_20_Prime_rehash_policyENS_17_Hashtable_traitsILb0ELb0ELb1EEELb1EEixEOj+0x48)[0x75b5e6552488]
[bh-30-special-smarton-for-reservation-75776:431868] [ 2] /localdev/smarton/tt-metal/build/tt_metal/libtt_metal.so(_ZN2tt8tt_metal25SharedMemoryStatsProvider21update_from_allocatorEPKNS0_6DeviceEi+0x9c)[0x75b5e6541f9c]
[bh-30-special-smarton-for-reservation-75776:431868] [ 3] /localdev/smarton/tt-metal/build/tt_metal/libtt_metal.so(_ZN2tt8tt_metal6detail11ProgramImpl27deallocate_circular_buffersEv+0xc0)[0x75b5e65fb5c0]
[bh-30-special-smarton-for-reservation-75776:431868] [ 4] /localdev/smarton/tt-metal/build/tt_metal/libtt_metal.so(_ZN2tt8tt_metal6detail11ProgramImplD1Ev+0x1a)[0x75b5e66067fa]
[bh-30-special-smarton-for-reservation-75776:431868] [ 5] /localdev/smarton/tt-metal/build/tt_metal/libtt_metal.so(+0x5dfc26)[0x75b5e63dfc26]
[bh-30-special-smarton-for-reservation-75776:431868] [ 6] /localdev/smarton/tt-metal/build/tt_metal/libtt_metal.so(_ZN2tt8tt_metal11distributed16MeshWorkloadImplD2Ev+0xa8)[0x75b5e6917168]
[bh-30-special-smarton-for-reservation-75776:431868] [ 7] /localdev/smarton/tt-metal/build/tt_metal/libtt_metal.so(_ZN2tt8tt_metal11distributed12MeshWorkloadD1Ev+0x15)[0x75b5e69175e5]
[bh-30-special-smarton-for-reservation-75776:431868] [ 8] /localdev/smarton/gstt2/backends/cpu_cpp/_gsplat_cpu.cpython-310-x86_64-linux-gnu.so(+0xbfc31)[0x75b5e75f0c31]
[bh-30-special-smarton-for-reservation-75776:431868] [ 9] /lib/x86_64-linux-gnu/libc.so.6(+0x45495)[0x75b64142e495]
[bh-30-special-smarton-for-reservation-75776:431868] [10] /lib/x86_64-linux-gnu/libc.so.6(on_exit+0x0)[0x75b64142e610]
[bh-30-special-smarton-for-reservation-75776:431868] [11] /lib/x86_64-linux-gnu/libc.so.6(+0x29d97)[0x75b641412d97]
[bh-30-special-smarton-for-reservation-75776:431868] [12] /lib/x86_64-linux-gnu/libc.so.6(__libc_start_main+0x80)[0x75b641412e40]
[bh-30-special-smarton-for-reservation-75776:431868] [13] .venv/bin/python3(_start+0x25)[0x5714d2249b45]
[bh-30-special-smarton-for-reservation-75776:431868] *** End of error message ***
