================ BUILD ID ================
  cpp : #3 sha=7e5bced iter 2 prep sync+rebuild
  data: # sha= 
=========================================
host=bh-30  tag=spin-768  timeout=1200s  worry=600s  ts=2026-05-31T20:33:47-0700
cmd: bash -lc export\ GSPLAT_TT_CULL_SPIN=768\;\ export\ TT_METAL_HOME=/localdev/smarton/tt-metal\ TT_METAL_RUNTIME_ROOT=/localdev/smarton/tt-metal\ TT_METAL_CACHE=/localdev/smarton/.cache/tt-metal-cache\ TT_METAL_ARCH_NAME=blackhole\ MESH_DEVICE=P100\ GSPLAT_TT_BLEND_MODE=2\ GSPLAT_TT_MB_KERNEL=1\ GSPLAT_TT_MB_DEVCULL=1\ GSPLAT_TT_DEVICE_PROJECT=1\ GSPLAT_TT_RESIDENT_PROJECT=1\ GSPLAT_TT_RESIDENT_GATHER=1\ GSPLAT_TT_DEVICE_TILE_ASSIGN=1\ GSPLAT_TT_RESIDENT_TA_IN=1\ GSPLAT_TT_DEVICE_SORT=1\ GSPLAT_TT_RESIDENT_PAIRS=1\ GSPLAT_TT_RESIDENT_BLEND=1\ GSPLAT_TT_SORT_DEVICE_PUBLISH=1\ GSPLAT_TT_TA_DEVICE_SCAN=1\ GSPLAT_TT_SFPU_CULL=1\;\ source\ .venv/bin/activate\ 2\>/dev/null\;\ .venv/bin/python3\ scripts/a003_verify.py\ --views\ 1\ --iter-dir\ loop-ttw\ --out\ opt/ttw/last.json\ 2\>\&1\ \|\ tee\ /tmp/ttw_verify.log\;\ grep\ \'\^SUMMARY\'\ /tmp/ttw_verify.log\ \|\ tail\ -1\ \>\ /tmp/ttw_sum.txt\;\ grep\ -oE\ \'hero_vs_ref=\[0-9.\]+\'\ /tmp/ttw_sum.txt\ \|\ sed\ \'s/\^/TTW_METRIC\ /\'\;\ grep\ -oE\ \'\(proj\|ta\|sort\|blend\)=\[0-9.\]+\'\ /tmp/ttw_sum.txt\ \|\ sed\ \'s/\^/TTW_TIMING\ /\'
-----------------------------------------
2026-06-01 03:33:49.773 | info     |             UMD | Creating TopologyDiscovery for architecture: blackhole (topology_discovery.cpp:75)
2026-06-01 03:33:49.773 | info     |             UMD | Starting topology discovery. (topology_discovery.cpp:92)
2026-06-01 03:33:49.774 | warning  |             UMD | Low power mode is disabled while UMD holds open file descriptors. The device will return to low power mode once all file descriptors are closed. (topology_discovery.cpp:140)
2026-06-01 03:33:49.774 | warning  |             UMD | KMD version 2.4.1 does not support power state management. (pci_device.cpp:1067)
2026-06-01 03:33:49.775 | info     |             UMD | Established firmware bundle version: 19.5.0 (topology_discovery.cpp:544)
2026-06-01 03:33:49.775 | info     |             UMD | Completed topology discovery. (topology_discovery.cpp:96)
2026-06-01 03:33:49.776 | info     |          Device | Opening user mode device driver (tt_cluster.cpp:225)
2026-06-01 03:33:49.776 | info     |             UMD | Cluster constructor started. (cluster.cpp:317)
2026-06-01 03:33:49.776 | info     |             UMD | Creating TopologyDiscovery for architecture: blackhole (topology_discovery.cpp:75)
2026-06-01 03:33:49.776 | info     |             UMD | Starting topology discovery. (topology_discovery.cpp:92)
2026-06-01 03:33:49.777 | warning  |             UMD | Low power mode is disabled while UMD holds open file descriptors. The device will return to low power mode once all file descriptors are closed. (topology_discovery.cpp:140)
2026-06-01 03:33:49.777 | warning  |             UMD | KMD version 2.4.1 does not support power state management. (pci_device.cpp:1067)
2026-06-01 03:33:49.778 | info     |             UMD | Established firmware bundle version: 19.5.0 (topology_discovery.cpp:544)
2026-06-01 03:33:49.778 | info     |             UMD | Completed topology discovery. (topology_discovery.cpp:96)
2026-06-01 03:33:49.778 | info     |             UMD | Harvesting masks for Chip 0: Tensix: 0xc0 DRAM: 0x0 ETH: 0x120 PCIe: 0x2 L2CPU: 0x0 (cluster.cpp:262)
2026-06-01 03:33:49.778 | info     |             UMD | Initializing iommu for sysmem (size: 0x40000000). (silicon_sysmem_manager.cpp:334)
2026-06-01 03:33:49.778 | info     |             UMD | Allocating sysmem for IOMMU (size: 0x40000000). (silicon_sysmem_manager.cpp:340)
2026-06-01 03:33:49.848 | warning  |             UMD | KMD version 2.4.1 does not support power state management. (pci_device.cpp:1067)
2026-06-01 03:33:49.848 | info     |             UMD | Opening local chip ids/PCIe ids: {0}/[3] and remote chip ids {} (cluster.cpp:153)
2026-06-01 03:33:49.848 | info     |             UMD | IOMMU: enabled (cluster.cpp:133)
2026-06-01 03:33:49.848 | info     |             UMD | KMD version: 2.4.1 (cluster.cpp:136)
2026-06-01 03:33:49.848 | info     |             UMD | Cluster constructor completed. (cluster.cpp:409)
2026-06-01 03:33:49.849 | info     |             UMD | Starting devices in cluster (cluster.cpp:1044)
2026-06-01 03:33:49.850 | info     |             UMD | Mapped sysmem without hugepages to IOVA 0xfffffffec0000000; NOC address 0x1000000000000000 (silicon_sysmem_manager.cpp:391)
2026-06-01 03:33:49.851 | info     |             UMD | Starting devices in cluster completed. (cluster.cpp:1052)
2026-06-01 03:33:50.164 | info     |     Distributed | Using auto discovery to generate mesh graph. (metal_env.cpp:332)
2026-06-01 03:33:50.164 | info     |     Distributed | Constructing control plane using auto-discovery (no mesh graph descriptor). (metal_env.cpp:394)
2026-06-01 03:33:50.164 | info     |             UMD | Creating TopologyDiscovery for architecture: blackhole (topology_discovery.cpp:75)
2026-06-01 03:33:50.164 | info     |             UMD | Starting topology discovery. (topology_discovery.cpp:92)
2026-06-01 03:33:50.165 | warning  |             UMD | Low power mode is disabled while UMD holds open file descriptors. The device will return to low power mode once all file descriptors are closed. (topology_discovery.cpp:140)
2026-06-01 03:33:50.165 | warning  |             UMD | KMD version 2.4.1 does not support power state management. (pci_device.cpp:1067)
2026-06-01 03:33:50.166 | info     |             UMD | Established firmware bundle version: 19.5.0 (topology_discovery.cpp:544)
2026-06-01 03:33:50.166 | info     |             UMD | Completed topology discovery. (topology_discovery.cpp:96)
2026-06-01 03:33:50.167 | warning  |          Always | Unknown motherboard 'H12DSG-O-CPU' for chip_id=0 (bus_id=0xa1) — defaulting tray_id to 0. Add this motherboard and its bus IDs to mobo_to_bus_ids in physical_system_discovery.cpp. (physical_system_discovery.cpp:56)
2026-06-01 03:33:50.167 | info     |          Fabric | TopologyMapper: Logical Multi-Mesh Adjacency Map: (topology_mapper.cpp:1474)
2026-06-01 03:33:50.167 | info     |          Fabric | 
=== Logical Mesh-Level Graph Adjacency Map ===
Total nodes: 1
Degree histogram: {0:1}
 (topology_solver.tpp:94)
2026-06-01 03:33:50.167 | info     |          Fabric | 
=== Logical Mesh 0 Internal Graph Adjacency Map ===
Total nodes: 1
Degree histogram: {0:1}
 (topology_solver.tpp:94)
2026-06-01 03:33:50.167 | info     |          Fabric | TopologyMapper: Physical Multi-Mesh Adjacency Map: (topology_mapper.cpp:1485)
2026-06-01 03:33:50.167 | info     |          Fabric | 
=== Physical Mesh-Level Graph Adjacency Map ===
Total nodes: 1
Degree histogram: {0:1}
 (topology_solver.tpp:94)
2026-06-01 03:33:50.167 | info     |          Fabric | 
=== Physical Mesh 0 Internal Graph Adjacency Map ===
Total nodes: 1
Degree histogram: {0:1}
 (topology_solver.tpp:94)
2026-06-01 03:33:50.167 | info     |          Fabric | Starting multi-mesh mapping: 1 logical mesh(es) to 1 physical mesh(es) (topology_mapper_utils.cpp:1465)
2026-06-01 03:33:50.167 | info     |          Fabric | Multi-mesh mapping attempt 1/2: Trying inter-mesh mapping (topology_mapper_utils.cpp:1506)
2026-06-01 03:33:50.167 | info     |          Fabric | Attempt 1: Inter-mesh mapping succeeded, found 1 mesh pair(s) (topology_mapper_utils.cpp:1535)
2026-06-01 03:33:50.167 | info     |          Fabric | Attempt 1: Mapping 1 mesh pair(s) (topology_mapper_utils.cpp:1547)
2026-06-01 03:33:50.167 | info     |          Fabric | Attempt 1: Mapping mesh 0 -> 0 (topology_mapper_utils.cpp:1549)
2026-06-01 03:33:50.167 | info     |          Fabric | Multi-mesh mapping succeeded after 1 attempt(s): 1 mesh pair(s) mapped (topology_mapper_utils.cpp:1682)
2026-06-01 03:33:50.263 | info     |           Metal | ShmResourceTracker: removed stale shm '/tt_d2h_469047_2736944760_0' (shm_resource_tracker.cpp:265)
2026-06-01 03:33:50.264 | info     |           Metal | ShmResourceTracker: removed stale manifest '/dev/shm/tt_socket_manifest_469047' (shm_resource_tracker.cpp:275)
2026-06-01 03:33:50.849 | info     |           Metal | [Real-time profiler] Device 0 sync complete: 100 samples, frequency=1.349991 GHz, device_time_at_sync=84820936858004 cycles (realtime_profiler_manager.cpp:1075)
[SORT] stage=RP P=3369033 P_kept=3213120 num_tiles=1024 max_tile_n=25872 bin=11.63 up=0.31 kernel=9.88 d2h=13.31 compact=0.00 publish=4.79 total=57.64ms
[SORT] stage=RP P=3369033 P_kept=3213120 num_tiles=1024 max_tile_n=25872 bin=7.89 up=0.29 kernel=7.14 d2h=10.77 compact=0.00 publish=1.26 total=45.03ms
[SORT] stage=RP P=3369033 P_kept=3213120 num_tiles=1024 max_tile_n=25872 bin=8.02 up=0.32 kernel=7.22 d2h=6.86 compact=0.00 publish=1.33 total=28.06ms
[SORT] stage=RP P=3369033 P_kept=3213120 num_tiles=1024 max_tile_n=25872 bin=8.01 up=0.31 kernel=7.21 d2h=6.81 compact=0.00 publish=1.32 total=28.16ms
SUMMARY backend=tt blend_mode=2 views=1 hero_vs_gt=46.78dB hero_vs_ref=63.85dB min_vs_ref=63.85dB min_vs_gt=46.78dB ms/view=442.0 (proj=60.6 ta=97.8 sort=45.1 blend=237.3) shot=opt/metal-screenshots/loop-ttw/hero.png
[bh-30-special-smarton-for-reservation-75776:469665] *** Process received signal ***
[bh-30-special-smarton-for-reservation-75776:469665] Signal: Segmentation fault (11)
[bh-30-special-smarton-for-reservation-75776:469665] Signal code: Address not mapped (1)
[bh-30-special-smarton-for-reservation-75776:469665] Failing at address: 0x61c61b54b564
[bh-30-special-smarton-for-reservation-75776:469665] [ 0] /lib/x86_64-linux-gnu/libc.so.6(+0x42520)[0x7d2594f7f520]
[bh-30-special-smarton-for-reservation-75776:469665] [ 1] /localdev/smarton/tt-metal/build/tt_metal/libtt_metal.so(_ZNSt8__detail9_Map_baseIjSt4pairIKjNSt6chrono10time_pointINS3_3_V212steady_clockENS3_8durationIlSt5ratioILl1ELl1000000000EEEEEEESaISC_ENS_10_Select1stESt8equal_toIjESt4hashIjENS_18_Mod_range_hashingENS_20_Default_ranged_hashENS_20_Prime_rehash_policyENS_17_Hashtable_traitsILb0ELb0ELb1EEELb1EEixEOj+0x48)[0x7d2539f52488]
[bh-30-special-smarton-for-reservation-75776:469665] [ 2] /localdev/smarton/tt-metal/build/tt_metal/libtt_metal.so(_ZN2tt8tt_metal25SharedMemoryStatsProvider21update_from_allocatorEPKNS0_6DeviceEi+0x9c)[0x7d2539f41f9c]
[bh-30-special-smarton-for-reservation-75776:469665] [ 3] /localdev/smarton/tt-metal/build/tt_metal/libtt_metal.so(_ZN2tt8tt_metal6detail11ProgramImpl27deallocate_circular_buffersEv+0xc0)[0x7d2539ffb5c0]
[bh-30-special-smarton-for-reservation-75776:469665] [ 4] /localdev/smarton/tt-metal/build/tt_metal/libtt_metal.so(_ZN2tt8tt_metal6detail11ProgramImplD1Ev+0x1a)[0x7d253a0067fa]
[bh-30-special-smarton-for-reservation-75776:469665] [ 5] /localdev/smarton/tt-metal/build/tt_metal/libtt_metal.so(+0x5dfc26)[0x7d2539ddfc26]
[bh-30-special-smarton-for-reservation-75776:469665] [ 6] /localdev/smarton/tt-metal/build/tt_metal/libtt_metal.so(_ZN2tt8tt_metal11distributed16MeshWorkloadImplD2Ev+0xa8)[0x7d253a317168]
[bh-30-special-smarton-for-reservation-75776:469665] [ 7] /localdev/smarton/tt-metal/build/tt_metal/libtt_metal.so(_ZN2tt8tt_metal11distributed12MeshWorkloadD1Ev+0x15)[0x7d253a3175e5]
[bh-30-special-smarton-for-reservation-75776:469665] [ 8] /localdev/smarton/gstt2/backends/cpu_cpp/_gsplat_cpu.cpython-310-x86_64-linux-gnu.so(+0xbf391)[0x7d253b0f1391]
[bh-30-special-smarton-for-reservation-75776:469665] [ 9] /lib/x86_64-linux-gnu/libc.so.6(+0x45495)[0x7d2594f82495]
[bh-30-special-smarton-for-reservation-75776:469665] [10] /lib/x86_64-linux-gnu/libc.so.6(on_exit+0x0)[0x7d2594f82610]
[bh-30-special-smarton-for-reservation-75776:469665] [11] /lib/x86_64-linux-gnu/libc.so.6(+0x29d97)[0x7d2594f66d97]
[bh-30-special-smarton-for-reservation-75776:469665] [12] /lib/x86_64-linux-gnu/libc.so.6(__libc_start_main+0x80)[0x7d2594f66e40]
[bh-30-special-smarton-for-reservation-75776:469665] [13] .venv/bin/python3(_start+0x25)[0x61bfe7a39b45]
[bh-30-special-smarton-for-reservation-75776:469665] *** End of error message ***
TTW_METRIC hero_vs_ref=63.85
TTW_TIMING proj=60.6
TTW_TIMING ta=97.8
TTW_TIMING sort=45.1
TTW_TIMING blend=237.3
