================ BUILD ID ================
  cpp : #81 sha=b920669 bin=7fecf429b846167e amendment-003 GSPLAT_TT_PROFILE device-profiler dump hook
  data: # sha= 
=========================================
host=yyzo-bh-03  tag=tracy-cap  timeout=1800s  worry=600s  ts=2026-06-01T16:48:37-0700
cmd: bash opt/profiler/run_capture.sh
-----------------------------------------
[tracy] capture-release -> /localdev/smarton/gstt2/opt/profiler/render.tracy (connecting to 127.0.0.1:8086, retrying until render client is up)
Connecting to 127.0.0.1:8086...[tracy] capture-release pid=23236 alive (waiting for client)
[tracy] launching render: scripts/a003_verify.py --backend tt --views 1
2026-06-01 23:48:49.903 | info     |             UMD | Creating TopologyDiscovery for architecture: blackhole (topology_discovery.cpp:75)
2026-06-01 23:48:49.903 | info     |             UMD | Starting topology discovery. (topology_discovery.cpp:92)
2026-06-01 23:48:49.904 | warning  |             UMD | Low power mode is disabled while UMD holds open file descriptors. The device will return to low power mode once all file descriptors are closed. (topology_discovery.cpp:143)
2026-06-01 23:48:49.904 | warning  |             UMD | KMD version 2.4.1 does not support power state management. (pci_device.cpp:1067)
2026-06-01 23:48:49.904 | info     |             UMD | Established firmware bundle version: 18.12.1 (topology_discovery.cpp:544)
2026-06-01 23:48:49.904 | info     |             UMD | Completed topology discovery. (topology_discovery.cpp:96)
2026-06-01 23:48:49.904 | info     |          Device | Opening user mode device driver (tt_cluster.cpp:225)
2026-06-01 23:48:49.904 | info     |             UMD | Cluster constructor started. (cluster.cpp:317)
2026-06-01 23:48:49.904 | info     |             UMD | Creating TopologyDiscovery for architecture: blackhole (topology_discovery.cpp:75)
2026-06-01 23:48:49.904 | info     |             UMD | Starting topology discovery. (topology_discovery.cpp:92)
2026-06-01 23:48:49.904 | warning  |             UMD | Low power mode is disabled while UMD holds open file descriptors. The device will return to low power mode once all file descriptors are closed. (topology_discovery.cpp:143)
2026-06-01 23:48:49.904 | warning  |             UMD | KMD version 2.4.1 does not support power state management. (pci_device.cpp:1067)
2026-06-01 23:48:49.905 | info     |             UMD | Established firmware bundle version: 18.12.1 (topology_discovery.cpp:544)
2026-06-01 23:48:49.905 | info     |             UMD | Completed topology discovery. (topology_discovery.cpp:96)
2026-06-01 23:48:49.905 | info     |             UMD | Harvesting masks for Chip 0: Tensix: 0xc0 DRAM: 0x8 ETH: 0x3fff PCIe: 0x2 L2CPU: 0x0 (cluster.cpp:270)
2026-06-01 23:48:49.905 | info     |             UMD | Initializing iommu for sysmem (size: 0x40000000). (silicon_sysmem_manager.cpp:334)
2026-06-01 23:48:49.905 | info     |             UMD | Allocating sysmem for IOMMU (size: 0x40000000). (silicon_sysmem_manager.cpp:340)
2026-06-01 23:48:49.944 | warning  |             UMD | KMD version 2.4.1 does not support power state management. (pci_device.cpp:1067)
2026-06-01 23:48:49.944 | info     |             UMD | Opening local chip ids/PCIe ids: {0}/[0] and remote chip ids {} (cluster.cpp:159)
2026-06-01 23:48:49.944 | info     |             UMD | IOMMU: enabled (cluster.cpp:133)
2026-06-01 23:48:49.944 | info     |             UMD | KMD version: 2.4.1 (cluster.cpp:136)
2026-06-01 23:48:49.944 | info     |             UMD | Cluster constructor completed. (cluster.cpp:409)
2026-06-01 23:48:49.946 | info     |             UMD | Starting devices in cluster (cluster.cpp:1044)
2026-06-01 23:48:49.946 | info     |             UMD | Mapped sysmem without hugepages to IOVA 0x80000000; NOC address 0x1000000000000000 (silicon_sysmem_manager.cpp:391)
2026-06-01 23:48:49.947 | info     |             UMD | Starting devices in cluster completed. (cluster.cpp:1052)
2026-06-01 23:48:50.438 | info     |     Distributed | Using auto discovery to generate mesh graph. (metal_env.cpp:332)
2026-06-01 23:48:50.438 | info     |     Distributed | Constructing control plane using auto-discovery (no mesh graph descriptor). (metal_env.cpp:394)
2026-06-01 23:48:50.438 | info     |             UMD | Creating TopologyDiscovery for architecture: blackhole (topology_discovery.cpp:75)
2026-06-01 23:48:50.438 | info     |             UMD | Starting topology discovery. (topology_discovery.cpp:92)
2026-06-01 23:48:50.438 | warning  |             UMD | Low power mode is disabled while UMD holds open file descriptors. The device will return to low power mode once all file descriptors are closed. (topology_discovery.cpp:143)
2026-06-01 23:48:50.438 | warning  |             UMD | KMD version 2.4.1 does not support power state management. (pci_device.cpp:1067)
2026-06-01 23:48:50.439 | info     |             UMD | Established firmware bundle version: 18.12.1 (topology_discovery.cpp:544)
2026-06-01 23:48:50.439 | info     |             UMD | Completed topology discovery. (topology_discovery.cpp:96)
2026-06-01 23:48:50.439 | warning  |          Always | Unknown motherboard 'X670E GAMING PLUS WIFI (MS-7E16)' for chip_id=0 (bus_id=0x1) — defaulting tray_id to 0. Add this motherboard and its bus IDs to mobo_to_bus_ids in physical_system_discovery.cpp. (physical_system_discovery.cpp:62)
2026-06-01 23:48:50.439 | info     |          Fabric | TopologyMapper: Logical Multi-Mesh Adjacency Map: (topology_mapper.cpp:1474)
2026-06-01 23:48:50.439 | info     |          Fabric | 
=== Logical Mesh-Level Graph Adjacency Map ===
Total nodes: 1
Degree histogram: {0:1}
 (topology_solver.tpp:94)
2026-06-01 23:48:50.439 | info     |          Fabric | 
=== Logical Mesh 0 Internal Graph Adjacency Map ===
Total nodes: 1
Degree histogram: {0:1}
 (topology_solver.tpp:94)
2026-06-01 23:48:50.439 | info     |          Fabric | TopologyMapper: Physical Multi-Mesh Adjacency Map: (topology_mapper.cpp:1485)
2026-06-01 23:48:50.439 | info     |          Fabric | 
=== Physical Mesh-Level Graph Adjacency Map ===
Total nodes: 1
Degree histogram: {0:1}
 (topology_solver.tpp:94)
2026-06-01 23:48:50.439 | info     |          Fabric | 
=== Physical Mesh 0 Internal Graph Adjacency Map ===
Total nodes: 1
Degree histogram: {0:1}
 (topology_solver.tpp:94)
2026-06-01 23:48:50.439 | info     |          Fabric | Starting multi-mesh mapping: 1 logical mesh(es) to 1 physical mesh(es) (topology_mapper_utils.cpp:1469)
2026-06-01 23:48:50.439 | info     |          Fabric | Multi-mesh mapping attempt 1/2: Trying inter-mesh mapping (topology_mapper_utils.cpp:1510)
2026-06-01 23:48:50.439 | info     |          Fabric | Attempt 1: Inter-mesh mapping succeeded, found 1 mesh pair(s) (topology_mapper_utils.cpp:1539)
2026-06-01 23:48:50.439 | info     |          Fabric | Attempt 1: Mapping 1 mesh pair(s) (topology_mapper_utils.cpp:1547)
2026-06-01 23:48:50.439 | info     |          Fabric | Attempt 1: Mapping mesh 0 -> 0 (topology_mapper_utils.cpp:1554)
2026-06-01 23:48:50.439 | info     |          Fabric | Multi-mesh mapping succeeded after 1 attempt(s): 1 mesh pair(s) mapped (topology_mapper_utils.cpp:1686)
2026-06-01 23:48:50.581 | info     |           Metal | Profiler started on device 0 (profiler_initializer.cpp:49)
2026-06-01 23:48:50.729 | info     |           Metal | ShmResourceTracker: removed stale shm '/tt_d2h_19694_2144273177_0' (shm_resource_tracker.cpp:265)
2026-06-01 23:48:50.729 | info     |           Metal | ShmResourceTracker: removed stale manifest '/dev/shm/tt_socket_manifest_19694' (shm_resource_tracker.cpp:275)
2026-06-01 23:48:50.729 | info     |           Metal | ShmResourceTracker: removed orphaned shm '/tt_device_7490744194894819707_memory' (shm_resource_tracker.cpp:282)
2026-06-01 23:48:51.316 | info     |           Metal | [Real-time profiler] Device 0 sync complete: 100 samples, frequency=1.349981 GHz, device_time_at_sync=5612459704859 cycles (realtime_profiler_manager.cpp:1082)
[SORT] stage=RP P=3369033 P_kept=3369033 num_tiles=1024 max_tile_n=26544 bin=13.76 up=0.29 kernel=12.83 d2h=0.00 compact=0.00 publish=5.06 total=32.13ms
[FUSED_TILE] upload+exec+readback=215.5 ms (single Finish sort-publish+cull+blend)
[BLEND_DEVICE] resident_blend=219.1 ms (host_build=0)
[SORT] stage=RP P=3369033 P_kept=3369033 num_tiles=1024 max_tile_n=26544 bin=7.74 up=0.29 kernel=7.45 d2h=0.00 compact=0.00 publish=0.02 total=15.65ms
[FUSED_TILE] upload+exec+readback=189.3 ms (single Finish sort-publish+cull+blend)
[BLEND_DEVICE] resident_blend=192.3 ms (host_build=0)
[SORT] stage=RP P=3369033 P_kept=3369033 num_tiles=1024 max_tile_n=26544 bin=8.06 up=0.29 kernel=7.45 d2h=7.13 compact=0.00 publish=0.02 total=26.26ms
[SORT] stage=RP P=3369033 P_kept=3369033 num_tiles=1024 max_tile_n=26544 bin=7.75 up=0.29 kernel=7.46 d2h=7.12 compact=0.00 publish=0.03 total=26.24ms
SUMMARY backend=tt blend_mode=2 views=1 hero_vs_gt=46.78dB hero_vs_ref=63.85dB min_vs_ref=63.85dB min_vs_gt=46.78dB ms/view=303.7 (proj=58.6 ta=36.7 sort=15.7 blend=192.5) shot=opt/metal-screenshots/a003-verify-20260601T234852Z/hero.png
[tracy] render exited rc=0; waiting for capture-release to finalize /localdev/smarton/gstt2/opt/profiler/render.tracy

Queue delay: 13 ns
Timer resolution: 0 ns

Frames: 2
Time span: 3.58 s
Zones: 6,848
Elapsed time: 3.4 s
Saving trace... done!
Trace size 258.26 KB (28.95% ratio)
[tracy] OK: -rw-rw-r-- 1 smarton smarton 264519 Jun  1 23:48 /localdev/smarton/gstt2/opt/profiler/render.tracy
[tracy] DONE render_rc=0
