================ BUILD ID ================
  cpp : #108 sha=8eb62c8 bin=90f66c610cac25a2 iter 38 diag: GSPLAT_TT_SORT_TIMING split of bin into count-kernel/D2H/host-build (gated, default off)
  data: # sha= 
=========================================
host=yyzo-bh-03  tag=tracy-prod-labeled  timeout=1200s  worry=600s  ts=2026-06-01T22:57:31-0700
cmd: bash opt/profiler/run_wrapper_capture.sh
-----------------------------------------
BUILD-ID VERIFY OK: cpp#108 bin=90f66c610cac25a2 matches the built+stamped artifact
[tracy-wrap] CMD: python3 -m tracy -r -p -v --dump-device-data-mid-run -o /localdev/smarton/gstt2/opt/profiler/wrap_out opt/profiler/_render_inner.sh
2026-06-02 05:57:32.874 | INFO     | __main__:main:175 - Setting profiler artifacts folder to /localdev/smarton/gstt2/opt/profiler/wrap_out
Connecting to 127.0.0.1:8086...2026-06-02 05:57:32.875 | INFO     | __main__:main:336 - Using port 8086
2026-06-02 05:57:32.875 | INFO     | tracy:run_report_setup:88 - Verifying tracy profiling tools
2026-06-02 05:57:32.880 | INFO     | tracy:run_report_setup:108 - Capture command: ('/localdev/smarton/tt-metal/build/tools/profiler/bin/capture-release -o /localdev/smarton/gstt2/opt/profiler/wrap_out/.logs/tracy_profile_log_host.tracy -f -p 8086',)
2026-06-02 05:57:32.884 | INFO     | __main__:main:400 - Test process started
2026-06-02 05:57:33.259 | INFO     | __main__:main:175 - Setting profiler artifacts folder to /localdev/smarton/gstt2/opt/profiler/wrap_out
[render-inner] python3 scripts/a003_verify.py --backend tt --views 1 (MID_RUN_DUMP=1 DEVICE_PROFILER=1 GSPLAT_TT_PROFILE=1 TRACY_PORT=8086)
2026-06-02 05:57:34.780 | info     |             UMD | Creating TopologyDiscovery for architecture: blackhole (topology_discovery.cpp:75)
2026-06-02 05:57:34.780 | info     |             UMD | Starting topology discovery. (topology_discovery.cpp:92)
2026-06-02 05:57:34.781 | warning  |             UMD | Low power mode is disabled while UMD holds open file descriptors. The device will return to low power mode once all file descriptors are closed. (topology_discovery.cpp:143)
2026-06-02 05:57:34.781 | warning  |             UMD | KMD version 2.4.1 does not support power state management. (pci_device.cpp:1067)
2026-06-02 05:57:34.781 | info     |             UMD | Established firmware bundle version: 18.12.1 (topology_discovery.cpp:544)
2026-06-02 05:57:34.781 | info     |             UMD | Completed topology discovery. (topology_discovery.cpp:96)
2026-06-02 05:57:34.781 | info     |          Device | Opening user mode device driver (tt_cluster.cpp:225)
2026-06-02 05:57:34.781 | info     |             UMD | Cluster constructor started. (cluster.cpp:317)
2026-06-02 05:57:34.781 | info     |             UMD | Creating TopologyDiscovery for architecture: blackhole (topology_discovery.cpp:75)
2026-06-02 05:57:34.781 | info     |             UMD | Starting topology discovery. (topology_discovery.cpp:92)
2026-06-02 05:57:34.782 | warning  |             UMD | Low power mode is disabled while UMD holds open file descriptors. The device will return to low power mode once all file descriptors are closed. (topology_discovery.cpp:143)
2026-06-02 05:57:34.782 | warning  |             UMD | KMD version 2.4.1 does not support power state management. (pci_device.cpp:1067)
2026-06-02 05:57:34.782 | info     |             UMD | Established firmware bundle version: 18.12.1 (topology_discovery.cpp:544)
2026-06-02 05:57:34.782 | info     |             UMD | Completed topology discovery. (topology_discovery.cpp:96)
2026-06-02 05:57:34.782 | info     |             UMD | Harvesting masks for Chip 0: Tensix: 0xc0 DRAM: 0x8 ETH: 0x3fff PCIe: 0x2 L2CPU: 0x0 (cluster.cpp:270)
2026-06-02 05:57:34.782 | info     |             UMD | Initializing iommu for sysmem (size: 0x40000000). (silicon_sysmem_manager.cpp:334)
2026-06-02 05:57:34.782 | info     |             UMD | Allocating sysmem for IOMMU (size: 0x40000000). (silicon_sysmem_manager.cpp:340)
2026-06-02 05:57:34.822 | warning  |             UMD | KMD version 2.4.1 does not support power state management. (pci_device.cpp:1067)
2026-06-02 05:57:34.822 | info     |             UMD | Opening local chip ids/PCIe ids: {0}/[0] and remote chip ids {} (cluster.cpp:159)
2026-06-02 05:57:34.822 | info     |             UMD | IOMMU: enabled (cluster.cpp:133)
2026-06-02 05:57:34.822 | info     |             UMD | KMD version: 2.4.1 (cluster.cpp:136)
2026-06-02 05:57:34.822 | info     |             UMD | Cluster constructor completed. (cluster.cpp:409)
2026-06-02 05:57:34.824 | info     |             UMD | Starting devices in cluster (cluster.cpp:1044)
2026-06-02 05:57:34.824 | info     |             UMD | Mapped sysmem without hugepages to IOVA 0x80000000; NOC address 0x1000000000000000 (silicon_sysmem_manager.cpp:391)
2026-06-02 05:57:34.824 | info     |             UMD | Starting devices in cluster completed. (cluster.cpp:1052)
2026-06-02 05:57:35.302 | info     |     Distributed | Using auto discovery to generate mesh graph. (metal_env.cpp:332)
2026-06-02 05:57:35.302 | info     |     Distributed | Constructing control plane using auto-discovery (no mesh graph descriptor). (metal_env.cpp:394)
2026-06-02 05:57:35.302 | info     |             UMD | Creating TopologyDiscovery for architecture: blackhole (topology_discovery.cpp:75)
2026-06-02 05:57:35.302 | info     |             UMD | Starting topology discovery. (topology_discovery.cpp:92)
2026-06-02 05:57:35.302 | warning  |             UMD | Low power mode is disabled while UMD holds open file descriptors. The device will return to low power mode once all file descriptors are closed. (topology_discovery.cpp:143)
2026-06-02 05:57:35.302 | warning  |             UMD | KMD version 2.4.1 does not support power state management. (pci_device.cpp:1067)
2026-06-02 05:57:35.302 | info     |             UMD | Established firmware bundle version: 18.12.1 (topology_discovery.cpp:544)
2026-06-02 05:57:35.302 | info     |             UMD | Completed topology discovery. (topology_discovery.cpp:96)
2026-06-02 05:57:35.303 | warning  |          Always | Unknown motherboard 'X670E GAMING PLUS WIFI (MS-7E16)' for chip_id=0 (bus_id=0x1) — defaulting tray_id to 0. Add this motherboard and its bus IDs to mobo_to_bus_ids in physical_system_discovery.cpp. (physical_system_discovery.cpp:62)
2026-06-02 05:57:35.303 | info     |          Fabric | TopologyMapper: Logical Multi-Mesh Adjacency Map: (topology_mapper.cpp:1474)
2026-06-02 05:57:35.303 | info     |          Fabric | 
=== Logical Mesh-Level Graph Adjacency Map ===
Total nodes: 1
Degree histogram: {0:1}
 (topology_solver.tpp:94)
2026-06-02 05:57:35.303 | info     |          Fabric | 
=== Logical Mesh 0 Internal Graph Adjacency Map ===
Total nodes: 1
Degree histogram: {0:1}
 (topology_solver.tpp:94)
2026-06-02 05:57:35.303 | info     |          Fabric | TopologyMapper: Physical Multi-Mesh Adjacency Map: (topology_mapper.cpp:1485)
2026-06-02 05:57:35.303 | info     |          Fabric | 
=== Physical Mesh-Level Graph Adjacency Map ===
Total nodes: 1
Degree histogram: {0:1}
 (topology_solver.tpp:94)
2026-06-02 05:57:35.303 | info     |          Fabric | 
=== Physical Mesh 0 Internal Graph Adjacency Map ===
Total nodes: 1
Degree histogram: {0:1}
 (topology_solver.tpp:94)
2026-06-02 05:57:35.303 | info     |          Fabric | Starting multi-mesh mapping: 1 logical mesh(es) to 1 physical mesh(es) (topology_mapper_utils.cpp:1469)
2026-06-02 05:57:35.303 | info     |          Fabric | Multi-mesh mapping attempt 1/2: Trying inter-mesh mapping (topology_mapper_utils.cpp:1510)
2026-06-02 05:57:35.303 | info     |          Fabric | Attempt 1: Inter-mesh mapping succeeded, found 1 mesh pair(s) (topology_mapper_utils.cpp:1539)
2026-06-02 05:57:35.303 | info     |          Fabric | Attempt 1: Mapping 1 mesh pair(s) (topology_mapper_utils.cpp:1547)
2026-06-02 05:57:35.303 | info     |          Fabric | Attempt 1: Mapping mesh 0 -> 0 (topology_mapper_utils.cpp:1554)
2026-06-02 05:57:35.303 | info     |          Fabric | Multi-mesh mapping succeeded after 1 attempt(s): 1 mesh pair(s) mapped (topology_mapper_utils.cpp:1686)
2026-06-02 05:57:35.398 | info     |           Metal | Profiler started on device 0 (profiler_initializer.cpp:49)
2026-06-02 05:57:35.541 | info     |           Metal | ShmResourceTracker: removed stale shm '/tt_d2h_108101_1678609639_0' (shm_resource_tracker.cpp:265)
2026-06-02 05:57:35.541 | info     |           Metal | ShmResourceTracker: removed stale manifest '/dev/shm/tt_socket_manifest_108101' (shm_resource_tracker.cpp:275)
2026-06-02 05:57:35.541 | info     |           Metal | ShmResourceTracker: removed orphaned shm '/tt_device_7490744194894819707_memory' (shm_resource_tracker.cpp:282)
2026-06-02 05:57:36.126 | info     |           Metal | [Real-time profiler] Device 0 sync complete: 100 samples, frequency=1.349978 GHz, device_time_at_sync=35480533791298 cycles (realtime_profiler_manager.cpp:1082)
[SORT] stage=RP P=3369033 P_kept=3369033 num_tiles=1024 max_tile_n=26496 bin=642.06 up=0.29 kernel=583.88 d2h=0.00 compact=0.00 publish=3.46 total=1229.88ms
[FUSED_TILE] upload+exec+readback=8426.4 ms (single Finish sort-publish+cull+blend)
[BLEND_DEVICE] resident_blend=8429.8 ms (host_build=0)
2026-06-02 05:57:50.822 | info     |           Metal | Device kernel duration perf summary (device=0): count=1, min=13466120239ns, avg=13466120239.0ns, max=13466120239ns (profiler_analysis.cpp:652)
2026-06-02 05:57:50.822 | info     |           Metal | Device kernel duration perf histogram (device=0): (buckets=10, bucket_size=100ns, range=[13466120200..13466121200), underflow(<13466120200ns)=0, overflow(>=13466121200ns)=0) (profiler_analysis.cpp:695)
2026-06-02 05:57:50.822 | info     |           Metal |   [ 13466120200 ..  13466120300) |########################################|        1 (profiler_analysis.cpp:700)
2026-06-02 05:57:50.822 | info     |           Metal |   [ 13466120300 ..  13466120400) |                                        |        0 (profiler_analysis.cpp:700)
2026-06-02 05:57:50.822 | info     |           Metal |   [ 13466120400 ..  13466120500) |                                        |        0 (profiler_analysis.cpp:700)
2026-06-02 05:57:50.822 | info     |           Metal |   [ 13466120500 ..  13466120600) |                                        |        0 (profiler_analysis.cpp:700)
2026-06-02 05:57:50.822 | info     |           Metal |   [ 13466120600 ..  13466120700) |                                        |        0 (profiler_analysis.cpp:700)
2026-06-02 05:57:50.822 | info     |           Metal |   [ 13466120700 ..  13466120800) |                                        |        0 (profiler_analysis.cpp:700)
2026-06-02 05:57:50.822 | info     |           Metal |   [ 13466120800 ..  13466120900) |                                        |        0 (profiler_analysis.cpp:700)
2026-06-02 05:57:50.822 | info     |           Metal |   [ 13466120900 ..  13466121000) |                                        |        0 (profiler_analysis.cpp:700)
2026-06-02 05:57:50.822 | info     |           Metal |   [ 13466121000 ..  13466121100) |                                        |        0 (profiler_analysis.cpp:700)
2026-06-02 05:57:50.822 | info     |           Metal |   [ 13466121100 ..  13466121200) |                                        |        0 (profiler_analysis.cpp:700)
[SORT] stage=RP P=3369033 P_kept=3369033 num_tiles=1024 max_tile_n=26496 bin=7.90 up=0.29 kernel=7.51 d2h=0.00 compact=0.00 publish=0.02 total=15.86ms
2026-06-02 05:57:51.119 | info     |           Metal | Device kernel duration perf summary (device=0): count=1, min=271620882ns, avg=271620882.0ns, max=271620882ns (profiler_analysis.cpp:652)
2026-06-02 05:57:51.119 | info     |           Metal | Device kernel duration perf histogram (device=0): (buckets=10, bucket_size=100ns, range=[271620800..271621800), underflow(<271620800ns)=0, overflow(>=271621800ns)=0) (profiler_analysis.cpp:695)
2026-06-02 05:57:51.119 | info     |           Metal |   [   271620800 ..    271620900) |########################################|        1 (profiler_analysis.cpp:700)
2026-06-02 05:57:51.119 | info     |           Metal |   [   271620900 ..    271621000) |                                        |        0 (profiler_analysis.cpp:700)
2026-06-02 05:57:51.119 | info     |           Metal |   [   271621000 ..    271621100) |                                        |        0 (profiler_analysis.cpp:700)
2026-06-02 05:57:51.119 | info     |           Metal |   [   271621100 ..    271621200) |                                        |        0 (profiler_analysis.cpp:700)
2026-06-02 05:57:51.119 | info     |           Metal |   [   271621200 ..    271621300) |                                        |        0 (profiler_analysis.cpp:700)
2026-06-02 05:57:51.119 | info     |           Metal |   [   271621300 ..    271621400) |                                        |        0 (profiler_analysis.cpp:700)
2026-06-02 05:57:51.119 | info     |           Metal |   [   271621400 ..    271621500) |                                        |        0 (profiler_analysis.cpp:700)
2026-06-02 05:57:51.119 | info     |           Metal |   [   271621500 ..    271621600) |                                        |        0 (profiler_analysis.cpp:700)
2026-06-02 05:57:51.119 | info     |           Metal |   [   271621600 ..    271621700) |                                        |        0 (profiler_analysis.cpp:700)
2026-06-02 05:57:51.119 | info     |           Metal |   [   271621700 ..    271621800) |                                        |        0 (profiler_analysis.cpp:700)
[FUSED_TILE] upload+exec+readback=191.9 ms (single Finish sort-publish+cull+blend)
[BLEND_DEVICE] resident_blend=194.8 ms (host_build=0)
[SORT] stage=RP P=3369033 P_kept=3369033 num_tiles=1024 max_tile_n=26496 bin=8.19 up=0.29 kernel=7.52 d2h=7.13 compact=0.00 publish=0.02 total=26.87ms
2026-06-02 05:57:51.645 | info     |           Metal | Device kernel duration perf summary (device=0): count=1, min=341131945ns, avg=341131945.0ns, max=341131945ns (profiler_analysis.cpp:652)
2026-06-02 05:57:51.645 | info     |           Metal | Device kernel duration perf histogram (device=0): (buckets=10, bucket_size=100ns, range=[341131900..341132900), underflow(<341131900ns)=0, overflow(>=341132900ns)=0) (profiler_analysis.cpp:695)
2026-06-02 05:57:51.645 | info     |           Metal |   [   341131900 ..    341132000) |########################################|        1 (profiler_analysis.cpp:700)
2026-06-02 05:57:51.645 | info     |           Metal |   [   341132000 ..    341132100) |                                        |        0 (profiler_analysis.cpp:700)
2026-06-02 05:57:51.645 | info     |           Metal |   [   341132100 ..    341132200) |                                        |        0 (profiler_analysis.cpp:700)
2026-06-02 05:57:51.645 | info     |           Metal |   [   341132200 ..    341132300) |                                        |        0 (profiler_analysis.cpp:700)
2026-06-02 05:57:51.645 | info     |           Metal |   [   341132300 ..    341132400) |                                        |        0 (profiler_analysis.cpp:700)
2026-06-02 05:57:51.645 | info     |           Metal |   [   341132400 ..    341132500) |                                        |        0 (profiler_analysis.cpp:700)
2026-06-02 05:57:51.645 | info     |           Metal |   [   341132500 ..    341132600) |                                        |        0 (profiler_analysis.cpp:700)
2026-06-02 05:57:51.645 | info     |           Metal |   [   341132600 ..    341132700) |                                        |        0 (profiler_analysis.cpp:700)
2026-06-02 05:57:51.645 | info     |           Metal |   [   341132700 ..    341132800) |                                        |        0 (profiler_analysis.cpp:700)
2026-06-02 05:57:51.645 | info     |           Metal |   [   341132800 ..    341132900) |                                        |        0 (profiler_analysis.cpp:700)
[SORT] stage=RP P=3369033 P_kept=3369033 num_tiles=1024 max_tile_n=26496 bin=8.19 up=0.29 kernel=7.51 d2h=7.13 compact=0.00 publish=0.02 total=26.73ms
2026-06-02 05:57:52.124 | info     |           Metal | Device kernel duration perf summary (device=0): count=1, min=336265262ns, avg=336265262.0ns, max=336265262ns (profiler_analysis.cpp:652)
2026-06-02 05:57:52.124 | info     |           Metal | Device kernel duration perf histogram (device=0): (buckets=10, bucket_size=100ns, range=[336265200..336266200), underflow(<336265200ns)=0, overflow(>=336266200ns)=0) (profiler_analysis.cpp:695)
2026-06-02 05:57:52.124 | info     |           Metal |   [   336265200 ..    336265300) |########################################|        1 (profiler_analysis.cpp:700)
2026-06-02 05:57:52.124 | info     |           Metal |   [   336265300 ..    336265400) |                                        |        0 (profiler_analysis.cpp:700)
2026-06-02 05:57:52.124 | info     |           Metal |   [   336265400 ..    336265500) |                                        |        0 (profiler_analysis.cpp:700)
2026-06-02 05:57:52.124 | info     |           Metal |   [   336265500 ..    336265600) |                                        |        0 (profiler_analysis.cpp:700)
2026-06-02 05:57:52.124 | info     |           Metal |   [   336265600 ..    336265700) |                                        |        0 (profiler_analysis.cpp:700)
2026-06-02 05:57:52.124 | info     |           Metal |   [   336265700 ..    336265800) |                                        |        0 (profiler_analysis.cpp:700)
2026-06-02 05:57:52.124 | info     |           Metal |   [   336265800 ..    336265900) |                                        |        0 (profiler_analysis.cpp:700)
2026-06-02 05:57:52.124 | info     |           Metal |   [   336265900 ..    336266000) |                                        |        0 (profiler_analysis.cpp:700)
2026-06-02 05:57:52.124 | info     |           Metal |   [   336266000 ..    336266100) |                                        |        0 (profiler_analysis.cpp:700)
2026-06-02 05:57:52.124 | info     |           Metal |   [   336266100 ..    336266200) |                                        |        0 (profiler_analysis.cpp:700)
SUMMARY backend=tt blend_mode=2 views=1 hero_vs_gt=46.78dB hero_vs_ref=63.85dB min_vs_ref=63.85dB min_vs_gt=46.78dB ms/view=294.2 (proj=39.2 ta=25.2 sort=15.9 blend=195.0) shot=opt/metal-screenshots/a003-verify-20260602T055752Z/hero.png
[render-inner] a003_verify rc=0

Queue delay: 13 ns
Timer resolution: 0 ns

Frames: 2
Time span: 31.35 s
Zones: 105,437
Elapsed time: 17.81 s
Saving trace... done!
Trace size 1447.69 KB (27.52% ratio)
2026-06-02 05:57:52.693 | INFO     | tracy:generate_report:154 - Host side ops time report generated at /localdev/smarton/gstt2/opt/profiler/wrap_out/.logs/tracy_ops_times.csv
2026-06-02 05:57:52.700 | INFO     | tracy:generate_report:165 - Host side ops data report generated at /localdev/smarton/gstt2/opt/profiler/wrap_out/.logs/tracy_ops_data.csv
2026-06-02 05:57:52.700 | INFO     | tracy.process_ops_logs:import_tracy_op_logs:255 - Importing ops logs
/localdev/smarton/tt-metal/tools/tracy/process_ops_logs.py:360: DtypeWarning: Columns (3) have mixed types. Specify dtype option on import or set low_memory=False.
  df = pd.read_csv(tracyOpTimesLog)
2026-06-02 05:57:52.843 | INFO     | tracy.process_ops_logs:get_device_data_generate_report:1014 - Copying runtime artifacts
2026-06-02 05:57:52.852 | INFO     | tracy.process_ops_logs:get_device_data_generate_report:1020 - Getting device only ops data
2026-06-02 05:57:53.074 | INFO     | tracy.process_device_log:core_to_device_timeseries:416 - Importing Data For Device Number : 0
2026-06-02 05:57:53.475 | INFO     | tracy.process_ops_logs:get_device_data_generate_report:1032 - Generating device op report ...
2026-06-02 05:57:53.518 | INFO     | tracy.process_ops_logs:get_device_data_generate_report:1210 - Device only OPs csv generated at: /localdev/smarton/gstt2/opt/profiler/wrap_out/reports/2026_06_02_05_57_52/ops_perf_results_2026_06_02_05_57_52.csv
2026-06-02 05:57:53.519 | INFO     | tracy.process_ops_logs:get_device_data_generate_report:1219 - Device only per core op to op times csv generated at: /localdev/smarton/gstt2/opt/profiler/wrap_out/reports/2026_06_02_05_57_52/per_core_op_to_op_times_2026_06_02_05_57_52.csv
[tracy-wrap] wrapper exited rc=0
[tracy-wrap] OK tracy: -rw-rw-r-- 1 smarton smarton 1482768 Jun  2 05:57 /localdev/smarton/gstt2/opt/profiler/wrap_out/.logs/tracy_profile_log_host.tracy
[tracy-wrap] === host-zone export via csvexport-release (CPU zones; device zones are GPU zones, see below) ===
[tracy-wrap] csv zone rows: 89
[tracy-wrap] === DEVICE GPU-context probe (TracyTTContext names embedded in the .tracy) ===
[tracy-wrap] device GPU-context (per-core timeline track) count: 0
[tracy-wrap] sample device context names:
[tracy-wrap] device RISC zone-name strings present:
[tracy-wrap] === per-RISC device markers in profile_log_device.csv (data count) ===
[tracy-wrap] profile_log_device.csv data rows: 66041
[tracy-wrap] DONE rc=0 tracy=/localdev/smarton/gstt2/opt/profiler/wrap_out/.logs/tracy_profile_log_host.tracy
