================ BUILD ID ================
  cpp : #108 sha=8eb62c8 bin=90f66c610cac25a2 iter 38 diag: GSPLAT_TT_SORT_TIMING split of bin into count-kernel/D2H/host-build (gated, default off)
  data: # sha= 
=========================================
host=yyzo-bh-03  tag=tracy-l1-labeled  timeout=1200s  worry=600s  ts=2026-06-01T22:58:39-0700
cmd: bash opt/profiler/run_wrapper_capture_l1.sh
-----------------------------------------
BUILD-ID VERIFY OK: cpp#108 bin=90f66c610cac25a2 matches the built+stamped artifact
[tracy-wrap-l1] L1-RESIDENT flags: FUSED_TILE=unset TILE_BUCKET=1 BUCKET_FIT=8192 SFPU_CULL=1 BLEND_AOS=default-on BUCKET_MASK=unset
[tracy-wrap-l1] CMD: python3 -m tracy -r -p -v --dump-device-data-mid-run -o /localdev/smarton/gstt2/opt/profiler/wrap_out_l1 opt/profiler/_render_inner.sh
Connecting to 127.0.0.1:8086...2026-06-02 05:58:40.317 | INFO     | __main__:main:175 - Setting profiler artifacts folder to /localdev/smarton/gstt2/opt/profiler/wrap_out_l1
2026-06-02 05:58:40.318 | INFO     | __main__:main:336 - Using port 8086
2026-06-02 05:58:40.318 | INFO     | tracy:run_report_setup:88 - Verifying tracy profiling tools
2026-06-02 05:58:40.321 | INFO     | tracy:run_report_setup:108 - Capture command: ('/localdev/smarton/tt-metal/build/tools/profiler/bin/capture-release -o /localdev/smarton/gstt2/opt/profiler/wrap_out_l1/.logs/tracy_profile_log_host.tracy -f -p 8086',)
2026-06-02 05:58:40.324 | INFO     | __main__:main:400 - Test process started
[render-inner] python3 scripts/a003_verify.py --backend tt --views 1 (MID_RUN_DUMP=1 DEVICE_PROFILER=1 GSPLAT_TT_PROFILE=1 TRACY_PORT=8086)
2026-06-02 05:58:40.705 | INFO     | __main__:main:175 - Setting profiler artifacts folder to /localdev/smarton/gstt2/opt/profiler/wrap_out_l1
2026-06-02 05:58:42.248 | info     |             UMD | Creating TopologyDiscovery for architecture: blackhole (topology_discovery.cpp:75)
2026-06-02 05:58:42.248 | info     |             UMD | Starting topology discovery. (topology_discovery.cpp:92)
2026-06-02 05:58:42.249 | warning  |             UMD | Low power mode is disabled while UMD holds open file descriptors. The device will return to low power mode once all file descriptors are closed. (topology_discovery.cpp:143)
2026-06-02 05:58:42.249 | warning  |             UMD | KMD version 2.4.1 does not support power state management. (pci_device.cpp:1067)
2026-06-02 05:58:42.249 | info     |             UMD | Established firmware bundle version: 18.12.1 (topology_discovery.cpp:544)
2026-06-02 05:58:42.249 | info     |             UMD | Completed topology discovery. (topology_discovery.cpp:96)
2026-06-02 05:58:42.249 | info     |          Device | Opening user mode device driver (tt_cluster.cpp:225)
2026-06-02 05:58:42.249 | info     |             UMD | Cluster constructor started. (cluster.cpp:317)
2026-06-02 05:58:42.249 | info     |             UMD | Creating TopologyDiscovery for architecture: blackhole (topology_discovery.cpp:75)
2026-06-02 05:58:42.249 | info     |             UMD | Starting topology discovery. (topology_discovery.cpp:92)
2026-06-02 05:58:42.249 | warning  |             UMD | Low power mode is disabled while UMD holds open file descriptors. The device will return to low power mode once all file descriptors are closed. (topology_discovery.cpp:143)
2026-06-02 05:58:42.250 | warning  |             UMD | KMD version 2.4.1 does not support power state management. (pci_device.cpp:1067)
2026-06-02 05:58:42.250 | info     |             UMD | Established firmware bundle version: 18.12.1 (topology_discovery.cpp:544)
2026-06-02 05:58:42.250 | info     |             UMD | Completed topology discovery. (topology_discovery.cpp:96)
2026-06-02 05:58:42.250 | info     |             UMD | Harvesting masks for Chip 0: Tensix: 0xc0 DRAM: 0x8 ETH: 0x3fff PCIe: 0x2 L2CPU: 0x0 (cluster.cpp:270)
2026-06-02 05:58:42.250 | info     |             UMD | Initializing iommu for sysmem (size: 0x40000000). (silicon_sysmem_manager.cpp:334)
2026-06-02 05:58:42.250 | info     |             UMD | Allocating sysmem for IOMMU (size: 0x40000000). (silicon_sysmem_manager.cpp:340)
2026-06-02 05:58:42.289 | warning  |             UMD | KMD version 2.4.1 does not support power state management. (pci_device.cpp:1067)
2026-06-02 05:58:42.289 | info     |             UMD | Opening local chip ids/PCIe ids: {0}/[0] and remote chip ids {} (cluster.cpp:159)
2026-06-02 05:58:42.289 | info     |             UMD | IOMMU: enabled (cluster.cpp:133)
2026-06-02 05:58:42.289 | info     |             UMD | KMD version: 2.4.1 (cluster.cpp:136)
2026-06-02 05:58:42.289 | info     |             UMD | Cluster constructor completed. (cluster.cpp:409)
2026-06-02 05:58:42.292 | info     |             UMD | Starting devices in cluster (cluster.cpp:1044)
2026-06-02 05:58:42.292 | info     |             UMD | Mapped sysmem without hugepages to IOVA 0x80000000; NOC address 0x1000000000000000 (silicon_sysmem_manager.cpp:391)
2026-06-02 05:58:42.293 | info     |             UMD | Starting devices in cluster completed. (cluster.cpp:1052)
2026-06-02 05:58:42.774 | info     |     Distributed | Using auto discovery to generate mesh graph. (metal_env.cpp:332)
2026-06-02 05:58:42.774 | info     |     Distributed | Constructing control plane using auto-discovery (no mesh graph descriptor). (metal_env.cpp:394)
2026-06-02 05:58:42.774 | info     |             UMD | Creating TopologyDiscovery for architecture: blackhole (topology_discovery.cpp:75)
2026-06-02 05:58:42.774 | info     |             UMD | Starting topology discovery. (topology_discovery.cpp:92)
2026-06-02 05:58:42.774 | warning  |             UMD | Low power mode is disabled while UMD holds open file descriptors. The device will return to low power mode once all file descriptors are closed. (topology_discovery.cpp:143)
2026-06-02 05:58:42.774 | warning  |             UMD | KMD version 2.4.1 does not support power state management. (pci_device.cpp:1067)
2026-06-02 05:58:42.774 | info     |             UMD | Established firmware bundle version: 18.12.1 (topology_discovery.cpp:544)
2026-06-02 05:58:42.774 | info     |             UMD | Completed topology discovery. (topology_discovery.cpp:96)
2026-06-02 05:58:42.775 | warning  |          Always | Unknown motherboard 'X670E GAMING PLUS WIFI (MS-7E16)' for chip_id=0 (bus_id=0x1) — defaulting tray_id to 0. Add this motherboard and its bus IDs to mobo_to_bus_ids in physical_system_discovery.cpp. (physical_system_discovery.cpp:62)
2026-06-02 05:58:42.775 | info     |          Fabric | TopologyMapper: Logical Multi-Mesh Adjacency Map: (topology_mapper.cpp:1474)
2026-06-02 05:58:42.775 | info     |          Fabric | 
=== Logical Mesh-Level Graph Adjacency Map ===
Total nodes: 1
Degree histogram: {0:1}
 (topology_solver.tpp:94)
2026-06-02 05:58:42.775 | info     |          Fabric | 
=== Logical Mesh 0 Internal Graph Adjacency Map ===
Total nodes: 1
Degree histogram: {0:1}
 (topology_solver.tpp:94)
2026-06-02 05:58:42.775 | info     |          Fabric | TopologyMapper: Physical Multi-Mesh Adjacency Map: (topology_mapper.cpp:1485)
2026-06-02 05:58:42.775 | info     |          Fabric | 
=== Physical Mesh-Level Graph Adjacency Map ===
Total nodes: 1
Degree histogram: {0:1}
 (topology_solver.tpp:94)
2026-06-02 05:58:42.775 | info     |          Fabric | 
=== Physical Mesh 0 Internal Graph Adjacency Map ===
Total nodes: 1
Degree histogram: {0:1}
 (topology_solver.tpp:94)
2026-06-02 05:58:42.775 | info     |          Fabric | Starting multi-mesh mapping: 1 logical mesh(es) to 1 physical mesh(es) (topology_mapper_utils.cpp:1469)
2026-06-02 05:58:42.775 | info     |          Fabric | Multi-mesh mapping attempt 1/2: Trying inter-mesh mapping (topology_mapper_utils.cpp:1510)
2026-06-02 05:58:42.775 | info     |          Fabric | Attempt 1: Inter-mesh mapping succeeded, found 1 mesh pair(s) (topology_mapper_utils.cpp:1539)
2026-06-02 05:58:42.775 | info     |          Fabric | Attempt 1: Mapping 1 mesh pair(s) (topology_mapper_utils.cpp:1547)
2026-06-02 05:58:42.775 | info     |          Fabric | Attempt 1: Mapping mesh 0 -> 0 (topology_mapper_utils.cpp:1554)
2026-06-02 05:58:42.775 | info     |          Fabric | Multi-mesh mapping succeeded after 1 attempt(s): 1 mesh pair(s) mapped (topology_mapper_utils.cpp:1686)
2026-06-02 05:58:42.883 | info     |           Metal | Profiler started on device 0 (profiler_initializer.cpp:49)
2026-06-02 05:58:43.073 | info     |           Metal | ShmResourceTracker: removed stale shm '/tt_d2h_108779_3281023137_0' (shm_resource_tracker.cpp:265)
2026-06-02 05:58:43.073 | info     |           Metal | ShmResourceTracker: removed stale manifest '/dev/shm/tt_socket_manifest_108779' (shm_resource_tracker.cpp:275)
2026-06-02 05:58:43.073 | info     |           Metal | ShmResourceTracker: removed orphaned shm '/tt_device_7490744194894819707_memory' (shm_resource_tracker.cpp:282)
2026-06-02 05:58:43.660 | info     |           Metal | [Real-time profiler] Device 0 sync complete: 100 samples, frequency=1.349979 GHz, device_time_at_sync=35571704460536 cycles (realtime_profiler_manager.cpp:1082)
[SORT] stage=RP P=3369033 P_kept=3369033 num_tiles=1024 max_tile_n=26496 bin=1231.93 up=0.43 kernel=10.46 d2h=0.00 compact=0.00 publish=2.83 total=1245.85ms
[FUSED_TILE] upload+exec+readback=6041.2 ms (single Finish sort-publish+cull+blend)
[BLEND_DEVICE] resident_blend=6044.5 ms (host_build=0)
2026-06-02 05:58:51.631 | info     |           Metal | Device kernel duration perf summary (device=0): count=1, min=7550319121ns, avg=7550319121.0ns, max=7550319121ns (profiler_analysis.cpp:652)
2026-06-02 05:58:51.631 | info     |           Metal | Device kernel duration perf histogram (device=0): (buckets=10, bucket_size=100ns, range=[7550319100..7550320100), underflow(<7550319100ns)=0, overflow(>=7550320100ns)=0) (profiler_analysis.cpp:695)
2026-06-02 05:58:51.631 | info     |           Metal |   [  7550319100 ..   7550319200) |########################################|        1 (profiler_analysis.cpp:700)
2026-06-02 05:58:51.631 | info     |           Metal |   [  7550319200 ..   7550319300) |                                        |        0 (profiler_analysis.cpp:700)
2026-06-02 05:58:51.631 | info     |           Metal |   [  7550319300 ..   7550319400) |                                        |        0 (profiler_analysis.cpp:700)
2026-06-02 05:58:51.631 | info     |           Metal |   [  7550319400 ..   7550319500) |                                        |        0 (profiler_analysis.cpp:700)
2026-06-02 05:58:51.631 | info     |           Metal |   [  7550319500 ..   7550319600) |                                        |        0 (profiler_analysis.cpp:700)
2026-06-02 05:58:51.631 | info     |           Metal |   [  7550319600 ..   7550319700) |                                        |        0 (profiler_analysis.cpp:700)
2026-06-02 05:58:51.631 | info     |           Metal |   [  7550319700 ..   7550319800) |                                        |        0 (profiler_analysis.cpp:700)
2026-06-02 05:58:51.631 | info     |           Metal |   [  7550319800 ..   7550319900) |                                        |        0 (profiler_analysis.cpp:700)
2026-06-02 05:58:51.631 | info     |           Metal |   [  7550319900 ..   7550320000) |                                        |        0 (profiler_analysis.cpp:700)
2026-06-02 05:58:51.631 | info     |           Metal |   [  7550320000 ..   7550320100) |                                        |        0 (profiler_analysis.cpp:700)
[SORT] stage=RP P=3369033 P_kept=3369033 num_tiles=1024 max_tile_n=26496 bin=17.11 up=0.44 kernel=7.51 d2h=0.00 compact=0.00 publish=0.02 total=25.24ms
[FUSED_TILE] upload+exec+readback=192.2 ms (single Finish sort-publish+cull+blend)
2026-06-02 05:58:51.935 | info     |           Metal | Device kernel duration perf summary (device=0): count=1, min=281399304ns, avg=281399304.0ns, max=281399304ns (profiler_analysis.cpp:652)
2026-06-02 05:58:51.935 | info     |           Metal | Device kernel duration perf histogram (device=0): (buckets=10, bucket_size=100ns, range=[281399300..281400300), underflow(<281399300ns)=0, overflow(>=281400300ns)=0) (profiler_analysis.cpp:695)
2026-06-02 05:58:51.935 | info     |           Metal |   [   281399300 ..    281399400) |########################################|        1 (profiler_analysis.cpp:700)
2026-06-02 05:58:51.935 | info     |           Metal |   [   281399400 ..    281399500) |                                        |        0 (profiler_analysis.cpp:700)
2026-06-02 05:58:51.935 | info     |           Metal |   [   281399500 ..    281399600) |                                        |        0 (profiler_analysis.cpp:700)
2026-06-02 05:58:51.935 | info     |           Metal |   [   281399600 ..    281399700) |                                        |        0 (profiler_analysis.cpp:700)
2026-06-02 05:58:51.935 | info     |           Metal |   [   281399700 ..    281399800) |                                        |        0 (profiler_analysis.cpp:700)
2026-06-02 05:58:51.935 | info     |           Metal |   [   281399800 ..    281399900) |                                        |        0 (profiler_analysis.cpp:700)
2026-06-02 05:58:51.935 | info     |           Metal |   [   281399900 ..    281400000) |                                        |        0 (profiler_analysis.cpp:700)
2026-06-02 05:58:51.935 | info     |           Metal |   [   281400000 ..    281400100) |                                        |        0 (profiler_analysis.cpp:700)
2026-06-02 05:58:51.935 | info     |           Metal |   [   281400100 ..    281400200) |                                        |        0 (profiler_analysis.cpp:700)
2026-06-02 05:58:51.935 | info     |           Metal |   [   281400200 ..    281400300) |                                        |        0 (profiler_analysis.cpp:700)
[BLEND_DEVICE] resident_blend=195.2 ms (host_build=0)
[SORT] stage=RP P=3369033 P_kept=3369033 num_tiles=1024 max_tile_n=26496 bin=17.08 up=0.42 kernel=7.51 d2h=7.13 compact=0.00 publish=0.02 total=35.78ms
2026-06-02 05:58:52.461 | info     |           Metal | Device kernel duration perf summary (device=0): count=1, min=340366824ns, avg=340366824.0ns, max=340366824ns (profiler_analysis.cpp:652)
2026-06-02 05:58:52.461 | info     |           Metal | Device kernel duration perf histogram (device=0): (buckets=10, bucket_size=100ns, range=[340366800..340367800), underflow(<340366800ns)=0, overflow(>=340367800ns)=0) (profiler_analysis.cpp:695)
2026-06-02 05:58:52.461 | info     |           Metal |   [   340366800 ..    340366900) |########################################|        1 (profiler_analysis.cpp:700)
2026-06-02 05:58:52.461 | info     |           Metal |   [   340366900 ..    340367000) |                                        |        0 (profiler_analysis.cpp:700)
2026-06-02 05:58:52.461 | info     |           Metal |   [   340367000 ..    340367100) |                                        |        0 (profiler_analysis.cpp:700)
2026-06-02 05:58:52.461 | info     |           Metal |   [   340367100 ..    340367200) |                                        |        0 (profiler_analysis.cpp:700)
2026-06-02 05:58:52.461 | info     |           Metal |   [   340367200 ..    340367300) |                                        |        0 (profiler_analysis.cpp:700)
2026-06-02 05:58:52.461 | info     |           Metal |   [   340367300 ..    340367400) |                                        |        0 (profiler_analysis.cpp:700)
2026-06-02 05:58:52.461 | info     |           Metal |   [   340367400 ..    340367500) |                                        |        0 (profiler_analysis.cpp:700)
2026-06-02 05:58:52.461 | info     |           Metal |   [   340367500 ..    340367600) |                                        |        0 (profiler_analysis.cpp:700)
2026-06-02 05:58:52.461 | info     |           Metal |   [   340367600 ..    340367700) |                                        |        0 (profiler_analysis.cpp:700)
2026-06-02 05:58:52.461 | info     |           Metal |   [   340367700 ..    340367800) |                                        |        0 (profiler_analysis.cpp:700)
[SORT] stage=RP P=3369033 P_kept=3369033 num_tiles=1024 max_tile_n=26496 bin=17.08 up=0.42 kernel=7.51 d2h=7.13 compact=0.00 publish=0.02 total=35.73ms
2026-06-02 05:58:52.944 | info     |           Metal | Device kernel duration perf summary (device=0): count=1, min=340368532ns, avg=340368532.0ns, max=340368532ns (profiler_analysis.cpp:652)
2026-06-02 05:58:52.944 | info     |           Metal | Device kernel duration perf histogram (device=0): (buckets=10, bucket_size=100ns, range=[340368500..340369500), underflow(<340368500ns)=0, overflow(>=340369500ns)=0) (profiler_analysis.cpp:695)
2026-06-02 05:58:52.944 | info     |           Metal |   [   340368500 ..    340368600) |########################################|        1 (profiler_analysis.cpp:700)
2026-06-02 05:58:52.944 | info     |           Metal |   [   340368600 ..    340368700) |                                        |        0 (profiler_analysis.cpp:700)
2026-06-02 05:58:52.944 | info     |           Metal |   [   340368700 ..    340368800) |                                        |        0 (profiler_analysis.cpp:700)
2026-06-02 05:58:52.944 | info     |           Metal |   [   340368800 ..    340368900) |                                        |        0 (profiler_analysis.cpp:700)
2026-06-02 05:58:52.944 | info     |           Metal |   [   340368900 ..    340369000) |                                        |        0 (profiler_analysis.cpp:700)
2026-06-02 05:58:52.944 | info     |           Metal |   [   340369000 ..    340369100) |                                        |        0 (profiler_analysis.cpp:700)
2026-06-02 05:58:52.944 | info     |           Metal |   [   340369100 ..    340369200) |                                        |        0 (profiler_analysis.cpp:700)
2026-06-02 05:58:52.944 | info     |           Metal |   [   340369200 ..    340369300) |                                        |        0 (profiler_analysis.cpp:700)
2026-06-02 05:58:52.944 | info     |           Metal |   [   340369300 ..    340369400) |                                        |        0 (profiler_analysis.cpp:700)
2026-06-02 05:58:52.944 | info     |           Metal |   [   340369400 ..    340369500) |                                        |        0 (profiler_analysis.cpp:700)
SUMMARY backend=tt blend_mode=2 views=1 hero_vs_gt=46.78dB hero_vs_ref=63.85dB min_vs_ref=63.85dB min_vs_gt=46.78dB ms/view=303.2 (proj=39.2 ta=25.2 sort=25.2 blend=195.4) shot=opt/metal-screenshots/a003-verify-20260602T055852Z/hero.png
[render-inner] a003_verify rc=0

Queue delay: 12 ns
Timer resolution: 0 ns

Frames: 2
Time span: 18.73 s
Zones: 104,104
Elapsed time: 11.11 s
Saving trace... done!
Trace size 1431.92 KB (27.40% ratio)
2026-06-02 05:58:53.525 | INFO     | tracy:generate_report:154 - Host side ops time report generated at /localdev/smarton/gstt2/opt/profiler/wrap_out_l1/.logs/tracy_ops_times.csv
2026-06-02 05:58:53.532 | INFO     | tracy:generate_report:165 - Host side ops data report generated at /localdev/smarton/gstt2/opt/profiler/wrap_out_l1/.logs/tracy_ops_data.csv
2026-06-02 05:58:53.532 | INFO     | tracy.process_ops_logs:import_tracy_op_logs:255 - Importing ops logs
/localdev/smarton/tt-metal/tools/tracy/process_ops_logs.py:360: DtypeWarning: Columns (3) have mixed types. Specify dtype option on import or set low_memory=False.
  df = pd.read_csv(tracyOpTimesLog)
2026-06-02 05:58:53.662 | INFO     | tracy.process_ops_logs:get_device_data_generate_report:1014 - Copying runtime artifacts
2026-06-02 05:58:53.673 | INFO     | tracy.process_ops_logs:get_device_data_generate_report:1020 - Getting device only ops data
2026-06-02 05:58:53.894 | INFO     | tracy.process_device_log:core_to_device_timeseries:416 - Importing Data For Device Number : 0
2026-06-02 05:58:54.307 | INFO     | tracy.process_ops_logs:get_device_data_generate_report:1032 - Generating device op report ...
2026-06-02 05:58:54.350 | INFO     | tracy.process_ops_logs:get_device_data_generate_report:1210 - Device only OPs csv generated at: /localdev/smarton/gstt2/opt/profiler/wrap_out_l1/reports/2026_06_02_05_58_53/ops_perf_results_2026_06_02_05_58_53.csv
2026-06-02 05:58:54.352 | INFO     | tracy.process_ops_logs:get_device_data_generate_report:1219 - Device only per core op to op times csv generated at: /localdev/smarton/gstt2/opt/profiler/wrap_out_l1/reports/2026_06_02_05_58_53/per_core_op_to_op_times_2026_06_02_05_58_53.csv
[tracy-wrap-l1] wrapper exited rc=0
[tracy-wrap-l1] OK tracy: -rw-rw-r-- 1 smarton smarton 1466615 Jun  2 05:58 /localdev/smarton/gstt2/opt/profiler/wrap_out_l1/.logs/tracy_profile_log_host.tracy
[tracy-wrap-l1] === host-zone export via csvexport-release (CPU zones; device zones are GPU zones, see below) ===
[tracy-wrap-l1] csv zone rows: 89
[tracy-wrap-l1] === DEVICE GPU-context probe (TracyTTContext names embedded in the .tracy) ===
[tracy-wrap-l1] device GPU-context (per-core timeline track) count: 0
[tracy-wrap-l1] sample device context names:
[tracy-wrap-l1] device RISC zone-name strings present:
[tracy-wrap-l1] === per-RISC device markers in profile_log_device.csv (data count) ===
[tracy-wrap-l1] profile_log_device.csv data rows: 66041
[tracy-wrap-l1] DONE rc=0 tracy=/localdev/smarton/gstt2/opt/profiler/wrap_out_l1/.logs/tracy_profile_log_host.tracy
