================ BUILD ID ================
  cpp : #142 sha=7b7966a bin=58ca522fd5ed289c iter 42: M1: L1-resident LSD radix sort over 32B records; bit-order proven == DRAM reference (on-device: mono=0 + key-multiset perm=0 across 1100 bucket tiles/all cores, cull-mask alignment intact => 42dB failure mode absent); 63.85dB
  data: #1 sha=b703f70 sync tracy-041 capture script
=========================================
host=yyzo-bh-03  tag=tracy-042  timeout=900s  worry=600s  ts=2026-06-02T16:20:49-0700
cmd: bash opt/profiler/run_wrapper_capture_l1.sh
-----------------------------------------
BUILD-ID VERIFY OK: cpp#142 bin=58ca522fd5ed289c matches the built+stamped artifact
[tracy-wrap-l1] L1-RESIDENT flags: FUSED_TILE=unset TILE_BUCKET=1 BUCKET_FIT=8192 SFPU_CULL=1 BLEND_AOS=default-on BUCKET_MASK=unset
[tracy-wrap-l1] CMD: python3 -m tracy -r -p -v --dump-device-data-mid-run -o /localdev/smarton/gstt2/opt/profiler/wrap_out_l1 opt/profiler/_render_inner.sh
Traceback (most recent call last):
  File "/usr/lib/python3.10/runpy.py", line 187, in _run_module_as_main
    mod_name, mod_spec, code = _get_module_details(mod_name, _Error)
  File "/usr/lib/python3.10/runpy.py", line 146, in _get_module_details
    return _get_module_details(pkg_main_name, error)
  File "/usr/lib/python3.10/runpy.py", line 110, in _get_module_details
    __import__(pkg_name)
  File "/localdev/smarton/tt-metal/tools/tracy/__init__.py", line 16, in <module>
    from .process_ops_logs import process_ops
  File "/localdev/smarton/tt-metal/tools/tracy/process_ops_logs.py", line 26, in <module>
    from tracy.process_device_log import import_log_run_stats
  File "/localdev/smarton/tt-metal/tools/tracy/process_device_log.py", line 16, in <module>
    import seaborn as sns
ModuleNotFoundError: No module named 'seaborn'
[tracy-wrap-l1] wrapper exited rc=1
[tracy-wrap-l1] FAIL: /localdev/smarton/gstt2/opt/profiler/wrap_out_l1/.logs/tracy_profile_log_host.tracy missing/empty; listing /localdev/smarton/gstt2/opt/profiler/wrap_out_l1:
/localdev/smarton/gstt2/opt/profiler/wrap_out_l1:
total 8
drwxrwxr-x 2 smarton smarton 4096 Jun  2 23:20 .
drwxrwxr-x 5 smarton smarton 4096 Jun  2 23:20 ..
[tracy-wrap-l1] DONE rc=1 tracy=/localdev/smarton/gstt2/opt/profiler/wrap_out_l1/.logs/tracy_profile_log_host.tracy
