================ BUILD ID ================
  cpp : #205 sha=5624b96 bin=9b194864dbec80ed iter60 try2 DRAM masks fix L1 clash
  data: #1 sha=b703f70 sync tracy-041 capture script
=========================================
host=yyzo-bh-03  tag=tracy-060  timeout=1800s  worry=600s  ts=2026-06-03T23:11:33-0700
cmd: bash -lc set -euo pipefail
cd /localdev/smarton/gstt2
export TT_METAL_HOME=/localdev/smarton/tt-metal
export TT_METAL_RUNTIME_ROOT=/localdev/smarton/tt-metal
cmake -G Ninja -S render -B render/build-tt -DCMAKE_BUILD_TYPE=Release
cmake --build render/build-tt -j 16
/localdev/smarton/tt-workflows/scripts/buildid.sh stamp cpp
bash render/profiler/capture_tracy_clean.sh
-----------------------------------------
BASH=/usr/bin/bash
BASHOPTS=checkwinsize:cmdhist:complete_fullquote:extquote:force_fignore:globasciiranges:hostcomplete:interactive_comments:login_shell:progcomp:promptvars:sourcepath
BASH_ALIASES=()
BASH_ARGC=([0]="1")
BASH_ARGV=([0]="pipefail")
BASH_CMDS=()
BASH_EXECUTION_STRING=set
BASH_LINENO=()
BASH_SOURCE=()
BASH_VERSINFO=([0]="5" [1]="1" [2]="16" [3]="1" [4]="release" [5]="x86_64-pc-linux-gnu")
BASH_VERSION='5.1.16(1)-release'
CURL_CA_BUNDLE=/etc/ssl/certs/ca-certificates.crt
DIRSTACK=()
EUID=1211416483
GROUPS=()
HOME=/home/smarton
HOSTNAME=yyzo-bh-03-special-smarton-for-reservation-75313
HOSTTYPE=x86_64
IFS=$' \t\n'
IRD_ARCH_NAME=blackhole
IRD_CLUSTER=tt_yyz
IRD_HARVESTED_MACHINE=false
IRD_NUM_PCIE_CHIPS=1
IRD_RESET_DONGLE=false
IRD_VERSION=1.12.106
LOGNAME=smarton
MACHTYPE=x86_64-pc-linux-gnu
MAIL=/var/mail/smarton
NODE_EXTRA_CA_CERTS=/etc/ssl/certs/ca-certificates.crt
OLDPWD=/home/smarton
OPTERR=1
OPTIND=1
OSTYPE=linux-gnu
PATH=/home/smarton/.local/bin:/home/smarton/.local/bin:/usr/local/sbin:/usr/local/bin:/usr/sbin:/usr/bin:/sbin:/bin:/usr/games
PIPESTATUS=([0]="0")
PIP_CERT=/etc/ssl/certs/ca-certificates.crt
PPID=8101
PS4='+ '
PWD=/localdev/smarton/gstt2
P_USER_DBD_PORT=51483
P_USER_SSH_PORT=46483
REQUESTS_CA_BUNDLE=/etc/ssl/certs/ca-certificates.crt
SHELL=/bin/bash
SHELLOPTS=braceexpand:hashall:interactive-comments
SHLVL=2
SLURM_GRES_IDS=0
SSH_CLIENT='10.250.20.198 55082 22'
SSH_CONNECTION='10.250.20.198 55082 172.17.0.2 22'
SSL_CERT_FILE=/etc/ssl/certs/ca-certificates.crt
TERM=dumb
TTW_DEVRUN=1
UID=1211416483
USER=smarton
USER_SSH_PASSWD=HB8/DwdzaN0Ap5b8XMfaVCFeJoV7mrp3
_=
-- The CXX compiler identification is GNU 12.3.0
-- Detecting CXX compiler ABI info
-- Detecting CXX compiler ABI info - done
-- Check for working CXX compiler: /usr/bin/c++ - skipped
-- Detecting CXX compile features
-- Detecting CXX compile features - done
-- Found Python: /localdev/smarton/gstt2/render/../.venv/bin/python (found suitable version "3.10.12", minimum required is "3.8") found components: Interpreter Development.Module Development.Embed
-- Performing Test HAS_FLTO_AUTO
-- Performing Test HAS_FLTO_AUTO - Success
-- Found pybind11: /localdev/smarton/gstt2/.venv/lib/python3.10/site-packages/pybind11/include (found version "3.0.4")
-- Configuring done (0.4s)
-- Generating done (0.0s)
-- Build files have been written to: /localdev/smarton/gstt2/render/build-tt
[1/20] Building CXX object CMakeFiles/render_gsplat_cpu.dir/localdev/smarton/gstt2/src/gsplat_cpu/blend.cpp.o
[2/20] Building CXX object CMakeFiles/render_gsplat_cpu.dir/localdev/smarton/gstt2/src/gsplat_cpu/thread_pool.cpp.o
[3/20] Building CXX object CMakeFiles/render_gsplat_cpu.dir/localdev/smarton/gstt2/src/gsplat_cpu/tile_assign.cpp.o
[4/20] Building CXX object CMakeFiles/render_gsplat_cpu.dir/localdev/smarton/gstt2/src/gsplat_cpu/sort.cpp.o
[5/20] Building CXX object CMakeFiles/render_tt.dir/host/jit_warmup.cpp.o
[6/20] Building CXX object CMakeFiles/render_gsplat_cpu.dir/localdev/smarton/gstt2/src/gsplat_cpu/microblock_cull.cpp.o
[7/20] Building CXX object CMakeFiles/render_gsplat_cpu.dir/localdev/smarton/gstt2/src/gsplat_cpu/blend_microblock.cpp.o
[8/20] Building CXX object CMakeFiles/render_gsplat_cpu.dir/localdev/smarton/gstt2/src/gsplat_cpu/cull_and_blend.cpp.o
[9/20] Building CXX object CMakeFiles/render_gsplat_cpu.dir/localdev/smarton/gstt2/src/gsplat_cpu/project.cpp.o
[10/20] Linking CXX static library librender_gsplat_cpu.a
[11/20] Building CXX object CMakeFiles/render_tt.dir/host/device_state.cpp.o
[12/20] Building CXX object CMakeFiles/render_tt.dir/host/project_device.cpp.o
[13/20] Building CXX object CMakeFiles/render_tt.dir/host/gather_visible_device.cpp.o
[14/20] Building CXX object CMakeFiles/render_tt.dir/host/blend_device.cpp.o
[15/20] Building CXX object CMakeFiles/render_tt.dir/host/tile_assign_device.cpp.o
[16/20] Building CXX object CMakeFiles/render_tt.dir/host/sort_device.cpp.o
[17/20] Building CXX object CMakeFiles/render_tt.dir/host/pfwc_device.cpp.o
[18/20] Linking CXX static library librender_tt.a
[19/20] Building CXX object CMakeFiles/render_clean.dir/host/render.cpp.o
[20/20] Linking CXX shared module /localdev/smarton/gstt2/render/render_clean.cpython-310-x86_64-linux-gnu.so
[capture_clean] render_clean FULL 30-view capture -> /localdev/smarton/gstt2/opt/profiler/render-clean/render.tracy
[capture_clean] CMD: python3 -m tracy -r -p -v --dump-device-data-mid-run -o /localdev/smarton/gstt2/opt/profiler/wrap_out_render-clean render/profiler/_render_clean_inner.sh
/bin/bash: line 7: /localdev/smarton/tt-workflows/scripts/buildid.sh: No such file or directory
2026-06-04 06:11:45.514 | INFO     | __main__:main:175 - Setting profiler artifacts folder to /localdev/smarton/gstt2/opt/profiler/wrap_out_render-clean
2026-06-04 06:11:45.514 | INFO     | __main__:main:336 - Using port 8086
2026-06-04 06:11:45.514 | INFO     | tracy:run_report_setup:88 - Verifying tracy profiling tools
2026-06-04 06:11:45.521 | INFO     | tracy:run_report_setup:108 - Capture command: ('/localdev/smarton/tt-metal/build/tools/profiler/bin/capture-release -o /localdev/smarton/gstt2/opt/profiler/wrap_out_render-clean/.logs/tracy_profile_log_host.tracy -f -p 8086',)
Connecting to 127.0.0.1:8086...2026-06-04 06:11:45.526 | INFO     | __main__:main:400 - Test process started
2026-06-04 06:11:46.102 | INFO     | __main__:main:175 - Setting profiler artifacts folder to /localdev/smarton/gstt2/opt/profiler/wrap_out_render-clean
[render-clean-inner] python3 render/run.py --no-ref --iter-dir rc-tracy (MID_RUN_DUMP=1 DEVICE_PROFILER=1 GSPLAT_TT_PROFILE=1 TRACY_PORT=8086)
[run] warmup (hero='hero', 1024x1024, scene=bicycle)
2026-06-04 06:11:47.713 | info     |             UMD | Creating TopologyDiscovery for architecture: blackhole (topology_discovery.cpp:75)
2026-06-04 06:11:47.713 | info     |             UMD | Starting topology discovery. (topology_discovery.cpp:92)
2026-06-04 06:11:47.713 | warning  |             UMD | Low power mode is disabled while UMD holds open file descriptors. The device will return to low power mode once all file descriptors are closed. (topology_discovery.cpp:143)
2026-06-04 06:11:47.713 | warning  |             UMD | KMD version 2.4.1 does not support power state management. (pci_device.cpp:1067)
2026-06-04 06:11:47.713 | info     |             UMD | Established firmware bundle version: 18.12.1 (topology_discovery.cpp:544)
2026-06-04 06:11:47.713 | info     |             UMD | Completed topology discovery. (topology_discovery.cpp:96)
2026-06-04 06:11:47.714 | info     |          Device | Opening user mode device driver (tt_cluster.cpp:225)
2026-06-04 06:11:47.714 | info     |             UMD | Cluster constructor started. (cluster.cpp:317)
2026-06-04 06:11:47.714 | info     |             UMD | Creating TopologyDiscovery for architecture: blackhole (topology_discovery.cpp:75)
2026-06-04 06:11:47.714 | info     |             UMD | Starting topology discovery. (topology_discovery.cpp:92)
2026-06-04 06:11:47.714 | warning  |             UMD | Low power mode is disabled while UMD holds open file descriptors. The device will return to low power mode once all file descriptors are closed. (topology_discovery.cpp:143)
2026-06-04 06:11:47.714 | warning  |             UMD | KMD version 2.4.1 does not support power state management. (pci_device.cpp:1067)
2026-06-04 06:11:47.714 | info     |             UMD | Established firmware bundle version: 18.12.1 (topology_discovery.cpp:544)
2026-06-04 06:11:47.714 | info     |             UMD | Completed topology discovery. (topology_discovery.cpp:96)
2026-06-04 06:11:47.714 | info     |             UMD | Harvesting masks for Chip 0: Tensix: 0xc0 DRAM: 0x8 ETH: 0x3fff PCIe: 0x2 L2CPU: 0x0 (cluster.cpp:270)
2026-06-04 06:11:47.714 | info     |             UMD | Initializing iommu for sysmem (size: 0x40000000). (silicon_sysmem_manager.cpp:334)
2026-06-04 06:11:47.714 | info     |             UMD | Allocating sysmem for IOMMU (size: 0x40000000). (silicon_sysmem_manager.cpp:340)
2026-06-04 06:11:47.754 | warning  |             UMD | KMD version 2.4.1 does not support power state management. (pci_device.cpp:1067)
2026-06-04 06:11:47.754 | info     |             UMD | Opening local chip ids/PCIe ids: {0}/[0] and remote chip ids {} (cluster.cpp:159)
2026-06-04 06:11:47.754 | info     |             UMD | IOMMU: enabled (cluster.cpp:133)
2026-06-04 06:11:47.754 | info     |             UMD | KMD version: 2.4.1 (cluster.cpp:136)
2026-06-04 06:11:47.754 | info     |             UMD | Cluster constructor completed. (cluster.cpp:409)
2026-06-04 06:11:47.756 | info     |             UMD | Starting devices in cluster (cluster.cpp:1044)
2026-06-04 06:11:47.756 | info     |             UMD | Mapped sysmem without hugepages to IOVA 0x80000000; NOC address 0x1000000000000000 (silicon_sysmem_manager.cpp:391)
2026-06-04 06:11:47.756 | info     |             UMD | Starting devices in cluster completed. (cluster.cpp:1052)
2026-06-04 06:11:48.237 | info     |     Distributed | Using auto discovery to generate mesh graph. (metal_env.cpp:332)
2026-06-04 06:11:48.237 | info     |     Distributed | Constructing control plane using auto-discovery (no mesh graph descriptor). (metal_env.cpp:394)
2026-06-04 06:11:48.238 | info     |             UMD | Creating TopologyDiscovery for architecture: blackhole (topology_discovery.cpp:75)
2026-06-04 06:11:48.238 | info     |             UMD | Starting topology discovery. (topology_discovery.cpp:92)
2026-06-04 06:11:48.238 | warning  |             UMD | Low power mode is disabled while UMD holds open file descriptors. The device will return to low power mode once all file descriptors are closed. (topology_discovery.cpp:143)
2026-06-04 06:11:48.238 | warning  |             UMD | KMD version 2.4.1 does not support power state management. (pci_device.cpp:1067)
2026-06-04 06:11:48.238 | info     |             UMD | Established firmware bundle version: 18.12.1 (topology_discovery.cpp:544)
2026-06-04 06:11:48.238 | info     |             UMD | Completed topology discovery. (topology_discovery.cpp:96)
2026-06-04 06:11:48.238 | warning  |          Always | Unknown motherboard 'X670E GAMING PLUS WIFI (MS-7E16)' for chip_id=0 (bus_id=0x1) — defaulting tray_id to 0. Add this motherboard and its bus IDs to mobo_to_bus_ids in physical_system_discovery.cpp. (physical_system_discovery.cpp:62)
2026-06-04 06:11:48.238 | info     |          Fabric | TopologyMapper: Logical Multi-Mesh Adjacency Map: (topology_mapper.cpp:1474)
2026-06-04 06:11:48.238 | info     |          Fabric | 
=== Logical Mesh-Level Graph Adjacency Map ===
Total nodes: 1
Degree histogram: {0:1}
 (topology_solver.tpp:94)
2026-06-04 06:11:48.238 | info     |          Fabric | 
=== Logical Mesh 0 Internal Graph Adjacency Map ===
Total nodes: 1
Degree histogram: {0:1}
 (topology_solver.tpp:94)
2026-06-04 06:11:48.238 | info     |          Fabric | TopologyMapper: Physical Multi-Mesh Adjacency Map: (topology_mapper.cpp:1485)
2026-06-04 06:11:48.238 | info     |          Fabric | 
=== Physical Mesh-Level Graph Adjacency Map ===
Total nodes: 1
Degree histogram: {0:1}
 (topology_solver.tpp:94)
2026-06-04 06:11:48.238 | info     |          Fabric | 
=== Physical Mesh 0 Internal Graph Adjacency Map ===
Total nodes: 1
Degree histogram: {0:1}
 (topology_solver.tpp:94)
2026-06-04 06:11:48.238 | info     |          Fabric | Starting multi-mesh mapping: 1 logical mesh(es) to 1 physical mesh(es) (topology_mapper_utils.cpp:1469)
2026-06-04 06:11:48.238 | info     |          Fabric | Multi-mesh mapping attempt 1/2: Trying inter-mesh mapping (topology_mapper_utils.cpp:1510)
2026-06-04 06:11:48.238 | info     |          Fabric | Attempt 1: Inter-mesh mapping succeeded, found 1 mesh pair(s) (topology_mapper_utils.cpp:1539)
2026-06-04 06:11:48.238 | info     |          Fabric | Attempt 1: Mapping 1 mesh pair(s) (topology_mapper_utils.cpp:1547)
2026-06-04 06:11:48.238 | info     |          Fabric | Attempt 1: Mapping mesh 0 -> 0 (topology_mapper_utils.cpp:1554)
2026-06-04 06:11:48.238 | info     |          Fabric | Multi-mesh mapping succeeded after 1 attempt(s): 1 mesh pair(s) mapped (topology_mapper_utils.cpp:1686)
2026-06-04 06:12:04.155 | info     |           Metal | Profiler started on device 0 (profiler_initializer.cpp:49)
2026-06-04 06:12:06.435 | info     |           Metal | ShmResourceTracker: removed stale shm '/tt_d2h_4201_402247507_0' (shm_resource_tracker.cpp:265)
2026-06-04 06:12:06.435 | info     |           Metal | ShmResourceTracker: removed stale shm '/tt_d2h_4201_402247507_1' (shm_resource_tracker.cpp:265)
2026-06-04 06:12:06.435 | info     |           Metal | ShmResourceTracker: removed stale manifest '/dev/shm/tt_socket_manifest_4201' (shm_resource_tracker.cpp:275)
2026-06-04 06:12:06.435 | info     |           Metal | ShmResourceTracker: removed orphaned shm '/tt_device_7490744194894819707_memory' (shm_resource_tracker.cpp:282)
2026-06-04 06:12:07.900 | info     |           Metal | [Real-time profiler] Device 0 sync complete: 100 samples, frequency=1.349980 GHz, device_time_at_sync=1845546948697 cycles (realtime_profiler_manager.cpp:1082)
[JIT_WARMUP] ideal-path contexts compiled in 20205.2 ms
[SUBCHUNK] tiles_split=110 total_subchunks=1148 max_subchunks_per_tile=4 payload_pages=1684771
[SORT] stage=RP P=3369033 P_kept=3369033 num_tiles=1024 max_tile_n=26496 bin=732.79 up=0.02 kernel=601.65 d2h=0.00 compact=0.00 publish=1154.58 mat=0.00 total=2489.15ms
[SUBCHUNK] materialize_ms=732.84
2026-06-04 06:12:33.577 | info     |           Metal | Device kernel duration perf summary (device=0): count=1, min=14208014970ns, avg=14208014970.0ns, max=14208014970ns (profiler_analysis.cpp:652)
2026-06-04 06:12:33.577 | info     |           Metal | Device kernel duration perf histogram (device=0): (buckets=10, bucket_size=100ns, range=[14208014900..14208015900), underflow(<14208014900ns)=0, overflow(>=14208015900ns)=0) (profiler_analysis.cpp:695)
2026-06-04 06:12:33.577 | info     |           Metal |   [ 14208014900 ..  14208015000) |########################################|        1 (profiler_analysis.cpp:700)
2026-06-04 06:12:33.577 | info     |           Metal |   [ 14208015000 ..  14208015100) |                                        |        0 (profiler_analysis.cpp:700)
2026-06-04 06:12:33.577 | info     |           Metal |   [ 14208015100 ..  14208015200) |                                        |        0 (profiler_analysis.cpp:700)
2026-06-04 06:12:33.577 | info     |           Metal |   [ 14208015200 ..  14208015300) |                                        |        0 (profiler_analysis.cpp:700)
2026-06-04 06:12:33.577 | info     |           Metal |   [ 14208015300 ..  14208015400) |                                        |        0 (profiler_analysis.cpp:700)
2026-06-04 06:12:33.577 | info     |           Metal |   [ 14208015400 ..  14208015500) |                                        |        0 (profiler_analysis.cpp:700)
2026-06-04 06:12:33.577 | info     |           Metal |   [ 14208015500 ..  14208015600) |                                        |        0 (profiler_analysis.cpp:700)
2026-06-04 06:12:33.577 | info     |           Metal |   [ 14208015600 ..  14208015700) |                                        |        0 (profiler_analysis.cpp:700)
2026-06-04 06:12:33.577 | info     |           Metal |   [ 14208015700 ..  14208015800) |                                        |        0 (profiler_analysis.cpp:700)
2026-06-04 06:12:33.577 | info     |           Metal |   [ 14208015800 ..  14208015900) |                                        |        0 (profiler_analysis.cpp:700)
[run] timing 30 views (warmup excluded)
[SUBCHUNK] tiles_split=110 total_subchunks=1148 max_subchunks_per_tile=4 payload_pages=1684771
[SORT] stage=RP P=3369033 P_kept=3369033 num_tiles=1024 max_tile_n=26496 bin=42.52 up=0.02 kernel=0.02 d2h=0.00 compact=0.00 publish=0.04 mat=0.00 total=42.66ms
[SUBCHUNK] materialize_ms=27.84
2026-06-04 06:12:33.900 | info     |           Metal | Device kernel duration perf summary (device=0): count=1, min=298565430ns, avg=298565430.0ns, max=298565430ns (profiler_analysis.cpp:652)
2026-06-04 06:12:33.900 | info     |           Metal | Device kernel duration perf histogram (device=0): (buckets=10, bucket_size=100ns, range=[298565400..298566400), underflow(<298565400ns)=0, overflow(>=298566400ns)=0) (profiler_analysis.cpp:695)
2026-06-04 06:12:33.900 | info     |           Metal |   [   298565400 ..    298565500) |########################################|        1 (profiler_analysis.cpp:700)
2026-06-04 06:12:33.900 | info     |           Metal |   [   298565500 ..    298565600) |                                        |        0 (profiler_analysis.cpp:700)
2026-06-04 06:12:33.900 | info     |           Metal |   [   298565600 ..    298565700) |                                        |        0 (profiler_analysis.cpp:700)
2026-06-04 06:12:33.900 | info     |           Metal |   [   298565700 ..    298565800) |                                        |        0 (profiler_analysis.cpp:700)
2026-06-04 06:12:33.900 | info     |           Metal |   [   298565800 ..    298565900) |                                        |        0 (profiler_analysis.cpp:700)
2026-06-04 06:12:33.900 | info     |           Metal |   [   298565900 ..    298566000) |                                        |        0 (profiler_analysis.cpp:700)
2026-06-04 06:12:33.900 | info     |           Metal |   [   298566000 ..    298566100) |                                        |        0 (profiler_analysis.cpp:700)
2026-06-04 06:12:33.900 | info     |           Metal |   [   298566100 ..    298566200) |                                        |        0 (profiler_analysis.cpp:700)
2026-06-04 06:12:33.900 | info     |           Metal |   [   298566200 ..    298566300) |                                        |        0 (profiler_analysis.cpp:700)
2026-06-04 06:12:33.900 | info     |           Metal |   [   298566300 ..    298566400) |                                        |        0 (profiler_analysis.cpp:700)
[run]   view=hero 322.9ms
[SUBCHUNK] tiles_split=118 total_subchunks=1159 max_subchunks_per_tile=4 payload_pages=1768042
[SORT] stage=RP P=3535561 P_kept=3535561 num_tiles=1024 max_tile_n=26272 bin=44.36 up=0.05 kernel=0.03 d2h=0.00 compact=0.00 publish=0.07 mat=0.00 total=44.57ms
[SUBCHUNK] materialize_ms=27.99
2026-06-04 06:12:34.242 | info     |           Metal | Device kernel duration perf summary (device=0): count=1, min=315991313ns, avg=315991313.0ns, max=315991313ns (profiler_analysis.cpp:652)
2026-06-04 06:12:34.242 | info     |           Metal | Device kernel duration perf histogram (device=0): (buckets=10, bucket_size=100ns, range=[315991300..315992300), underflow(<315991300ns)=0, overflow(>=315992300ns)=0) (profiler_analysis.cpp:695)
2026-06-04 06:12:34.242 | info     |           Metal |   [   315991300 ..    315991400) |########################################|        1 (profiler_analysis.cpp:700)
2026-06-04 06:12:34.242 | info     |           Metal |   [   315991400 ..    315991500) |                                        |        0 (profiler_analysis.cpp:700)
2026-06-04 06:12:34.242 | info     |           Metal |   [   315991500 ..    315991600) |                                        |        0 (profiler_analysis.cpp:700)
2026-06-04 06:12:34.242 | info     |           Metal |   [   315991600 ..    315991700) |                                        |        0 (profiler_analysis.cpp:700)
2026-06-04 06:12:34.242 | info     |           Metal |   [   315991700 ..    315991800) |                                        |        0 (profiler_analysis.cpp:700)
2026-06-04 06:12:34.242 | info     |           Metal |   [   315991800 ..    315991900) |                                        |        0 (profiler_analysis.cpp:700)
2026-06-04 06:12:34.242 | info     |           Metal |   [   315991900 ..    315992000) |                                        |        0 (profiler_analysis.cpp:700)
2026-06-04 06:12:34.242 | info     |           Metal |   [   315992000 ..    315992100) |                                        |        0 (profiler_analysis.cpp:700)
2026-06-04 06:12:34.242 | info     |           Metal |   [   315992100 ..    315992200) |                                        |        0 (profiler_analysis.cpp:700)
2026-06-04 06:12:34.242 | info     |           Metal |   [   315992200 ..    315992300) |                                        |        0 (profiler_analysis.cpp:700)
[run]   view=orbit_01 340.1ms
[SUBCHUNK] tiles_split=124 total_subchunks=1173 max_subchunks_per_tile=3 payload_pages=1802029
[SORT] stage=RP P=3603555 P_kept=3603555 num_tiles=1024 max_tile_n=25152 bin=45.27 up=0.02 kernel=0.02 d2h=0.00 compact=0.00 publish=0.06 mat=0.00 total=45.44ms
[SUBCHUNK] materialize_ms=27.15
2026-06-04 06:12:34.582 | info     |           Metal | Device kernel duration perf summary (device=0): count=1, min=315936842ns, avg=315936842.0ns, max=315936842ns (profiler_analysis.cpp:652)
2026-06-04 06:12:34.582 | info     |           Metal | Device kernel duration perf histogram (device=0): (buckets=10, bucket_size=100ns, range=[315936800..315937800), underflow(<315936800ns)=0, overflow(>=315937800ns)=0) (profiler_analysis.cpp:695)
2026-06-04 06:12:34.582 | info     |           Metal |   [   315936800 ..    315936900) |########################################|        1 (profiler_analysis.cpp:700)
2026-06-04 06:12:34.582 | info     |           Metal |   [   315936900 ..    315937000) |                                        |        0 (profiler_analysis.cpp:700)
2026-06-04 06:12:34.582 | info     |           Metal |   [   315937000 ..    315937100) |                                        |        0 (profiler_analysis.cpp:700)
2026-06-04 06:12:34.582 | info     |           Metal |   [   315937100 ..    315937200) |                                        |        0 (profiler_analysis.cpp:700)
2026-06-04 06:12:34.582 | info     |           Metal |   [   315937200 ..    315937300) |                                        |        0 (profiler_analysis.cpp:700)
2026-06-04 06:12:34.582 | info     |           Metal |   [   315937300 ..    315937400) |                                        |        0 (profiler_analysis.cpp:700)
2026-06-04 06:12:34.582 | info     |           Metal |   [   315937400 ..    315937500) |                                        |        0 (profiler_analysis.cpp:700)
2026-06-04 06:12:34.582 | info     |           Metal |   [   315937500 ..    315937600) |                                        |        0 (profiler_analysis.cpp:700)
2026-06-04 06:12:34.582 | info     |           Metal |   [   315937600 ..    315937700) |                                        |        0 (profiler_analysis.cpp:700)
2026-06-04 06:12:34.582 | info     |           Metal |   [   315937700 ..    315937800) |                                        |        0 (profiler_analysis.cpp:700)
[run]   view=orbit_02 339.2ms
[SUBCHUNK] tiles_split=117 total_subchunks=1167 max_subchunks_per_tile=3 payload_pages=1811588
[SORT] stage=RP P=3622630 P_kept=3622630 num_tiles=1024 max_tile_n=24416 bin=45.47 up=0.02 kernel=0.03 d2h=0.00 compact=0.00 publish=0.07 mat=0.00 total=45.66ms
2026-06-04 06:12:34.923 | info     |           Metal | Device kernel duration perf summary (device=0): count=1, min=316263589ns, avg=316263589.0ns, max=316263589ns (profiler_analysis.cpp:652)
2026-06-04 06:12:34.923 | info     |           Metal | Device kernel duration perf histogram (device=0): (buckets=10, bucket_size=100ns, range=[316263500..316264500), underflow(<316263500ns)=0, overflow(>=316264500ns)=0) (profiler_analysis.cpp:695)
2026-06-04 06:12:34.923 | info     |           Metal |   [   316263500 ..    316263600) |########################################|        1 (profiler_analysis.cpp:700)
2026-06-04 06:12:34.923 | info     |           Metal |   [   316263600 ..    316263700) |                                        |        0 (profiler_analysis.cpp:700)
2026-06-04 06:12:34.923 | info     |           Metal |   [   316263700 ..    316263800) |                                        |        0 (profiler_analysis.cpp:700)
2026-06-04 06:12:34.923 | info     |           Metal |   [   316263800 ..    316263900) |                                        |        0 (profiler_analysis.cpp:700)
2026-06-04 06:12:34.923 | info     |           Metal |   [   316263900 ..    316264000) |                                        |        0 (profiler_analysis.cpp:700)
2026-06-04 06:12:34.923 | info     |           Metal |   [   316264000 ..    316264100) |                                        |        0 (profiler_analysis.cpp:700)
2026-06-04 06:12:34.923 | info     |           Metal |   [   316264100 ..    316264200) |                                        |        0 (profiler_analysis.cpp:700)
2026-06-04 06:12:34.923 | info     |           Metal |   [   316264200 ..    316264300) |                                        |        0 (profiler_analysis.cpp:700)
2026-06-04 06:12:34.923 | info     |           Metal |   [   316264300 ..    316264400) |                                        |        0 (profiler_analysis.cpp:700)
2026-06-04 06:12:34.923 | info     |           Metal |   [   316264400 ..    316264500) |                                        |        0 (profiler_analysis.cpp:700)
[SUBCHUNK] materialize_ms=26.81
[run]   view=orbit_03 339.7ms
[SUBCHUNK] tiles_split=119 total_subchunks=1171 max_subchunks_per_tile=3 payload_pages=1810641
[SORT] stage=RP P=3620780 P_kept=3620780 num_tiles=1024 max_tile_n=25200 bin=45.26 up=0.02 kernel=0.02 d2h=0.00 compact=0.00 publish=0.04 mat=0.00 total=45.40ms
[SUBCHUNK] materialize_ms=27.41
2026-06-04 06:12:35.257 | info     |           Metal | Device kernel duration perf summary (device=0): count=1, min=309326830ns, avg=309326830.0ns, max=309326830ns (profiler_analysis.cpp:652)
2026-06-04 06:12:35.257 | info     |           Metal | Device kernel duration perf histogram (device=0): (buckets=10, bucket_size=100ns, range=[309326800..309327800), underflow(<309326800ns)=0, overflow(>=309327800ns)=0) (profiler_analysis.cpp:695)
2026-06-04 06:12:35.257 | info     |           Metal |   [   309326800 ..    309326900) |########################################|        1 (profiler_analysis.cpp:700)
2026-06-04 06:12:35.257 | info     |           Metal |   [   309326900 ..    309327000) |                                        |        0 (profiler_analysis.cpp:700)
2026-06-04 06:12:35.257 | info     |           Metal |   [   309327000 ..    309327100) |                                        |        0 (profiler_analysis.cpp:700)
2026-06-04 06:12:35.257 | info     |           Metal |   [   309327100 ..    309327200) |                                        |        0 (profiler_analysis.cpp:700)
2026-06-04 06:12:35.257 | info     |           Metal |   [   309327200 ..    309327300) |                                        |        0 (profiler_analysis.cpp:700)
2026-06-04 06:12:35.257 | info     |           Metal |   [   309327300 ..    309327400) |                                        |        0 (profiler_analysis.cpp:700)
2026-06-04 06:12:35.257 | info     |           Metal |   [   309327400 ..    309327500) |                                        |        0 (profiler_analysis.cpp:700)
2026-06-04 06:12:35.257 | info     |           Metal |   [   309327500 ..    309327600) |                                        |        0 (profiler_analysis.cpp:700)
2026-06-04 06:12:35.257 | info     |           Metal |   [   309327600 ..    309327700) |                                        |        0 (profiler_analysis.cpp:700)
2026-06-04 06:12:35.257 | info     |           Metal |   [   309327700 ..    309327800) |                                        |        0 (profiler_analysis.cpp:700)
[run]   view=orbit_04 333.2ms
[SUBCHUNK] tiles_split=126 total_subchunks=1178 max_subchunks_per_tile=3 payload_pages=1811655
[SORT] stage=RP P=3622797 P_kept=3622797 num_tiles=1024 max_tile_n=23552 bin=45.51 up=0.02 kernel=0.02 d2h=0.00 compact=0.00 publish=0.05 mat=0.00 total=45.66ms
[SUBCHUNK] materialize_ms=26.36
2026-06-04 06:12:35.598 | info     |           Metal | Device kernel duration perf summary (device=0): count=1, min=315827779ns, avg=315827779.0ns, max=315827779ns (profiler_analysis.cpp:652)
2026-06-04 06:12:35.598 | info     |           Metal | Device kernel duration perf histogram (device=0): (buckets=10, bucket_size=100ns, range=[315827700..315828700), underflow(<315827700ns)=0, overflow(>=315828700ns)=0) (profiler_analysis.cpp:695)
2026-06-04 06:12:35.598 | info     |           Metal |   [   315827700 ..    315827800) |########################################|        1 (profiler_analysis.cpp:700)
2026-06-04 06:12:35.598 | info     |           Metal |   [   315827800 ..    315827900) |                                        |        0 (profiler_analysis.cpp:700)
2026-06-04 06:12:35.598 | info     |           Metal |   [   315827900 ..    315828000) |                                        |        0 (profiler_analysis.cpp:700)
2026-06-04 06:12:35.598 | info     |           Metal |   [   315828000 ..    315828100) |                                        |        0 (profiler_analysis.cpp:700)
2026-06-04 06:12:35.598 | info     |           Metal |   [   315828100 ..    315828200) |                                        |        0 (profiler_analysis.cpp:700)
2026-06-04 06:12:35.598 | info     |           Metal |   [   315828200 ..    315828300) |                                        |        0 (profiler_analysis.cpp:700)
2026-06-04 06:12:35.598 | info     |           Metal |   [   315828300 ..    315828400) |                                        |        0 (profiler_analysis.cpp:700)
2026-06-04 06:12:35.598 | info     |           Metal |   [   315828400 ..    315828500) |                                        |        0 (profiler_analysis.cpp:700)
2026-06-04 06:12:35.598 | info     |           Metal |   [   315828500 ..    315828600) |                                        |        0 (profiler_analysis.cpp:700)
2026-06-04 06:12:35.598 | info     |           Metal |   [   315828600 ..    315828700) |                                        |        0 (profiler_analysis.cpp:700)
[run]   view=orbit_05 339.6ms
[SUBCHUNK] tiles_split=124 total_subchunks=1170 max_subchunks_per_tile=3 payload_pages=1803807
[SORT] stage=RP P=3607134 P_kept=3607134 num_tiles=1024 max_tile_n=25040 bin=45.16 up=0.02 kernel=0.02 d2h=0.00 compact=0.00 publish=0.04 mat=0.00 total=45.31ms
[SUBCHUNK] materialize_ms=27.34
2026-06-04 06:12:35.931 | info     |           Metal | Device kernel duration perf summary (device=0): count=1, min=309022504ns, avg=309022504.0ns, max=309022504ns (profiler_analysis.cpp:652)
2026-06-04 06:12:35.931 | info     |           Metal | Device kernel duration perf histogram (device=0): (buckets=10, bucket_size=100ns, range=[309022500..309023500), underflow(<309022500ns)=0, overflow(>=309023500ns)=0) (profiler_analysis.cpp:695)
2026-06-04 06:12:35.931 | info     |           Metal |   [   309022500 ..    309022600) |########################################|        1 (profiler_analysis.cpp:700)
2026-06-04 06:12:35.931 | info     |           Metal |   [   309022600 ..    309022700) |                                        |        0 (profiler_analysis.cpp:700)
2026-06-04 06:12:35.931 | info     |           Metal |   [   309022700 ..    309022800) |                                        |        0 (profiler_analysis.cpp:700)
2026-06-04 06:12:35.931 | info     |           Metal |   [   309022800 ..    309022900) |                                        |        0 (profiler_analysis.cpp:700)
2026-06-04 06:12:35.931 | info     |           Metal |   [   309022900 ..    309023000) |                                        |        0 (profiler_analysis.cpp:700)
2026-06-04 06:12:35.931 | info     |           Metal |   [   309023000 ..    309023100) |                                        |        0 (profiler_analysis.cpp:700)
2026-06-04 06:12:35.931 | info     |           Metal |   [   309023100 ..    309023200) |                                        |        0 (profiler_analysis.cpp:700)
2026-06-04 06:12:35.931 | info     |           Metal |   [   309023200 ..    309023300) |                                        |        0 (profiler_analysis.cpp:700)
2026-06-04 06:12:35.931 | info     |           Metal |   [   309023300 ..    309023400) |                                        |        0 (profiler_analysis.cpp:700)
2026-06-04 06:12:35.931 | info     |           Metal |   [   309023400 ..    309023500) |                                        |        0 (profiler_analysis.cpp:700)
[run]   view=orbit_06 332.1ms
[SUBCHUNK] tiles_split=119 total_subchunks=1159 max_subchunks_per_tile=4 payload_pages=1774326
[SORT] stage=RP P=3548136 P_kept=3548136 num_tiles=1024 max_tile_n=26816 bin=44.53 up=0.02 kernel=0.02 d2h=0.00 compact=0.00 publish=0.04 mat=0.00 total=44.68ms
[SUBCHUNK] materialize_ms=28.22
2026-06-04 06:12:36.264 | info     |           Metal | Device kernel duration perf summary (device=0): count=1, min=307941290ns, avg=307941290.0ns, max=307941290ns (profiler_analysis.cpp:652)
2026-06-04 06:12:36.264 | info     |           Metal | Device kernel duration perf histogram (device=0): (buckets=10, bucket_size=100ns, range=[307941200..307942200), underflow(<307941200ns)=0, overflow(>=307942200ns)=0) (profiler_analysis.cpp:695)
2026-06-04 06:12:36.264 | info     |           Metal |   [   307941200 ..    307941300) |########################################|        1 (profiler_analysis.cpp:700)
2026-06-04 06:12:36.264 | info     |           Metal |   [   307941300 ..    307941400) |                                        |        0 (profiler_analysis.cpp:700)
2026-06-04 06:12:36.264 | info     |           Metal |   [   307941400 ..    307941500) |                                        |        0 (profiler_analysis.cpp:700)
2026-06-04 06:12:36.264 | info     |           Metal |   [   307941500 ..    307941600) |                                        |        0 (profiler_analysis.cpp:700)
2026-06-04 06:12:36.264 | info     |           Metal |   [   307941600 ..    307941700) |                                        |        0 (profiler_analysis.cpp:700)
2026-06-04 06:12:36.264 | info     |           Metal |   [   307941700 ..    307941800) |                                        |        0 (profiler_analysis.cpp:700)
2026-06-04 06:12:36.264 | info     |           Metal |   [   307941800 ..    307941900) |                                        |        0 (profiler_analysis.cpp:700)
2026-06-04 06:12:36.264 | info     |           Metal |   [   307941900 ..    307942000) |                                        |        0 (profiler_analysis.cpp:700)
2026-06-04 06:12:36.264 | info     |           Metal |   [   307942000 ..    307942100) |                                        |        0 (profiler_analysis.cpp:700)
2026-06-04 06:12:36.264 | info     |           Metal |   [   307942100 ..    307942200) |                                        |        0 (profiler_analysis.cpp:700)
[run]   view=orbit_07 331.4ms
[SUBCHUNK] tiles_split=105 total_subchunks=1139 max_subchunks_per_tile=3 payload_pages=1727767
[SORT] stage=RP P=3455005 P_kept=3455005 num_tiles=1024 max_tile_n=25024 bin=43.54 up=0.02 kernel=0.03 d2h=0.00 compact=0.00 publish=0.04 mat=0.00 total=43.69ms
[SUBCHUNK] materialize_ms=26.65
2026-06-04 06:12:36.586 | info     |           Metal | Device kernel duration perf summary (device=0): count=1, min=298414561ns, avg=298414561.0ns, max=298414561ns (profiler_analysis.cpp:652)
2026-06-04 06:12:36.586 | info     |           Metal | Device kernel duration perf histogram (device=0): (buckets=10, bucket_size=100ns, range=[298414500..298415500), underflow(<298414500ns)=0, overflow(>=298415500ns)=0) (profiler_analysis.cpp:695)
2026-06-04 06:12:36.586 | info     |           Metal |   [   298414500 ..    298414600) |########################################|        1 (profiler_analysis.cpp:700)
2026-06-04 06:12:36.586 | info     |           Metal |   [   298414600 ..    298414700) |                                        |        0 (profiler_analysis.cpp:700)
2026-06-04 06:12:36.586 | info     |           Metal |   [   298414700 ..    298414800) |                                        |        0 (profiler_analysis.cpp:700)
2026-06-04 06:12:36.586 | info     |           Metal |   [   298414800 ..    298414900) |                                        |        0 (profiler_analysis.cpp:700)
2026-06-04 06:12:36.586 | info     |           Metal |   [   298414900 ..    298415000) |                                        |        0 (profiler_analysis.cpp:700)
2026-06-04 06:12:36.586 | info     |           Metal |   [   298415000 ..    298415100) |                                        |        0 (profiler_analysis.cpp:700)
2026-06-04 06:12:36.586 | info     |           Metal |   [   298415100 ..    298415200) |                                        |        0 (profiler_analysis.cpp:700)
2026-06-04 06:12:36.586 | info     |           Metal |   [   298415200 ..    298415300) |                                        |        0 (profiler_analysis.cpp:700)
2026-06-04 06:12:36.586 | info     |           Metal |   [   298415300 ..    298415400) |                                        |        0 (profiler_analysis.cpp:700)
2026-06-04 06:12:36.586 | info     |           Metal |   [   298415400 ..    298415500) |                                        |        0 (profiler_analysis.cpp:700)
[run]   view=orbit_08 321.5ms
[SUBCHUNK] tiles_split=107 total_subchunks=1144 max_subchunks_per_tile=3 payload_pages=1699096
[SORT] stage=RP P=3397687 P_kept=3397687 num_tiles=1024 max_tile_n=22176 bin=42.90 up=0.02 kernel=0.02 d2h=0.00 compact=0.00 publish=0.04 mat=0.00 total=43.05ms
[SUBCHUNK] materialize_ms=24.71
2026-06-04 06:12:36.903 | info     |           Metal | Device kernel duration perf summary (device=0): count=1, min=291544923ns, avg=291544923.0ns, max=291544923ns (profiler_analysis.cpp:652)
2026-06-04 06:12:36.903 | info     |           Metal | Device kernel duration perf histogram (device=0): (buckets=10, bucket_size=100ns, range=[291544900..291545900), underflow(<291544900ns)=0, overflow(>=291545900ns)=0) (profiler_analysis.cpp:695)
2026-06-04 06:12:36.903 | info     |           Metal |   [   291544900 ..    291545000) |########################################|        1 (profiler_analysis.cpp:700)
2026-06-04 06:12:36.903 | info     |           Metal |   [   291545000 ..    291545100) |                                        |        0 (profiler_analysis.cpp:700)
2026-06-04 06:12:36.903 | info     |           Metal |   [   291545100 ..    291545200) |                                        |        0 (profiler_analysis.cpp:700)
2026-06-04 06:12:36.903 | info     |           Metal |   [   291545200 ..    291545300) |                                        |        0 (profiler_analysis.cpp:700)
2026-06-04 06:12:36.903 | info     |           Metal |   [   291545300 ..    291545400) |                                        |        0 (profiler_analysis.cpp:700)
2026-06-04 06:12:36.903 | info     |           Metal |   [   291545400 ..    291545500) |                                        |        0 (profiler_analysis.cpp:700)
2026-06-04 06:12:36.903 | info     |           Metal |   [   291545500 ..    291545600) |                                        |        0 (profiler_analysis.cpp:700)
2026-06-04 06:12:36.903 | info     |           Metal |   [   291545600 ..    291545700) |                                        |        0 (profiler_analysis.cpp:700)
2026-06-04 06:12:36.903 | info     |           Metal |   [   291545700 ..    291545800) |                                        |        0 (profiler_analysis.cpp:700)
2026-06-04 06:12:36.903 | info     |           Metal |   [   291545800 ..    291545900) |                                        |        0 (profiler_analysis.cpp:700)
[run]   view=orbit_09 315.6ms
[SUBCHUNK] tiles_split=101 total_subchunks=1137 max_subchunks_per_tile=3 payload_pages=1677004
[SORT] stage=RP P=3353492 P_kept=3353492 num_tiles=1024 max_tile_n=23776 bin=42.39 up=0.02 kernel=0.02 d2h=0.00 compact=0.00 publish=0.04 mat=0.00 total=42.54ms
[SUBCHUNK] materialize_ms=25.75
2026-06-04 06:12:37.218 | info     |           Metal | Device kernel duration perf summary (device=0): count=1, min=290835639ns, avg=290835639.0ns, max=290835639ns (profiler_analysis.cpp:652)
2026-06-04 06:12:37.218 | info     |           Metal | Device kernel duration perf histogram (device=0): (buckets=10, bucket_size=100ns, range=[290835600..290836600), underflow(<290835600ns)=0, overflow(>=290836600ns)=0) (profiler_analysis.cpp:695)
2026-06-04 06:12:37.218 | info     |           Metal |   [   290835600 ..    290835700) |########################################|        1 (profiler_analysis.cpp:700)
2026-06-04 06:12:37.218 | info     |           Metal |   [   290835700 ..    290835800) |                                        |        0 (profiler_analysis.cpp:700)
2026-06-04 06:12:37.218 | info     |           Metal |   [   290835800 ..    290835900) |                                        |        0 (profiler_analysis.cpp:700)
2026-06-04 06:12:37.218 | info     |           Metal |   [   290835900 ..    290836000) |                                        |        0 (profiler_analysis.cpp:700)
2026-06-04 06:12:37.218 | info     |           Metal |   [   290836000 ..    290836100) |                                        |        0 (profiler_analysis.cpp:700)
2026-06-04 06:12:37.218 | info     |           Metal |   [   290836100 ..    290836200) |                                        |        0 (profiler_analysis.cpp:700)
2026-06-04 06:12:37.218 | info     |           Metal |   [   290836200 ..    290836300) |                                        |        0 (profiler_analysis.cpp:700)
2026-06-04 06:12:37.218 | info     |           Metal |   [   290836300 ..    290836400) |                                        |        0 (profiler_analysis.cpp:700)
2026-06-04 06:12:37.218 | info     |           Metal |   [   290836400 ..    290836500) |                                        |        0 (profiler_analysis.cpp:700)
2026-06-04 06:12:37.218 | info     |           Metal |   [   290836500 ..    290836600) |                                        |        0 (profiler_analysis.cpp:700)
[run]   view=orbit_10 313.3ms
[SUBCHUNK] tiles_split=103 total_subchunks=1137 max_subchunks_per_tile=3 payload_pages=1662568
[SORT] stage=RP P=3324622 P_kept=3324622 num_tiles=1024 max_tile_n=25360 bin=42.01 up=0.02 kernel=0.03 d2h=0.00 compact=0.00 publish=0.04 mat=0.00 total=42.17ms
[SUBCHUNK] materialize_ms=26.67
2026-06-04 06:12:37.535 | info     |           Metal | Device kernel duration perf summary (device=0): count=1, min=291929084ns, avg=291929084.0ns, max=291929084ns (profiler_analysis.cpp:652)
2026-06-04 06:12:37.535 | info     |           Metal | Device kernel duration perf histogram (device=0): (buckets=10, bucket_size=100ns, range=[291929000..291930000), underflow(<291929000ns)=0, overflow(>=291930000ns)=0) (profiler_analysis.cpp:695)
2026-06-04 06:12:37.535 | info     |           Metal |   [   291929000 ..    291929100) |########################################|        1 (profiler_analysis.cpp:700)
2026-06-04 06:12:37.535 | info     |           Metal |   [   291929100 ..    291929200) |                                        |        0 (profiler_analysis.cpp:700)
2026-06-04 06:12:37.535 | info     |           Metal |   [   291929200 ..    291929300) |                                        |        0 (profiler_analysis.cpp:700)
2026-06-04 06:12:37.535 | info     |           Metal |   [   291929300 ..    291929400) |                                        |        0 (profiler_analysis.cpp:700)
2026-06-04 06:12:37.535 | info     |           Metal |   [   291929400 ..    291929500) |                                        |        0 (profiler_analysis.cpp:700)
2026-06-04 06:12:37.535 | info     |           Metal |   [   291929500 ..    291929600) |                                        |        0 (profiler_analysis.cpp:700)
2026-06-04 06:12:37.535 | info     |           Metal |   [   291929600 ..    291929700) |                                        |        0 (profiler_analysis.cpp:700)
2026-06-04 06:12:37.535 | info     |           Metal |   [   291929700 ..    291929800) |                                        |        0 (profiler_analysis.cpp:700)
2026-06-04 06:12:37.535 | info     |           Metal |   [   291929800 ..    291929900) |                                        |        0 (profiler_analysis.cpp:700)
2026-06-04 06:12:37.535 | info     |           Metal |   [   291929900 ..    291930000) |                                        |        0 (profiler_analysis.cpp:700)
[run]   view=orbit_11 316.3ms
[SUBCHUNK] tiles_split=99 total_subchunks=1134 max_subchunks_per_tile=4 payload_pages=1661059
[SORT] stage=RP P=3321611 P_kept=3321611 num_tiles=1024 max_tile_n=26064 bin=42.02 up=0.02 kernel=0.02 d2h=0.00 compact=0.00 publish=0.04 mat=0.00 total=42.17ms
[SUBCHUNK] materialize_ms=27.40
2026-06-04 06:12:37.855 | info     |           Metal | Device kernel duration perf summary (device=0): count=1, min=295278444ns, avg=295278444.0ns, max=295278444ns (profiler_analysis.cpp:652)
2026-06-04 06:12:37.855 | info     |           Metal | Device kernel duration perf histogram (device=0): (buckets=10, bucket_size=100ns, range=[295278400..295279400), underflow(<295278400ns)=0, overflow(>=295279400ns)=0) (profiler_analysis.cpp:695)
2026-06-04 06:12:37.855 | info     |           Metal |   [   295278400 ..    295278500) |########################################|        1 (profiler_analysis.cpp:700)
2026-06-04 06:12:37.855 | info     |           Metal |   [   295278500 ..    295278600) |                                        |        0 (profiler_analysis.cpp:700)
2026-06-04 06:12:37.855 | info     |           Metal |   [   295278600 ..    295278700) |                                        |        0 (profiler_analysis.cpp:700)
2026-06-04 06:12:37.855 | info     |           Metal |   [   295278700 ..    295278800) |                                        |        0 (profiler_analysis.cpp:700)
2026-06-04 06:12:37.855 | info     |           Metal |   [   295278800 ..    295278900) |                                        |        0 (profiler_analysis.cpp:700)
2026-06-04 06:12:37.855 | info     |           Metal |   [   295278900 ..    295279000) |                                        |        0 (profiler_analysis.cpp:700)
2026-06-04 06:12:37.855 | info     |           Metal |   [   295279000 ..    295279100) |                                        |        0 (profiler_analysis.cpp:700)
2026-06-04 06:12:37.855 | info     |           Metal |   [   295279100 ..    295279200) |                                        |        0 (profiler_analysis.cpp:700)
2026-06-04 06:12:37.855 | info     |           Metal |   [   295279200 ..    295279300) |                                        |        0 (profiler_analysis.cpp:700)
2026-06-04 06:12:37.855 | info     |           Metal |   [   295279300 ..    295279400) |                                        |        0 (profiler_analysis.cpp:700)
[run]   view=orbit_12 319.3ms
[SUBCHUNK] tiles_split=101 total_subchunks=1137 max_subchunks_per_tile=3 payload_pages=1672251
[SORT] stage=RP P=3343983 P_kept=3343983 num_tiles=1024 max_tile_n=24656 bin=42.24 up=0.02 kernel=0.02 d2h=0.00 compact=0.00 publish=0.04 mat=0.00 total=42.37ms
[SUBCHUNK] materialize_ms=26.23
2026-06-04 06:12:38.170 | info     |           Metal | Device kernel duration perf summary (device=0): count=1, min=290479845ns, avg=290479845.0ns, max=290479845ns (profiler_analysis.cpp:652)
2026-06-04 06:12:38.170 | info     |           Metal | Device kernel duration perf histogram (device=0): (buckets=10, bucket_size=100ns, range=[290479800..290480800), underflow(<290479800ns)=0, overflow(>=290480800ns)=0) (profiler_analysis.cpp:695)
2026-06-04 06:12:38.170 | info     |           Metal |   [   290479800 ..    290479900) |########################################|        1 (profiler_analysis.cpp:700)
2026-06-04 06:12:38.170 | info     |           Metal |   [   290479900 ..    290480000) |                                        |        0 (profiler_analysis.cpp:700)
2026-06-04 06:12:38.170 | info     |           Metal |   [   290480000 ..    290480100) |                                        |        0 (profiler_analysis.cpp:700)
2026-06-04 06:12:38.170 | info     |           Metal |   [   290480100 ..    290480200) |                                        |        0 (profiler_analysis.cpp:700)
2026-06-04 06:12:38.170 | info     |           Metal |   [   290480200 ..    290480300) |                                        |        0 (profiler_analysis.cpp:700)
2026-06-04 06:12:38.170 | info     |           Metal |   [   290480300 ..    290480400) |                                        |        0 (profiler_analysis.cpp:700)
2026-06-04 06:12:38.170 | info     |           Metal |   [   290480400 ..    290480500) |                                        |        0 (profiler_analysis.cpp:700)
2026-06-04 06:12:38.170 | info     |           Metal |   [   290480500 ..    290480600) |                                        |        0 (profiler_analysis.cpp:700)
2026-06-04 06:12:38.170 | info     |           Metal |   [   290480600 ..    290480700) |                                        |        0 (profiler_analysis.cpp:700)
2026-06-04 06:12:38.170 | info     |           Metal |   [   290480700 ..    290480800) |                                        |        0 (profiler_analysis.cpp:700)
[run]   view=orbit_13 313.8ms
[SUBCHUNK] tiles_split=101 total_subchunks=1135 max_subchunks_per_tile=3 payload_pages=1695913
[SORT] stage=RP P=3391321 P_kept=3391321 num_tiles=1024 max_tile_n=21424 bin=42.80 up=0.02 kernel=0.02 d2h=0.00 compact=0.00 publish=0.04 mat=0.00 total=42.93ms
[SUBCHUNK] materialize_ms=24.04
2026-06-04 06:12:38.483 | info     |           Metal | Device kernel duration perf summary (device=0): count=1, min=289078144ns, avg=289078144.0ns, max=289078144ns (profiler_analysis.cpp:652)
2026-06-04 06:12:38.483 | info     |           Metal | Device kernel duration perf histogram (device=0): (buckets=10, bucket_size=100ns, range=[289078100..289079100), underflow(<289078100ns)=0, overflow(>=289079100ns)=0) (profiler_analysis.cpp:695)
2026-06-04 06:12:38.483 | info     |           Metal |   [   289078100 ..    289078200) |########################################|        1 (profiler_analysis.cpp:700)
2026-06-04 06:12:38.483 | info     |           Metal |   [   289078200 ..    289078300) |                                        |        0 (profiler_analysis.cpp:700)
2026-06-04 06:12:38.483 | info     |           Metal |   [   289078300 ..    289078400) |                                        |        0 (profiler_analysis.cpp:700)
2026-06-04 06:12:38.483 | info     |           Metal |   [   289078400 ..    289078500) |                                        |        0 (profiler_analysis.cpp:700)
2026-06-04 06:12:38.483 | info     |           Metal |   [   289078500 ..    289078600) |                                        |        0 (profiler_analysis.cpp:700)
2026-06-04 06:12:38.483 | info     |           Metal |   [   289078600 ..    289078700) |                                        |        0 (profiler_analysis.cpp:700)
2026-06-04 06:12:38.483 | info     |           Metal |   [   289078700 ..    289078800) |                                        |        0 (profiler_analysis.cpp:700)
2026-06-04 06:12:38.483 | info     |           Metal |   [   289078800 ..    289078900) |                                        |        0 (profiler_analysis.cpp:700)
2026-06-04 06:12:38.483 | info     |           Metal |   [   289078900 ..    289079000) |                                        |        0 (profiler_analysis.cpp:700)
2026-06-04 06:12:38.483 | info     |           Metal |   [   289079000 ..    289079100) |                                        |        0 (profiler_analysis.cpp:700)
[run]   view=orbit_14 312.5ms
[SUBCHUNK] tiles_split=114 total_subchunks=1147 max_subchunks_per_tile=3 payload_pages=1715727
[SORT] stage=RP P=3430950 P_kept=3430950 num_tiles=1024 max_tile_n=24560 bin=43.20 up=0.02 kernel=0.02 d2h=0.00 compact=0.00 publish=0.04 mat=0.00 total=43.34ms
2026-06-04 06:12:38.806 | info     |           Metal | Device kernel duration perf summary (device=0): count=1, min=297342844ns, avg=297342844.0ns, max=297342844ns (profiler_analysis.cpp:652)
2026-06-04 06:12:38.806 | info     |           Metal | Device kernel duration perf histogram (device=0): (buckets=10, bucket_size=100ns, range=[297342800..297343800), underflow(<297342800ns)=0, overflow(>=297343800ns)=0) (profiler_analysis.cpp:695)
2026-06-04 06:12:38.806 | info     |           Metal |   [   297342800 ..    297342900) |########################################|        1 (profiler_analysis.cpp:700)
2026-06-04 06:12:38.806 | info     |           Metal |   [   297342900 ..    297343000) |                                        |        0 (profiler_analysis.cpp:700)
2026-06-04 06:12:38.806 | info     |           Metal |   [   297343000 ..    297343100) |                                        |        0 (profiler_analysis.cpp:700)
2026-06-04 06:12:38.806 | info     |           Metal |   [   297343100 ..    297343200) |                                        |        0 (profiler_analysis.cpp:700)
2026-06-04 06:12:38.806 | info     |           Metal |   [   297343200 ..    297343300) |                                        |        0 (profiler_analysis.cpp:700)
2026-06-04 06:12:38.806 | info     |           Metal |   [   297343300 ..    297343400) |                                        |        0 (profiler_analysis.cpp:700)
2026-06-04 06:12:38.806 | info     |           Metal |   [   297343400 ..    297343500) |                                        |        0 (profiler_analysis.cpp:700)
2026-06-04 06:12:38.806 | info     |           Metal |   [   297343500 ..    297343600) |                                        |        0 (profiler_analysis.cpp:700)
2026-06-04 06:12:38.806 | info     |           Metal |   [   297343600 ..    297343700) |                                        |        0 (profiler_analysis.cpp:700)
2026-06-04 06:12:38.806 | info     |           Metal |   [   297343700 ..    297343800) |                                        |        0 (profiler_analysis.cpp:700)
[run]   view=orbit_15 321.2ms
[SUBCHUNK] materialize_ms=26.43
[SUBCHUNK] tiles_split=110 total_subchunks=1149 max_subchunks_per_tile=4 payload_pages=1732172
[SORT] stage=RP P=3463828 P_kept=3463828 num_tiles=1024 max_tile_n=26432 bin=43.60 up=0.02 kernel=0.02 d2h=0.00 compact=0.00 publish=0.04 mat=0.00 total=43.73ms
[SUBCHUNK] materialize_ms=27.77
2026-06-04 06:12:39.130 | info     |           Metal | Device kernel duration perf summary (device=0): count=1, min=300714995ns, avg=300714995.0ns, max=300714995ns (profiler_analysis.cpp:652)
2026-06-04 06:12:39.130 | info     |           Metal | Device kernel duration perf histogram (device=0): (buckets=10, bucket_size=100ns, range=[300714900..300715900), underflow(<300714900ns)=0, overflow(>=300715900ns)=0) (profiler_analysis.cpp:695)
2026-06-04 06:12:39.130 | info     |           Metal |   [   300714900 ..    300715000) |########################################|        1 (profiler_analysis.cpp:700)
2026-06-04 06:12:39.130 | info     |           Metal |   [   300715000 ..    300715100) |                                        |        0 (profiler_analysis.cpp:700)
2026-06-04 06:12:39.130 | info     |           Metal |   [   300715100 ..    300715200) |                                        |        0 (profiler_analysis.cpp:700)
2026-06-04 06:12:39.130 | info     |           Metal |   [   300715200 ..    300715300) |                                        |        0 (profiler_analysis.cpp:700)
2026-06-04 06:12:39.130 | info     |           Metal |   [   300715300 ..    300715400) |                                        |        0 (profiler_analysis.cpp:700)
2026-06-04 06:12:39.130 | info     |           Metal |   [   300715400 ..    300715500) |                                        |        0 (profiler_analysis.cpp:700)
2026-06-04 06:12:39.130 | info     |           Metal |   [   300715500 ..    300715600) |                                        |        0 (profiler_analysis.cpp:700)
2026-06-04 06:12:39.130 | info     |           Metal |   [   300715600 ..    300715700) |                                        |        0 (profiler_analysis.cpp:700)
2026-06-04 06:12:39.130 | info     |           Metal |   [   300715700 ..    300715800) |                                        |        0 (profiler_analysis.cpp:700)
2026-06-04 06:12:39.130 | info     |           Metal |   [   300715800 ..    300715900) |                                        |        0 (profiler_analysis.cpp:700)
[run]   view=orbit_16 323.6ms
[SUBCHUNK] tiles_split=116 total_subchunks=1166 max_subchunks_per_tile=3 payload_pages=1758923
[SORT] stage=RP P=3517324 P_kept=3517324 num_tiles=1024 max_tile_n=24976 bin=43.49 up=0.02 kernel=0.02 d2h=0.00 compact=0.00 publish=0.04 mat=0.00 total=43.62ms
[SUBCHUNK] materialize_ms=27.05
2026-06-04 06:12:39.456 | info     |           Metal | Device kernel duration perf summary (device=0): count=1, min=302200214ns, avg=302200214.0ns, max=302200214ns (profiler_analysis.cpp:652)
2026-06-04 06:12:39.456 | info     |           Metal | Device kernel duration perf histogram (device=0): (buckets=10, bucket_size=100ns, range=[302200200..302201200), underflow(<302200200ns)=0, overflow(>=302201200ns)=0) (profiler_analysis.cpp:695)
2026-06-04 06:12:39.456 | info     |           Metal |   [   302200200 ..    302200300) |########################################|        1 (profiler_analysis.cpp:700)
2026-06-04 06:12:39.456 | info     |           Metal |   [   302200300 ..    302200400) |                                        |        0 (profiler_analysis.cpp:700)
2026-06-04 06:12:39.456 | info     |           Metal |   [   302200400 ..    302200500) |                                        |        0 (profiler_analysis.cpp:700)
2026-06-04 06:12:39.456 | info     |           Metal |   [   302200500 ..    302200600) |                                        |        0 (profiler_analysis.cpp:700)
2026-06-04 06:12:39.456 | info     |           Metal |   [   302200600 ..    302200700) |                                        |        0 (profiler_analysis.cpp:700)
2026-06-04 06:12:39.456 | info     |           Metal |   [   302200700 ..    302200800) |                                        |        0 (profiler_analysis.cpp:700)
2026-06-04 06:12:39.456 | info     |           Metal |   [   302200800 ..    302200900) |                                        |        0 (profiler_analysis.cpp:700)
2026-06-04 06:12:39.456 | info     |           Metal |   [   302200900 ..    302201000) |                                        |        0 (profiler_analysis.cpp:700)
2026-06-04 06:12:39.456 | info     |           Metal |   [   302201000 ..    302201100) |                                        |        0 (profiler_analysis.cpp:700)
2026-06-04 06:12:39.456 | info     |           Metal |   [   302201100 ..    302201200) |                                        |        0 (profiler_analysis.cpp:700)
[run]   view=orbit_17 324.5ms
[SUBCHUNK] tiles_split=108 total_subchunks=1159 max_subchunks_per_tile=3 payload_pages=1753708
[SORT] stage=RP P=3506904 P_kept=3506904 num_tiles=1024 max_tile_n=23680 bin=43.89 up=0.02 kernel=0.02 d2h=0.00 compact=0.00 publish=0.05 mat=0.00 total=44.05ms
[SUBCHUNK] materialize_ms=25.96
2026-06-04 06:12:39.779 | info     |           Metal | Device kernel duration perf summary (device=0): count=1, min=298346773ns, avg=298346773.0ns, max=298346773ns (profiler_analysis.cpp:652)
2026-06-04 06:12:39.779 | info     |           Metal | Device kernel duration perf histogram (device=0): (buckets=10, bucket_size=100ns, range=[298346700..298347700), underflow(<298346700ns)=0, overflow(>=298347700ns)=0) (profiler_analysis.cpp:695)
2026-06-04 06:12:39.779 | info     |           Metal |   [   298346700 ..    298346800) |########################################|        1 (profiler_analysis.cpp:700)
2026-06-04 06:12:39.779 | info     |           Metal |   [   298346800 ..    298346900) |                                        |        0 (profiler_analysis.cpp:700)
2026-06-04 06:12:39.779 | info     |           Metal |   [   298346900 ..    298347000) |                                        |        0 (profiler_analysis.cpp:700)
2026-06-04 06:12:39.779 | info     |           Metal |   [   298347000 ..    298347100) |                                        |        0 (profiler_analysis.cpp:700)
2026-06-04 06:12:39.779 | info     |           Metal |   [   298347100 ..    298347200) |                                        |        0 (profiler_analysis.cpp:700)
2026-06-04 06:12:39.779 | info     |           Metal |   [   298347200 ..    298347300) |                                        |        0 (profiler_analysis.cpp:700)
2026-06-04 06:12:39.779 | info     |           Metal |   [   298347300 ..    298347400) |                                        |        0 (profiler_analysis.cpp:700)
2026-06-04 06:12:39.779 | info     |           Metal |   [   298347400 ..    298347500) |                                        |        0 (profiler_analysis.cpp:700)
2026-06-04 06:12:39.779 | info     |           Metal |   [   298347500 ..    298347600) |                                        |        0 (profiler_analysis.cpp:700)
2026-06-04 06:12:39.779 | info     |           Metal |   [   298347600 ..    298347700) |                                        |        0 (profiler_analysis.cpp:700)
[run]   view=orbit_18 322.5ms
[SUBCHUNK] tiles_split=107 total_subchunks=1158 max_subchunks_per_tile=3 payload_pages=1740576
[SORT] stage=RP P=3480657 P_kept=3480657 num_tiles=1024 max_tile_n=23840 bin=43.77 up=0.02 kernel=0.02 d2h=0.00 compact=0.00 publish=0.04 mat=0.00 total=43.91ms
[SUBCHUNK] materialize_ms=26.12
2026-06-04 06:12:40.102 | info     |           Metal | Device kernel duration perf summary (device=0): count=1, min=297987830ns, avg=297987830.0ns, max=297987830ns (profiler_analysis.cpp:652)
2026-06-04 06:12:40.102 | info     |           Metal | Device kernel duration perf histogram (device=0): (buckets=10, bucket_size=100ns, range=[297987800..297988800), underflow(<297987800ns)=0, overflow(>=297988800ns)=0) (profiler_analysis.cpp:695)
2026-06-04 06:12:40.102 | info     |           Metal |   [   297987800 ..    297987900) |########################################|        1 (profiler_analysis.cpp:700)
2026-06-04 06:12:40.102 | info     |           Metal |   [   297987900 ..    297988000) |                                        |        0 (profiler_analysis.cpp:700)
2026-06-04 06:12:40.102 | info     |           Metal |   [   297988000 ..    297988100) |                                        |        0 (profiler_analysis.cpp:700)
2026-06-04 06:12:40.102 | info     |           Metal |   [   297988100 ..    297988200) |                                        |        0 (profiler_analysis.cpp:700)
2026-06-04 06:12:40.102 | info     |           Metal |   [   297988200 ..    297988300) |                                        |        0 (profiler_analysis.cpp:700)
2026-06-04 06:12:40.102 | info     |           Metal |   [   297988300 ..    297988400) |                                        |        0 (profiler_analysis.cpp:700)
2026-06-04 06:12:40.102 | info     |           Metal |   [   297988400 ..    297988500) |                                        |        0 (profiler_analysis.cpp:700)
2026-06-04 06:12:40.102 | info     |           Metal |   [   297988500 ..    297988600) |                                        |        0 (profiler_analysis.cpp:700)
2026-06-04 06:12:40.102 | info     |           Metal |   [   297988600 ..    297988700) |                                        |        0 (profiler_analysis.cpp:700)
2026-06-04 06:12:40.102 | info     |           Metal |   [   297988700 ..    297988800) |                                        |        0 (profiler_analysis.cpp:700)
[run]   view=orbit_19 321.2ms
[SUBCHUNK] tiles_split=110 total_subchunks=1162 max_subchunks_per_tile=3 payload_pages=1721718
[SORT] stage=RP P=3442938 P_kept=3442938 num_tiles=1024 max_tile_n=24672 bin=42.50 up=0.02 kernel=0.02 d2h=0.00 compact=0.00 publish=0.04 mat=0.00 total=42.63ms
[SUBCHUNK] materialize_ms=26.51
2026-06-04 06:12:40.422 | info     |           Metal | Device kernel duration perf summary (device=0): count=1, min=295804281ns, avg=295804281.0ns, max=295804281ns (profiler_analysis.cpp:652)
2026-06-04 06:12:40.422 | info     |           Metal | Device kernel duration perf histogram (device=0): (buckets=10, bucket_size=100ns, range=[295804200..295805200), underflow(<295804200ns)=0, overflow(>=295805200ns)=0) (profiler_analysis.cpp:695)
2026-06-04 06:12:40.422 | info     |           Metal |   [   295804200 ..    295804300) |########################################|        1 (profiler_analysis.cpp:700)
2026-06-04 06:12:40.422 | info     |           Metal |   [   295804300 ..    295804400) |                                        |        0 (profiler_analysis.cpp:700)
2026-06-04 06:12:40.422 | info     |           Metal |   [   295804400 ..    295804500) |                                        |        0 (profiler_analysis.cpp:700)
2026-06-04 06:12:40.422 | info     |           Metal |   [   295804500 ..    295804600) |                                        |        0 (profiler_analysis.cpp:700)
2026-06-04 06:12:40.422 | info     |           Metal |   [   295804600 ..    295804700) |                                        |        0 (profiler_analysis.cpp:700)
2026-06-04 06:12:40.422 | info     |           Metal |   [   295804700 ..    295804800) |                                        |        0 (profiler_analysis.cpp:700)
2026-06-04 06:12:40.422 | info     |           Metal |   [   295804800 ..    295804900) |                                        |        0 (profiler_analysis.cpp:700)
2026-06-04 06:12:40.422 | info     |           Metal |   [   295804900 ..    295805000) |                                        |        0 (profiler_analysis.cpp:700)
2026-06-04 06:12:40.422 | info     |           Metal |   [   295805000 ..    295805100) |                                        |        0 (profiler_analysis.cpp:700)
2026-06-04 06:12:40.422 | info     |           Metal |   [   295805100 ..    295805200) |                                        |        0 (profiler_analysis.cpp:700)
[run]   view=orbit_20 319.3ms
[SUBCHUNK] tiles_split=113 total_subchunks=1150 max_subchunks_per_tile=4 payload_pages=1690148
[SORT] stage=RP P=3379780 P_kept=3379780 num_tiles=1024 max_tile_n=25680 bin=42.44 up=0.02 kernel=0.02 d2h=0.00 compact=0.00 publish=0.04 mat=0.00 total=42.60ms
2026-06-04 06:12:40.744 | info     |           Metal | Device kernel duration perf summary (device=0): count=1, min=296562172ns, avg=296562172.0ns, max=296562172ns (profiler_analysis.cpp:652)
2026-06-04 06:12:40.744 | info     |           Metal | Device kernel duration perf histogram (device=0): (buckets=10, bucket_size=100ns, range=[296562100..296563100), underflow(<296562100ns)=0, overflow(>=296563100ns)=0) (profiler_analysis.cpp:695)
2026-06-04 06:12:40.744 | info     |           Metal |   [   296562100 ..    296562200) |########################################|        1 (profiler_analysis.cpp:700)
2026-06-04 06:12:40.744 | info     |           Metal |   [   296562200 ..    296562300) |                                        |        0 (profiler_analysis.cpp:700)
2026-06-04 06:12:40.744 | info     |           Metal |   [   296562300 ..    296562400) |                                        |        0 (profiler_analysis.cpp:700)
2026-06-04 06:12:40.744 | info     |           Metal |   [   296562400 ..    296562500) |                                        |        0 (profiler_analysis.cpp:700)
2026-06-04 06:12:40.744 | info     |           Metal |   [   296562500 ..    296562600) |                                        |        0 (profiler_analysis.cpp:700)
2026-06-04 06:12:40.744 | info     |           Metal |   [   296562600 ..    296562700) |                                        |        0 (profiler_analysis.cpp:700)
2026-06-04 06:12:40.744 | info     |           Metal |   [   296562700 ..    296562800) |                                        |        0 (profiler_analysis.cpp:700)
2026-06-04 06:12:40.744 | info     |           Metal |   [   296562800 ..    296562900) |                                        |        0 (profiler_analysis.cpp:700)
2026-06-04 06:12:40.744 | info     |           Metal |   [   296562900 ..    296563000) |                                        |        0 (profiler_analysis.cpp:700)
2026-06-04 06:12:40.744 | info     |           Metal |   [   296563000 ..    296563100) |                                        |        0 (profiler_analysis.cpp:700)
[SUBCHUNK] materialize_ms=27.15
[run]   view=orbit_21 322.0ms
[SUBCHUNK] tiles_split=107 total_subchunks=1142 max_subchunks_per_tile=3 payload_pages=1632146
[SORT] stage=RP P=3263772 P_kept=3263772 num_tiles=1024 max_tile_n=23024 bin=40.55 up=0.02 kernel=0.03 d2h=0.00 compact=0.00 publish=0.04 mat=0.00 total=40.70ms
2026-06-04 06:12:41.056 | info     |           Metal | Device kernel duration perf summary (device=0): count=1, min=284889046ns, avg=284889046.0ns, max=284889046ns (profiler_analysis.cpp:652)
2026-06-04 06:12:41.056 | info     |           Metal | Device kernel duration perf histogram (device=0): (buckets=10, bucket_size=100ns, range=[284889000..284890000), underflow(<284889000ns)=0, overflow(>=284890000ns)=0) (profiler_analysis.cpp:695)
2026-06-04 06:12:41.056 | info     |           Metal |   [   284889000 ..    284889100) |########################################|        1 (profiler_analysis.cpp:700)
2026-06-04 06:12:41.056 | info     |           Metal |   [   284889100 ..    284889200) |                                        |        0 (profiler_analysis.cpp:700)
2026-06-04 06:12:41.056 | info     |           Metal |   [   284889200 ..    284889300) |                                        |        0 (profiler_analysis.cpp:700)
2026-06-04 06:12:41.056 | info     |           Metal |   [   284889300 ..    284889400) |                                        |        0 (profiler_analysis.cpp:700)
2026-06-04 06:12:41.056 | info     |           Metal |   [   284889400 ..    284889500) |                                        |        0 (profiler_analysis.cpp:700)
2026-06-04 06:12:41.056 | info     |           Metal |   [   284889500 ..    284889600) |                                        |        0 (profiler_analysis.cpp:700)
2026-06-04 06:12:41.056 | info     |           Metal |   [   284889600 ..    284889700) |                                        |        0 (profiler_analysis.cpp:700)
2026-06-04 06:12:41.056 | info     |           Metal |   [   284889700 ..    284889800) |                                        |        0 (profiler_analysis.cpp:700)
2026-06-04 06:12:41.056 | info     |           Metal |   [   284889800 ..    284889900) |                                        |        0 (profiler_analysis.cpp:700)
2026-06-04 06:12:41.056 | info     |           Metal |   [   284889900 ..    284890000) |                                        |        0 (profiler_analysis.cpp:700)
[SUBCHUNK] materialize_ms=25.03
[run]   view=orbit_22 309.3ms
[SUBCHUNK] tiles_split=102 total_subchunks=1134 max_subchunks_per_tile=3 payload_pages=1601968
[SORT] stage=RP P=3203445 P_kept=3203445 num_tiles=1024 max_tile_n=19856 bin=40.52 up=0.02 kernel=0.02 d2h=0.00 compact=0.00 publish=0.04 mat=0.00 total=40.68ms
[SUBCHUNK] materialize_ms=22.13
2026-06-04 06:12:41.355 | info     |           Metal | Device kernel duration perf summary (device=0): count=1, min=273969164ns, avg=273969164.0ns, max=273969164ns (profiler_analysis.cpp:652)
2026-06-04 06:12:41.355 | info     |           Metal | Device kernel duration perf histogram (device=0): (buckets=10, bucket_size=100ns, range=[273969100..273970100), underflow(<273969100ns)=0, overflow(>=273970100ns)=0) (profiler_analysis.cpp:695)
2026-06-04 06:12:41.355 | info     |           Metal |   [   273969100 ..    273969200) |########################################|        1 (profiler_analysis.cpp:700)
2026-06-04 06:12:41.355 | info     |           Metal |   [   273969200 ..    273969300) |                                        |        0 (profiler_analysis.cpp:700)
2026-06-04 06:12:41.355 | info     |           Metal |   [   273969300 ..    273969400) |                                        |        0 (profiler_analysis.cpp:700)
2026-06-04 06:12:41.355 | info     |           Metal |   [   273969400 ..    273969500) |                                        |        0 (profiler_analysis.cpp:700)
2026-06-04 06:12:41.355 | info     |           Metal |   [   273969500 ..    273969600) |                                        |        0 (profiler_analysis.cpp:700)
2026-06-04 06:12:41.355 | info     |           Metal |   [   273969600 ..    273969700) |                                        |        0 (profiler_analysis.cpp:700)
2026-06-04 06:12:41.355 | info     |           Metal |   [   273969700 ..    273969800) |                                        |        0 (profiler_analysis.cpp:700)
2026-06-04 06:12:41.355 | info     |           Metal |   [   273969800 ..    273969900) |                                        |        0 (profiler_analysis.cpp:700)
2026-06-04 06:12:41.355 | info     |           Metal |   [   273969900 ..    273970000) |                                        |        0 (profiler_analysis.cpp:700)
2026-06-04 06:12:41.355 | info     |           Metal |   [   273970000 ..    273970100) |                                        |        0 (profiler_analysis.cpp:700)
[run]   view=orbit_23 298.9ms
[SUBCHUNK] tiles_split=97 total_subchunks=1128 max_subchunks_per_tile=3 payload_pages=1575173
[SORT] stage=RP P=3149820 P_kept=3149820 num_tiles=1024 max_tile_n=23424 bin=40.07 up=0.02 kernel=0.02 d2h=0.00 compact=0.00 publish=0.04 mat=0.00 total=40.20ms
[SUBCHUNK] materialize_ms=24.84
2026-06-04 06:12:41.658 | info     |           Metal | Device kernel duration perf summary (device=0): count=1, min=277888230ns, avg=277888230.0ns, max=277888230ns (profiler_analysis.cpp:652)
2026-06-04 06:12:41.658 | info     |           Metal | Device kernel duration perf histogram (device=0): (buckets=10, bucket_size=100ns, range=[277888200..277889200), underflow(<277888200ns)=0, overflow(>=277889200ns)=0) (profiler_analysis.cpp:695)
2026-06-04 06:12:41.658 | info     |           Metal |   [   277888200 ..    277888300) |########################################|        1 (profiler_analysis.cpp:700)
2026-06-04 06:12:41.658 | info     |           Metal |   [   277888300 ..    277888400) |                                        |        0 (profiler_analysis.cpp:700)
2026-06-04 06:12:41.658 | info     |           Metal |   [   277888400 ..    277888500) |                                        |        0 (profiler_analysis.cpp:700)
2026-06-04 06:12:41.658 | info     |           Metal |   [   277888500 ..    277888600) |                                        |        0 (profiler_analysis.cpp:700)
2026-06-04 06:12:41.658 | info     |           Metal |   [   277888600 ..    277888700) |                                        |        0 (profiler_analysis.cpp:700)
2026-06-04 06:12:41.658 | info     |           Metal |   [   277888700 ..    277888800) |                                        |        0 (profiler_analysis.cpp:700)
2026-06-04 06:12:41.658 | info     |           Metal |   [   277888800 ..    277888900) |                                        |        0 (profiler_analysis.cpp:700)
2026-06-04 06:12:41.658 | info     |           Metal |   [   277888900 ..    277889000) |                                        |        0 (profiler_analysis.cpp:700)
2026-06-04 06:12:41.658 | info     |           Metal |   [   277889000 ..    277889100) |                                        |        0 (profiler_analysis.cpp:700)
2026-06-04 06:12:41.658 | info     |           Metal |   [   277889100 ..    277889200) |                                        |        0 (profiler_analysis.cpp:700)
[run]   view=orbit_24 302.3ms
[SUBCHUNK] tiles_split=96 total_subchunks=1130 max_subchunks_per_tile=3 payload_pages=1555744
[SORT] stage=RP P=3110972 P_kept=3110972 num_tiles=1024 max_tile_n=24304 bin=39.60 up=0.02 kernel=0.02 d2h=0.00 compact=0.00 publish=0.04 mat=0.00 total=39.74ms
[SUBCHUNK] materialize_ms=25.50
2026-06-04 06:12:41.963 | info     |           Metal | Device kernel duration perf summary (device=0): count=1, min=279286850ns, avg=279286850.0ns, max=279286850ns (profiler_analysis.cpp:652)
2026-06-04 06:12:41.963 | info     |           Metal | Device kernel duration perf histogram (device=0): (buckets=10, bucket_size=100ns, range=[279286800..279287800), underflow(<279286800ns)=0, overflow(>=279287800ns)=0) (profiler_analysis.cpp:695)
2026-06-04 06:12:41.963 | info     |           Metal |   [   279286800 ..    279286900) |########################################|        1 (profiler_analysis.cpp:700)
2026-06-04 06:12:41.963 | info     |           Metal |   [   279286900 ..    279287000) |                                        |        0 (profiler_analysis.cpp:700)
2026-06-04 06:12:41.963 | info     |           Metal |   [   279287000 ..    279287100) |                                        |        0 (profiler_analysis.cpp:700)
2026-06-04 06:12:41.963 | info     |           Metal |   [   279287100 ..    279287200) |                                        |        0 (profiler_analysis.cpp:700)
2026-06-04 06:12:41.963 | info     |           Metal |   [   279287200 ..    279287300) |                                        |        0 (profiler_analysis.cpp:700)
2026-06-04 06:12:41.963 | info     |           Metal |   [   279287300 ..    279287400) |                                        |        0 (profiler_analysis.cpp:700)
2026-06-04 06:12:41.963 | info     |           Metal |   [   279287400 ..    279287500) |                                        |        0 (profiler_analysis.cpp:700)
2026-06-04 06:12:41.963 | info     |           Metal |   [   279287500 ..    279287600) |                                        |        0 (profiler_analysis.cpp:700)
2026-06-04 06:12:41.963 | info     |           Metal |   [   279287600 ..    279287700) |                                        |        0 (profiler_analysis.cpp:700)
2026-06-04 06:12:41.963 | info     |           Metal |   [   279287700 ..    279287800) |                                        |        0 (profiler_analysis.cpp:700)
[run]   view=orbit_25 303.2ms
[SUBCHUNK] tiles_split=94 total_subchunks=1128 max_subchunks_per_tile=3 payload_pages=1560437
[SORT] stage=RP P=3120361 P_kept=3120361 num_tiles=1024 max_tile_n=24416 bin=39.78 up=0.02 kernel=0.02 d2h=0.00 compact=0.00 publish=0.05 mat=0.00 total=39.92ms
[SUBCHUNK] materialize_ms=25.66
2026-06-04 06:12:42.269 | info     |           Metal | Device kernel duration perf summary (device=0): count=1, min=280410253ns, avg=280410253.0ns, max=280410253ns (profiler_analysis.cpp:652)
2026-06-04 06:12:42.269 | info     |           Metal | Device kernel duration perf histogram (device=0): (buckets=10, bucket_size=100ns, range=[280410200..280411200), underflow(<280410200ns)=0, overflow(>=280411200ns)=0) (profiler_analysis.cpp:695)
2026-06-04 06:12:42.269 | info     |           Metal |   [   280410200 ..    280410300) |########################################|        1 (profiler_analysis.cpp:700)
2026-06-04 06:12:42.269 | info     |           Metal |   [   280410300 ..    280410400) |                                        |        0 (profiler_analysis.cpp:700)
2026-06-04 06:12:42.269 | info     |           Metal |   [   280410400 ..    280410500) |                                        |        0 (profiler_analysis.cpp:700)
2026-06-04 06:12:42.269 | info     |           Metal |   [   280410500 ..    280410600) |                                        |        0 (profiler_analysis.cpp:700)
2026-06-04 06:12:42.269 | info     |           Metal |   [   280410600 ..    280410700) |                                        |        0 (profiler_analysis.cpp:700)
2026-06-04 06:12:42.269 | info     |           Metal |   [   280410700 ..    280410800) |                                        |        0 (profiler_analysis.cpp:700)
2026-06-04 06:12:42.269 | info     |           Metal |   [   280410800 ..    280410900) |                                        |        0 (profiler_analysis.cpp:700)
2026-06-04 06:12:42.269 | info     |           Metal |   [   280410900 ..    280411000) |                                        |        0 (profiler_analysis.cpp:700)
2026-06-04 06:12:42.269 | info     |           Metal |   [   280411000 ..    280411100) |                                        |        0 (profiler_analysis.cpp:700)
2026-06-04 06:12:42.269 | info     |           Metal |   [   280411100 ..    280411200) |                                        |        0 (profiler_analysis.cpp:700)
[run]   view=orbit_26 305.5ms
[SUBCHUNK] tiles_split=93 total_subchunks=1128 max_subchunks_per_tile=3 payload_pages=1581198
[SORT] stage=RP P=3161893 P_kept=3161893 num_tiles=1024 max_tile_n=25296 bin=40.21 up=0.02 kernel=0.02 d2h=0.00 compact=0.00 publish=0.04 mat=0.00 total=40.34ms
[SUBCHUNK] materialize_ms=26.25
2026-06-04 06:12:42.579 | info     |           Metal | Device kernel duration perf summary (device=0): count=1, min=283600350ns, avg=283600350.0ns, max=283600350ns (profiler_analysis.cpp:652)
2026-06-04 06:12:42.579 | info     |           Metal | Device kernel duration perf histogram (device=0): (buckets=10, bucket_size=100ns, range=[283600300..283601300), underflow(<283600300ns)=0, overflow(>=283601300ns)=0) (profiler_analysis.cpp:695)
2026-06-04 06:12:42.579 | info     |           Metal |   [   283600300 ..    283600400) |########################################|        1 (profiler_analysis.cpp:700)
2026-06-04 06:12:42.579 | info     |           Metal |   [   283600400 ..    283600500) |                                        |        0 (profiler_analysis.cpp:700)
2026-06-04 06:12:42.579 | info     |           Metal |   [   283600500 ..    283600600) |                                        |        0 (profiler_analysis.cpp:700)
2026-06-04 06:12:42.579 | info     |           Metal |   [   283600600 ..    283600700) |                                        |        0 (profiler_analysis.cpp:700)
2026-06-04 06:12:42.579 | info     |           Metal |   [   283600700 ..    283600800) |                                        |        0 (profiler_analysis.cpp:700)
2026-06-04 06:12:42.579 | info     |           Metal |   [   283600800 ..    283600900) |                                        |        0 (profiler_analysis.cpp:700)
2026-06-04 06:12:42.579 | info     |           Metal |   [   283600900 ..    283601000) |                                        |        0 (profiler_analysis.cpp:700)
2026-06-04 06:12:42.579 | info     |           Metal |   [   283601000 ..    283601100) |                                        |        0 (profiler_analysis.cpp:700)
2026-06-04 06:12:42.579 | info     |           Metal |   [   283601100 ..    283601200) |                                        |        0 (profiler_analysis.cpp:700)
2026-06-04 06:12:42.579 | info     |           Metal |   [   283601200 ..    283601300) |                                        |        0 (profiler_analysis.cpp:700)
[run]   view=orbit_27 307.7ms
[SUBCHUNK] tiles_split=98 total_subchunks=1129 max_subchunks_per_tile=3 payload_pages=1619081
[SORT] stage=RP P=3237659 P_kept=3237659 num_tiles=1024 max_tile_n=25056 bin=41.19 up=0.02 kernel=0.02 d2h=0.00 compact=0.00 publish=0.04 mat=0.00 total=41.32ms
[SUBCHUNK] materialize_ms=26.22
2026-06-04 06:12:42.890 | info     |           Metal | Device kernel duration perf summary (device=0): count=1, min=285413756ns, avg=285413756.0ns, max=285413756ns (profiler_analysis.cpp:652)
2026-06-04 06:12:42.890 | info     |           Metal | Device kernel duration perf histogram (device=0): (buckets=10, bucket_size=100ns, range=[285413700..285414700), underflow(<285413700ns)=0, overflow(>=285414700ns)=0) (profiler_analysis.cpp:695)
2026-06-04 06:12:42.890 | info     |           Metal |   [   285413700 ..    285413800) |########################################|        1 (profiler_analysis.cpp:700)
2026-06-04 06:12:42.890 | info     |           Metal |   [   285413800 ..    285413900) |                                        |        0 (profiler_analysis.cpp:700)
2026-06-04 06:12:42.890 | info     |           Metal |   [   285413900 ..    285414000) |                                        |        0 (profiler_analysis.cpp:700)
2026-06-04 06:12:42.890 | info     |           Metal |   [   285414000 ..    285414100) |                                        |        0 (profiler_analysis.cpp:700)
2026-06-04 06:12:42.890 | info     |           Metal |   [   285414100 ..    285414200) |                                        |        0 (profiler_analysis.cpp:700)
2026-06-04 06:12:42.890 | info     |           Metal |   [   285414200 ..    285414300) |                                        |        0 (profiler_analysis.cpp:700)
2026-06-04 06:12:42.890 | info     |           Metal |   [   285414300 ..    285414400) |                                        |        0 (profiler_analysis.cpp:700)
2026-06-04 06:12:42.890 | info     |           Metal |   [   285414400 ..    285414500) |                                        |        0 (profiler_analysis.cpp:700)
2026-06-04 06:12:42.890 | info     |           Metal |   [   285414500 ..    285414600) |                                        |        0 (profiler_analysis.cpp:700)
2026-06-04 06:12:42.890 | info     |           Metal |   [   285414600 ..    285414700) |                                        |        0 (profiler_analysis.cpp:700)
[run]   view=orbit_28 309.5ms
[SUBCHUNK] tiles_split=98 total_subchunks=1130 max_subchunks_per_tile=3 payload_pages=1666917
[SORT] stage=RP P=3333322 P_kept=3333322 num_tiles=1024 max_tile_n=22880 bin=42.15 up=0.02 kernel=0.02 d2h=0.00 compact=0.00 publish=0.04 mat=0.00 total=42.28ms
2026-06-04 06:12:43.204 | info     |           Metal | Device kernel duration perf summary (device=0): count=1, min=289967324ns, avg=289967324.0ns, max=289967324ns (profiler_analysis.cpp:652)
2026-06-04 06:12:43.204 | info     |           Metal | Device kernel duration perf histogram (device=0): (buckets=10, bucket_size=100ns, range=[289967300..289968300), underflow(<289967300ns)=0, overflow(>=289968300ns)=0) (profiler_analysis.cpp:695)
2026-06-04 06:12:43.204 | info     |           Metal |   [   289967300 ..    289967400) |########################################|        1 (profiler_analysis.cpp:700)
2026-06-04 06:12:43.204 | info     |           Metal |   [   289967400 ..    289967500) |                                        |        0 (profiler_analysis.cpp:700)
2026-06-04 06:12:43.204 | info     |           Metal |   [   289967500 ..    289967600) |                                        |        0 (profiler_analysis.cpp:700)
2026-06-04 06:12:43.204 | info     |           Metal |   [   289967600 ..    289967700) |                                        |        0 (profiler_analysis.cpp:700)
2026-06-04 06:12:43.204 | info     |           Metal |   [   289967700 ..    289967800) |                                        |        0 (profiler_analysis.cpp:700)
2026-06-04 06:12:43.204 | info     |           Metal |   [   289967800 ..    289967900) |                                        |        0 (profiler_analysis.cpp:700)
2026-06-04 06:12:43.204 | info     |           Metal |   [   289967900 ..    289968000) |                                        |        0 (profiler_analysis.cpp:700)
2026-06-04 06:12:43.204 | info     |           Metal |   [   289968000 ..    289968100) |                                        |        0 (profiler_analysis.cpp:700)
2026-06-04 06:12:43.204 | info     |           Metal |   [   289968100 ..    289968200) |                                        |        0 (profiler_analysis.cpp:700)
2026-06-04 06:12:43.204 | info     |           Metal |   [   289968200 ..    289968300) |                                        |        0 (profiler_analysis.cpp:700)
[run]   view=orbit_29 313.5ms
[SUBCHUNK] materialize_ms=25.15
SUMMARY scene=bicycle hero='hero' hero_vs_ref=nandB avg_frame_ms=319.8 p50_ms=320.2 min_ms=298.9 max_ms=340.1 n_views=30 warmup_s=46.0 out=/localdev/smarton/gstt2/tmp/rc-tracy
TTW_TIMING ms_view=319.831
TTW_TIMING blend=319.831
[render-clean-inner] run.py rc=0

Queue delay: 12 ns
Timer resolution: 0 ns

Frames: 2
Time span: 1:10.3
Zones: 1,452,457
Elapsed time: 55.83 s
Saving trace... done!
Trace size 14.79 MB (25.58% ratio)
2026-06-04 06:12:44.479 | INFO     | tracy:generate_report:154 - Host side ops time report generated at /localdev/smarton/gstt2/opt/profiler/wrap_out_render-clean/.logs/tracy_ops_times.csv
2026-06-04 06:12:44.506 | INFO     | tracy:generate_report:165 - Host side ops data report generated at /localdev/smarton/gstt2/opt/profiler/wrap_out_render-clean/.logs/tracy_ops_data.csv
2026-06-04 06:12:44.506 | INFO     | tracy.process_ops_logs:import_tracy_op_logs:255 - Importing ops logs
/localdev/smarton/tt-metal/tools/tracy/process_ops_logs.py:360: DtypeWarning: Columns (3) have mixed types. Specify dtype option on import or set low_memory=False.
  df = pd.read_csv(tracyOpTimesLog)
2026-06-04 06:12:46.137 | INFO     | tracy.process_ops_logs:get_device_data_generate_report:1014 - Copying runtime artifacts
2026-06-04 06:12:46.213 | INFO     | tracy.process_ops_logs:get_device_data_generate_report:1020 - Getting device only ops data
2026-06-04 06:12:49.329 | INFO     | tracy.process_device_log:core_to_device_timeseries:416 - Importing Data For Device Number : 0
2026-06-04 06:12:54.718 | INFO     | tracy.process_ops_logs:get_device_data_generate_report:1032 - Generating device op report ...
2026-06-04 06:12:54.790 | INFO     | tracy.process_ops_logs:get_device_data_generate_report:1210 - Device only OPs csv generated at: /localdev/smarton/gstt2/opt/profiler/wrap_out_render-clean/reports/2026_06_04_06_12_46/ops_perf_results_2026_06_04_06_12_46.csv
2026-06-04 06:12:54.798 | INFO     | tracy.process_ops_logs:get_device_data_generate_report:1219 - Device only per core op to op times csv generated at: /localdev/smarton/gstt2/opt/profiler/wrap_out_render-clean/reports/2026_06_04_06_12_46/per_core_op_to_op_times_2026_06_04_06_12_46.csv
[capture_clean] wrapper exited rc=0
[capture_clean] OK tracy: -rw-r--r-- 1 smarton smarton 15514438 Jun  4 06:12 /localdev/smarton/gstt2/opt/profiler/render-clean/render.tracy
[capture_clean] device profiler CSV data rows: 919427 (1-view baseline ~65600; ~30x => full 30-view)
[capture_clean] per-zone-hash device marker counts (each zone repeats ~30x across views):
 170382 35163
 102486 13133
  88784 32535
  88784 16443
  81840 49375
  81840 17277
  56794 25850
  43074 39303
  40982 12391
  20460 44306
  20460 40299
  20460 35846
  20460 28198
  14358 1534
   6820 63969
   6820 6262
   6820 58209
   6820 57199
   6820 53772
   6820 50411
   6820 4173
   6820 26587
   6820 18954
   6820 11307
     62 25654
[capture_clean] DONE rc=0 tracy=/localdev/smarton/gstt2/opt/profiler/render-clean/render.tracy
