================ BUILD ID ================
  cpp : #104 sha=65728fa bin=99fbd2daee94602b iter 35: tile_assign: eliminate per-frame all-ones keep-mask H2D (fill buf_keep once on grow, cache buf_keep_all_ones) — ta 21.2->10.2ms, ms/view 183.4->173.5 @8v, 63.85dB bit-identical
  data: # sha= 
=========================================
host=yyzo-bh-03  tag=tracy-wrap  timeout=1800s  worry=600s  ts=2026-06-01T21:54:56-0700
cmd: bash opt/profiler/run_wrapper_capture.sh
-----------------------------------------
[tracy-wrap] CMD: python3 -m tracy -r -p -v --dump-device-data-mid-run -o /localdev/smarton/gstt2/opt/profiler/wrap_out opt/profiler/_render_inner.sh
2026-06-02 04:54:57.311 | INFO     | __main__:main:175 - Setting profiler artifacts folder to /localdev/smarton/gstt2/opt/profiler/wrap_out
2026-06-02 04:54:57.312 | INFO     | __main__:main:336 - Using port 8086
2026-06-02 04:54:57.312 | INFO     | tracy:run_report_setup:88 - Verifying tracy profiling tools
Connecting to 127.0.0.1:8086...2026-06-02 04:54:57.323 | INFO     | tracy:run_report_setup:108 - Capture command: ('/localdev/smarton/tt-metal/build/tools/profiler/bin/capture-release -o /localdev/smarton/gstt2/opt/profiler/wrap_out/.logs/tracy_profile_log_host.tracy -f -p 8086',)
2026-06-02 04:54:57.326 | INFO     | __main__:main:400 - Test process started
2026-06-02 04:54:57.701 | INFO     | __main__:main:175 - Setting profiler artifacts folder to /localdev/smarton/gstt2/opt/profiler/wrap_out
[render-inner] python3 scripts/a003_verify.py --backend tt --views 1 (MID_RUN_DUMP=1 DEVICE_PROFILER=1 GSPLAT_TT_PROFILE=1 TRACY_PORT=8086)
2026-06-02 04:54:59.259 | info     |             UMD | Creating TopologyDiscovery for architecture: blackhole (topology_discovery.cpp:75)
2026-06-02 04:54:59.259 | info     |             UMD | Starting topology discovery. (topology_discovery.cpp:92)
2026-06-02 04:54:59.259 | warning  |             UMD | Low power mode is disabled while UMD holds open file descriptors. The device will return to low power mode once all file descriptors are closed. (topology_discovery.cpp:143)
2026-06-02 04:54:59.259 | warning  |             UMD | KMD version 2.4.1 does not support power state management. (pci_device.cpp:1067)
2026-06-02 04:54:59.260 | info     |             UMD | Established firmware bundle version: 18.12.1 (topology_discovery.cpp:544)
2026-06-02 04:54:59.260 | info     |             UMD | Completed topology discovery. (topology_discovery.cpp:96)
2026-06-02 04:54:59.260 | info     |          Device | Opening user mode device driver (tt_cluster.cpp:225)
2026-06-02 04:54:59.260 | info     |             UMD | Cluster constructor started. (cluster.cpp:317)
2026-06-02 04:54:59.260 | info     |             UMD | Creating TopologyDiscovery for architecture: blackhole (topology_discovery.cpp:75)
2026-06-02 04:54:59.260 | info     |             UMD | Starting topology discovery. (topology_discovery.cpp:92)
2026-06-02 04:54:59.260 | warning  |             UMD | Low power mode is disabled while UMD holds open file descriptors. The device will return to low power mode once all file descriptors are closed. (topology_discovery.cpp:143)
2026-06-02 04:54:59.260 | warning  |             UMD | KMD version 2.4.1 does not support power state management. (pci_device.cpp:1067)
2026-06-02 04:54:59.260 | info     |             UMD | Established firmware bundle version: 18.12.1 (topology_discovery.cpp:544)
2026-06-02 04:54:59.260 | info     |             UMD | Completed topology discovery. (topology_discovery.cpp:96)
2026-06-02 04:54:59.260 | info     |             UMD | Harvesting masks for Chip 0: Tensix: 0xc0 DRAM: 0x8 ETH: 0x3fff PCIe: 0x2 L2CPU: 0x0 (cluster.cpp:270)
2026-06-02 04:54:59.261 | info     |             UMD | Initializing iommu for sysmem (size: 0x40000000). (silicon_sysmem_manager.cpp:334)
2026-06-02 04:54:59.261 | info     |             UMD | Allocating sysmem for IOMMU (size: 0x40000000). (silicon_sysmem_manager.cpp:340)
2026-06-02 04:54:59.299 | warning  |             UMD | KMD version 2.4.1 does not support power state management. (pci_device.cpp:1067)
2026-06-02 04:54:59.300 | info     |             UMD | Opening local chip ids/PCIe ids: {0}/[0] and remote chip ids {} (cluster.cpp:159)
2026-06-02 04:54:59.300 | info     |             UMD | IOMMU: enabled (cluster.cpp:133)
2026-06-02 04:54:59.300 | info     |             UMD | KMD version: 2.4.1 (cluster.cpp:136)
2026-06-02 04:54:59.300 | info     |             UMD | Cluster constructor completed. (cluster.cpp:409)
2026-06-02 04:54:59.301 | info     |             UMD | Starting devices in cluster (cluster.cpp:1044)
2026-06-02 04:54:59.302 | info     |             UMD | Mapped sysmem without hugepages to IOVA 0x80000000; NOC address 0x1000000000000000 (silicon_sysmem_manager.cpp:391)
2026-06-02 04:54:59.302 | info     |             UMD | Starting devices in cluster completed. (cluster.cpp:1052)
2026-06-02 04:54:59.786 | info     |     Distributed | Using auto discovery to generate mesh graph. (metal_env.cpp:332)
2026-06-02 04:54:59.786 | info     |     Distributed | Constructing control plane using auto-discovery (no mesh graph descriptor). (metal_env.cpp:394)
2026-06-02 04:54:59.786 | info     |             UMD | Creating TopologyDiscovery for architecture: blackhole (topology_discovery.cpp:75)
2026-06-02 04:54:59.786 | info     |             UMD | Starting topology discovery. (topology_discovery.cpp:92)
2026-06-02 04:54:59.786 | warning  |             UMD | Low power mode is disabled while UMD holds open file descriptors. The device will return to low power mode once all file descriptors are closed. (topology_discovery.cpp:143)
2026-06-02 04:54:59.786 | warning  |             UMD | KMD version 2.4.1 does not support power state management. (pci_device.cpp:1067)
2026-06-02 04:54:59.787 | info     |             UMD | Established firmware bundle version: 18.12.1 (topology_discovery.cpp:544)
2026-06-02 04:54:59.787 | info     |             UMD | Completed topology discovery. (topology_discovery.cpp:96)
2026-06-02 04:54:59.787 | warning  |          Always | Unknown motherboard 'X670E GAMING PLUS WIFI (MS-7E16)' for chip_id=0 (bus_id=0x1) — defaulting tray_id to 0. Add this motherboard and its bus IDs to mobo_to_bus_ids in physical_system_discovery.cpp. (physical_system_discovery.cpp:62)
2026-06-02 04:54:59.787 | info     |          Fabric | TopologyMapper: Logical Multi-Mesh Adjacency Map: (topology_mapper.cpp:1474)
2026-06-02 04:54:59.787 | info     |          Fabric | 
=== Logical Mesh-Level Graph Adjacency Map ===
Total nodes: 1
Degree histogram: {0:1}
 (topology_solver.tpp:94)
2026-06-02 04:54:59.787 | info     |          Fabric | 
=== Logical Mesh 0 Internal Graph Adjacency Map ===
Total nodes: 1
Degree histogram: {0:1}
 (topology_solver.tpp:94)
2026-06-02 04:54:59.787 | info     |          Fabric | TopologyMapper: Physical Multi-Mesh Adjacency Map: (topology_mapper.cpp:1485)
2026-06-02 04:54:59.787 | info     |          Fabric | 
=== Physical Mesh-Level Graph Adjacency Map ===
Total nodes: 1
Degree histogram: {0:1}
 (topology_solver.tpp:94)
2026-06-02 04:54:59.787 | info     |          Fabric | 
=== Physical Mesh 0 Internal Graph Adjacency Map ===
Total nodes: 1
Degree histogram: {0:1}
 (topology_solver.tpp:94)
2026-06-02 04:54:59.787 | info     |          Fabric | Starting multi-mesh mapping: 1 logical mesh(es) to 1 physical mesh(es) (topology_mapper_utils.cpp:1469)
2026-06-02 04:54:59.787 | info     |          Fabric | Multi-mesh mapping attempt 1/2: Trying inter-mesh mapping (topology_mapper_utils.cpp:1510)
2026-06-02 04:54:59.787 | info     |          Fabric | Attempt 1: Inter-mesh mapping succeeded, found 1 mesh pair(s) (topology_mapper_utils.cpp:1539)
2026-06-02 04:54:59.787 | info     |          Fabric | Attempt 1: Mapping 1 mesh pair(s) (topology_mapper_utils.cpp:1547)
2026-06-02 04:54:59.787 | info     |          Fabric | Attempt 1: Mapping mesh 0 -> 0 (topology_mapper_utils.cpp:1554)
2026-06-02 04:54:59.787 | info     |          Fabric | Multi-mesh mapping succeeded after 1 attempt(s): 1 mesh pair(s) mapped (topology_mapper_utils.cpp:1686)
2026-06-02 04:54:59.796 | critical |          Always | TT_THROW: Failed to open output file: /localdev/smarton/tt-metal/generated/fabric/physical_chip_mesh_coordinate_mapping_1_of_1.yaml (assert.hpp:104)
2026-06-02 04:54:59.797 | warning  |          Fabric | Failed to export physical chip mesh coordinate mapping: TT_THROW @ /proj_sw/user_dev/smarton/tt-metal/tt_metal/fabric/fabric_host_utils.cpp:163: tt::exception
info:
Failed to open output file: /localdev/smarton/tt-metal/generated/fabric/physical_chip_mesh_coordinate_mapping_1_of_1.yaml
backtrace:
 --- void tt::assert::detail::tt_throw_impl<fmt::v11::fstring<unsigned char const&, std::__cxx11::basic_string<char, std::char_traits<char>, std::allocator<char> > const&>, unsigned char, std::__cxx11::basic_string<char, std::char_traits<char>, std::allocator<char> > >(char const*, int, char const*, char const*, fmt::v11::fstring<unsigned char const&, std::__cxx11::basic_string<char, std::char_traits<char>, std::allocator<char> > const&> const&, unsigned char const&, std::__cxx11::basic_string<char, std::char_traits<char>, std::allocator<char> > const&)
 --- tt::tt_fabric::serialize_mesh_coordinates_to_file(tt::tt_fabric::TopologyMapper const&, std::filesystem::__cxx11::path const&)
 --- tt::tt_fabric::ControlPlane::init_control_plane_auto_discovery()
 --- /localdev/smarton/tt-metal/build/tt_metal/libtt_metal.so(_ZN2tt9tt_fabric12ControlPlaneC2ERKNS_7ClusterERKNS_4llrt14RunTimeOptionsERKNS_8tt_metal3HalERKNS9_11distributed9multihost18DistributedContextENS0_12FabricConfigENS0_21FabricReliabilityModeENS0_18FabricTensixConfigENS0_13FabricUDMModeENS0_18FabricRouterConfigENS0_17FabricManagerModeE+0x36c) [0x7f69b113af1c]
 --- tt::tt_metal::MetalEnvImpl::construct_control_plane()
 --- tt::tt_metal::MetalEnvImpl::initialize_control_plane_impl()
 --- tt::tt_metal::MetalContext::get_control_plane()
 --- tt::tt_metal::distributed::MeshDeviceImpl::create_unit_meshes(ttsl::StrongType<int, tt::tt_metal::ContextIdTag>, std::vector<int, std::allocator<int> > const&, unsigned long, unsigned long, unsigned long, tt::tt_metal::DispatchCoreConfig const&, std::span<unsigned int const, 18446744073709551615ul>, unsigned long)
 --- tt::tt_metal::distributed::MeshDeviceImpl::create_unit_mesh(ttsl::StrongType<int, tt::tt_metal::ContextIdTag>, int, unsigned long, unsigned long, unsigned long, tt::tt_metal::DispatchCoreConfig const&, std::span<unsigned int const, 18446744073709551615ul>, unsigned long)
 --- tt::tt_metal::distributed::MeshDevice::create_unit_mesh(int, unsigned long, unsigned long, unsigned long, tt::tt_metal::DispatchCoreConfig const&, std::span<unsigned int const, 18446744073709551615ul>, unsigned long)
 --- gsplat_tt::device_state::get_device()
 --- /localdev/smarton/gstt2/backends/cpu_cpp/_gsplat_cpu.cpython-310-x86_64-linux-gnu.so(+0xda407) [0x7f69b168c407]
 --- gsplat_tt::project_device_ready()
 --- /localdev/smarton/gstt2/backends/cpu_cpp/_gsplat_cpu.cpython-310-x86_64-linux-gnu.so(+0x54298) [0x7f69b1606298]
 --- /localdev/smarton/gstt2/backends/cpu_cpp/_gsplat_cpu.cpython-310-x86_64-linux-gnu.so(+0x6bd21) [0x7f69b161dd21]
 --- /localdev/smarton/gstt2/backends/cpu_cpp/_gsplat_cpu.cpython-310-x86_64-linux-gnu.so(+0x3ef70) [0x7f69b15f0f70]
 --- python3(+0x17e96f) [0x55cb87a3396f]
 --- python3(_PyEval_EvalFrameDefault+0x56cb) [0x55cb87a2fbdb]
 --- python3(_PyFunction_Vectorcall+0x7c) [0x55cb87a4068c]
 --- python3(_PyEval_EvalFrameDefault+0x807) [0x55cb87a2ad17]
 --- python3(_PyFunction_Vectorcall+0x7c) [0x55cb87a4068c]
 --- python3(_PyEval_EvalFrameDefault+0x807) [0x55cb87a2ad17]
 --- python3(_PyFunction_Vectorcall+0x7c) [0x55cb87a4068c]
 --- python3(_PyEval_EvalFrameDefault+0x6c0) [0x55cb87a2abd0]
 --- python3(_PyFunction_Vectorcall+0x7c) [0x55cb87a4068c]
 --- python3(_PyEval_EvalFrameDefault+0x6c0) [0x55cb87a2abd0]
 --- python3(+0x259d36) [0x55cb87b0ed36]
 --- python3(PyEval_EvalCode+0x86) [0x55cb87b0ec06]
 --- python3(+0x280678) [0x55cb87b35678]
 --- python3(+0x27accf) [0x55cb87b2fccf]
 --- python3(+0x280415) [0x55cb87b35415]
 --- python3(_PyRun_SimpleFileObject+0x1a8) [0x55cb87b34958]
 --- python3(_PyRun_AnyFileObject+0x47) [0x55cb87b34637]
 --- python3(Py_RunMain+0x2be) [0x55cb87b28bfe]
 --- python3(Py_BytesMain+0x2d) [0x55cb87b02c4d]
 --- /lib/x86_64-linux-gnu/libc.so.6(+0x29d90) [0x7f6a84d53d90]
 --- /lib/x86_64-linux-gnu/libc.so.6(__libc_start_main+0x80) [0x7f6a84d53e40]
 --- python3(_start+0x25) [0x55cb87b02b45]
 (control_plane.cpp:639)
2026-06-02 04:54:59.809 | critical |          Always | TT_THROW: Failed to open output file: /localdev/smarton/tt-metal/generated/fabric/asic_to_fabric_node_mapping_rank_1_of_1.yaml (assert.hpp:104)
2026-06-02 04:54:59.810 | warning  |          Fabric | Failed to export ASIC to Fabric node ID mapping: TT_THROW @ /proj_sw/user_dev/smarton/tt-metal/tt_metal/fabric/fabric_host_utils.cpp:241: tt::exception
info:
Failed to open output file: /localdev/smarton/tt-metal/generated/fabric/asic_to_fabric_node_mapping_rank_1_of_1.yaml
backtrace:
 --- void tt::assert::detail::tt_throw_impl<fmt::v11::fstring<unsigned char const&, std::__cxx11::basic_string<char, std::char_traits<char>, std::allocator<char> > const&>, unsigned char, std::__cxx11::basic_string<char, std::char_traits<char>, std::allocator<char> > >(char const*, int, char const*, char const*, fmt::v11::fstring<unsigned char const&, std::__cxx11::basic_string<char, std::char_traits<char>, std::allocator<char> > const&> const&, unsigned char const&, std::__cxx11::basic_string<char, std::char_traits<char>, std::allocator<char> > const&)
 --- tt::tt_fabric::serialize_asic_to_fabric_node_mapping_to_file(tt::tt_fabric::TopologyMapper const&, std::filesystem::__cxx11::path const&)
 --- tt::tt_fabric::ControlPlane::init_control_plane_auto_discovery()
 --- /localdev/smarton/tt-metal/build/tt_metal/libtt_metal.so(_ZN2tt9tt_fabric12ControlPlaneC2ERKNS_7ClusterERKNS_4llrt14RunTimeOptionsERKNS_8tt_metal3HalERKNS9_11distributed9multihost18DistributedContextENS0_12FabricConfigENS0_21FabricReliabilityModeENS0_18FabricTensixConfigENS0_13FabricUDMModeENS0_18FabricRouterConfigENS0_17FabricManagerModeE+0x36c) [0x7f69b113af1c]
 --- tt::tt_metal::MetalEnvImpl::construct_control_plane()
 --- tt::tt_metal::MetalEnvImpl::initialize_control_plane_impl()
 --- tt::tt_metal::MetalContext::get_control_plane()
 --- tt::tt_metal::distributed::MeshDeviceImpl::create_unit_meshes(ttsl::StrongType<int, tt::tt_metal::ContextIdTag>, std::vector<int, std::allocator<int> > const&, unsigned long, unsigned long, unsigned long, tt::tt_metal::DispatchCoreConfig const&, std::span<unsigned int const, 18446744073709551615ul>, unsigned long)
 --- tt::tt_metal::distributed::MeshDeviceImpl::create_unit_mesh(ttsl::StrongType<int, tt::tt_metal::ContextIdTag>, int, unsigned long, unsigned long, unsigned long, tt::tt_metal::DispatchCoreConfig const&, std::span<unsigned int const, 18446744073709551615ul>, unsigned long)
 --- tt::tt_metal::distributed::MeshDevice::create_unit_mesh(int, unsigned long, unsigned long, unsigned long, tt::tt_metal::DispatchCoreConfig const&, std::span<unsigned int const, 18446744073709551615ul>, unsigned long)
 --- gsplat_tt::device_state::get_device()
 --- /localdev/smarton/gstt2/backends/cpu_cpp/_gsplat_cpu.cpython-310-x86_64-linux-gnu.so(+0xda407) [0x7f69b168c407]
 --- gsplat_tt::project_device_ready()
 --- /localdev/smarton/gstt2/backends/cpu_cpp/_gsplat_cpu.cpython-310-x86_64-linux-gnu.so(+0x54298) [0x7f69b1606298]
 --- /localdev/smarton/gstt2/backends/cpu_cpp/_gsplat_cpu.cpython-310-x86_64-linux-gnu.so(+0x6bd21) [0x7f69b161dd21]
 --- /localdev/smarton/gstt2/backends/cpu_cpp/_gsplat_cpu.cpython-310-x86_64-linux-gnu.so(+0x3ef70) [0x7f69b15f0f70]
 --- python3(+0x17e96f) [0x55cb87a3396f]
 --- python3(_PyEval_EvalFrameDefault+0x56cb) [0x55cb87a2fbdb]
 --- python3(_PyFunction_Vectorcall+0x7c) [0x55cb87a4068c]
 --- python3(_PyEval_EvalFrameDefault+0x807) [0x55cb87a2ad17]
 --- python3(_PyFunction_Vectorcall+0x7c) [0x55cb87a4068c]
 --- python3(_PyEval_EvalFrameDefault+0x807) [0x55cb87a2ad17]
 --- python3(_PyFunction_Vectorcall+0x7c) [0x55cb87a4068c]
 --- python3(_PyEval_EvalFrameDefault+0x6c0) [0x55cb87a2abd0]
 --- python3(_PyFunction_Vectorcall+0x7c) [0x55cb87a4068c]
 --- python3(_PyEval_EvalFrameDefault+0x6c0) [0x55cb87a2abd0]
 --- python3(+0x259d36) [0x55cb87b0ed36]
 --- python3(PyEval_EvalCode+0x86) [0x55cb87b0ec06]
 --- python3(+0x280678) [0x55cb87b35678]
 --- python3(+0x27accf) [0x55cb87b2fccf]
 --- python3(+0x280415) [0x55cb87b35415]
 --- python3(_PyRun_SimpleFileObject+0x1a8) [0x55cb87b34958]
 --- python3(_PyRun_AnyFileObject+0x47) [0x55cb87b34637]
 --- python3(Py_RunMain+0x2be) [0x55cb87b28bfe]
 --- python3(Py_BytesMain+0x2d) [0x55cb87b02c4d]
 --- /lib/x86_64-linux-gnu/libc.so.6(+0x29d90) [0x7f6a84d53d90]
 --- /lib/x86_64-linux-gnu/libc.so.6(__libc_start_main+0x80) [0x7f6a84d53e40]
 --- python3(_start+0x25) [0x55cb87b02b45]
 (control_plane.cpp:648)
2026-06-02 04:54:59.910 | info     |           Metal | Profiler started on device 0 (profiler_initializer.cpp:49)
2026-06-02 04:55:00.083 | info     |           Metal | ShmResourceTracker: removed stale shm '/tt_d2h_93195_1545650937_0' (shm_resource_tracker.cpp:265)
2026-06-02 04:55:00.083 | info     |           Metal | ShmResourceTracker: removed stale manifest '/dev/shm/tt_socket_manifest_93195' (shm_resource_tracker.cpp:275)
2026-06-02 04:55:00.083 | info     |           Metal | ShmResourceTracker: removed orphaned shm '/tt_device_7490744194894819707_memory' (shm_resource_tracker.cpp:282)
2026-06-02 04:55:00.670 | info     |           Metal | [Real-time profiler] Device 0 sync complete: 100 samples, frequency=1.349975 GHz, device_time_at_sync=30410739464607 cycles (realtime_profiler_manager.cpp:1082)
[SORT] stage=RP P=3369033 P_kept=3369033 num_tiles=1024 max_tile_n=26496 bin=11.22 up=0.29 kernel=10.78 d2h=0.00 compact=0.00 publish=2.64 total=25.11ms
[FUSED_TILE] upload+exec+readback=1935.3 ms (single Finish sort-publish+cull+blend)
[BLEND_DEVICE] resident_blend=1938.6 ms (host_build=0)
2026-06-02 04:55:04.184 | info     |           Metal | Device kernel duration perf summary (device=0): count=1, min=3102359860ns, avg=3102359860.0ns, max=3102359860ns (profiler_analysis.cpp:652)
2026-06-02 04:55:04.184 | info     |           Metal | Device kernel duration perf histogram (device=0): (buckets=10, bucket_size=100ns, range=[3102359800..3102360800), underflow(<3102359800ns)=0, overflow(>=3102360800ns)=0) (profiler_analysis.cpp:695)
2026-06-02 04:55:04.184 | info     |           Metal |   [  3102359800 ..   3102359900) |########################################|        1 (profiler_analysis.cpp:700)
2026-06-02 04:55:04.184 | info     |           Metal |   [  3102359900 ..   3102360000) |                                        |        0 (profiler_analysis.cpp:700)
2026-06-02 04:55:04.184 | info     |           Metal |   [  3102360000 ..   3102360100) |                                        |        0 (profiler_analysis.cpp:700)
2026-06-02 04:55:04.184 | info     |           Metal |   [  3102360100 ..   3102360200) |                                        |        0 (profiler_analysis.cpp:700)
2026-06-02 04:55:04.184 | info     |           Metal |   [  3102360200 ..   3102360300) |                                        |        0 (profiler_analysis.cpp:700)
2026-06-02 04:55:04.184 | info     |           Metal |   [  3102360300 ..   3102360400) |                                        |        0 (profiler_analysis.cpp:700)
2026-06-02 04:55:04.184 | info     |           Metal |   [  3102360400 ..   3102360500) |                                        |        0 (profiler_analysis.cpp:700)
2026-06-02 04:55:04.184 | info     |           Metal |   [  3102360500 ..   3102360600) |                                        |        0 (profiler_analysis.cpp:700)
2026-06-02 04:55:04.184 | info     |           Metal |   [  3102360600 ..   3102360700) |                                        |        0 (profiler_analysis.cpp:700)
2026-06-02 04:55:04.184 | info     |           Metal |   [  3102360700 ..   3102360800) |                                        |        0 (profiler_analysis.cpp:700)
[SORT] stage=RP P=3369033 P_kept=3369033 num_tiles=1024 max_tile_n=26496 bin=8.29 up=0.29 kernel=7.51 d2h=0.00 compact=0.00 publish=0.02 total=16.31ms
[FUSED_TILE] upload+exec+readback=191.2 ms (single Finish sort-publish+cull+blend)
[BLEND_DEVICE] resident_blend=193.8 ms (host_build=0)
2026-06-02 04:55:04.481 | info     |           Metal | Device kernel duration perf summary (device=0): count=1, min=276695913ns, avg=276695913.0ns, max=276695913ns (profiler_analysis.cpp:652)
2026-06-02 04:55:04.481 | info     |           Metal | Device kernel duration perf histogram (device=0): (buckets=10, bucket_size=100ns, range=[276695900..276696900), underflow(<276695900ns)=0, overflow(>=276696900ns)=0) (profiler_analysis.cpp:695)
2026-06-02 04:55:04.481 | info     |           Metal |   [   276695900 ..    276696000) |########################################|        1 (profiler_analysis.cpp:700)
2026-06-02 04:55:04.481 | info     |           Metal |   [   276696000 ..    276696100) |                                        |        0 (profiler_analysis.cpp:700)
2026-06-02 04:55:04.481 | info     |           Metal |   [   276696100 ..    276696200) |                                        |        0 (profiler_analysis.cpp:700)
2026-06-02 04:55:04.481 | info     |           Metal |   [   276696200 ..    276696300) |                                        |        0 (profiler_analysis.cpp:700)
2026-06-02 04:55:04.481 | info     |           Metal |   [   276696300 ..    276696400) |                                        |        0 (profiler_analysis.cpp:700)
2026-06-02 04:55:04.481 | info     |           Metal |   [   276696400 ..    276696500) |                                        |        0 (profiler_analysis.cpp:700)
2026-06-02 04:55:04.481 | info     |           Metal |   [   276696500 ..    276696600) |                                        |        0 (profiler_analysis.cpp:700)
2026-06-02 04:55:04.481 | info     |           Metal |   [   276696600 ..    276696700) |                                        |        0 (profiler_analysis.cpp:700)
2026-06-02 04:55:04.481 | info     |           Metal |   [   276696700 ..    276696800) |                                        |        0 (profiler_analysis.cpp:700)
2026-06-02 04:55:04.481 | info     |           Metal |   [   276696800 ..    276696900) |                                        |        0 (profiler_analysis.cpp:700)
[SORT] stage=RP P=3369033 P_kept=3369033 num_tiles=1024 max_tile_n=26496 bin=8.15 up=0.29 kernel=7.51 d2h=7.11 compact=0.00 publish=0.02 total=26.59ms
2026-06-02 04:55:04.864 | info     |           Metal | Device kernel duration perf summary (device=0): count=1, min=175837761ns, avg=175837761.0ns, max=175837761ns (profiler_analysis.cpp:652)
2026-06-02 04:55:04.864 | info     |           Metal | Device kernel duration perf histogram (device=0): (buckets=10, bucket_size=100ns, range=[175837700..175838700), underflow(<175837700ns)=0, overflow(>=175838700ns)=0) (profiler_analysis.cpp:695)
2026-06-02 04:55:04.864 | info     |           Metal |   [   175837700 ..    175837800) |########################################|        1 (profiler_analysis.cpp:700)
2026-06-02 04:55:04.864 | info     |           Metal |   [   175837800 ..    175837900) |                                        |        0 (profiler_analysis.cpp:700)
2026-06-02 04:55:04.864 | info     |           Metal |   [   175837900 ..    175838000) |                                        |        0 (profiler_analysis.cpp:700)
2026-06-02 04:55:04.864 | info     |           Metal |   [   175838000 ..    175838100) |                                        |        0 (profiler_analysis.cpp:700)
2026-06-02 04:55:04.864 | info     |           Metal |   [   175838100 ..    175838200) |                                        |        0 (profiler_analysis.cpp:700)
2026-06-02 04:55:04.864 | info     |           Metal |   [   175838200 ..    175838300) |                                        |        0 (profiler_analysis.cpp:700)
2026-06-02 04:55:04.864 | info     |           Metal |   [   175838300 ..    175838400) |                                        |        0 (profiler_analysis.cpp:700)
2026-06-02 04:55:04.864 | info     |           Metal |   [   175838400 ..    175838500) |                                        |        0 (profiler_analysis.cpp:700)
2026-06-02 04:55:04.864 | info     |           Metal |   [   175838500 ..    175838600) |                                        |        0 (profiler_analysis.cpp:700)
2026-06-02 04:55:04.864 | info     |           Metal |   [   175838600 ..    175838700) |                                        |        0 (profiler_analysis.cpp:700)
[SORT] stage=RP P=3369033 P_kept=3369033 num_tiles=1024 max_tile_n=26496 bin=8.15 up=0.29 kernel=7.51 d2h=7.11 compact=0.00 publish=0.02 total=26.63ms
2026-06-02 04:55:05.192 | info     |           Metal | Device kernel duration perf summary (device=0): count=1, min=175997887ns, avg=175997887.0ns, max=175997887ns (profiler_analysis.cpp:652)
2026-06-02 04:55:05.192 | info     |           Metal | Device kernel duration perf histogram (device=0): (buckets=10, bucket_size=100ns, range=[175997800..175998800), underflow(<175997800ns)=0, overflow(>=175998800ns)=0) (profiler_analysis.cpp:695)
2026-06-02 04:55:05.192 | info     |           Metal |   [   175997800 ..    175997900) |########################################|        1 (profiler_analysis.cpp:700)
2026-06-02 04:55:05.192 | info     |           Metal |   [   175997900 ..    175998000) |                                        |        0 (profiler_analysis.cpp:700)
2026-06-02 04:55:05.192 | info     |           Metal |   [   175998000 ..    175998100) |                                        |        0 (profiler_analysis.cpp:700)
2026-06-02 04:55:05.192 | info     |           Metal |   [   175998100 ..    175998200) |                                        |        0 (profiler_analysis.cpp:700)
2026-06-02 04:55:05.192 | info     |           Metal |   [   175998200 ..    175998300) |                                        |        0 (profiler_analysis.cpp:700)
2026-06-02 04:55:05.192 | info     |           Metal |   [   175998300 ..    175998400) |                                        |        0 (profiler_analysis.cpp:700)
2026-06-02 04:55:05.192 | info     |           Metal |   [   175998400 ..    175998500) |                                        |        0 (profiler_analysis.cpp:700)
2026-06-02 04:55:05.192 | info     |           Metal |   [   175998500 ..    175998600) |                                        |        0 (profiler_analysis.cpp:700)
2026-06-02 04:55:05.192 | info     |           Metal |   [   175998600 ..    175998700) |                                        |        0 (profiler_analysis.cpp:700)
2026-06-02 04:55:05.192 | info     |           Metal |   [   175998700 ..    175998800) |                                        |        0 (profiler_analysis.cpp:700)
SUMMARY backend=tt blend_mode=2 views=1 hero_vs_gt=46.78dB hero_vs_ref=63.85dB min_vs_ref=63.85dB min_vs_gt=46.78dB ms/view=296.8 (proj=45.5 ta=24.9 sort=16.3 blend=194.0) shot=opt/metal-screenshots/a003-verify-20260602T045505Z/hero.png
[render-inner] a003_verify rc=0

Queue delay: 12 ns
Timer resolution: 0 ns

Frames: 2
Time span: 9.5 s
Zones: 61,746
Elapsed time: 6.3 s
Saving trace... done!
Trace size 1051.86 KB (29.44% ratio)
2026-06-02 04:55:05.741 | INFO     | tracy:generate_report:154 - Host side ops time report generated at /localdev/smarton/gstt2/opt/profiler/wrap_out/.logs/tracy_ops_times.csv
2026-06-02 04:55:05.747 | INFO     | tracy:generate_report:165 - Host side ops data report generated at /localdev/smarton/gstt2/opt/profiler/wrap_out/.logs/tracy_ops_data.csv
2026-06-02 04:55:05.747 | INFO     | tracy.process_ops_logs:import_tracy_op_logs:255 - Importing ops logs
/localdev/smarton/tt-metal/tools/tracy/process_ops_logs.py:360: DtypeWarning: Columns (3) have mixed types. Specify dtype option on import or set low_memory=False.
  df = pd.read_csv(tracyOpTimesLog)
2026-06-02 04:55:05.842 | INFO     | tracy.process_ops_logs:get_device_data_generate_report:1014 - Copying runtime artifacts
2026-06-02 04:55:05.851 | INFO     | tracy.process_ops_logs:get_device_data_generate_report:1020 - Getting device only ops data
2026-06-02 04:55:06.007 | INFO     | tracy.process_device_log:core_to_device_timeseries:416 - Importing Data For Device Number : 0
2026-06-02 04:55:06.358 | INFO     | tracy.process_ops_logs:get_device_data_generate_report:1032 - Generating device op report ...
2026-06-02 04:55:06.364 | INFO     | tracy.process_ops_logs:get_device_data_generate_report:1210 - Device only OPs csv generated at: /localdev/smarton/gstt2/opt/profiler/wrap_out/reports/2026_06_02_04_55_05/ops_perf_results_2026_06_02_04_55_05.csv
2026-06-02 04:55:06.365 | INFO     | tracy.process_ops_logs:get_device_data_generate_report:1219 - Device only per core op to op times csv generated at: /localdev/smarton/gstt2/opt/profiler/wrap_out/reports/2026_06_02_04_55_05/per_core_op_to_op_times_2026_06_02_04_55_05.csv
[tracy-wrap] wrapper exited rc=0
[tracy-wrap] OK tracy: -rw-rw-r-- 1 smarton smarton 1077331 Jun  2 04:55 /localdev/smarton/gstt2/opt/profiler/wrap_out/.logs/tracy_profile_log_host.tracy
[tracy-wrap] === host-zone export via csvexport-release (CPU zones; device zones are GPU zones, see below) ===
[tracy-wrap] csv zone rows: 70
[tracy-wrap] === DEVICE GPU-context probe (TracyTTContext names embedded in the .tracy) ===
[tracy-wrap] device GPU-context (per-core timeline track) count: 0
[tracy-wrap] sample device context names:
[tracy-wrap] device RISC zone-name strings present:
[tracy-wrap] === per-RISC device markers in profile_log_device.csv (data count) ===
[tracy-wrap] profile_log_device.csv data rows: 51065
[tracy-wrap] DONE rc=0 tracy=/localdev/smarton/gstt2/opt/profiler/wrap_out/.logs/tracy_profile_log_host.tracy
