================ BUILD ID ================
  cpp : #206 sha=iter61 bin=pending iter61 fuse tile_l1_cull into blend reader/compute
  data: #1 sha=b703f70 sync tracy-041 capture script
=========================================
host=yyzo-bh-03  tag=ttw-061-verify1  timeout=1200s  worry=600s  ts=2026-06-03T23:24:19-0700
cmd: bash -lc export TT_METAL_HOME=/localdev/smarton/tt-metal TT_METAL_RUNTIME_ROOT=/localdev/smarton/tt-metal TT_METAL_CACHE=/localdev/smarton/.cache/tt-metal-cache TT_METAL_ARCH_NAME=blackhole MESH_DEVICE=P100 TTW_ITER_DIR=ttw-061; cd /localdev/smarton/gstt2 && source .venv/bin/activate && python3 render/run.py --iter-dir ttw-061 2>&1 | tee /tmp/ttw061.log; grep -E "^(SUMMARY|TTW_METRIC|TTW_TIMING)" /tmp/ttw061.log | tail -20
-----------------------------------------
declare -x CURL_CA_BUNDLE="/etc/ssl/certs/ca-certificates.crt"
declare -x HOME="/home/smarton"
declare -x IRD_ARCH_NAME="blackhole"
declare -x IRD_CLUSTER="tt_yyz"
declare -x IRD_HARVESTED_MACHINE="false"
declare -x IRD_NUM_PCIE_CHIPS="1"
declare -x IRD_RESET_DONGLE="false"
declare -x IRD_VERSION="1.12.106"
declare -x LOGNAME="smarton"
declare -x MAIL="/var/mail/smarton"
declare -x NODE_EXTRA_CA_CERTS="/etc/ssl/certs/ca-certificates.crt"
declare -x OLDPWD="/home/smarton"
declare -x PATH="/home/smarton/.local/bin:/home/smarton/.local/bin:/usr/local/sbin:/usr/local/bin:/usr/sbin:/usr/bin:/sbin:/bin:/usr/games"
declare -x PIP_CERT="/etc/ssl/certs/ca-certificates.crt"
declare -x PWD="/localdev/smarton/gstt2"
declare -x P_USER_DBD_PORT="51483"
declare -x P_USER_SSH_PORT="46483"
declare -x REQUESTS_CA_BUNDLE="/etc/ssl/certs/ca-certificates.crt"
declare -x SHELL="/bin/bash"
declare -x SHLVL="2"
declare -x SLURM_GRES_IDS="0"
declare -x SSH_CLIENT="10.250.20.198 55082 22"
declare -x SSH_CONNECTION="10.250.20.198 55082 172.17.0.2 22"
declare -x SSL_CERT_FILE="/etc/ssl/certs/ca-certificates.crt"
declare -x TTW_DEVRUN="1"
declare -x USER="smarton"
declare -x USER_SSH_PASSWD="HB8/DwdzaN0Ap5b8XMfaVCFeJoV7mrp3"
[run] warmup (hero='hero', 1024x1024, scene=bicycle)
2026-06-04 06:24:21.682 | critical |           Metal | Failed to determine TT-Metal root directory. Root directory must be set via one of the following methods:
1. Automatically determined when using a package install
2. Set TT_METAL_RUNTIME_ROOT environment variable to the path containing tt_metal/
3. Call RunTimeOptions::set_root_dir() API before creating RunTimeOptions
4. Run from the root of the repository
Current working directory: /localdev/smarton/gstt2 (rtoptions.cpp:327)
2026-06-04 06:24:21.682 | critical |          Always | TT_FATAL: Root Directory is not set. (assert.hpp:104)
Traceback (most recent call last):
  File "/localdev/smarton/gstt2/render/run.py", line 339, in <module>
    main()
  File "/localdev/smarton/gstt2/render/run.py", line 268, in main
    _ = render_clean_view_timed(clean_pipeline, gauss, hero_view["c2w"], K, H, W)
  File "/localdev/smarton/gstt2/render/run.py", line 211, in render_clean_view_timed
    res = pipeline.render(gauss, extr, K, H, W)
  File "/localdev/smarton/gstt2/gsplat/pipeline.py", line 151, in render
    image, stats = self.backend.render_fused(
  File "/localdev/smarton/gstt2/render/run.py", line 117, in render_fused
    image, stats = self._clean.render_view(
RuntimeError: TT_FATAL @ /proj_sw/user_dev/smarton/tt-metal/tt_metal/llrt/rtoptions.cpp:330: !this->root_dir.empty()
info:
Root Directory is not set.
backtrace:
 --- /localdev/smarton/tt-metal/build/tt_metal/libtt_metal.so(+0x60fb99) [0x7fb1b6fa4b99]
 --- tt::llrt::RunTimeOptions::RunTimeOptions()
 --- tt::tt_metal::MetalEnvImpl::initialize_base_objects()
 --- tt::tt_metal::MetalEnvImpl::MetalEnvImpl(tt::tt_metal::MetalEnvDescriptor)
 --- std::__detail::_MakeUniq<tt::tt_metal::MetalEnvImpl>::__single_object std::make_unique<tt::tt_metal::MetalEnvImpl, tt::tt_metal::MetalEnvDescriptor>(tt::tt_metal::MetalEnvDescriptor&&)
 --- tt::tt_metal::MetalEnv::MetalEnv(tt::tt_metal::MetalEnvDescriptor)
 --- tt::tt_metal::MetalContext::create_default_instance_implicit_locked()
 --- tt::tt_metal::MetalContext::instance(ttsl::StrongType<int, tt::tt_metal::ContextIdTag>)
 --- tt::tt_metal::distributed::MeshDeviceImpl::create_unit_meshes(ttsl::StrongType<int, tt::tt_metal::ContextIdTag>, std::vector<int, std::allocator<int> > const&, unsigned long, unsigned long, unsigned long, tt::tt_metal::DispatchCoreConfig const&, std::span<unsigned int const, 18446744073709551615ul>, unsigned long)
 --- tt::tt_metal::distributed::MeshDeviceImpl::create_unit_mesh(ttsl::StrongType<int, tt::tt_metal::ContextIdTag>, int, unsigned long, unsigned long, unsigned long, tt::tt_metal::DispatchCoreConfig const&, std::span<unsigned int const, 18446744073709551615ul>, unsigned long)
 --- tt::tt_metal::distributed::MeshDevice::create_unit_mesh(int, unsigned long, unsigned long, unsigned long, tt::tt_metal::DispatchCoreConfig const&, std::span<unsigned int const, 18446744073709551615ul>, unsigned long)
 --- gsplat_tt::device_state::get_device()
 --- /localdev/smarton/gstt2/render/render_clean.cpython-310-x86_64-linux-gnu.so(+0xa3a8f) [0x7fb1ae1fea8f]
 --- /lib/x86_64-linux-gnu/libc.so.6(+0x99ee8) [0x7fb2f569fee8]
 --- gsplat_tt::jit_warmup_ideal_path()
 --- /localdev/smarton/gstt2/render/render_clean.cpython-310-x86_64-linux-gnu.so(+0x341e6) [0x7fb1ae18f1e6]
 --- /localdev/smarton/gstt2/render/render_clean.cpython-310-x86_64-linux-gnu.so(+0x4a002) [0x7fb1ae1a5002]
 --- /localdev/smarton/gstt2/render/render_clean.cpython-310-x86_64-linux-gnu.so(+0x3ed82) [0x7fb1ae199d82]
 --- /localdev/smarton/gstt2/render/render_clean.cpython-310-x86_64-linux-gnu.so(+0x3095b) [0x7fb1ae18b95b]
 --- python3(+0x17e96f) [0x562a5c7fb96f]
 --- python3(_PyEval_EvalFrameDefault+0x56cb) [0x562a5c7f7bdb]
 --- python3(_PyFunction_Vectorcall+0x7c) [0x562a5c80868c]
 --- python3(_PyEval_EvalFrameDefault+0x807) [0x562a5c7f2d17]
 --- python3(_PyFunction_Vectorcall+0x7c) [0x562a5c80868c]
 --- python3(_PyEval_EvalFrameDefault+0x807) [0x562a5c7f2d17]
 --- python3(_PyFunction_Vectorcall+0x7c) [0x562a5c80868c]
 --- python3(_PyEval_EvalFrameDefault+0x6c0) [0x562a5c7f2bd0]
 --- python3(_PyFunction_Vectorcall+0x7c) [0x562a5c80868c]
 --- python3(_PyEval_EvalFrameDefault+0x6c0) [0x562a5c7f2bd0]
 --- python3(+0x259d36) [0x562a5c8d6d36]
 --- python3(PyEval_EvalCode+0x86) [0x562a5c8d6c06]
 --- python3(+0x280678) [0x562a5c8fd678]
 --- python3(+0x27accf) [0x562a5c8f7ccf]
 --- python3(+0x280415) [0x562a5c8fd415]
 --- python3(_PyRun_SimpleFileObject+0x1a8) [0x562a5c8fc958]
 --- python3(_PyRun_AnyFileObject+0x47) [0x562a5c8fc637]
 --- python3(Py_RunMain+0x2be) [0x562a5c8f0bfe]
 --- python3(Py_BytesMain+0x2d) [0x562a5c8cac4d]
 --- /lib/x86_64-linux-gnu/libc.so.6(+0x29d90) [0x7fb2f562fd90]
 --- /lib/x86_64-linux-gnu/libc.so.6(__libc_start_main+0x80) [0x7fb2f562fe40]
 --- python3(_start+0x25) [0x562a5c8cab45]

