================ BUILD ID ================
  cpp : #204 sha=5624b96 bin=9b194864dbec80ed iter60 try1 fix MB_BUCKET_FIT writer
  data: #1 sha=b703f70 sync tracy-041 capture script
=========================================
host=yyzo-bh-03  tag=ttw-060  timeout=1200s  worry=600s  ts=2026-06-03T22:54:29-0700
cmd: export TT_METAL_HOME=/localdev/smarton/tt-metal TT_METAL_RUNTIME_ROOT=/localdev/smarton/tt-metal TT_METAL_CACHE=/localdev/smarton/.cache/tt-metal-cache TT_METAL_ARCH_NAME=blackhole MESH_DEVICE=P100; source .venv/bin/activate 2>/dev/null; python3 render/run.py --iter-dir ttw-060 2>&1 | tee /tmp/ttw-060.log; grep -q "^SUMMARY" /tmp/ttw-060.log || { echo "[verify] no SUMMARY"; exit 6; }; grep "^TTW_METRIC" /tmp/ttw-060.log | tail -1; grep "^TTW_TIMING" /tmp/ttw-060.log; grep "^SUMMARY" /tmp/ttw-060.log
-----------------------------------------
BUILD-ID VERIFY OK: cpp#204 bin=9b194864dbec80ed matches the built+stamped artifact
[run] warmup (hero='hero', 1024x1024, scene=bicycle)
2026-06-04 05:54:31.916 | info     |             UMD | Creating TopologyDiscovery for architecture: blackhole (topology_discovery.cpp:75)
2026-06-04 05:54:31.916 | info     |             UMD | Starting topology discovery. (topology_discovery.cpp:92)
2026-06-04 05:54:31.916 | warning  |             UMD | Low power mode is disabled while UMD holds open file descriptors. The device will return to low power mode once all file descriptors are closed. (topology_discovery.cpp:143)
2026-06-04 05:54:31.916 | warning  |             UMD | KMD version 2.4.1 does not support power state management. (pci_device.cpp:1067)
2026-06-04 05:54:31.916 | info     |             UMD | Established firmware bundle version: 18.12.1 (topology_discovery.cpp:544)
2026-06-04 05:54:31.916 | info     |             UMD | Completed topology discovery. (topology_discovery.cpp:96)
2026-06-04 05:54:31.916 | info     |          Device | Opening user mode device driver (tt_cluster.cpp:225)
2026-06-04 05:54:31.916 | info     |             UMD | Cluster constructor started. (cluster.cpp:317)
2026-06-04 05:54:31.916 | info     |             UMD | Creating TopologyDiscovery for architecture: blackhole (topology_discovery.cpp:75)
2026-06-04 05:54:31.916 | info     |             UMD | Starting topology discovery. (topology_discovery.cpp:92)
2026-06-04 05:54:31.917 | warning  |             UMD | Low power mode is disabled while UMD holds open file descriptors. The device will return to low power mode once all file descriptors are closed. (topology_discovery.cpp:143)
2026-06-04 05:54:31.917 | warning  |             UMD | KMD version 2.4.1 does not support power state management. (pci_device.cpp:1067)
2026-06-04 05:54:31.917 | info     |             UMD | Established firmware bundle version: 18.12.1 (topology_discovery.cpp:544)
2026-06-04 05:54:31.917 | info     |             UMD | Completed topology discovery. (topology_discovery.cpp:96)
2026-06-04 05:54:31.917 | info     |             UMD | Harvesting masks for Chip 0: Tensix: 0xc0 DRAM: 0x8 ETH: 0x3fff PCIe: 0x2 L2CPU: 0x0 (cluster.cpp:270)
2026-06-04 05:54:31.917 | info     |             UMD | Initializing iommu for sysmem (size: 0x40000000). (silicon_sysmem_manager.cpp:334)
2026-06-04 05:54:31.917 | info     |             UMD | Allocating sysmem for IOMMU (size: 0x40000000). (silicon_sysmem_manager.cpp:340)
2026-06-04 05:54:31.956 | warning  |             UMD | KMD version 2.4.1 does not support power state management. (pci_device.cpp:1067)
2026-06-04 05:54:31.956 | info     |             UMD | Opening local chip ids/PCIe ids: {0}/[0] and remote chip ids {} (cluster.cpp:159)
2026-06-04 05:54:31.956 | info     |             UMD | IOMMU: enabled (cluster.cpp:133)
2026-06-04 05:54:31.956 | info     |             UMD | KMD version: 2.4.1 (cluster.cpp:136)
2026-06-04 05:54:31.956 | info     |             UMD | Cluster constructor completed. (cluster.cpp:409)
2026-06-04 05:54:31.958 | info     |             UMD | Starting devices in cluster (cluster.cpp:1044)
2026-06-04 05:54:31.958 | info     |             UMD | Mapped sysmem without hugepages to IOVA 0x80000000; NOC address 0x1000000000000000 (silicon_sysmem_manager.cpp:391)
2026-06-04 05:54:31.959 | info     |             UMD | Starting devices in cluster completed. (cluster.cpp:1052)
2026-06-04 05:54:32.437 | info     |     Distributed | Using auto discovery to generate mesh graph. (metal_env.cpp:332)
2026-06-04 05:54:32.437 | info     |     Distributed | Constructing control plane using auto-discovery (no mesh graph descriptor). (metal_env.cpp:394)
2026-06-04 05:54:32.437 | info     |             UMD | Creating TopologyDiscovery for architecture: blackhole (topology_discovery.cpp:75)
2026-06-04 05:54:32.437 | info     |             UMD | Starting topology discovery. (topology_discovery.cpp:92)
2026-06-04 05:54:32.437 | warning  |             UMD | Low power mode is disabled while UMD holds open file descriptors. The device will return to low power mode once all file descriptors are closed. (topology_discovery.cpp:143)
2026-06-04 05:54:32.437 | warning  |             UMD | KMD version 2.4.1 does not support power state management. (pci_device.cpp:1067)
2026-06-04 05:54:32.438 | info     |             UMD | Established firmware bundle version: 18.12.1 (topology_discovery.cpp:544)
2026-06-04 05:54:32.438 | info     |             UMD | Completed topology discovery. (topology_discovery.cpp:96)
2026-06-04 05:54:32.438 | warning  |          Always | Unknown motherboard 'X670E GAMING PLUS WIFI (MS-7E16)' for chip_id=0 (bus_id=0x1) — defaulting tray_id to 0. Add this motherboard and its bus IDs to mobo_to_bus_ids in physical_system_discovery.cpp. (physical_system_discovery.cpp:62)
2026-06-04 05:54:32.438 | info     |          Fabric | TopologyMapper: Logical Multi-Mesh Adjacency Map: (topology_mapper.cpp:1474)
2026-06-04 05:54:32.438 | info     |          Fabric | 
=== Logical Mesh-Level Graph Adjacency Map ===
Total nodes: 1
Degree histogram: {0:1}
 (topology_solver.tpp:94)
2026-06-04 05:54:32.438 | info     |          Fabric | 
=== Logical Mesh 0 Internal Graph Adjacency Map ===
Total nodes: 1
Degree histogram: {0:1}
 (topology_solver.tpp:94)
2026-06-04 05:54:32.438 | info     |          Fabric | TopologyMapper: Physical Multi-Mesh Adjacency Map: (topology_mapper.cpp:1485)
2026-06-04 05:54:32.438 | info     |          Fabric | 
=== Physical Mesh-Level Graph Adjacency Map ===
Total nodes: 1
Degree histogram: {0:1}
 (topology_solver.tpp:94)
2026-06-04 05:54:32.438 | info     |          Fabric | 
=== Physical Mesh 0 Internal Graph Adjacency Map ===
Total nodes: 1
Degree histogram: {0:1}
 (topology_solver.tpp:94)
2026-06-04 05:54:32.438 | info     |          Fabric | Starting multi-mesh mapping: 1 logical mesh(es) to 1 physical mesh(es) (topology_mapper_utils.cpp:1469)
2026-06-04 05:54:32.438 | info     |          Fabric | Multi-mesh mapping attempt 1/2: Trying inter-mesh mapping (topology_mapper_utils.cpp:1510)
2026-06-04 05:54:32.438 | info     |          Fabric | Attempt 1: Inter-mesh mapping succeeded, found 1 mesh pair(s) (topology_mapper_utils.cpp:1539)
2026-06-04 05:54:32.438 | info     |          Fabric | Attempt 1: Mapping 1 mesh pair(s) (topology_mapper_utils.cpp:1547)
2026-06-04 05:54:32.438 | info     |          Fabric | Attempt 1: Mapping mesh 0 -> 0 (topology_mapper_utils.cpp:1554)
2026-06-04 05:54:32.438 | info     |          Fabric | Multi-mesh mapping succeeded after 1 attempt(s): 1 mesh pair(s) mapped (topology_mapper_utils.cpp:1686)
2026-06-04 05:54:32.459 | info     |    BuildKernels | Using pre-compiled firmware from: /localdev/smarton/tt-metal/tt_metal/pre-compiled/5481144561508939120/ (build_env_manager.cpp:260)
2026-06-04 05:54:32.658 | info     |           Metal | ShmResourceTracker: removed stale shm '/tt_d2h_3459_1842978513_0' (shm_resource_tracker.cpp:265)
2026-06-04 05:54:32.658 | info     |           Metal | ShmResourceTracker: removed stale manifest '/dev/shm/tt_socket_manifest_3459' (shm_resource_tracker.cpp:275)
2026-06-04 05:54:32.658 | info     |           Metal | ShmResourceTracker: removed orphaned shm '/tt_device_7490744194894819707_memory' (shm_resource_tracker.cpp:282)
2026-06-04 05:54:33.241 | info     |           Metal | [Real-time profiler] Device 0 sync complete: 100 samples, frequency=1.349983 GHz, device_time_at_sync=421781223549 cycles (realtime_profiler_manager.cpp:1082)
[JIT_WARMUP] ideal-path contexts compiled in 1341.2 ms
[SUBCHUNK] tiles_split=110 total_subchunks=1148 max_subchunks_per_tile=4 payload_pages=1684771
[SORT] stage=RP P=3369033 P_kept=3369033 num_tiles=1024 max_tile_n=26496 bin=44.06 up=0.02 kernel=1.59 d2h=0.00 compact=0.00 publish=2.80 mat=0.00 total=48.55ms
[SUBCHUNK] materialize_ms=30.14
[run] timing 30 view(s) (warmup excluded)
[SUBCHUNK] tiles_split=110 total_subchunks=1148 max_subchunks_per_tile=4 payload_pages=1684771
[SORT] stage=RP P=3369033 P_kept=3369033 num_tiles=1024 max_tile_n=26496 bin=41.80 up=0.02 kernel=0.04 d2h=0.00 compact=0.00 publish=0.06 mat=0.00 total=42.00ms
[SUBCHUNK] materialize_ms=27.87
[run]   view=hero 298.6ms
[SUBCHUNK] tiles_split=118 total_subchunks=1159 max_subchunks_per_tile=4 payload_pages=1768042
[SORT] stage=RP P=3535561 P_kept=3535561 num_tiles=1024 max_tile_n=26272 bin=43.45 up=0.02 kernel=0.03 d2h=0.00 compact=0.00 publish=0.06 mat=0.00 total=43.65ms
[SUBCHUNK] materialize_ms=28.04
2026-06-04 05:54:37.347 | critical |          Always | TT_THROW: Statically allocated circular buffers in program 36 clash with L1 buffers on core range [0-0 - 10-9]. L1 buffer allocated at 1321152 and static circular buffer region ends at 1441408 (assert.hpp:104)
[gsplat_tt::sort] resident-pairs path failed: TT_THROW @ /proj_sw/user_dev/smarton/tt-metal/tt_metal/impl/program/program.cpp:1403: tt::exception
info:
Statically allocated circular buffers in program 36 clash with L1 buffers on core range [0-0 - 10-9]. L1 buffer allocated at 1321152 and static circular buffer region ends at 1441408
backtrace:
 --- /localdev/smarton/tt-metal/build/tt_metal/libtt_metal.so(+0x85cbe3) [0x7fe02dff1be3]
 --- tt::tt_metal::detail::ProgramImpl::validate_circular_buffer_region(tt::tt_metal::IDevice const*)
 --- tt::tt_metal::distributed::MeshWorkloadImpl::compile(tt::tt_metal::distributed::MeshDevice*)
 --- tt::tt_metal::distributed::EnqueueMeshWorkload(tt::tt_metal::distributed::MeshCommandQueue&, tt::tt_metal::distributed::MeshWorkload&, bool)
 --- /localdev/smarton/gstt2/render/render_clean.cpython-310-x86_64-linux-gnu.so(+0xa154e) [0x7fe024ee754e]
 --- gsplat_tt::blend_mb_devcull_resident(float, bool, int, int, int, int, float*, bool*, double*, double*)
 --- /localdev/smarton/gstt2/render/render_clean.cpython-310-x86_64-linux-gnu.so(+0x9896f) [0x7fe024ede96f]
 --- gsplat_tt::sort_and_bin_tt(long const*, long const*, float const*, unsigned long, unsigned long, int, int, gsplat_cpu::ThreadPool*, bool*, gsplat_tt::SortCallTimings*, bool, gsplat_tt::SortBlendContinuation*)
 --- /localdev/smarton/gstt2/render/render_clean.cpython-310-x86_64-linux-gnu.so(+0x34ae1) [0x7fe024e7aae1]
 --- /localdev/smarton/gstt2/render/render_clean.cpython-310-x86_64-linux-gnu.so(+0x4a4a2) [0x7fe024e904a2]
 --- /localdev/smarton/gstt2/render/render_clean.cpython-310-x86_64-linux-gnu.so(+0x3f222) [0x7fe024e85222]
 --- /localdev/smarton/gstt2/render/render_clean.cpython-310-x86_64-linux-gnu.so(+0x30dfb) [0x7fe024e76dfb]
 --- python3(+0x17e96f) [0x55ede721a96f]
 --- python3(_PyEval_EvalFrameDefault+0x56cb) [0x55ede7216bdb]
 --- python3(_PyFunction_Vectorcall+0x7c) [0x55ede722768c]
 --- python3(_PyEval_EvalFrameDefault+0x807) [0x55ede7211d17]
 --- python3(_PyFunction_Vectorcall+0x7c) [0x55ede722768c]
 --- python3(_PyEval_EvalFrameDefault+0x807) [0x55ede7211d17]
 --- python3(_PyFunction_Vectorcall+0x7c) [0x55ede722768c]
 --- python3(_PyEval_EvalFrameDefault+0x6c0) [0x55ede7211bd0]
 --- python3(_PyFunction_Vectorcall+0x7c) [0x55ede722768c]
 --- python3(_PyEval_EvalFrameDefault+0x6c0) [0x55ede7211bd0]
 --- python3(+0x259d36) [0x55ede72f5d36]
 --- python3(PyEval_EvalCode+0x86) [0x55ede72f5c06]
 --- python3(+0x280678) [0x55ede731c678]
 --- python3(+0x27accf) [0x55ede7316ccf]
 --- python3(+0x280415) [0x55ede731c415]
 --- python3(_PyRun_SimpleFileObject+0x1a8) [0x55ede731b958]
 --- python3(_PyRun_AnyFileObject+0x47) [0x55ede731b637]
 --- python3(Py_RunMain+0x2be) [0x55ede730fbfe]
 --- python3(Py_BytesMain+0x2d) [0x55ede72e9c4d]
 --- /lib/x86_64-linux-gnu/libc.so.6(+0x29d90) [0x7fe16c2e5d90]
 --- /lib/x86_64-linux-gnu/libc.so.6(__libc_start_main+0x80) [0x7fe16c2e5e40]
 --- python3(_start+0x25) [0x55ede72e9b45]

Traceback (most recent call last):
  File "/localdev/smarton/gstt2/render/run.py", line 346, in <module>
    main()
  File "/localdev/smarton/gstt2/render/run.py", line 284, in main
    img, wall_ms = render_clean_view_timed(
  File "/localdev/smarton/gstt2/render/run.py", line 211, in render_clean_view_timed
    res = pipeline.render(gauss, extr, K, H, W)
  File "/localdev/smarton/gstt2/gsplat/pipeline.py", line 151, in render
    image, stats = self.backend.render_fused(
  File "/localdev/smarton/gstt2/render/run.py", line 117, in render_fused
    image, stats = self._clean.render_view(
RuntimeError: render_clean: device sort failed; single-path TT, no CPU fallback
[yyzo-bh-03-special-smarton-for-reservation-75313:03756] *** Process received signal ***
[yyzo-bh-03-special-smarton-for-reservation-75313:03756] Signal: Segmentation fault (11)
[yyzo-bh-03-special-smarton-for-reservation-75313:03756] Signal code:  (128)
[yyzo-bh-03-special-smarton-for-reservation-75313:03756] Failing at address: (nil)
[yyzo-bh-03-special-smarton-for-reservation-75313:03756] [ 0] /lib/x86_64-linux-gnu/libc.so.6(+0x42520)[0x7fe16c2fe520]
[yyzo-bh-03-special-smarton-for-reservation-75313:03756] [ 1] /localdev/smarton/tt-metal/build/tt_metal/libtt_metal.so(_ZN2tt8tt_metal25SharedMemoryStatsProvider21update_from_allocatorEPKNS0_6DeviceEi+0x97)[0x7fe02df0b3a7]
[yyzo-bh-03-special-smarton-for-reservation-75313:03756] [ 2] /localdev/smarton/tt-metal/build/tt_metal/libtt_metal.so(_ZN2tt8tt_metal6detail11ProgramImpl27deallocate_circular_buffersEv+0xe4)[0x7fe02dfb3754]
[yyzo-bh-03-special-smarton-for-reservation-75313:03756] [ 3] /localdev/smarton/tt-metal/build/tt_metal/libtt_metal.so(_ZN2tt8tt_metal6detail11ProgramImplD2Ev+0x16)[0x7fe02dfb2ba6]
[yyzo-bh-03-special-smarton-for-reservation-75313:03756] [ 4] /localdev/smarton/tt-metal/build/tt_metal/libtt_metal.so(+0x61ca0f)[0x7fe02ddb1a0f]
[yyzo-bh-03-special-smarton-for-reservation-75313:03756] [ 5] /localdev/smarton/tt-metal/build/tt_metal/libtt_metal.so(_ZNSt8__detail16_Hashtable_allocISaINS_10_Hash_nodeISt4pairIKN2tt8tt_metal11distributed19MeshCoordinateRangeENS4_7ProgramEELb0EEEEE18_M_deallocate_nodeEPSA_+0x15)[0x7fe02e27e115]
[yyzo-bh-03-special-smarton-for-reservation-75313:03756] [ 6] /localdev/smarton/tt-metal/build/tt_metal/libtt_metal.so(_ZN2tt8tt_metal11distributed16MeshWorkloadImplD2Ev+0xbe)[0x7fe02e26d5ae]
[yyzo-bh-03-special-smarton-for-reservation-75313:03756] [ 7] /localdev/smarton/tt-metal/build/tt_metal/libtt_metal.so(_ZN2tt8tt_metal11distributed12MeshWorkloadD2Ev+0x1a)[0x7fe02e27019a]
[yyzo-bh-03-special-smarton-for-reservation-75313:03756] [ 8] /localdev/smarton/gstt2/render/render_clean.cpython-310-x86_64-linux-gnu.so(+0x4ef57)[0x7fe024e94f57]
[yyzo-bh-03-special-smarton-for-reservation-75313:03756] [ 9] /lib/x86_64-linux-gnu/libc.so.6(+0x45495)[0x7fe16c301495]
[yyzo-bh-03-special-smarton-for-reservation-75313:03756] [10] /lib/x86_64-linux-gnu/libc.so.6(on_exit+0x0)[0x7fe16c301610]
[yyzo-bh-03-special-smarton-for-reservation-75313:03756] [11] /lib/x86_64-linux-gnu/libc.so.6(+0x29d97)[0x7fe16c2e5d97]
[yyzo-bh-03-special-smarton-for-reservation-75313:03756] [12] /lib/x86_64-linux-gnu/libc.so.6(__libc_start_main+0x80)[0x7fe16c2e5e40]
[yyzo-bh-03-special-smarton-for-reservation-75313:03756] [13] python3(_start+0x25)[0x55ede72e9b45]
[yyzo-bh-03-special-smarton-for-reservation-75313:03756] *** End of error message ***
[verify] no SUMMARY
