================ BUILD ID ================
  cpp : #180 sha=3076bac bin=c7ba24c27ff8aeb7 iter52: mb sat EO v2 end-of-subchunk T scan
  data: #1 sha=b703f70 sync tracy-041 capture script
=========================================
host=yyzo-bh-03  tag=ttw-052  timeout=1200s  worry=600s  ts=2026-06-03T10:08:17-0700
cmd: export TT_METAL_HOME=/localdev/smarton/tt-metal TT_METAL_RUNTIME_ROOT=/localdev/smarton/tt-metal TT_METAL_CACHE=/localdev/smarton/.cache/tt-metal-cache TT_METAL_ARCH_NAME=blackhole MESH_DEVICE=P100; source .venv/bin/activate; test -f render/build-tt/build.ninja || (cmake -G Ninja -S render -B render/build-tt -DCMAKE_BUILD_TYPE=Release); cmake --build render/build-tt -j 16; python3 render/run.py --iter-dir ttw-052 2>&1 | tee /tmp/ttw052.log; grep -E '^SUMMARY|^TTW_METRIC|^TTW_TIMING' /tmp/ttw052.log
-----------------------------------------
BUILD-ID VERIFY OK: cpp#180 bin=c7ba24c27ff8aeb7 matches the built+stamped artifact
===== ttw diagnose host=yyzo-bh-03 @ 2026-06-03T10:18:34-0700 =====
--- device status (read-only) ---
tt-smi not found
--- uptime (recent reboot? <10min after a wedge = IRD auto-rebooted) ---
 17:18:34 up  1:36,  0 users,  load average: 2.01, 2.02, 1.82
--- device processes ---
--- JIT cache size ---
118M	/localdev/smarton/.cache/tt-metal-cache
--- watcher waypoints (if any) ---
===== end diagnose =====
Interpretation hints: CPU climbing OR cache growing = still working, wait.
  'Timeout waiting for ARC msg request queue' = ARC firmware wedged (needs reboot, GATED).
  TT_FATAL / core dumped / 'daemon error' = crashed, not transient.
----- HANG/TIMEOUT (rc=124) -----
Command exceeded 1200s. Snapshotting non-destructive diagnostics.
===== ttw diagnose host=yyzo-bh-03 @ 2026-06-03T10:28:19-0700 =====
--- device status (read-only) ---
tt-smi not found
--- uptime (recent reboot? <10min after a wedge = IRD auto-rebooted) ---
 17:28:19 up  1:46,  0 users,  load average: 2.00, 2.01, 1.93
--- device processes ---
--- JIT cache size ---
118M	/localdev/smarton/.cache/tt-metal-cache
--- watcher waypoints (if any) ---
===== end diagnose =====
Interpretation hints: CPU climbing OR cache growing = still working, wait.
  'Timeout waiting for ARC msg request queue' = ARC firmware wedged (needs reboot, GATED).
  TT_FATAL / core dumped / 'daemon error' = crashed, not transient.
Recovery beyond diagnosis is DESTRUCTIVE-GATED. See: recover.sh --help
