================ BUILD ID ================
  cpp : #180 sha=c168a45 bin=758225342eac631c 
  data: #1 sha=b703f70 sync tracy-041 capture script
=========================================
host=yyzo-bh-03  tag=ttw-053  timeout=1200s  worry=600s  ts=2026-06-03T17:12:44-0700
cmd: export TT_METAL_HOME=/localdev/smarton/tt-metal TT_METAL_RUNTIME_ROOT=/localdev/smarton/tt-metal TT_METAL_CACHE=/localdev/smarton/.cache/tt-metal-cache TT_METAL_ARCH_NAME=blackhole MESH_DEVICE=P100; source .venv/bin/activate; cmake --build render/build-tt -j 16; python3 render/run.py --iter-dir ttw-053 2>&1 | tee /tmp/ttw-053-verify.log; grep -E "^SUMMARY|^TTW_METRIC|^TTW_TIMING|\[SUBCHUNK\]" /tmp/ttw-053-verify.log
-----------------------------------------
ninja: no work to do.
[run] warmup (hero='hero', 1024x1024, scene=bicycle)
2026-06-04 00:12:45.944 | info     |             UMD | Creating TopologyDiscovery for architecture: blackhole (topology_discovery.cpp:75)
2026-06-04 00:12:45.944 | info     |             UMD | Starting topology discovery. (topology_discovery.cpp:92)
2026-06-04 00:12:45.944 | warning  |             UMD | Low power mode is disabled while UMD holds open file descriptors. The device will return to low power mode once all file descriptors are closed. (topology_discovery.cpp:143)
2026-06-04 00:12:45.944 | warning  |             UMD | KMD version 2.4.1 does not support power state management. (pci_device.cpp:1067)
2026-06-04 00:12:45.945 | info     |             UMD | Established firmware bundle version: 18.12.1 (topology_discovery.cpp:544)
2026-06-04 00:12:45.945 | info     |             UMD | Completed topology discovery. (topology_discovery.cpp:96)
2026-06-04 00:12:45.945 | info     |          Device | Opening user mode device driver (tt_cluster.cpp:225)
2026-06-04 00:12:45.945 | info     |             UMD | Cluster constructor started. (cluster.cpp:317)
2026-06-04 00:12:45.945 | info     |             UMD | Creating TopologyDiscovery for architecture: blackhole (topology_discovery.cpp:75)
2026-06-04 00:12:45.945 | info     |             UMD | Starting topology discovery. (topology_discovery.cpp:92)
2026-06-04 00:12:45.945 | warning  |             UMD | Low power mode is disabled while UMD holds open file descriptors. The device will return to low power mode once all file descriptors are closed. (topology_discovery.cpp:143)
2026-06-04 00:12:45.945 | warning  |             UMD | KMD version 2.4.1 does not support power state management. (pci_device.cpp:1067)
2026-06-04 00:12:45.945 | info     |             UMD | Established firmware bundle version: 18.12.1 (topology_discovery.cpp:544)
2026-06-04 00:12:45.945 | info     |             UMD | Completed topology discovery. (topology_discovery.cpp:96)
2026-06-04 00:12:45.945 | info     |             UMD | Harvesting masks for Chip 0: Tensix: 0xc0 DRAM: 0x8 ETH: 0x3fff PCIe: 0x2 L2CPU: 0x0 (cluster.cpp:270)
2026-06-04 00:12:45.945 | info     |             UMD | Initializing iommu for sysmem (size: 0x40000000). (silicon_sysmem_manager.cpp:334)
2026-06-04 00:12:45.945 | info     |             UMD | Allocating sysmem for IOMMU (size: 0x40000000). (silicon_sysmem_manager.cpp:340)
2026-06-04 00:12:45.985 | warning  |             UMD | KMD version 2.4.1 does not support power state management. (pci_device.cpp:1067)
2026-06-04 00:12:45.985 | info     |             UMD | Opening local chip ids/PCIe ids: {0}/[0] and remote chip ids {} (cluster.cpp:159)
2026-06-04 00:12:45.985 | info     |             UMD | IOMMU: enabled (cluster.cpp:133)
2026-06-04 00:12:45.985 | info     |             UMD | KMD version: 2.4.1 (cluster.cpp:136)
2026-06-04 00:12:45.985 | info     |             UMD | Cluster constructor completed. (cluster.cpp:409)
2026-06-04 00:12:45.987 | info     |             UMD | Starting devices in cluster (cluster.cpp:1044)
2026-06-04 00:12:45.987 | info     |             UMD | Mapped sysmem without hugepages to IOVA 0x80000000; NOC address 0x1000000000000000 (silicon_sysmem_manager.cpp:391)
2026-06-04 00:12:45.987 | info     |             UMD | Starting devices in cluster completed. (cluster.cpp:1052)
2026-06-04 00:12:46.464 | info     |     Distributed | Using auto discovery to generate mesh graph. (metal_env.cpp:332)
2026-06-04 00:12:46.464 | info     |     Distributed | Constructing control plane using auto-discovery (no mesh graph descriptor). (metal_env.cpp:394)
2026-06-04 00:12:46.464 | info     |             UMD | Creating TopologyDiscovery for architecture: blackhole (topology_discovery.cpp:75)
2026-06-04 00:12:46.464 | info     |             UMD | Starting topology discovery. (topology_discovery.cpp:92)
2026-06-04 00:12:46.465 | warning  |             UMD | Low power mode is disabled while UMD holds open file descriptors. The device will return to low power mode once all file descriptors are closed. (topology_discovery.cpp:143)
2026-06-04 00:12:46.465 | warning  |             UMD | KMD version 2.4.1 does not support power state management. (pci_device.cpp:1067)
2026-06-04 00:12:46.465 | info     |             UMD | Established firmware bundle version: 18.12.1 (topology_discovery.cpp:544)
2026-06-04 00:12:46.465 | info     |             UMD | Completed topology discovery. (topology_discovery.cpp:96)
2026-06-04 00:12:46.465 | warning  |          Always | Unknown motherboard 'X670E GAMING PLUS WIFI (MS-7E16)' for chip_id=0 (bus_id=0x1) — defaulting tray_id to 0. Add this motherboard and its bus IDs to mobo_to_bus_ids in physical_system_discovery.cpp. (physical_system_discovery.cpp:62)
2026-06-04 00:12:46.465 | info     |          Fabric | TopologyMapper: Logical Multi-Mesh Adjacency Map: (topology_mapper.cpp:1474)
2026-06-04 00:12:46.465 | info     |          Fabric | 
=== Logical Mesh-Level Graph Adjacency Map ===
Total nodes: 1
Degree histogram: {0:1}
 (topology_solver.tpp:94)
2026-06-04 00:12:46.465 | info     |          Fabric | 
=== Logical Mesh 0 Internal Graph Adjacency Map ===
Total nodes: 1
Degree histogram: {0:1}
 (topology_solver.tpp:94)
2026-06-04 00:12:46.465 | info     |          Fabric | TopologyMapper: Physical Multi-Mesh Adjacency Map: (topology_mapper.cpp:1485)
2026-06-04 00:12:46.465 | info     |          Fabric | 
=== Physical Mesh-Level Graph Adjacency Map ===
Total nodes: 1
Degree histogram: {0:1}
 (topology_solver.tpp:94)
2026-06-04 00:12:46.465 | info     |          Fabric | 
=== Physical Mesh 0 Internal Graph Adjacency Map ===
Total nodes: 1
Degree histogram: {0:1}
 (topology_solver.tpp:94)
2026-06-04 00:12:46.465 | info     |          Fabric | Starting multi-mesh mapping: 1 logical mesh(es) to 1 physical mesh(es) (topology_mapper_utils.cpp:1469)
2026-06-04 00:12:46.465 | info     |          Fabric | Multi-mesh mapping attempt 1/2: Trying inter-mesh mapping (topology_mapper_utils.cpp:1510)
2026-06-04 00:12:46.465 | info     |          Fabric | Attempt 1: Inter-mesh mapping succeeded, found 1 mesh pair(s) (topology_mapper_utils.cpp:1539)
2026-06-04 00:12:46.465 | info     |          Fabric | Attempt 1: Mapping 1 mesh pair(s) (topology_mapper_utils.cpp:1547)
2026-06-04 00:12:46.465 | info     |          Fabric | Attempt 1: Mapping mesh 0 -> 0 (topology_mapper_utils.cpp:1554)
2026-06-04 00:12:46.465 | info     |          Fabric | Multi-mesh mapping succeeded after 1 attempt(s): 1 mesh pair(s) mapped (topology_mapper_utils.cpp:1686)
2026-06-04 00:12:46.490 | info     |    BuildKernels | Using pre-compiled firmware from: /localdev/smarton/tt-metal/tt_metal/pre-compiled/431005707817566179/ (build_env_manager.cpp:260)
2026-06-04 00:12:46.691 | info     |           Metal | ShmResourceTracker: removed stale shm '/tt_d2h_5265_3521598442_0' (shm_resource_tracker.cpp:265)
2026-06-04 00:12:46.691 | info     |           Metal | ShmResourceTracker: removed stale manifest '/dev/shm/tt_socket_manifest_5265' (shm_resource_tracker.cpp:275)
2026-06-04 00:12:46.691 | info     |           Metal | ShmResourceTracker: removed orphaned shm '/tt_device_7490744194894819707_memory' (shm_resource_tracker.cpp:282)
2026-06-04 00:12:47.277 | info     |           Metal | [Real-time profiler] Device 0 sync complete: 100 samples, frequency=1.349980 GHz, device_time_at_sync=27465572915460 cycles (realtime_profiler_manager.cpp:1082)
[JIT_WARMUP] ideal-path contexts compiled in 1348.7 ms
[SUBCHUNK] tiles_split=110 total_subchunks=1148 max_subchunks_per_tile=4 payload_pages=1684771
[SORT] stage=RP P=3369033 P_kept=3369033 num_tiles=1024 max_tile_n=26496 bin=44.08 up=0.02 kernel=1.79 d2h=0.00 compact=0.00 publish=601.06 total=647.03ms
[SUBCHUNK] device dir resident (sort stage)
===== ttw diagnose host=yyzo-bh-03 @ 2026-06-03T17:23:00-0700 =====
--- device status (read-only) ---
tt-smi not found
--- uptime (recent reboot? <10min after a wedge = IRD auto-rebooted) ---
 00:23:01 up  5:50,  0 users,  load average: 2.13, 2.04, 1.74
--- device processes ---
--- JIT cache size ---
273M	/localdev/smarton/.cache/tt-metal-cache
--- watcher waypoints (if any) ---
===== end diagnose =====
Interpretation hints: CPU climbing OR cache growing = still working, wait.
  'Timeout waiting for ARC msg request queue' = ARC firmware wedged (needs reboot, GATED).
  TT_FATAL / core dumped / 'daemon error' = crashed, not transient.
