================ BUILD ID ================
  cpp : #181 sha=c168a45 bin=e02be2fb72d4fa98 iter54 step A: post-radix PACK2 subchunk materialize (blend iter-51 path)
  data: #1 sha=b703f70 sync tracy-041 capture script
=========================================
host=yyzo-bh-03  tag=ttw-054  timeout=1200s  worry=600s  ts=2026-06-03T18:32:24-0700
cmd: bash -lc export TT_METAL_HOME=/localdev/smarton/tt-metal TT_METAL_RUNTIME_ROOT=/localdev/smarton/tt-metal TT_METAL_CACHE=/localdev/smarton/.cache/tt-metal-cache TT_METAL_ARCH_NAME=blackhole MESH_DEVICE=P100; source .venv/bin/activate 2>/dev/null; test -f render/build-tt/build.ninja || (cmake -G Ninja -S render -B render/build-tt -DCMAKE_BUILD_TYPE=Release); cmake --build render/build-tt -j 16; python3 render/run.py --iter-dir ${TTW_ITER_DIR:?TTW_ITER_DIR unset} 2>&1 | tee /tmp/ttw_verify.log; grep -q '^SUMMARY' /tmp/ttw_verify.log || { echo '[verify] no SUMMARY'; exit 6; }; grep -q '^TTW_METRIC hero_vs_ref=' /tmp/ttw_verify.log || { echo '[verify] no TTW_METRIC'; exit 6; }; mkdir -p opt/metal-screenshots/${TTW_ITER_DIR}; cp -f tmp/${TTW_ITER_DIR}/hero_clean.png opt/metal-screenshots/${TTW_ITER_DIR}/hero.png 2>/dev/null || cp -f tmp/${TTW_ITER_DIR}/hero_clean.png opt/metal-screenshots/${TTW_ITER_DIR}/hero.png; test -f opt/metal-screenshots/${TTW_ITER_DIR}/hero.png || { echo '[verify] hero screenshot missing'; exit 6; }; cp -f tmp/${TTW_ITER_DIR}/hero_diff10.png opt/metal-screenshots/${TTW_ITER_DIR}/hero_diff10.png 2>/dev/null || true; grep '^TTW_METRIC' /tmp/ttw_verify.log | tail -1; grep '^TTW_TIMING' /tmp/ttw_verify.log
-----------------------------------------
BUILD-ID VERIFY OK: cpp#181 bin=e02be2fb72d4fa98 matches the built+stamped artifact
declare -x CURL_CA_BUNDLE="/etc/ssl/certs/ca-certificates.crt"
declare -x HOME="/home/smarton"
declare -x IRD_ARCH_NAME="blackhole"
declare -x IRD_CLUSTER="tt_yyz"
declare -x IRD_HARVESTED_MACHINE="false"
declare -x IRD_NUM_PCIE_CHIPS="1"
declare -x IRD_RESET_DONGLE="false"
declare -x IRD_VERSION="1.12.106"
declare -x LANG="C.UTF-8"
declare -x LOGNAME="smarton"
declare -x MOTD_SHOWN="pam"
declare -x NODE_EXTRA_CA_CERTS="/etc/ssl/certs/ca-certificates.crt"
declare -x OLDPWD="/home/smarton"
declare -x PATH="/home/smarton/.local/bin:/home/smarton/.local/bin:/usr/local/sbin:/usr/local/bin:/usr/sbin:/usr/bin:/sbin:/bin:/usr/games:/usr/local/games:/snap/bin"
declare -x PIP_CERT="/etc/ssl/certs/ca-certificates.crt"
declare -x PWD="/localdev/smarton/gstt2"
declare -x P_USER_DBD_PORT="51483"
declare -x P_USER_SSH_PORT="46483"
declare -x REQUESTS_CA_BUNDLE="/etc/ssl/certs/ca-certificates.crt"
declare -x SHELL="/bin/bash"
declare -x SHLVL="2"
declare -x SLURM_GRES_IDS="0"
declare -x SSH_CLIENT="10.250.20.198 59166 22"
declare -x SSH_CONNECTION="10.250.20.198 59166 172.17.0.2 22"
declare -x SSL_CERT_FILE="/etc/ssl/certs/ca-certificates.crt"
declare -x TTW_DEVRUN="1"
declare -x TTW_ITER_DIR="ttw-054"
declare -x USER="smarton"
declare -x USER_SSH_PASSWD="GWZx2VTSqQStCPj+iPs74vCC741qRKkA"
ninja: no work to do.
[run] warmup (hero='hero', 1024x1024, scene=bicycle)
2026-06-04 01:32:26.559 | critical |           Metal | Failed to determine TT-Metal root directory. Root directory must be set via one of the following methods:
1. Automatically determined when using a package install
2. Set TT_METAL_RUNTIME_ROOT environment variable to the path containing tt_metal/
3. Call RunTimeOptions::set_root_dir() API before creating RunTimeOptions
4. Run from the root of the repository
Current working directory: /localdev/smarton/gstt2 (rtoptions.cpp:327)
2026-06-04 01:32:26.559 | critical |          Always | TT_FATAL: Root Directory is not set. (assert.hpp:104)
Traceback (most recent call last):
  File "/localdev/smarton/gstt2/render/run.py", line 339, in <module>
    main()
  File "/localdev/smarton/gstt2/render/run.py", line 268, in main
    _ = render_clean_view_timed(clean_pipeline, gauss, hero_view["c2w"], K, H, W)
  File "/localdev/smarton/gstt2/render/run.py", line 211, in render_clean_view_timed
    res = pipeline.render(gauss, extr, K, H, W)
  File "/localdev/smarton/gstt2/gsplat/pipeline.py", line 151, in render
    image, stats = self.backend.render_fused(
  File "/localdev/smarton/gstt2/render/run.py", line 117, in render_fused
    image, stats = self._clean.render_view(
RuntimeError: TT_FATAL @ /proj_sw/user_dev/smarton/tt-metal/tt_metal/llrt/rtoptions.cpp:330: !this->root_dir.empty()
info:
Root Directory is not set.
backtrace:
 --- /localdev/smarton/tt-metal/build/tt_metal/libtt_metal.so(+0x60fb99) [0x7fe8195a4b99]
 --- tt::llrt::RunTimeOptions::RunTimeOptions()
 --- tt::tt_metal::MetalEnvImpl::initialize_base_objects()
 --- tt::tt_metal::MetalEnvImpl::MetalEnvImpl(tt::tt_metal::MetalEnvDescriptor)
 --- std::__detail::_MakeUniq<tt::tt_metal::MetalEnvImpl>::__single_object std::make_unique<tt::tt_metal::MetalEnvImpl, tt::tt_metal::MetalEnvDescriptor>(tt::tt_metal::MetalEnvDescriptor&&)
 --- tt::tt_metal::MetalEnv::MetalEnv(tt::tt_metal::MetalEnvDescriptor)
 --- tt::tt_metal::MetalContext::create_default_instance_implicit_locked()
 --- tt::tt_metal::MetalContext::instance(ttsl::StrongType<int, tt::tt_metal::ContextIdTag>)
 --- tt::tt_metal::distributed::MeshDeviceImpl::create_unit_meshes(ttsl::StrongType<int, tt::tt_metal::ContextIdTag>, std::vector<int, std::allocator<int> > const&, unsigned long, unsigned long, unsigned long, tt::tt_metal::DispatchCoreConfig const&, std::span<unsigned int const, 18446744073709551615ul>, unsigned long)
 --- tt::tt_metal::distributed::MeshDeviceImpl::create_unit_mesh(ttsl::StrongType<int, tt::tt_metal::ContextIdTag>, int, unsigned long, unsigned long, unsigned long, tt::tt_metal::DispatchCoreConfig const&, std::span<unsigned int const, 18446744073709551615ul>, unsigned long)
 --- tt::tt_metal::distributed::MeshDevice::create_unit_mesh(int, unsigned long, unsigned long, unsigned long, tt::tt_metal::DispatchCoreConfig const&, std::span<unsigned int const, 18446744073709551615ul>, unsigned long)
 --- gsplat_tt::device_state::get_device()
 --- /localdev/smarton/gstt2/render/render_clean.cpython-310-x86_64-linux-gnu.so(+0xaab51) [0x7fe8106f4b51]
 --- /lib/x86_64-linux-gnu/libc.so.6(+0x99ee8) [0x7fe957bebee8]
 --- gsplat_tt::jit_warmup_ideal_path()
 --- /localdev/smarton/gstt2/render/render_clean.cpython-310-x86_64-linux-gnu.so(+0x37213) [0x7fe810681213]
 --- /localdev/smarton/gstt2/render/render_clean.cpython-310-x86_64-linux-gnu.so(+0x3f931) [0x7fe810689931]
 --- /localdev/smarton/gstt2/render/render_clean.cpython-310-x86_64-linux-gnu.so(+0x31e6a) [0x7fe81067be6a]
 --- python3(+0x17e96f) [0x55cd140c996f]
 --- python3(_PyEval_EvalFrameDefault+0x56cb) [0x55cd140c5bdb]
 --- python3(_PyFunction_Vectorcall+0x7c) [0x55cd140d668c]
 --- python3(_PyEval_EvalFrameDefault+0x807) [0x55cd140c0d17]
 --- python3(_PyFunction_Vectorcall+0x7c) [0x55cd140d668c]
 --- python3(_PyEval_EvalFrameDefault+0x807) [0x55cd140c0d17]
 --- python3(_PyFunction_Vectorcall+0x7c) [0x55cd140d668c]
 --- python3(_PyEval_EvalFrameDefault+0x6c0) [0x55cd140c0bd0]
 --- python3(_PyFunction_Vectorcall+0x7c) [0x55cd140d668c]
 --- python3(_PyEval_EvalFrameDefault+0x6c0) [0x55cd140c0bd0]
 --- python3(+0x259d36) [0x55cd141a4d36]
 --- python3(PyEval_EvalCode+0x86) [0x55cd141a4c06]
 --- python3(+0x280678) [0x55cd141cb678]
 --- python3(+0x27accf) [0x55cd141c5ccf]
 --- python3(+0x280415) [0x55cd141cb415]
 --- python3(_PyRun_SimpleFileObject+0x1a8) [0x55cd141ca958]
 --- python3(_PyRun_AnyFileObject+0x47) [0x55cd141ca637]
 --- python3(Py_RunMain+0x2be) [0x55cd141bebfe]
 --- python3(Py_BytesMain+0x2d) [0x55cd14198c4d]
 --- /lib/x86_64-linux-gnu/libc.so.6(+0x29d90) [0x7fe957b7bd90]
 --- /lib/x86_64-linux-gnu/libc.so.6(__libc_start_main+0x80) [0x7fe957b7be40]
 --- python3(_start+0x25) [0x55cd14198b45]

[verify] no SUMMARY
