================ BUILD ID ================
  cpp : #126 sha=b703f70 bin=2c241eb3d360fde2 M1: fix namespace qualification in sort_device.cpp
  data: #1 sha=b703f70 sync tracy-041 capture script
=========================================
host=yyzo-bh-03  tag=verify  timeout=1200s  worry=600s  ts=2026-06-02T12:27:29-0700
cmd: export TT_METAL_HOME=/localdev/smarton/tt-metal TT_METAL_RUNTIME_ROOT=/localdev/smarton/tt-metal TT_METAL_CACHE=/localdev/smarton/.cache/tt-metal-cache TT_METAL_ARCH_NAME=blackhole MESH_DEVICE=P100 GSPLAT_TT_JIT_WARMUP=1 GSPLAT_TT_BLEND_MODE=2 GSPLAT_TT_MB_KERNEL=1 GSPLAT_TT_DEVICE_PROJECT=1 GSPLAT_TT_RESIDENT_PROJECT=1 GSPLAT_TT_RESIDENT_GATHER=1 GSPLAT_TT_DEVICE_TILE_ASSIGN=1 GSPLAT_TT_RESIDENT_TA_IN=1 GSPLAT_TT_DEVICE_SORT=1 GSPLAT_TT_RESIDENT_PAIRS=1 GSPLAT_TT_RESIDENT_BLEND=1 GSPLAT_TT_SORT_DEVICE_PUBLISH=1 GSPLAT_TT_TA_DEVICE_SCAN=1 GSPLAT_TT_PROJ_DEVICE_SCAN=1 GSPLAT_TT_SFPU_CULL=1 GSPLAT_TT_TILE_BUCKET=1 GSPLAT_TT_BUCKET_FIT=8192 GSPLAT_TT_FUSED_TILE=0 GSPLAT_TT_L1_RECORD=1 GSPLAT_TT_MB_TIMING=1; source .venv/bin/activate 2>/dev/null; .venv/bin/python3 scripts/a003_verify.py --views 1 --iter-dir ${TTW_ITER_DIR:?TTW_ITER_DIR unset} --out opt/ttw/last.json 2>&1 | tee /tmp/ttw_verify.log; grep '^SUMMARY' /tmp/ttw_verify.log | tail -1 > /tmp/ttw_sum.txt; grep -q 'shot=opt/metal-screenshots/' /tmp/ttw_sum.txt || { echo '[verify] SCREENSHOT_MISSING in SUMMARY'; exit 6; }; grep -q 'shot_diff=opt/metal-screenshots/' /tmp/ttw_sum.txt || { echo '[verify] SCREENSHOT_DIFF_MISSING in SUMMARY'; exit 6; }; grep -oE 'hero_vs_ref=[0-9.]+' /tmp/ttw_sum.txt | sed 's/^/TTW_METRIC /'; grep -oE '(proj|ta|sort|blend)=[0-9.]+' /tmp/ttw_sum.txt | sed 's/^/TTW_TIMING /'
-----------------------------------------
BUILD-ID VERIFY OK: cpp#126 bin=2c241eb3d360fde2 matches the built+stamped artifact
2026-06-02 19:27:31.493 | info     |             UMD | Creating TopologyDiscovery for architecture: blackhole (topology_discovery.cpp:75)
2026-06-02 19:27:31.493 | info     |             UMD | Starting topology discovery. (topology_discovery.cpp:92)
2026-06-02 19:27:31.493 | warning  |             UMD | Low power mode is disabled while UMD holds open file descriptors. The device will return to low power mode once all file descriptors are closed. (topology_discovery.cpp:143)
2026-06-02 19:27:31.493 | warning  |             UMD | KMD version 2.4.1 does not support power state management. (pci_device.cpp:1067)
2026-06-02 19:27:31.494 | info     |             UMD | Established firmware bundle version: 18.12.1 (topology_discovery.cpp:544)
2026-06-02 19:27:31.494 | info     |             UMD | Completed topology discovery. (topology_discovery.cpp:96)
2026-06-02 19:27:31.494 | info     |          Device | Opening user mode device driver (tt_cluster.cpp:225)
2026-06-02 19:27:31.494 | info     |             UMD | Cluster constructor started. (cluster.cpp:317)
2026-06-02 19:27:31.494 | info     |             UMD | Creating TopologyDiscovery for architecture: blackhole (topology_discovery.cpp:75)
2026-06-02 19:27:31.494 | info     |             UMD | Starting topology discovery. (topology_discovery.cpp:92)
2026-06-02 19:27:31.494 | warning  |             UMD | Low power mode is disabled while UMD holds open file descriptors. The device will return to low power mode once all file descriptors are closed. (topology_discovery.cpp:143)
2026-06-02 19:27:31.494 | warning  |             UMD | KMD version 2.4.1 does not support power state management. (pci_device.cpp:1067)
2026-06-02 19:27:31.494 | info     |             UMD | Established firmware bundle version: 18.12.1 (topology_discovery.cpp:544)
2026-06-02 19:27:31.494 | info     |             UMD | Completed topology discovery. (topology_discovery.cpp:96)
2026-06-02 19:27:31.494 | info     |             UMD | Harvesting masks for Chip 0: Tensix: 0xc0 DRAM: 0x8 ETH: 0x3fff PCIe: 0x2 L2CPU: 0x0 (cluster.cpp:270)
2026-06-02 19:27:31.495 | info     |             UMD | Initializing iommu for sysmem (size: 0x40000000). (silicon_sysmem_manager.cpp:334)
2026-06-02 19:27:31.495 | info     |             UMD | Allocating sysmem for IOMMU (size: 0x40000000). (silicon_sysmem_manager.cpp:340)
2026-06-02 19:27:31.533 | warning  |             UMD | KMD version 2.4.1 does not support power state management. (pci_device.cpp:1067)
2026-06-02 19:27:31.533 | info     |             UMD | Opening local chip ids/PCIe ids: {0}/[0] and remote chip ids {} (cluster.cpp:159)
2026-06-02 19:27:31.533 | info     |             UMD | IOMMU: enabled (cluster.cpp:133)
2026-06-02 19:27:31.533 | info     |             UMD | KMD version: 2.4.1 (cluster.cpp:136)
2026-06-02 19:27:31.533 | info     |             UMD | Cluster constructor completed. (cluster.cpp:409)
2026-06-02 19:27:31.535 | info     |             UMD | Starting devices in cluster (cluster.cpp:1044)
2026-06-02 19:27:31.535 | info     |             UMD | Mapped sysmem without hugepages to IOVA 0x80000000; NOC address 0x1000000000000000 (silicon_sysmem_manager.cpp:391)
2026-06-02 19:27:31.536 | info     |             UMD | Starting devices in cluster completed. (cluster.cpp:1052)
2026-06-02 19:27:32.010 | info     |     Distributed | Using auto discovery to generate mesh graph. (metal_env.cpp:332)
2026-06-02 19:27:32.010 | info     |     Distributed | Constructing control plane using auto-discovery (no mesh graph descriptor). (metal_env.cpp:394)
2026-06-02 19:27:32.010 | info     |             UMD | Creating TopologyDiscovery for architecture: blackhole (topology_discovery.cpp:75)
2026-06-02 19:27:32.010 | info     |             UMD | Starting topology discovery. (topology_discovery.cpp:92)
2026-06-02 19:27:32.010 | warning  |             UMD | Low power mode is disabled while UMD holds open file descriptors. The device will return to low power mode once all file descriptors are closed. (topology_discovery.cpp:143)
2026-06-02 19:27:32.010 | warning  |             UMD | KMD version 2.4.1 does not support power state management. (pci_device.cpp:1067)
2026-06-02 19:27:32.010 | info     |             UMD | Established firmware bundle version: 18.12.1 (topology_discovery.cpp:544)
2026-06-02 19:27:32.010 | info     |             UMD | Completed topology discovery. (topology_discovery.cpp:96)
2026-06-02 19:27:32.011 | warning  |          Always | Unknown motherboard 'X670E GAMING PLUS WIFI (MS-7E16)' for chip_id=0 (bus_id=0x1) — defaulting tray_id to 0. Add this motherboard and its bus IDs to mobo_to_bus_ids in physical_system_discovery.cpp. (physical_system_discovery.cpp:62)
2026-06-02 19:27:32.011 | info     |          Fabric | TopologyMapper: Logical Multi-Mesh Adjacency Map: (topology_mapper.cpp:1474)
2026-06-02 19:27:32.011 | info     |          Fabric | 
=== Logical Mesh-Level Graph Adjacency Map ===
Total nodes: 1
Degree histogram: {0:1}
 (topology_solver.tpp:94)
2026-06-02 19:27:32.011 | info     |          Fabric | 
=== Logical Mesh 0 Internal Graph Adjacency Map ===
Total nodes: 1
Degree histogram: {0:1}
 (topology_solver.tpp:94)
2026-06-02 19:27:32.011 | info     |          Fabric | TopologyMapper: Physical Multi-Mesh Adjacency Map: (topology_mapper.cpp:1485)
2026-06-02 19:27:32.011 | info     |          Fabric | 
=== Physical Mesh-Level Graph Adjacency Map ===
Total nodes: 1
Degree histogram: {0:1}
 (topology_solver.tpp:94)
2026-06-02 19:27:32.011 | info     |          Fabric | 
=== Physical Mesh 0 Internal Graph Adjacency Map ===
Total nodes: 1
Degree histogram: {0:1}
 (topology_solver.tpp:94)
2026-06-02 19:27:32.011 | info     |          Fabric | Starting multi-mesh mapping: 1 logical mesh(es) to 1 physical mesh(es) (topology_mapper_utils.cpp:1469)
2026-06-02 19:27:32.011 | info     |          Fabric | Multi-mesh mapping attempt 1/2: Trying inter-mesh mapping (topology_mapper_utils.cpp:1510)
2026-06-02 19:27:32.011 | info     |          Fabric | Attempt 1: Inter-mesh mapping succeeded, found 1 mesh pair(s) (topology_mapper_utils.cpp:1539)
2026-06-02 19:27:32.011 | info     |          Fabric | Attempt 1: Mapping 1 mesh pair(s) (topology_mapper_utils.cpp:1547)
2026-06-02 19:27:32.011 | info     |          Fabric | Attempt 1: Mapping mesh 0 -> 0 (topology_mapper_utils.cpp:1554)
2026-06-02 19:27:32.011 | info     |          Fabric | Multi-mesh mapping succeeded after 1 attempt(s): 1 mesh pair(s) mapped (topology_mapper_utils.cpp:1686)
2026-06-02 19:27:32.036 | info     |    BuildKernels | Using pre-compiled firmware from: /localdev/smarton/tt-metal/tt_metal/pre-compiled/431005707817566179/ (build_env_manager.cpp:260)
2026-06-02 19:27:32.238 | info     |           Metal | ShmResourceTracker: removed stale shm '/tt_d2h_270005_3724045144_0' (shm_resource_tracker.cpp:265)
2026-06-02 19:27:32.238 | info     |           Metal | ShmResourceTracker: removed stale manifest '/dev/shm/tt_socket_manifest_270005' (shm_resource_tracker.cpp:275)
2026-06-02 19:27:32.238 | info     |           Metal | ShmResourceTracker: removed orphaned shm '/tt_device_7490744194894819707_memory' (shm_resource_tracker.cpp:282)
2026-06-02 19:27:32.821 | info     |           Metal | [Real-time profiler] Device 0 sync complete: 100 samples, frequency=1.349979 GHz, device_time_at_sync=101085150077167 cycles (realtime_profiler_manager.cpp:1082)
[JIT_WARMUP] ideal-path contexts compiled in 0.5 ms
[SORT] stage=RP P=3369033 P_kept=3369033 num_tiles=1024 max_tile_n=26496 bin=729.21 up=0.02 kernel=1.92 d2h=0.00 compact=0.00 publish=1.52 total=732.80ms
[CULL_SPLIT] pipelined (no separate Finish; cull device exec folded under the blend host-setup window; candidates=3369033)
[BLEND_SPLIT] upload+exec=0.0 readback=175.4 total=175.4 ms (resident, one Finish)
[BLEND_ADDR] cull_masks=0x1060ee00 out=0x107e7ec0(sz=0x600000) tile_ids=0x54d3ec0 xramp=0x107e5ec0 yramp=0x107e6ec0 payload=0x0(sz=0x0)
[SORT] stage=RP P=3369033 P_kept=3369033 num_tiles=1024 max_tile_n=26496 bin=20.55 up=0.02 kernel=0.02 d2h=0.00 compact=0.00 publish=0.02 total=20.68ms
[CULL_SPLIT] pipelined (no separate Finish; cull device exec folded under the blend host-setup window; candidates=3369033)
[BLEND_SPLIT] upload+exec=0.0 readback=184.3 total=184.3 ms (resident, one Finish)
[BLEND_ADDR] cull_masks=0x1060ee00 out=0x107e7ec0(sz=0x600000) tile_ids=0x54d3ec0 xramp=0x107e5ec0 yramp=0x107e6ec0 payload=0x0(sz=0x0)
[SORT] stage=RP P=3369033 P_kept=3369033 num_tiles=1024 max_tile_n=26496 bin=20.73 up=0.02 kernel=0.03 d2h=7.14 compact=0.00 publish=0.03 total=39.02ms
[yyzo-bh-03-special-smarton-for-reservation-73929:271102] *** Process received signal ***
[yyzo-bh-03-special-smarton-for-reservation-73929:271102] Signal: Segmentation fault (11)
[yyzo-bh-03-special-smarton-for-reservation-73929:271102] Signal code: Address not mapped (1)
[yyzo-bh-03-special-smarton-for-reservation-73929:271102] Failing at address: 0x5606bc838a44
===== ttw diagnose host=yyzo-bh-03 @ 2026-06-02T12:37:45-0700 =====
--- device status (read-only) ---
tt-smi not found
--- uptime (recent reboot? <10min after a wedge = IRD auto-rebooted) ---
 19:37:46 up 20:59,  0 users,  load average: 122.20, 106.46, 59.39
--- device processes ---
--- JIT cache size ---
1.2G	/localdev/smarton/.cache/tt-metal-cache
--- watcher waypoints (if any) ---
===== end diagnose =====
Interpretation hints: CPU climbing OR cache growing = still working, wait.
  'Timeout waiting for ARC msg request queue' = ARC firmware wedged (needs reboot, GATED).
  TT_FATAL / core dumped / 'daemon error' = crashed, not transient.
===== ttw diagnose host=yyzo-bh-03 @ 2026-06-02T12:48:03-0700 =====
--- device status (read-only) ---
tt-smi not found
--- uptime (recent reboot? <10min after a wedge = IRD auto-rebooted) ---
 19:48:04 up 21:09,  0 users,  load average: 122.21, 120.24, 90.01
--- device processes ---
--- JIT cache size ---
1.2G	/localdev/smarton/.cache/tt-metal-cache
--- watcher waypoints (if any) ---
===== end diagnose =====
Interpretation hints: CPU climbing OR cache growing = still working, wait.
  'Timeout waiting for ARC msg request queue' = ARC firmware wedged (needs reboot, GATED).
  TT_FATAL / core dumped / 'daemon error' = crashed, not transient.
----- HANG/TIMEOUT (rc=124) -----
Command exceeded 1200s. Snapshotting non-destructive diagnostics.
===== ttw diagnose host=yyzo-bh-03 @ 2026-06-02T12:49:48-0700 =====
--- device status (read-only) ---
tt-smi not found
--- uptime (recent reboot? <10min after a wedge = IRD auto-rebooted) ---
 19:49:48 up 21:11,  0 users,  load average: 122.25, 120.83, 93.46
--- device processes ---
--- JIT cache size ---
1.2G	/localdev/smarton/.cache/tt-metal-cache
--- watcher waypoints (if any) ---
===== end diagnose =====
Interpretation hints: CPU climbing OR cache growing = still working, wait.
  'Timeout waiting for ARC msg request queue' = ARC firmware wedged (needs reboot, GATED).
  TT_FATAL / core dumped / 'daemon error' = crashed, not transient.
Recovery beyond diagnosis is DESTRUCTIVE-GATED. See: recover.sh --help
