================ BUILD ID ================
  cpp : #17 sha=811eed4 bin=854cc671c99442d1 iter12 fused L1 mask handoff (single program)
  data: # sha= 
=========================================
host=bh-30  tag=verify  timeout=1200s  worry=600s  ts=2026-06-01T01:45:45-0700
cmd: export TT_METAL_HOME=/localdev/smarton/tt-metal TT_METAL_RUNTIME_ROOT=/localdev/smarton/tt-metal TT_METAL_CACHE=/localdev/smarton/.cache/tt-metal-cache TT_METAL_ARCH_NAME=blackhole MESH_DEVICE=P100 GSPLAT_TT_BLEND_MODE=2 GSPLAT_TT_MB_KERNEL=1 GSPLAT_TT_MB_DEVCULL=1 GSPLAT_TT_DEVICE_PROJECT=1 GSPLAT_TT_RESIDENT_PROJECT=1 GSPLAT_TT_RESIDENT_GATHER=1 GSPLAT_TT_DEVICE_TILE_ASSIGN=1 GSPLAT_TT_RESIDENT_TA_IN=1 GSPLAT_TT_DEVICE_SORT=1 GSPLAT_TT_RESIDENT_PAIRS=1 GSPLAT_TT_RESIDENT_BLEND=1 GSPLAT_TT_SORT_DEVICE_PUBLISH=1 GSPLAT_TT_TA_DEVICE_SCAN=1 GSPLAT_TT_SFPU_CULL=1 GSPLAT_TT_FUSED_TILE=1; source .venv/bin/activate 2>/dev/null; .venv/bin/python3 scripts/a003_verify.py --views 1 --iter-dir loop-ttw --out opt/ttw/last.json 2>&1 | tee /tmp/ttw_verify.log; grep '^SUMMARY' /tmp/ttw_verify.log | tail -1 > /tmp/ttw_sum.txt; grep -oE 'hero_vs_ref=[0-9.]+' /tmp/ttw_sum.txt | sed 's/^/TTW_METRIC /'; grep -oE '(proj|ta|sort|blend)=[0-9.]+' /tmp/ttw_sum.txt | sed 's/^/TTW_TIMING /'
-----------------------------------------
BUILD-ID VERIFY OK: cpp#17 bin=854cc671c99442d1 matches the built+stamped artifact
2026-06-01 08:45:48.423 | info     |             UMD | Creating TopologyDiscovery for architecture: blackhole (topology_discovery.cpp:75)
2026-06-01 08:45:48.423 | info     |             UMD | Starting topology discovery. (topology_discovery.cpp:92)
2026-06-01 08:45:48.424 | warning  |             UMD | Low power mode is disabled while UMD holds open file descriptors. The device will return to low power mode once all file descriptors are closed. (topology_discovery.cpp:140)
2026-06-01 08:45:48.424 | warning  |             UMD | KMD version 2.4.1 does not support power state management. (pci_device.cpp:1067)
2026-06-01 08:45:48.425 | info     |             UMD | Established firmware bundle version: 19.5.0 (topology_discovery.cpp:544)
2026-06-01 08:45:48.425 | info     |             UMD | Completed topology discovery. (topology_discovery.cpp:96)
2026-06-01 08:45:48.426 | info     |          Device | Opening user mode device driver (tt_cluster.cpp:225)
2026-06-01 08:45:48.426 | info     |             UMD | Cluster constructor started. (cluster.cpp:317)
2026-06-01 08:45:48.426 | info     |             UMD | Creating TopologyDiscovery for architecture: blackhole (topology_discovery.cpp:75)
2026-06-01 08:45:48.426 | info     |             UMD | Starting topology discovery. (topology_discovery.cpp:92)
2026-06-01 08:45:48.427 | warning  |             UMD | Low power mode is disabled while UMD holds open file descriptors. The device will return to low power mode once all file descriptors are closed. (topology_discovery.cpp:140)
2026-06-01 08:45:48.427 | warning  |             UMD | KMD version 2.4.1 does not support power state management. (pci_device.cpp:1067)
2026-06-01 08:45:48.427 | info     |             UMD | Established firmware bundle version: 19.5.0 (topology_discovery.cpp:544)
2026-06-01 08:45:48.428 | info     |             UMD | Completed topology discovery. (topology_discovery.cpp:96)
2026-06-01 08:45:48.428 | info     |             UMD | Harvesting masks for Chip 0: Tensix: 0xc0 DRAM: 0x0 ETH: 0x120 PCIe: 0x2 L2CPU: 0x0 (cluster.cpp:262)
2026-06-01 08:45:48.428 | info     |             UMD | Initializing iommu for sysmem (size: 0x40000000). (silicon_sysmem_manager.cpp:334)
2026-06-01 08:45:48.428 | info     |             UMD | Allocating sysmem for IOMMU (size: 0x40000000). (silicon_sysmem_manager.cpp:340)
2026-06-01 08:45:48.498 | warning  |             UMD | KMD version 2.4.1 does not support power state management. (pci_device.cpp:1067)
2026-06-01 08:45:48.498 | info     |             UMD | Opening local chip ids/PCIe ids: {0}/[3] and remote chip ids {} (cluster.cpp:153)
2026-06-01 08:45:48.498 | info     |             UMD | IOMMU: enabled (cluster.cpp:133)
2026-06-01 08:45:48.498 | info     |             UMD | KMD version: 2.4.1 (cluster.cpp:136)
2026-06-01 08:45:48.498 | info     |             UMD | Cluster constructor completed. (cluster.cpp:409)
2026-06-01 08:45:48.500 | info     |             UMD | Starting devices in cluster (cluster.cpp:1044)
2026-06-01 08:45:48.501 | info     |             UMD | Mapped sysmem without hugepages to IOVA 0xfffffffec0000000; NOC address 0x1000000000000000 (silicon_sysmem_manager.cpp:391)
2026-06-01 08:45:48.501 | info     |             UMD | Starting devices in cluster completed. (cluster.cpp:1052)
2026-06-01 08:45:48.815 | info     |     Distributed | Using auto discovery to generate mesh graph. (metal_env.cpp:332)
2026-06-01 08:45:48.815 | info     |     Distributed | Constructing control plane using auto-discovery (no mesh graph descriptor). (metal_env.cpp:394)
2026-06-01 08:45:48.816 | info     |             UMD | Creating TopologyDiscovery for architecture: blackhole (topology_discovery.cpp:75)
2026-06-01 08:45:48.816 | info     |             UMD | Starting topology discovery. (topology_discovery.cpp:92)
2026-06-01 08:45:48.816 | warning  |             UMD | Low power mode is disabled while UMD holds open file descriptors. The device will return to low power mode once all file descriptors are closed. (topology_discovery.cpp:140)
2026-06-01 08:45:48.816 | warning  |             UMD | KMD version 2.4.1 does not support power state management. (pci_device.cpp:1067)
2026-06-01 08:45:48.817 | info     |             UMD | Established firmware bundle version: 19.5.0 (topology_discovery.cpp:544)
2026-06-01 08:45:48.817 | info     |             UMD | Completed topology discovery. (topology_discovery.cpp:96)
2026-06-01 08:45:48.818 | warning  |          Always | Unknown motherboard 'H12DSG-O-CPU' for chip_id=0 (bus_id=0xa1) — defaulting tray_id to 0. Add this motherboard and its bus IDs to mobo_to_bus_ids in physical_system_discovery.cpp. (physical_system_discovery.cpp:56)
2026-06-01 08:45:48.818 | info     |          Fabric | TopologyMapper: Logical Multi-Mesh Adjacency Map: (topology_mapper.cpp:1474)
2026-06-01 08:45:48.818 | info     |          Fabric | 
=== Logical Mesh-Level Graph Adjacency Map ===
Total nodes: 1
Degree histogram: {0:1}
 (topology_solver.tpp:94)
2026-06-01 08:45:48.818 | info     |          Fabric | 
=== Logical Mesh 0 Internal Graph Adjacency Map ===
Total nodes: 1
Degree histogram: {0:1}
 (topology_solver.tpp:94)
2026-06-01 08:45:48.818 | info     |          Fabric | TopologyMapper: Physical Multi-Mesh Adjacency Map: (topology_mapper.cpp:1485)
2026-06-01 08:45:48.818 | info     |          Fabric | 
=== Physical Mesh-Level Graph Adjacency Map ===
Total nodes: 1
Degree histogram: {0:1}
 (topology_solver.tpp:94)
2026-06-01 08:45:48.818 | info     |          Fabric | 
=== Physical Mesh 0 Internal Graph Adjacency Map ===
Total nodes: 1
Degree histogram: {0:1}
 (topology_solver.tpp:94)
2026-06-01 08:45:48.818 | info     |          Fabric | Starting multi-mesh mapping: 1 logical mesh(es) to 1 physical mesh(es) (topology_mapper_utils.cpp:1465)
2026-06-01 08:45:48.818 | info     |          Fabric | Multi-mesh mapping attempt 1/2: Trying inter-mesh mapping (topology_mapper_utils.cpp:1506)
2026-06-01 08:45:48.818 | info     |          Fabric | Attempt 1: Inter-mesh mapping succeeded, found 1 mesh pair(s) (topology_mapper_utils.cpp:1535)
2026-06-01 08:45:48.818 | info     |          Fabric | Attempt 1: Mapping 1 mesh pair(s) (topology_mapper_utils.cpp:1547)
2026-06-01 08:45:48.818 | info     |          Fabric | Attempt 1: Mapping mesh 0 -> 0 (topology_mapper_utils.cpp:1549)
2026-06-01 08:45:48.818 | info     |          Fabric | Multi-mesh mapping succeeded after 1 attempt(s): 1 mesh pair(s) mapped (topology_mapper_utils.cpp:1682)
2026-06-01 08:45:48.918 | info     |           Metal | ShmResourceTracker: removed stale shm '/tt_d2h_499575_2023548441_0' (shm_resource_tracker.cpp:265)
2026-06-01 08:45:48.918 | info     |           Metal | ShmResourceTracker: removed stale manifest '/dev/shm/tt_socket_manifest_499575' (shm_resource_tracker.cpp:275)
2026-06-01 08:45:49.506 | info     |           Metal | [Real-time profiler] Device 0 sync complete: 100 samples, frequency=1.349988 GHz, device_time_at_sync=110090930563481 cycles (realtime_profiler_manager.cpp:1075)
[SORT] stage=RP P=3369033 P_kept=3213120 num_tiles=1024 max_tile_n=25872 bin=10.73 up=0.29 kernel=9.50 d2h=0.00 compact=0.00 publish=2.49 total=23.36ms
===== ttw diagnose host=bh-30 @ 2026-06-01T01:56:01-0700 =====
--- device status (read-only) ---
tt-smi not found
--- uptime (recent reboot? <10min after a wedge = IRD auto-rebooted) ---
 08:56:02 up 4 days,  5:07,  0 users,  load average: 5.54, 4.61, 4.72
--- device processes ---
--- JIT cache size ---
979M	/localdev/smarton/.cache/tt-metal-cache
--- watcher waypoints (if any) ---
===== end diagnose =====
Interpretation hints: CPU climbing OR cache growing = still working, wait.
  'Timeout waiting for ARC msg request queue' = ARC firmware wedged (needs reboot, GATED).
  TT_FATAL / core dumped / 'daemon error' = crashed, not transient.
