================ BUILD ID ================
  cpp : #173 sha=db9dcd0 bin=6b177beb0c303d84 iter49: in-budget CB_BUCKET/BMASK lifecycle before bulk L1 (db9dcd0)
  data: #1 sha=b703f70 sync tracy-041 capture script
=========================================
host=yyzo-bh-03  tag=verify-iter49-post-unwedge  timeout=1200s  worry=600s  ts=2026-06-03T07:52:42-0700
cmd: export TT_METAL_HOME=/localdev/smarton/tt-metal TT_METAL_RUNTIME_ROOT=/localdev/smarton/tt-metal TT_METAL_CACHE=/localdev/smarton/.cache/tt-metal-cache TT_METAL_ARCH_NAME=blackhole MESH_DEVICE=P100; source .venv/bin/activate 2>/dev/null; test -f render/build-tt/build.ninja || (cmake -G Ninja -S render -B render/build-tt -DCMAKE_BUILD_TYPE=Release); cmake --build render/build-tt -j 16; python3 render/run.py --iter-dir ${TTW_ITER_DIR:?TTW_ITER_DIR unset} 2>&1 | tee /tmp/ttw_verify.log; grep -q '^SUMMARY' /tmp/ttw_verify.log || { echo '[verify] no SUMMARY'; exit 6; }; grep -q '^TTW_METRIC hero_vs_ref=' /tmp/ttw_verify.log || { echo '[verify] no TTW_METRIC'; exit 6; }; mkdir -p opt/metal-screenshots/${TTW_ITER_DIR}; cp -f tmp/${TTW_ITER_DIR}/hero_clean.png opt/metal-screenshots/${TTW_ITER_DIR}/hero.png 2>/dev/null || cp -f tmp/${TTW_ITER_DIR}/hero_clean.png opt/metal-screenshots/${TTW_ITER_DIR}/hero.png; test -f opt/metal-screenshots/${TTW_ITER_DIR}/hero.png || { echo '[verify] hero screenshot missing'; exit 6; }; cp -f tmp/${TTW_ITER_DIR}/hero_diff10.png opt/metal-screenshots/${TTW_ITER_DIR}/hero_diff10.png 2>/dev/null || true; grep '^TTW_METRIC' /tmp/ttw_verify.log | tail -1; grep '^TTW_TIMING' /tmp/ttw_verify.log
-----------------------------------------
ninja: no work to do.
[run] warmup (hero='hero', 1024x1024, scene=bicycle)
2026-06-03 14:52:44.116 | info     |             UMD | Creating TopologyDiscovery for architecture: blackhole (topology_discovery.cpp:75)
2026-06-03 14:52:44.116 | info     |             UMD | Starting topology discovery. (topology_discovery.cpp:92)
2026-06-03 14:52:44.116 | warning  |             UMD | Low power mode is disabled while UMD holds open file descriptors. The device will return to low power mode once all file descriptors are closed. (topology_discovery.cpp:143)
2026-06-03 14:52:44.116 | warning  |             UMD | KMD version 2.4.1 does not support power state management. (pci_device.cpp:1067)
2026-06-03 14:52:44.116 | info     |             UMD | Established firmware bundle version: 18.12.1 (topology_discovery.cpp:544)
2026-06-03 14:52:44.117 | info     |             UMD | Completed topology discovery. (topology_discovery.cpp:96)
2026-06-03 14:52:44.117 | info     |          Device | Opening user mode device driver (tt_cluster.cpp:225)
2026-06-03 14:52:44.117 | info     |             UMD | Cluster constructor started. (cluster.cpp:317)
2026-06-03 14:52:44.117 | info     |             UMD | Creating TopologyDiscovery for architecture: blackhole (topology_discovery.cpp:75)
2026-06-03 14:52:44.117 | info     |             UMD | Starting topology discovery. (topology_discovery.cpp:92)
2026-06-03 14:52:44.117 | warning  |             UMD | Low power mode is disabled while UMD holds open file descriptors. The device will return to low power mode once all file descriptors are closed. (topology_discovery.cpp:143)
2026-06-03 14:52:44.117 | warning  |             UMD | KMD version 2.4.1 does not support power state management. (pci_device.cpp:1067)
2026-06-03 14:52:44.117 | info     |             UMD | Established firmware bundle version: 18.12.1 (topology_discovery.cpp:544)
2026-06-03 14:52:44.117 | info     |             UMD | Completed topology discovery. (topology_discovery.cpp:96)
2026-06-03 14:52:44.117 | info     |             UMD | Harvesting masks for Chip 0: Tensix: 0xc0 DRAM: 0x8 ETH: 0x3fff PCIe: 0x2 L2CPU: 0x0 (cluster.cpp:270)
2026-06-03 14:52:44.117 | info     |             UMD | Initializing iommu for sysmem (size: 0x40000000). (silicon_sysmem_manager.cpp:334)
2026-06-03 14:52:44.117 | info     |             UMD | Allocating sysmem for IOMMU (size: 0x40000000). (silicon_sysmem_manager.cpp:340)
2026-06-03 14:52:44.156 | warning  |             UMD | KMD version 2.4.1 does not support power state management. (pci_device.cpp:1067)
2026-06-03 14:52:44.157 | info     |             UMD | Opening local chip ids/PCIe ids: {0}/[0] and remote chip ids {} (cluster.cpp:159)
2026-06-03 14:52:44.157 | info     |             UMD | IOMMU: enabled (cluster.cpp:133)
2026-06-03 14:52:44.157 | info     |             UMD | KMD version: 2.4.1 (cluster.cpp:136)
2026-06-03 14:52:44.157 | info     |             UMD | Cluster constructor completed. (cluster.cpp:409)
2026-06-03 14:52:44.158 | info     |             UMD | Starting devices in cluster (cluster.cpp:1044)
2026-06-03 14:52:44.159 | info     |             UMD | Mapped sysmem without hugepages to IOVA 0x80000000; NOC address 0x1000000000000000 (silicon_sysmem_manager.cpp:391)
2026-06-03 14:52:46.154 | info     |             UMD | Cluster destructor started. (cluster.cpp:550)
2026-06-03 14:52:46.154 | info     |             UMD | Cluster destructor completed. (cluster.cpp:553)
2026-06-03 14:52:46.154 | warning  |             UMD | KMD version 2.4.1 does not support power state management. (pci_device.cpp:1067)
Traceback (most recent call last):
  File "/localdev/smarton/gstt2/render/run.py", line 339, in <module>
    main()
  File "/localdev/smarton/gstt2/render/run.py", line 268, in main
    _ = render_clean_view_timed(clean_pipeline, gauss, hero_view["c2w"], K, H, W)
  File "/localdev/smarton/gstt2/render/run.py", line 211, in render_clean_view_timed
    res = pipeline.render(gauss, extr, K, H, W)
  File "/localdev/smarton/gstt2/gsplat/pipeline.py", line 151, in render
    image, stats = self.backend.render_fused(
  File "/localdev/smarton/gstt2/render/run.py", line 117, in render_fused
    image, stats = self._clean.render_view(
RuntimeError: Timeout waiting for ARC msg request queue.
Location: /proj_sw/user_dev/smarton/tt-metal/tt_metal/third_party/umd/device/common/utils.hpp:177
 1. tt::umd::BlackholeArcMessageQueue::pop_response(std::chrono::duration<long, std::ratio<1l, 1000l> >)
 2. tt::umd::BlackholeArcMessageQueue::send_message(tt::umd::blackhole::ArcMessageType, std::vector<unsigned int, std::allocator<unsigned int> >&, std::vector<unsigned int, std::allocator<unsigned int> > const&, std::chrono::duration<long, std::ratio<1l, 1000l> >)
 3. tt::umd::BlackholeArcMessenger::send_message(unsigned int, std::vector<unsigned int, std::allocator<unsigned int> >&, std::vector<unsigned int, std::allocator<unsigned int> > const&, std::chrono::duration<long, std::ratio<1l, 1000l> >)
 4. tt::umd::ArcMessenger::send_message(unsigned int, std::vector<unsigned int, std::allocator<unsigned int> > const&, std::chrono::duration<long, std::ratio<1l, 1000l> >)
 5. tt::umd::Chip::set_power_state(tt::umd::DevicePowerState)
 6. tt::umd::Cluster::deassert_resets_and_set_power_state()
 7. tt::umd::Cluster::start_device(tt::umd::DeviceParams const&)
 8. tt::Cluster::start_driver(tt::umd::DeviceParams&) const
 9. tt::Cluster::initialize_device_drivers()
10. tt::Cluster::Cluster(tt::llrt::RunTimeOptions&)
11. tt::tt_metal::MetalEnvImpl::initialize_base_objects()
12. tt::tt_metal::MetalEnvImpl::MetalEnvImpl(tt::tt_metal::MetalEnvDescriptor)
13. std::__detail::_MakeUniq<tt::tt_metal::MetalEnvImpl>::__single_object std::make_unique<tt::tt_metal::MetalEnvImpl, tt::tt_metal::MetalEnvDescriptor>(tt::tt_metal::MetalEnvDescriptor&&)
14. tt::tt_metal::MetalEnv::MetalEnv(tt::tt_metal::MetalEnvDescriptor)
15. tt::tt_metal::MetalContext::create_default_instance_implicit_locked()
16. tt::tt_metal::MetalContext::instance(ttsl::StrongType<int, tt::tt_metal::ContextIdTag>)
17. tt::tt_metal::distributed::MeshDeviceImpl::create_unit_meshes(ttsl::StrongType<int, tt::tt_metal::ContextIdTag>, std::vector<int, std::allocator<int> > const&, unsigned long, unsigned long, unsigned long, tt::tt_metal::DispatchCoreConfig const&, std::span<unsigned int const, 18446744073709551615ul>, unsigned long)
18. tt::tt_metal::distributed::MeshDeviceImpl::create_unit_mesh(ttsl::StrongType<int, tt::tt_metal::ContextIdTag>, int, unsigned long, unsigned long, unsigned long, tt::tt_metal::DispatchCoreConfig const&, std::span<unsigned int const, 18446744073709551615ul>, unsigned long)
19. tt::tt_metal::distributed::MeshDevice::create_unit_mesh(int, unsigned long, unsigned long, unsigned long, tt::tt_metal::DispatchCoreConfig const&, std::span<unsigned int const, 18446744073709551615ul>, unsigned long)
20. gsplat_tt::device_state::get_device()
21. /localdev/smarton/gstt2/render/render_clean.cpython-310-x86_64-linux-gnu.so(+0xa95f1) [0x7fdb098f55f1]
22. /lib/x86_64-linux-gnu/libc.so.6(+0x99ee8) [0x7fdc50dedee8]
23. gsplat_tt::jit_warmup_ideal_path()
24. /localdev/smarton/gstt2/render/render_clean.cpython-310-x86_64-linux-gnu.so(+0x36e83) [0x7fdb09882e83]
25. /localdev/smarton/gstt2/render/render_clean.cpython-310-x86_64-linux-gnu.so(+0x3f5a1) [0x7fdb0988b5a1]
26. /localdev/smarton/gstt2/render/render_clean.cpython-310-x86_64-linux-gnu.so(+0x31ada) [0x7fdb0987dada]
27. python3(+0x17e96f) [0x5629117d496f]
28. _PyEval_EvalFrameDefault
29. _PyFunction_Vectorcall
30. _PyEval_EvalFrameDefault
31. _PyFunction_Vectorcall
32. _PyEval_EvalFrameDefault
33. _PyFunction_Vectorcall
34. _PyEval_EvalFrameDefault
35. _PyFunction_Vectorcall
36. _PyEval_EvalFrameDefault
37. python3(+0x259d36) [0x5629118afd36]
38. PyEval_EvalCode
39. python3(+0x280678) [0x5629118d6678]
40. python3(+0x27accf) [0x5629118d0ccf]
41. python3(+0x280415) [0x5629118d6415]
42. _PyRun_SimpleFileObject
43. _PyRun_AnyFileObject
44. Py_RunMain
45. Py_BytesMain
46. /lib/x86_64-linux-gnu/libc.so.6(+0x29d90) [0x7fdc50d7dd90]
47. __libc_start_main
48. _start

[verify] no SUMMARY
