================ BUILD ID ================
  cpp : #26 sha=d386a3c bin=54d22862a7289d66 iter 17: payload readback coverage probe
  data: # sha= 
=========================================
host=yyzo-bh-03  tag=verify  timeout=1200s  worry=600s  ts=2026-06-01T08:29:52-0700
cmd: export TT_METAL_HOME=/localdev/smarton/tt-metal TT_METAL_RUNTIME_ROOT=/localdev/smarton/tt-metal TT_METAL_CACHE=/localdev/smarton/.cache/tt-metal-cache TT_METAL_ARCH_NAME=blackhole MESH_DEVICE=P100 GSPLAT_TT_BLEND_MODE=2 GSPLAT_TT_MB_KERNEL=1 GSPLAT_TT_MB_DEVCULL=1 GSPLAT_TT_DEVICE_PROJECT=1 GSPLAT_TT_RESIDENT_PROJECT=1 GSPLAT_TT_RESIDENT_GATHER=1 GSPLAT_TT_DEVICE_TILE_ASSIGN=1 GSPLAT_TT_RESIDENT_TA_IN=1 GSPLAT_TT_DEVICE_SORT=1 GSPLAT_TT_RESIDENT_PAIRS=1 GSPLAT_TT_RESIDENT_BLEND=1 GSPLAT_TT_SORT_DEVICE_PUBLISH=1 GSPLAT_TT_TA_DEVICE_SCAN=1 GSPLAT_TT_SFPU_CULL=1 GSPLAT_TT_FUSED_TILE=1 GSPLAT_TT_BLEND_PAYLOAD=1 GSPLAT_TT_MB_TIMING=1 GSPLAT_TT_PAYLOAD_READBACK=1; source .venv/bin/activate 2>/dev/null; .venv/bin/python3 scripts/a003_verify.py --views 1 --iter-dir loop-ttw --out opt/ttw/last.json 2>&1 | tee /tmp/ttw_verify.log; grep '^SUMMARY' /tmp/ttw_verify.log | tail -1 > /tmp/ttw_sum.txt; grep -oE 'hero_vs_ref=[0-9.]+' /tmp/ttw_sum.txt | sed 's/^/TTW_METRIC /'; grep -oE '(proj|ta|sort|blend)=[0-9.]+' /tmp/ttw_sum.txt | sed 's/^/TTW_TIMING /'
-----------------------------------------
BUILD-ID VERIFY OK: cpp#26 bin=54d22862a7289d66 matches the built+stamped artifact
2026-06-01 15:29:54.251 | info     |             UMD | Creating TopologyDiscovery for architecture: blackhole (topology_discovery.cpp:75)
2026-06-01 15:29:54.251 | info     |             UMD | Starting topology discovery. (topology_discovery.cpp:92)
2026-06-01 15:29:54.251 | warning  |             UMD | Low power mode is disabled while UMD holds open file descriptors. The device will return to low power mode once all file descriptors are closed. (topology_discovery.cpp:143)
2026-06-01 15:29:54.251 | warning  |             UMD | KMD version 2.4.1 does not support power state management. (pci_device.cpp:1067)
2026-06-01 15:29:54.252 | info     |             UMD | Established firmware bundle version: 18.12.1 (topology_discovery.cpp:544)
2026-06-01 15:29:54.252 | info     |             UMD | Completed topology discovery. (topology_discovery.cpp:96)
2026-06-01 15:29:54.252 | info     |          Device | Opening user mode device driver (tt_cluster.cpp:225)
2026-06-01 15:29:54.252 | info     |             UMD | Cluster constructor started. (cluster.cpp:317)
2026-06-01 15:29:54.252 | info     |             UMD | Creating TopologyDiscovery for architecture: blackhole (topology_discovery.cpp:75)
2026-06-01 15:29:54.252 | info     |             UMD | Starting topology discovery. (topology_discovery.cpp:92)
2026-06-01 15:29:54.252 | warning  |             UMD | Low power mode is disabled while UMD holds open file descriptors. The device will return to low power mode once all file descriptors are closed. (topology_discovery.cpp:143)
2026-06-01 15:29:54.252 | warning  |             UMD | KMD version 2.4.1 does not support power state management. (pci_device.cpp:1067)
2026-06-01 15:29:54.252 | info     |             UMD | Established firmware bundle version: 18.12.1 (topology_discovery.cpp:544)
2026-06-01 15:29:54.252 | info     |             UMD | Completed topology discovery. (topology_discovery.cpp:96)
2026-06-01 15:29:54.252 | info     |             UMD | Harvesting masks for Chip 0: Tensix: 0xc0 DRAM: 0x8 ETH: 0x3fff PCIe: 0x2 L2CPU: 0x0 (cluster.cpp:270)
2026-06-01 15:29:54.253 | info     |             UMD | Initializing iommu for sysmem (size: 0x40000000). (silicon_sysmem_manager.cpp:334)
2026-06-01 15:29:54.253 | info     |             UMD | Allocating sysmem for IOMMU (size: 0x40000000). (silicon_sysmem_manager.cpp:340)
2026-06-01 15:29:54.292 | warning  |             UMD | KMD version 2.4.1 does not support power state management. (pci_device.cpp:1067)
2026-06-01 15:29:54.292 | info     |             UMD | Opening local chip ids/PCIe ids: {0}/[0] and remote chip ids {} (cluster.cpp:159)
2026-06-01 15:29:54.292 | info     |             UMD | IOMMU: enabled (cluster.cpp:133)
2026-06-01 15:29:54.292 | info     |             UMD | KMD version: 2.4.1 (cluster.cpp:136)
2026-06-01 15:29:54.292 | info     |             UMD | Cluster constructor completed. (cluster.cpp:409)
2026-06-01 15:29:54.294 | info     |             UMD | Starting devices in cluster (cluster.cpp:1044)
2026-06-01 15:29:54.294 | info     |             UMD | Mapped sysmem without hugepages to IOVA 0x80000000; NOC address 0x1000000000000000 (silicon_sysmem_manager.cpp:391)
2026-06-01 15:29:54.294 | info     |             UMD | Starting devices in cluster completed. (cluster.cpp:1052)
2026-06-01 15:29:54.767 | info     |     Distributed | Using auto discovery to generate mesh graph. (metal_env.cpp:332)
2026-06-01 15:29:54.767 | info     |     Distributed | Constructing control plane using auto-discovery (no mesh graph descriptor). (metal_env.cpp:394)
2026-06-01 15:29:54.767 | info     |             UMD | Creating TopologyDiscovery for architecture: blackhole (topology_discovery.cpp:75)
2026-06-01 15:29:54.767 | info     |             UMD | Starting topology discovery. (topology_discovery.cpp:92)
2026-06-01 15:29:54.768 | warning  |             UMD | Low power mode is disabled while UMD holds open file descriptors. The device will return to low power mode once all file descriptors are closed. (topology_discovery.cpp:143)
2026-06-01 15:29:54.768 | warning  |             UMD | KMD version 2.4.1 does not support power state management. (pci_device.cpp:1067)
2026-06-01 15:29:54.768 | info     |             UMD | Established firmware bundle version: 18.12.1 (topology_discovery.cpp:544)
2026-06-01 15:29:54.768 | info     |             UMD | Completed topology discovery. (topology_discovery.cpp:96)
2026-06-01 15:29:54.768 | warning  |          Always | Unknown motherboard 'X670E GAMING PLUS WIFI (MS-7E16)' for chip_id=0 (bus_id=0x1) — defaulting tray_id to 0. Add this motherboard and its bus IDs to mobo_to_bus_ids in physical_system_discovery.cpp. (physical_system_discovery.cpp:62)
2026-06-01 15:29:54.768 | info     |          Fabric | TopologyMapper: Logical Multi-Mesh Adjacency Map: (topology_mapper.cpp:1474)
2026-06-01 15:29:54.768 | info     |          Fabric | 
=== Logical Mesh-Level Graph Adjacency Map ===
Total nodes: 1
Degree histogram: {0:1}
 (topology_solver.tpp:94)
2026-06-01 15:29:54.768 | info     |          Fabric | 
=== Logical Mesh 0 Internal Graph Adjacency Map ===
Total nodes: 1
Degree histogram: {0:1}
 (topology_solver.tpp:94)
2026-06-01 15:29:54.768 | info     |          Fabric | TopologyMapper: Physical Multi-Mesh Adjacency Map: (topology_mapper.cpp:1485)
2026-06-01 15:29:54.768 | info     |          Fabric | 
=== Physical Mesh-Level Graph Adjacency Map ===
Total nodes: 1
Degree histogram: {0:1}
 (topology_solver.tpp:94)
2026-06-01 15:29:54.768 | info     |          Fabric | 
=== Physical Mesh 0 Internal Graph Adjacency Map ===
Total nodes: 1
Degree histogram: {0:1}
 (topology_solver.tpp:94)
2026-06-01 15:29:54.768 | info     |          Fabric | Starting multi-mesh mapping: 1 logical mesh(es) to 1 physical mesh(es) (topology_mapper_utils.cpp:1469)
2026-06-01 15:29:54.768 | info     |          Fabric | Multi-mesh mapping attempt 1/2: Trying inter-mesh mapping (topology_mapper_utils.cpp:1510)
2026-06-01 15:29:54.768 | info     |          Fabric | Attempt 1: Inter-mesh mapping succeeded, found 1 mesh pair(s) (topology_mapper_utils.cpp:1539)
2026-06-01 15:29:54.768 | info     |          Fabric | Attempt 1: Mapping 1 mesh pair(s) (topology_mapper_utils.cpp:1547)
2026-06-01 15:29:54.768 | info     |          Fabric | Attempt 1: Mapping mesh 0 -> 0 (topology_mapper_utils.cpp:1554)
2026-06-01 15:29:54.768 | info     |          Fabric | Multi-mesh mapping succeeded after 1 attempt(s): 1 mesh pair(s) mapped (topology_mapper_utils.cpp:1686)
2026-06-01 15:29:54.795 | info     |    BuildKernels | Using pre-compiled firmware from: /localdev/smarton/tt-metal/tt_metal/pre-compiled/431005707817566179/ (build_env_manager.cpp:260)
2026-06-01 15:29:54.989 | info     |           Metal | ShmResourceTracker: removed stale shm '/tt_d2h_8835_3713932203_0' (shm_resource_tracker.cpp:265)
2026-06-01 15:29:54.989 | info     |           Metal | ShmResourceTracker: removed stale manifest '/dev/shm/tt_socket_manifest_8835' (shm_resource_tracker.cpp:275)
2026-06-01 15:29:54.989 | info     |           Metal | ShmResourceTracker: removed orphaned shm '/tt_device_7490744194894819707_memory' (shm_resource_tracker.cpp:282)
2026-06-01 15:29:55.572 | info     |           Metal | [Real-time profiler] Device 0 sync complete: 100 samples, frequency=1.349984 GHz, device_time_at_sync=3026427476863 cycles (realtime_profiler_manager.cpp:1082)
[SORT] stage=RP P=3369033 P_kept=3213120 num_tiles=1024 max_tile_n=25872 bin=10.39 up=0.29 kernel=8.87 d2h=0.00 compact=0.00 publish=1.76 total=21.47ms
[PACK_SPLIT] exec=428.1 ms payload=0x7250180
[PAYLOAD_RB] rows=3213120 unwritten(sentinel)=0 first_unwritten=3213120 payload=0x7250180
[PAYLOAD_RB] g=0 a=19772.6074 mxl=428.829 myl=40.232 op=0.0181 cr=1.0000 mask=0xffffffff
[PAYLOAD_RB] g=133880 a=1.1054 mxl=21.328 myl=21.312 op=0.0161 cr=0.2533 mask=0x4cc0000
[PAYLOAD_RB] g=267760 a=2.9045 mxl=12.839 myl=2.600 op=0.6423 cr=1.0000 mask=0x77
[PAYLOAD_RB] g=401640 a=0.4902 mxl=13.156 myl=29.127 op=0.0265 cr=1.0000 mask=0x22000000
[PAYLOAD_RB] g=535520 a=1.1596 mxl=-0.224 myl=30.344 op=0.0733 cr=0.7169 mask=0x10000000
[PAYLOAD_RB] g=669400 a=11.3263 mxl=33.600 myl=30.080 op=0.9882 cr=0.8806 mask=0xcc000000
[PAYLOAD_RB] g=803280 a=96.6196 mxl=48.951 myl=18.815 op=0.0144 cr=0.7262 mask=0xcc0000
[PAYLOAD_RB] g=937160 a=65.8572 mxl=5.097 myl=8.925 op=0.1407 cr=0.3152 mask=0xff0
[PAYLOAD_RB] g=1071040 a=0.6999 mxl=31.795 myl=30.077 op=0.0511 cr=0.4249 mask=0x80000000
[PAYLOAD_RB] g=1204920 a=7.6203 mxl=-7.366 myl=2.976 op=0.3991 cr=0.0000 mask=0x11
[PAYLOAD_RB] g=1338800 a=10.7252 mxl=20.600 myl=27.136 op=0.0097 cr=0.5369 mask=0xee000000
[PAYLOAD_RB] g=1472680 a=0.3013 mxl=11.109 myl=22.564 op=0.0352 cr=0.6718 mask=0x2200000
[PAYLOAD_RB] g=1606560 a=18.8219 mxl=43.676 myl=17.657 op=0.0147 cr=0.7700 mask=0x8
[PAYLOAD_RB] g=1740440 a=0.8446 mxl=8.778 myl=28.464 op=0.5726 cr=0.4570 mask=0x33000000
[PAYLOAD_RB] g=1874320 a=23.2284 mxl=2.393 myl=13.515 op=0.0359 cr=0.4832 mask=0x17700
[PAYLOAD_RB] g=2008200 a=0.3692 mxl=18.173 myl=10.341 op=0.0491 cr=0.6863 mask=0x6640
[PAYLOAD_RB] g=2142080 a=0.7226 mxl=31.171 myl=0.512 op=0.1358 cr=0.7176 mask=0x8
[PAYLOAD_RB] g=2275960 a=0.7481 mxl=17.288 myl=20.020 op=0.3118 cr=0.5020 mask=0x660000
[PAYLOAD_RB] g=2409840 a=5.1862 mxl=32.551 myl=8.173 op=0.3102 cr=0.5122 mask=0xcc0
[PAYLOAD_RB] g=2543720 a=1.6387 mxl=2.012 myl=32.731 op=0.1905 cr=0.1214 mask=0x10000000
[PAYLOAD_RB] g=2677600 a=0.4852 mxl=13.904 myl=15.838 op=0.3196 cr=0.2409 mask=0x266600
[PAYLOAD_RB] g=2811480 a=6.0433 mxl=7.174 myl=-1.587 op=0.1893 cr=0.4226 mask=0x7
[PAYLOAD_RB] g=2945360 a=2.6223 mxl=28.817 myl=22.753 op=0.0384 cr=0.3290 mask=0x888c0000
[PAYLOAD_RB] g=3079240 a=0.4205 mxl=29.251 myl=11.571 op=0.2984 cr=0.3233 mask=0x8800
[PAYLOAD_RB] LAST g=3213116 a=172.9026 mxl=28.709 op=0.9932 cr=0.1411 mask=0x133
[PAYLOAD_RB] LAST g=3213117 a=156.3068 mxl=6.755 op=0.1511 cr=0.4592 mask=0x88c
[PAYLOAD_RB] LAST g=3213118 a=326.3395 mxl=-19.708 op=0.9982 cr=0.2635 mask=0x7f
[PAYLOAD_RB] LAST g=3213119 a=17.2056 mxl=-2.648 op=0.9997 cr=0.4169 mask=0x33333333
[BLEND_SPLIT] upload=0.5 (attrs=0.0MB ids=0.0MB resident) exec=33.3 readback=2.1 total=35.9 ms
[BLEND_ADDR] cull_masks=0x0 out=0x8e56400 tile_ids=0x708e000 xramp=0x8e54400
[BLEND_DEVICE] resident_blend=631.5 ms (host_build=0)
[SORT] stage=RP P=3369033 P_kept=3213120 num_tiles=1024 max_tile_n=25872 bin=8.28 up=0.29 kernel=7.19 d2h=0.00 compact=0.00 publish=0.02 total=15.94ms
[PACK_SPLIT] exec=425.6 ms payload=0x7250180
[PAYLOAD_RB] rows=3213120 unwritten(sentinel)=0 first_unwritten=3213120 payload=0x7250180
[PAYLOAD_RB] g=0 a=19772.6074 mxl=428.829 myl=40.232 op=0.0181 cr=1.0000 mask=0xffffffff
[PAYLOAD_RB] g=133880 a=1.1054 mxl=21.328 myl=21.312 op=0.0161 cr=0.2533 mask=0x4cc0000
[PAYLOAD_RB] g=267760 a=2.9045 mxl=12.839 myl=2.600 op=0.6423 cr=1.0000 mask=0x77
[PAYLOAD_RB] g=401640 a=0.4902 mxl=13.156 myl=29.127 op=0.0265 cr=1.0000 mask=0x22000000
[PAYLOAD_RB] g=535520 a=1.1596 mxl=-0.224 myl=30.344 op=0.0733 cr=0.7169 mask=0x10000000
[PAYLOAD_RB] g=669400 a=11.3263 mxl=33.600 myl=30.080 op=0.9882 cr=0.8806 mask=0xcc000000
[PAYLOAD_RB] g=803280 a=96.6196 mxl=48.951 myl=18.815 op=0.0144 cr=0.7262 mask=0xcc0000
[PAYLOAD_RB] g=937160 a=65.8572 mxl=5.097 myl=8.925 op=0.1407 cr=0.3152 mask=0xff0
[PAYLOAD_RB] g=1071040 a=0.6999 mxl=31.795 myl=30.077 op=0.0511 cr=0.4249 mask=0x80000000
[PAYLOAD_RB] g=1204920 a=7.6203 mxl=-7.366 myl=2.976 op=0.3991 cr=0.0000 mask=0x11
[PAYLOAD_RB] g=1338800 a=10.7252 mxl=20.600 myl=27.136 op=0.0097 cr=0.5369 mask=0xee000000
[PAYLOAD_RB] g=1472680 a=0.3013 mxl=11.109 myl=22.564 op=0.0352 cr=0.6718 mask=0x2200000
[PAYLOAD_RB] g=1606560 a=18.8219 mxl=43.676 myl=17.657 op=0.0147 cr=0.7700 mask=0x8
[PAYLOAD_RB] g=1740440 a=0.8446 mxl=8.778 myl=28.464 op=0.5726 cr=0.4570 mask=0x33000000
[PAYLOAD_RB] g=1874320 a=23.2284 mxl=2.393 myl=13.515 op=0.0359 cr=0.4832 mask=0x17700
[PAYLOAD_RB] g=2008200 a=0.3692 mxl=18.173 myl=10.341 op=0.0491 cr=0.6863 mask=0x6640
[PAYLOAD_RB] g=2142080 a=0.7226 mxl=31.171 myl=0.512 op=0.1358 cr=0.7176 mask=0x8
[PAYLOAD_RB] g=2275960 a=0.7481 mxl=17.288 myl=20.020 op=0.3118 cr=0.5020 mask=0x660000
[PAYLOAD_RB] g=2409840 a=5.1862 mxl=32.551 myl=8.173 op=0.3102 cr=0.5122 mask=0xcc0
[PAYLOAD_RB] g=2543720 a=1.6387 mxl=2.012 myl=32.731 op=0.1905 cr=0.1214 mask=0x10000000
[PAYLOAD_RB] g=2677600 a=0.4852 mxl=13.904 myl=15.838 op=0.3196 cr=0.2409 mask=0x266600
[PAYLOAD_RB] g=2811480 a=6.0433 mxl=7.174 myl=-1.587 op=0.1893 cr=0.4226 mask=0x7
[PAYLOAD_RB] g=2945360 a=2.6223 mxl=28.817 myl=22.753 op=0.0384 cr=0.3290 mask=0x888c0000
[PAYLOAD_RB] g=3079240 a=0.4205 mxl=29.251 myl=11.571 op=0.2984 cr=0.3233 mask=0x8800
[PAYLOAD_RB] LAST g=3213116 a=172.9026 mxl=28.709 op=0.9932 cr=0.1411 mask=0x133
[PAYLOAD_RB] LAST g=3213117 a=156.3068 mxl=6.755 op=0.1511 cr=0.4592 mask=0x88c
[PAYLOAD_RB] LAST g=3213118 a=326.3395 mxl=-19.708 op=0.9982 cr=0.2635 mask=0x7f
[PAYLOAD_RB] LAST g=3213119 a=17.2056 mxl=-2.648 op=0.9997 cr=0.4169 mask=0x33333333
[BLEND_SPLIT] upload=0.4 (attrs=0.0MB ids=0.0MB resident) exec=26.1 readback=2.2 total=28.7 ms
[BLEND_ADDR] cull_masks=0x0 out=0x8e56400 tile_ids=0x708e000 xramp=0x8e54400
[BLEND_DEVICE] resident_blend=621.4 ms (host_build=0)
[SORT] stage=RP P=3369033 P_kept=3213120 num_tiles=1024 max_tile_n=25872 bin=8.53 up=0.30 kernel=7.22 d2h=6.80 compact=0.00 publish=0.05 total=26.35ms
[SORT] stage=RP P=3369033 P_kept=3213120 num_tiles=1024 max_tile_n=25872 bin=8.33 up=0.29 kernel=7.19 d2h=6.79 compact=0.00 publish=0.04 total=26.01ms
SUMMARY backend=tt blend_mode=2 views=1 hero_vs_gt=11.23dB hero_vs_ref=11.23dB min_vs_ref=11.23dB min_vs_gt=11.23dB ms/view=821.6 (proj=54.4 ta=128.6 sort=15.9 blend=621.6) shot=opt/metal-screenshots/loop-ttw/hero.png
TTW_METRIC hero_vs_ref=11.23
TTW_TIMING proj=54.4
TTW_TIMING ta=128.6
TTW_TIMING sort=15.9
TTW_TIMING blend=621.6
