================ BUILD ID ================
  cpp : #17 sha=811eed4 bin=854cc671c99442d1 iter12 fused L1 mask handoff (single program)
  data: # sha= 
=========================================
host=bh-30  tag=verify  timeout=1200s  worry=600s  ts=2026-06-01T02:09:46-0700
cmd: export TT_METAL_HOME=/localdev/smarton/tt-metal TT_METAL_RUNTIME_ROOT=/localdev/smarton/tt-metal TT_METAL_CACHE=/localdev/smarton/.cache/tt-metal-cache TT_METAL_ARCH_NAME=blackhole MESH_DEVICE=P100 GSPLAT_TT_BLEND_MODE=2 GSPLAT_TT_MB_KERNEL=1 GSPLAT_TT_MB_DEVCULL=1 GSPLAT_TT_DEVICE_PROJECT=1 GSPLAT_TT_RESIDENT_PROJECT=1 GSPLAT_TT_RESIDENT_GATHER=1 GSPLAT_TT_DEVICE_TILE_ASSIGN=1 GSPLAT_TT_RESIDENT_TA_IN=1 GSPLAT_TT_DEVICE_SORT=1 GSPLAT_TT_RESIDENT_PAIRS=1 GSPLAT_TT_RESIDENT_BLEND=1 GSPLAT_TT_SORT_DEVICE_PUBLISH=1 GSPLAT_TT_TA_DEVICE_SCAN=1 GSPLAT_TT_SFPU_CULL=1 GSPLAT_TT_FUSED_TILE=1; source .venv/bin/activate 2>/dev/null; .venv/bin/python3 scripts/a003_verify.py --views 1 --iter-dir loop-ttw --out opt/ttw/last.json 2>&1 | tee /tmp/ttw_verify.log; grep '^SUMMARY' /tmp/ttw_verify.log | tail -1 > /tmp/ttw_sum.txt; grep -oE 'hero_vs_ref=[0-9.]+' /tmp/ttw_sum.txt | sed 's/^/TTW_METRIC /'; grep -oE '(proj|ta|sort|blend)=[0-9.]+' /tmp/ttw_sum.txt | sed 's/^/TTW_TIMING /'
-----------------------------------------
BUILD-ID VERIFY OK: cpp#17 bin=854cc671c99442d1 matches the built+stamped artifact
2026-06-01 09:09:49.233 | info     |             UMD | Creating TopologyDiscovery for architecture: blackhole (topology_discovery.cpp:75)
2026-06-01 09:09:49.233 | info     |             UMD | Starting topology discovery. (topology_discovery.cpp:92)
2026-06-01 09:09:49.235 | warning  |             UMD | Low power mode is disabled while UMD holds open file descriptors. The device will return to low power mode once all file descriptors are closed. (topology_discovery.cpp:140)
2026-06-01 09:09:49.235 | warning  |             UMD | KMD version 2.4.1 does not support power state management. (pci_device.cpp:1067)
2026-06-01 09:09:49.235 | info     |             UMD | Established firmware bundle version: 19.5.0 (topology_discovery.cpp:544)
2026-06-01 09:09:49.236 | info     |             UMD | Completed topology discovery. (topology_discovery.cpp:96)
2026-06-01 09:09:49.236 | info     |          Device | Opening user mode device driver (tt_cluster.cpp:225)
2026-06-01 09:09:49.236 | info     |             UMD | Cluster constructor started. (cluster.cpp:317)
2026-06-01 09:09:49.237 | info     |             UMD | Creating TopologyDiscovery for architecture: blackhole (topology_discovery.cpp:75)
2026-06-01 09:09:49.237 | info     |             UMD | Starting topology discovery. (topology_discovery.cpp:92)
2026-06-01 09:09:49.237 | warning  |             UMD | Low power mode is disabled while UMD holds open file descriptors. The device will return to low power mode once all file descriptors are closed. (topology_discovery.cpp:140)
2026-06-01 09:09:49.237 | warning  |             UMD | KMD version 2.4.1 does not support power state management. (pci_device.cpp:1067)
2026-06-01 09:09:49.238 | info     |             UMD | Established firmware bundle version: 19.5.0 (topology_discovery.cpp:544)
2026-06-01 09:09:49.238 | info     |             UMD | Completed topology discovery. (topology_discovery.cpp:96)
2026-06-01 09:09:49.238 | info     |             UMD | Harvesting masks for Chip 0: Tensix: 0xc0 DRAM: 0x0 ETH: 0x120 PCIe: 0x2 L2CPU: 0x0 (cluster.cpp:262)
2026-06-01 09:09:49.239 | info     |             UMD | Initializing iommu for sysmem (size: 0x40000000). (silicon_sysmem_manager.cpp:334)
2026-06-01 09:09:49.239 | info     |             UMD | Allocating sysmem for IOMMU (size: 0x40000000). (silicon_sysmem_manager.cpp:340)
2026-06-01 09:09:49.308 | warning  |             UMD | KMD version 2.4.1 does not support power state management. (pci_device.cpp:1067)
2026-06-01 09:09:49.308 | info     |             UMD | Opening local chip ids/PCIe ids: {0}/[3] and remote chip ids {} (cluster.cpp:153)
2026-06-01 09:09:49.308 | info     |             UMD | IOMMU: enabled (cluster.cpp:133)
2026-06-01 09:09:49.308 | info     |             UMD | KMD version: 2.4.1 (cluster.cpp:136)
2026-06-01 09:09:49.308 | info     |             UMD | Cluster constructor completed. (cluster.cpp:409)
2026-06-01 09:09:49.309 | info     |             UMD | Starting devices in cluster (cluster.cpp:1044)
2026-06-01 09:09:49.311 | info     |             UMD | Mapped sysmem without hugepages to IOVA 0xfffffffec0000000; NOC address 0x1000000000000000 (silicon_sysmem_manager.cpp:391)
2026-06-01 09:09:49.311 | info     |             UMD | Starting devices in cluster completed. (cluster.cpp:1052)
2026-06-01 09:09:49.624 | info     |     Distributed | Using auto discovery to generate mesh graph. (metal_env.cpp:332)
2026-06-01 09:09:49.624 | info     |     Distributed | Constructing control plane using auto-discovery (no mesh graph descriptor). (metal_env.cpp:394)
2026-06-01 09:09:49.624 | info     |             UMD | Creating TopologyDiscovery for architecture: blackhole (topology_discovery.cpp:75)
2026-06-01 09:09:49.624 | info     |             UMD | Starting topology discovery. (topology_discovery.cpp:92)
2026-06-01 09:09:49.625 | warning  |             UMD | Low power mode is disabled while UMD holds open file descriptors. The device will return to low power mode once all file descriptors are closed. (topology_discovery.cpp:140)
2026-06-01 09:09:49.625 | warning  |             UMD | KMD version 2.4.1 does not support power state management. (pci_device.cpp:1067)
2026-06-01 09:09:49.625 | info     |             UMD | Established firmware bundle version: 19.5.0 (topology_discovery.cpp:544)
2026-06-01 09:09:49.626 | info     |             UMD | Completed topology discovery. (topology_discovery.cpp:96)
2026-06-01 09:09:49.627 | warning  |          Always | Unknown motherboard 'H12DSG-O-CPU' for chip_id=0 (bus_id=0xa1) — defaulting tray_id to 0. Add this motherboard and its bus IDs to mobo_to_bus_ids in physical_system_discovery.cpp. (physical_system_discovery.cpp:56)
2026-06-01 09:09:49.627 | info     |          Fabric | TopologyMapper: Logical Multi-Mesh Adjacency Map: (topology_mapper.cpp:1474)
2026-06-01 09:09:49.627 | info     |          Fabric | 
=== Logical Mesh-Level Graph Adjacency Map ===
Total nodes: 1
Degree histogram: {0:1}
 (topology_solver.tpp:94)
2026-06-01 09:09:49.627 | info     |          Fabric | 
=== Logical Mesh 0 Internal Graph Adjacency Map ===
Total nodes: 1
Degree histogram: {0:1}
 (topology_solver.tpp:94)
2026-06-01 09:09:49.627 | info     |          Fabric | TopologyMapper: Physical Multi-Mesh Adjacency Map: (topology_mapper.cpp:1485)
2026-06-01 09:09:49.627 | info     |          Fabric | 
=== Physical Mesh-Level Graph Adjacency Map ===
Total nodes: 1
Degree histogram: {0:1}
 (topology_solver.tpp:94)
2026-06-01 09:09:49.627 | info     |          Fabric | 
=== Physical Mesh 0 Internal Graph Adjacency Map ===
Total nodes: 1
Degree histogram: {0:1}
 (topology_solver.tpp:94)
2026-06-01 09:09:49.627 | info     |          Fabric | Starting multi-mesh mapping: 1 logical mesh(es) to 1 physical mesh(es) (topology_mapper_utils.cpp:1465)
2026-06-01 09:09:49.627 | info     |          Fabric | Multi-mesh mapping attempt 1/2: Trying inter-mesh mapping (topology_mapper_utils.cpp:1506)
2026-06-01 09:09:49.627 | info     |          Fabric | Attempt 1: Inter-mesh mapping succeeded, found 1 mesh pair(s) (topology_mapper_utils.cpp:1535)
2026-06-01 09:09:49.627 | info     |          Fabric | Attempt 1: Mapping 1 mesh pair(s) (topology_mapper_utils.cpp:1547)
2026-06-01 09:09:49.627 | info     |          Fabric | Attempt 1: Mapping mesh 0 -> 0 (topology_mapper_utils.cpp:1549)
2026-06-01 09:09:49.627 | info     |          Fabric | Multi-mesh mapping succeeded after 1 attempt(s): 1 mesh pair(s) mapped (topology_mapper_utils.cpp:1682)
2026-06-01 09:09:49.724 | info     |           Metal | ShmResourceTracker: removed stale shm '/tt_d2h_501587_3838663245_0' (shm_resource_tracker.cpp:265)
2026-06-01 09:09:49.724 | info     |           Metal | ShmResourceTracker: removed stale manifest '/dev/shm/tt_socket_manifest_501587' (shm_resource_tracker.cpp:275)
2026-06-01 09:09:50.309 | info     |           Metal | [Real-time profiler] Device 0 sync complete: 100 samples, frequency=1.349972 GHz, device_time_at_sync=112036005374662 cycles (realtime_profiler_manager.cpp:1075)
[SORT] stage=RP P=3369033 P_kept=3213120 num_tiles=1024 max_tile_n=25872 bin=11.85 up=0.30 kernel=9.38 d2h=0.00 compact=0.00 publish=2.38 total=24.29ms
[SORT] stage=RP P=3369033 P_kept=3213120 num_tiles=1024 max_tile_n=25872 bin=8.08 up=0.30 kernel=7.21 d2h=0.00 compact=0.00 publish=0.13 total=16.02ms
[SORT] stage=RP P=3369033 P_kept=3213120 num_tiles=1024 max_tile_n=25872 bin=8.00 up=0.29 kernel=7.14 d2h=6.71 compact=0.00 publish=0.06 total=27.59ms
[SORT] stage=RP P=3369033 P_kept=3213120 num_tiles=1024 max_tile_n=25872 bin=7.96 up=0.29 kernel=7.13 d2h=6.74 compact=0.00 publish=0.05 total=27.53ms
SUMMARY backend=tt blend_mode=2 views=1 hero_vs_gt=29.79dB hero_vs_ref=29.88dB min_vs_ref=29.88dB min_vs_gt=29.79dB ms/view=390.4 (proj=56.0 ta=129.3 sort=16.1 blend=186.1) shot=opt/metal-screenshots/loop-ttw/hero.png
TTW_METRIC hero_vs_ref=29.88
TTW_TIMING proj=56.0
TTW_TIMING ta=129.3
TTW_TIMING sort=16.1
TTW_TIMING blend=186.1
