================ BUILD ID ================
  cpp : #157 sha=9f1d618 bin=69df429df7353d46 iter 48: iter48: post-sort subchunk table + per-subchunk cull/blend dispatch (sort unchanged)
  data: #1 sha=b703f70 sync tracy-041 capture script
=========================================
host=yyzo-bh-03  tag=verify  timeout=1200s  worry=600s  ts=2026-06-03T02:23:57-0700
cmd: export TT_METAL_HOME=/localdev/smarton/tt-metal TT_METAL_RUNTIME_ROOT=/localdev/smarton/tt-metal TT_METAL_CACHE=/localdev/smarton/.cache/tt-metal-cache TT_METAL_ARCH_NAME=blackhole MESH_DEVICE=P100; source .venv/bin/activate 2>/dev/null; test -f render/build-tt/build.ninja || (cmake -G Ninja -S render -B render/build-tt -DCMAKE_BUILD_TYPE=Release); cmake --build render/build-tt -j 16; python3 render/run.py --iter-dir ${TTW_ITER_DIR:?TTW_ITER_DIR unset} 2>&1 | tee /tmp/ttw_verify.log; grep -q '^SUMMARY' /tmp/ttw_verify.log || { echo '[verify] no SUMMARY'; exit 6; }; grep -q '^TTW_METRIC hero_vs_ref=' /tmp/ttw_verify.log || { echo '[verify] no TTW_METRIC'; exit 6; }; mkdir -p opt/metal-screenshots/${TTW_ITER_DIR}; cp -f tmp/${TTW_ITER_DIR}/hero_clean.png opt/metal-screenshots/${TTW_ITER_DIR}/hero.png 2>/dev/null || cp -f tmp/${TTW_ITER_DIR}/hero_clean.png opt/metal-screenshots/${TTW_ITER_DIR}/hero.png; test -f opt/metal-screenshots/${TTW_ITER_DIR}/hero.png || { echo '[verify] hero screenshot missing'; exit 6; }; cp -f tmp/${TTW_ITER_DIR}/hero_diff10.png opt/metal-screenshots/${TTW_ITER_DIR}/hero_diff10.png 2>/dev/null || true; grep '^TTW_METRIC' /tmp/ttw_verify.log | tail -1; grep '^TTW_TIMING' /tmp/ttw_verify.log
-----------------------------------------
BUILD-ID VERIFY OK: cpp#157 bin=69df429df7353d46 matches the built+stamped artifact
ninja: no work to do.
[run] warmup (hero='hero', 1024x1024, scene=bicycle)
2026-06-03 09:23:59.771 | info     |             UMD | Creating TopologyDiscovery for architecture: blackhole (topology_discovery.cpp:75)
2026-06-03 09:23:59.771 | info     |             UMD | Starting topology discovery. (topology_discovery.cpp:92)
2026-06-03 09:23:59.771 | warning  |             UMD | Low power mode is disabled while UMD holds open file descriptors. The device will return to low power mode once all file descriptors are closed. (topology_discovery.cpp:143)
2026-06-03 09:23:59.771 | warning  |             UMD | KMD version 2.4.1 does not support power state management. (pci_device.cpp:1067)
2026-06-03 09:23:59.772 | info     |             UMD | Established firmware bundle version: 18.12.1 (topology_discovery.cpp:544)
2026-06-03 09:23:59.772 | info     |             UMD | Completed topology discovery. (topology_discovery.cpp:96)
2026-06-03 09:23:59.772 | info     |          Device | Opening user mode device driver (tt_cluster.cpp:225)
2026-06-03 09:23:59.772 | info     |             UMD | Cluster constructor started. (cluster.cpp:317)
2026-06-03 09:23:59.772 | info     |             UMD | Creating TopologyDiscovery for architecture: blackhole (topology_discovery.cpp:75)
2026-06-03 09:23:59.772 | info     |             UMD | Starting topology discovery. (topology_discovery.cpp:92)
2026-06-03 09:23:59.772 | warning  |             UMD | Low power mode is disabled while UMD holds open file descriptors. The device will return to low power mode once all file descriptors are closed. (topology_discovery.cpp:143)
2026-06-03 09:23:59.772 | warning  |             UMD | KMD version 2.4.1 does not support power state management. (pci_device.cpp:1067)
2026-06-03 09:23:59.772 | info     |             UMD | Established firmware bundle version: 18.12.1 (topology_discovery.cpp:544)
2026-06-03 09:23:59.772 | info     |             UMD | Completed topology discovery. (topology_discovery.cpp:96)
2026-06-03 09:23:59.773 | info     |             UMD | Harvesting masks for Chip 0: Tensix: 0xc0 DRAM: 0x8 ETH: 0x3fff PCIe: 0x2 L2CPU: 0x0 (cluster.cpp:270)
2026-06-03 09:23:59.773 | info     |             UMD | Initializing iommu for sysmem (size: 0x40000000). (silicon_sysmem_manager.cpp:334)
2026-06-03 09:23:59.773 | info     |             UMD | Allocating sysmem for IOMMU (size: 0x40000000). (silicon_sysmem_manager.cpp:340)
2026-06-03 09:23:59.811 | warning  |             UMD | KMD version 2.4.1 does not support power state management. (pci_device.cpp:1067)
2026-06-03 09:23:59.811 | info     |             UMD | Opening local chip ids/PCIe ids: {0}/[0] and remote chip ids {} (cluster.cpp:159)
2026-06-03 09:23:59.811 | info     |             UMD | IOMMU: enabled (cluster.cpp:133)
2026-06-03 09:23:59.811 | info     |             UMD | KMD version: 2.4.1 (cluster.cpp:136)
2026-06-03 09:23:59.811 | info     |             UMD | Cluster constructor completed. (cluster.cpp:409)
2026-06-03 09:23:59.815 | info     |             UMD | Starting devices in cluster (cluster.cpp:1044)
2026-06-03 09:23:59.815 | info     |             UMD | Mapped sysmem without hugepages to IOVA 0x80000000; NOC address 0x1000000000000000 (silicon_sysmem_manager.cpp:391)
2026-06-03 09:23:59.815 | info     |             UMD | Starting devices in cluster completed. (cluster.cpp:1052)
2026-06-03 09:24:00.294 | info     |     Distributed | Using auto discovery to generate mesh graph. (metal_env.cpp:332)
2026-06-03 09:24:00.294 | info     |     Distributed | Constructing control plane using auto-discovery (no mesh graph descriptor). (metal_env.cpp:394)
2026-06-03 09:24:00.294 | info     |             UMD | Creating TopologyDiscovery for architecture: blackhole (topology_discovery.cpp:75)
2026-06-03 09:24:00.294 | info     |             UMD | Starting topology discovery. (topology_discovery.cpp:92)
2026-06-03 09:24:00.295 | warning  |             UMD | Low power mode is disabled while UMD holds open file descriptors. The device will return to low power mode once all file descriptors are closed. (topology_discovery.cpp:143)
2026-06-03 09:24:00.295 | warning  |             UMD | KMD version 2.4.1 does not support power state management. (pci_device.cpp:1067)
2026-06-03 09:24:00.295 | info     |             UMD | Established firmware bundle version: 18.12.1 (topology_discovery.cpp:544)
2026-06-03 09:24:00.295 | info     |             UMD | Completed topology discovery. (topology_discovery.cpp:96)
2026-06-03 09:24:00.295 | warning  |          Always | Unknown motherboard 'X670E GAMING PLUS WIFI (MS-7E16)' for chip_id=0 (bus_id=0x1) — defaulting tray_id to 0. Add this motherboard and its bus IDs to mobo_to_bus_ids in physical_system_discovery.cpp. (physical_system_discovery.cpp:62)
2026-06-03 09:24:00.295 | info     |          Fabric | TopologyMapper: Logical Multi-Mesh Adjacency Map: (topology_mapper.cpp:1474)
2026-06-03 09:24:00.295 | info     |          Fabric | 
=== Logical Mesh-Level Graph Adjacency Map ===
Total nodes: 1
Degree histogram: {0:1}
 (topology_solver.tpp:94)
2026-06-03 09:24:00.295 | info     |          Fabric | 
=== Logical Mesh 0 Internal Graph Adjacency Map ===
Total nodes: 1
Degree histogram: {0:1}
 (topology_solver.tpp:94)
2026-06-03 09:24:00.295 | info     |          Fabric | TopologyMapper: Physical Multi-Mesh Adjacency Map: (topology_mapper.cpp:1485)
2026-06-03 09:24:00.295 | info     |          Fabric | 
=== Physical Mesh-Level Graph Adjacency Map ===
Total nodes: 1
Degree histogram: {0:1}
 (topology_solver.tpp:94)
2026-06-03 09:24:00.295 | info     |          Fabric | 
=== Physical Mesh 0 Internal Graph Adjacency Map ===
Total nodes: 1
Degree histogram: {0:1}
 (topology_solver.tpp:94)
2026-06-03 09:24:00.295 | info     |          Fabric | Starting multi-mesh mapping: 1 logical mesh(es) to 1 physical mesh(es) (topology_mapper_utils.cpp:1469)
2026-06-03 09:24:00.295 | info     |          Fabric | Multi-mesh mapping attempt 1/2: Trying inter-mesh mapping (topology_mapper_utils.cpp:1510)
2026-06-03 09:24:00.295 | info     |          Fabric | Attempt 1: Inter-mesh mapping succeeded, found 1 mesh pair(s) (topology_mapper_utils.cpp:1539)
2026-06-03 09:24:00.295 | info     |          Fabric | Attempt 1: Mapping 1 mesh pair(s) (topology_mapper_utils.cpp:1547)
2026-06-03 09:24:00.295 | info     |          Fabric | Attempt 1: Mapping mesh 0 -> 0 (topology_mapper_utils.cpp:1554)
2026-06-03 09:24:00.295 | info     |          Fabric | Multi-mesh mapping succeeded after 1 attempt(s): 1 mesh pair(s) mapped (topology_mapper_utils.cpp:1686)
2026-06-03 09:24:00.320 | info     |    BuildKernels | Using pre-compiled firmware from: /localdev/smarton/tt-metal/tt_metal/pre-compiled/431005707817566179/ (build_env_manager.cpp:260)
2026-06-03 09:24:00.517 | info     |           Metal | ShmResourceTracker: removed stale shm '/tt_d2h_443259_4098650713_0' (shm_resource_tracker.cpp:265)
2026-06-03 09:24:00.517 | info     |           Metal | ShmResourceTracker: removed stale shm '/tt_d2h_443259_4098650713_1' (shm_resource_tracker.cpp:265)
2026-06-03 09:24:00.517 | info     |           Metal | ShmResourceTracker: removed stale manifest '/dev/shm/tt_socket_manifest_443259' (shm_resource_tracker.cpp:275)
2026-06-03 09:24:00.517 | info     |           Metal | ShmResourceTracker: removed orphaned shm '/tt_device_7490744194894819707_memory' (shm_resource_tracker.cpp:282)
2026-06-03 09:24:01.101 | info     |           Metal | [Real-time profiler] Device 0 sync complete: 100 samples, frequency=1.349990 GHz, device_time_at_sync=168838370734868 cycles (realtime_profiler_manager.cpp:1082)
[JIT_WARMUP] ideal-path contexts compiled in 1347.5 ms
[SORT] stage=RP P=3369033 P_kept=3369033 num_tiles=1024 max_tile_n=26496 bin=43.32 up=0.02 kernel=1.64 d2h=0.00 compact=0.00 publish=1.47 total=46.53ms
[SUBCHUNK] tiles_split=110 total_subchunks=1148 max_subchunks_per_tile=4 total_overflow_candidates=1355360
[run] timing 30 views (warmup excluded)
[SORT] stage=RP P=3369033 P_kept=3369033 num_tiles=1024 max_tile_n=26496 bin=41.93 up=0.02 kernel=0.03 d2h=0.00 compact=0.00 publish=0.02 total=42.05ms
[SUBCHUNK] tiles_split=110 total_subchunks=1148 max_subchunks_per_tile=4 total_overflow_candidates=1355360
[run]   view=hero 291.9ms
[SORT] stage=RP P=3535561 P_kept=3535561 num_tiles=1024 max_tile_n=26272 bin=44.15 up=0.02 kernel=0.04 d2h=0.00 compact=0.00 publish=0.04 total=44.32ms
[SUBCHUNK] tiles_split=118 total_subchunks=1159 max_subchunks_per_tile=4 total_overflow_candidates=1471263
[run]   view=orbit_01 308.7ms
[SORT] stage=RP P=3603555 P_kept=3603555 num_tiles=1024 max_tile_n=25152 bin=44.70 up=0.02 kernel=0.03 d2h=0.00 compact=0.00 publish=0.03 total=44.86ms
[SUBCHUNK] tiles_split=124 total_subchunks=1173 max_subchunks_per_tile=3 total_overflow_candidates=1568092
[run]   view=orbit_02 307.2ms
[SORT] stage=RP P=3622630 P_kept=3622630 num_tiles=1024 max_tile_n=24416 bin=44.85 up=0.02 kernel=0.02 d2h=0.00 compact=0.00 publish=0.03 total=44.99ms
[SUBCHUNK] tiles_split=117 total_subchunks=1167 max_subchunks_per_tile=3 total_overflow_candidates=1556214
[run]   view=orbit_03 307.1ms
[SORT] stage=RP P=3620780 P_kept=3620780 num_tiles=1024 max_tile_n=25200 bin=44.93 up=0.02 kernel=0.03 d2h=0.00 compact=0.00 publish=0.02 total=45.06ms
[SUBCHUNK] tiles_split=119 total_subchunks=1171 max_subchunks_per_tile=3 total_overflow_candidates=1588722
[run]   view=orbit_04 302.2ms
[SORT] stage=RP P=3622797 P_kept=3622797 num_tiles=1024 max_tile_n=23552 bin=44.98 up=0.02 kernel=0.05 d2h=0.00 compact=0.00 publish=0.04 total=45.15ms
[SUBCHUNK] tiles_split=126 total_subchunks=1178 max_subchunks_per_tile=3 total_overflow_candidates=1618586
[run]   view=orbit_05 306.0ms
[SORT] stage=RP P=3607134 P_kept=3607134 num_tiles=1024 max_tile_n=25040 bin=44.68 up=0.02 kernel=0.03 d2h=0.00 compact=0.00 publish=0.03 total=44.82ms
[SUBCHUNK] tiles_split=124 total_subchunks=1170 max_subchunks_per_tile=3 total_overflow_candidates=1564583
[run]   view=orbit_06 301.2ms
[SORT] stage=RP P=3548136 P_kept=3548136 num_tiles=1024 max_tile_n=26816 bin=43.91 up=0.02 kernel=0.04 d2h=0.00 compact=0.00 publish=0.03 total=44.05ms
[SUBCHUNK] tiles_split=119 total_subchunks=1159 max_subchunks_per_tile=4 total_overflow_candidates=1478539
[run]   view=orbit_07 301.4ms
[SORT] stage=RP P=3455005 P_kept=3455005 num_tiles=1024 max_tile_n=25024 bin=43.08 up=0.02 kernel=0.04 d2h=0.00 compact=0.00 publish=0.03 total=43.23ms
[SUBCHUNK] tiles_split=105 total_subchunks=1139 max_subchunks_per_tile=3 total_overflow_candidates=1316689
[run]   view=orbit_08 291.1ms
[SORT] stage=RP P=3397687 P_kept=3397687 num_tiles=1024 max_tile_n=22176 bin=42.49 up=0.02 kernel=0.04 d2h=0.00 compact=0.00 publish=0.03 total=42.63ms
[SUBCHUNK] tiles_split=107 total_subchunks=1144 max_subchunks_per_tile=3 total_overflow_candidates=1295808
[run]   view=orbit_09 280.9ms
[SORT] stage=RP P=3353492 P_kept=3353492 num_tiles=1024 max_tile_n=23776 bin=41.90 up=0.02 kernel=0.05 d2h=0.00 compact=0.00 publish=0.02 total=42.04ms
[SUBCHUNK] tiles_split=101 total_subchunks=1137 max_subchunks_per_tile=3 total_overflow_candidates=1228551
[run]   view=orbit_10 282.7ms
[SORT] stage=RP P=3324622 P_kept=3324622 num_tiles=1024 max_tile_n=25360 bin=41.65 up=0.02 kernel=0.03 d2h=0.00 compact=0.00 publish=0.02 total=41.79ms
[SUBCHUNK] tiles_split=103 total_subchunks=1137 max_subchunks_per_tile=3 total_overflow_candidates=1235511
[run]   view=orbit_11 286.1ms
[SORT] stage=RP P=3321611 P_kept=3321611 num_tiles=1024 max_tile_n=26064 bin=41.56 up=0.02 kernel=0.03 d2h=0.00 compact=0.00 publish=0.02 total=41.70ms
[SUBCHUNK] tiles_split=99 total_subchunks=1134 max_subchunks_per_tile=4 total_overflow_candidates=1201230
[run]   view=orbit_12 289.0ms
[SORT] stage=RP P=3343983 P_kept=3343983 num_tiles=1024 max_tile_n=24656 bin=41.80 up=0.02 kernel=0.03 d2h=0.00 compact=0.00 publish=0.02 total=41.93ms
[SUBCHUNK] tiles_split=101 total_subchunks=1137 max_subchunks_per_tile=3 total_overflow_candidates=1232709
[run]   view=orbit_13 283.6ms
[SORT] stage=RP P=3391321 P_kept=3391321 num_tiles=1024 max_tile_n=21424 bin=42.35 up=0.02 kernel=0.03 d2h=0.00 compact=0.00 publish=0.02 total=42.48ms
[SUBCHUNK] tiles_split=101 total_subchunks=1135 max_subchunks_per_tile=3 total_overflow_candidates=1262410
[run]   view=orbit_14 278.7ms
[SORT] stage=RP P=3430950 P_kept=3430950 num_tiles=1024 max_tile_n=24560 bin=42.76 up=0.02 kernel=0.04 d2h=0.00 compact=0.00 publish=0.03 total=42.91ms
[SUBCHUNK] tiles_split=114 total_subchunks=1147 max_subchunks_per_tile=3 total_overflow_candidates=1388413
[run]   view=orbit_15 289.0ms
[SORT] stage=RP P=3463828 P_kept=3463828 num_tiles=1024 max_tile_n=26432 bin=43.11 up=0.02 kernel=0.03 d2h=0.00 compact=0.00 publish=0.02 total=43.22ms
[SUBCHUNK] tiles_split=110 total_subchunks=1149 max_subchunks_per_tile=4 total_overflow_candidates=1390306
[run]   view=orbit_16 294.3ms
[SORT] stage=RP P=3517324 P_kept=3517324 num_tiles=1024 max_tile_n=24976 bin=43.74 up=0.02 kernel=0.04 d2h=0.00 compact=0.00 publish=0.03 total=43.89ms
[SUBCHUNK] tiles_split=116 total_subchunks=1166 max_subchunks_per_tile=3 total_overflow_candidates=1480989
[run]   view=orbit_17 295.8ms
[SORT] stage=RP P=3506904 P_kept=3506904 num_tiles=1024 max_tile_n=23680 bin=43.52 up=0.02 kernel=0.04 d2h=0.00 compact=0.00 publish=0.03 total=43.67ms
[SUBCHUNK] tiles_split=108 total_subchunks=1159 max_subchunks_per_tile=3 total_overflow_candidates=1429548
[run]   view=orbit_18 290.8ms
[SORT] stage=RP P=3480657 P_kept=3480657 num_tiles=1024 max_tile_n=23840 bin=43.27 up=0.02 kernel=0.04 d2h=0.00 compact=0.00 publish=0.03 total=43.43ms
[SUBCHUNK] tiles_split=107 total_subchunks=1158 max_subchunks_per_tile=3 total_overflow_candidates=1424474
[run]   view=orbit_19 291.1ms
[SORT] stage=RP P=3442938 P_kept=3442938 num_tiles=1024 max_tile_n=24672 bin=42.82 up=0.02 kernel=0.04 d2h=0.00 compact=0.00 publish=0.03 total=42.96ms
[SUBCHUNK] tiles_split=110 total_subchunks=1162 max_subchunks_per_tile=3 total_overflow_candidates=1423304
[run]   view=orbit_20 290.3ms
[SORT] stage=RP P=3379780 P_kept=3379780 num_tiles=1024 max_tile_n=25680 bin=42.12 up=0.02 kernel=0.03 d2h=0.00 compact=0.00 publish=0.02 total=42.24ms
[SUBCHUNK] tiles_split=113 total_subchunks=1150 max_subchunks_per_tile=4 total_overflow_candidates=1413691
[run]   view=orbit_21 289.6ms
[SORT] stage=RP P=3263772 P_kept=3263772 num_tiles=1024 max_tile_n=23024 bin=40.89 up=0.02 kernel=0.04 d2h=0.00 compact=0.00 publish=0.03 total=41.04ms
[SUBCHUNK] tiles_split=107 total_subchunks=1142 max_subchunks_per_tile=3 total_overflow_candidates=1311939
[run]   view=orbit_22 276.4ms
[SORT] stage=RP P=3203445 P_kept=3203445 num_tiles=1024 max_tile_n=19856 bin=40.14 up=0.02 kernel=0.03 d2h=0.00 compact=0.00 publish=0.03 total=40.28ms
[SUBCHUNK] tiles_split=102 total_subchunks=1134 max_subchunks_per_tile=3 total_overflow_candidates=1254136
[run]   view=orbit_23 262.6ms
[SORT] stage=RP P=3149820 P_kept=3149820 num_tiles=1024 max_tile_n=23424 bin=39.55 up=0.02 kernel=0.04 d2h=0.00 compact=0.00 publish=0.02 total=39.67ms
[SUBCHUNK] tiles_split=97 total_subchunks=1128 max_subchunks_per_tile=3 total_overflow_candidates=1187471
[run]   view=orbit_24 270.2ms
[SORT] stage=RP P=3110972 P_kept=3110972 num_tiles=1024 max_tile_n=24304 bin=39.81 up=0.02 kernel=0.04 d2h=0.00 compact=0.00 publish=0.03 total=39.94ms
[SUBCHUNK] tiles_split=96 total_subchunks=1130 max_subchunks_per_tile=3 total_overflow_candidates=1164939
[run]   view=orbit_25 272.3ms
[SORT] stage=RP P=3120361 P_kept=3120361 num_tiles=1024 max_tile_n=24416 bin=39.52 up=0.02 kernel=0.04 d2h=0.00 compact=0.00 publish=0.03 total=39.68ms
[SUBCHUNK] tiles_split=94 total_subchunks=1128 max_subchunks_per_tile=3 total_overflow_candidates=1149866
[run]   view=orbit_26 273.2ms
[SORT] stage=RP P=3161893 P_kept=3161893 num_tiles=1024 max_tile_n=25296 bin=39.75 up=0.02 kernel=0.04 d2h=0.00 compact=0.00 publish=0.03 total=39.91ms
[SUBCHUNK] tiles_split=93 total_subchunks=1128 max_subchunks_per_tile=3 total_overflow_candidates=1145738
[run]   view=orbit_27 277.4ms
[SORT] stage=RP P=3237659 P_kept=3237659 num_tiles=1024 max_tile_n=25056 bin=40.60 up=0.02 kernel=0.04 d2h=0.00 compact=0.00 publish=0.03 total=40.75ms
[SUBCHUNK] tiles_split=98 total_subchunks=1129 max_subchunks_per_tile=3 total_overflow_candidates=1207349
[run]   view=orbit_28 279.6ms
[SORT] stage=RP P=3333322 P_kept=3333322 num_tiles=1024 max_tile_n=22880 bin=41.99 up=0.02 kernel=0.04 d2h=0.00 compact=0.00 publish=0.03 total=42.15ms
[SUBCHUNK] tiles_split=98 total_subchunks=1130 max_subchunks_per_tile=3 total_overflow_candidates=1231555
[run]   view=orbit_29 281.0ms
SUMMARY scene=bicycle hero='hero' hero_vs_ref=63.85dB avg_frame_ms=288.4 p50_ms=289.3 min_ms=262.6 max_ms=308.7 n_views=30 warmup_s=3.6 out=/localdev/smarton/gstt2/tmp/ttw-048
TTW_METRIC hero_vs_ref=63.85
TTW_TIMING ms_view=288.378
TTW_TIMING blend=288.378
TTW_METRIC hero_vs_ref=63.85
TTW_TIMING ms_view=288.378
TTW_TIMING blend=288.378
