================ BUILD ID ================
  cpp : #7 sha=9b784b4 iter 7: on-device scan_bases: drop D2H core_total + host prefix
  data: # sha= 
=========================================
host=bh-30  tag=verify  timeout=1200s  worry=600s  ts=2026-05-31T23:23:09-0700
cmd: export TT_METAL_HOME=/localdev/smarton/tt-metal TT_METAL_RUNTIME_ROOT=/localdev/smarton/tt-metal TT_METAL_CACHE=/localdev/smarton/.cache/tt-metal-cache TT_METAL_ARCH_NAME=blackhole MESH_DEVICE=P100 GSPLAT_TT_BLEND_MODE=2 GSPLAT_TT_MB_KERNEL=1 GSPLAT_TT_MB_DEVCULL=1 GSPLAT_TT_DEVICE_PROJECT=1 GSPLAT_TT_RESIDENT_PROJECT=1 GSPLAT_TT_RESIDENT_GATHER=1 GSPLAT_TT_DEVICE_TILE_ASSIGN=1 GSPLAT_TT_RESIDENT_TA_IN=1 GSPLAT_TT_DEVICE_SORT=1 GSPLAT_TT_RESIDENT_PAIRS=1 GSPLAT_TT_RESIDENT_BLEND=1 GSPLAT_TT_SORT_DEVICE_PUBLISH=1 GSPLAT_TT_TA_DEVICE_SCAN=1 GSPLAT_TT_SFPU_CULL=1 GSPLAT_TT_FUSED_TILE=1; source .venv/bin/activate 2>/dev/null; .venv/bin/python3 scripts/a003_verify.py --views 1 --iter-dir loop-ttw --out opt/ttw/last.json 2>&1 | tee /tmp/ttw_verify.log; grep '^SUMMARY' /tmp/ttw_verify.log | tail -1 > /tmp/ttw_sum.txt; grep -oE 'hero_vs_ref=[0-9.]+' /tmp/ttw_sum.txt | sed 's/^/TTW_METRIC /'; grep -oE '(proj|ta|sort|blend)=[0-9.]+' /tmp/ttw_sum.txt | sed 's/^/TTW_TIMING /'
-----------------------------------------
2026-06-01 06:23:11.835 | info     |             UMD | Creating TopologyDiscovery for architecture: blackhole (topology_discovery.cpp:75)
2026-06-01 06:23:11.835 | info     |             UMD | Starting topology discovery. (topology_discovery.cpp:92)
2026-06-01 06:23:11.836 | warning  |             UMD | Low power mode is disabled while UMD holds open file descriptors. The device will return to low power mode once all file descriptors are closed. (topology_discovery.cpp:140)
2026-06-01 06:23:11.836 | warning  |             UMD | KMD version 2.4.1 does not support power state management. (pci_device.cpp:1067)
2026-06-01 06:23:11.837 | info     |             UMD | Established firmware bundle version: 19.5.0 (topology_discovery.cpp:544)
2026-06-01 06:23:11.837 | info     |             UMD | Completed topology discovery. (topology_discovery.cpp:96)
2026-06-01 06:23:11.838 | info     |          Device | Opening user mode device driver (tt_cluster.cpp:225)
2026-06-01 06:23:11.838 | info     |             UMD | Cluster constructor started. (cluster.cpp:317)
2026-06-01 06:23:11.838 | info     |             UMD | Creating TopologyDiscovery for architecture: blackhole (topology_discovery.cpp:75)
2026-06-01 06:23:11.838 | info     |             UMD | Starting topology discovery. (topology_discovery.cpp:92)
2026-06-01 06:23:11.839 | warning  |             UMD | Low power mode is disabled while UMD holds open file descriptors. The device will return to low power mode once all file descriptors are closed. (topology_discovery.cpp:140)
2026-06-01 06:23:11.839 | warning  |             UMD | KMD version 2.4.1 does not support power state management. (pci_device.cpp:1067)
2026-06-01 06:23:11.840 | info     |             UMD | Established firmware bundle version: 19.5.0 (topology_discovery.cpp:544)
2026-06-01 06:23:11.840 | info     |             UMD | Completed topology discovery. (topology_discovery.cpp:96)
2026-06-01 06:23:11.840 | info     |             UMD | Harvesting masks for Chip 0: Tensix: 0xc0 DRAM: 0x0 ETH: 0x120 PCIe: 0x2 L2CPU: 0x0 (cluster.cpp:262)
2026-06-01 06:23:11.840 | info     |             UMD | Initializing iommu for sysmem (size: 0x40000000). (silicon_sysmem_manager.cpp:334)
2026-06-01 06:23:11.840 | info     |             UMD | Allocating sysmem for IOMMU (size: 0x40000000). (silicon_sysmem_manager.cpp:340)
2026-06-01 06:23:11.910 | warning  |             UMD | KMD version 2.4.1 does not support power state management. (pci_device.cpp:1067)
2026-06-01 06:23:11.910 | info     |             UMD | Opening local chip ids/PCIe ids: {0}/[3] and remote chip ids {} (cluster.cpp:153)
2026-06-01 06:23:11.910 | info     |             UMD | IOMMU: enabled (cluster.cpp:133)
2026-06-01 06:23:11.910 | info     |             UMD | KMD version: 2.4.1 (cluster.cpp:136)
2026-06-01 06:23:11.910 | info     |             UMD | Cluster constructor completed. (cluster.cpp:409)
2026-06-01 06:23:11.911 | info     |             UMD | Starting devices in cluster (cluster.cpp:1044)
2026-06-01 06:23:11.912 | info     |             UMD | Mapped sysmem without hugepages to IOVA 0xfffffffec0000000; NOC address 0x1000000000000000 (silicon_sysmem_manager.cpp:391)
2026-06-01 06:23:11.913 | info     |             UMD | Starting devices in cluster completed. (cluster.cpp:1052)
2026-06-01 06:23:12.229 | info     |     Distributed | Using auto discovery to generate mesh graph. (metal_env.cpp:332)
2026-06-01 06:23:12.229 | info     |     Distributed | Constructing control plane using auto-discovery (no mesh graph descriptor). (metal_env.cpp:394)
2026-06-01 06:23:12.229 | info     |             UMD | Creating TopologyDiscovery for architecture: blackhole (topology_discovery.cpp:75)
2026-06-01 06:23:12.229 | info     |             UMD | Starting topology discovery. (topology_discovery.cpp:92)
2026-06-01 06:23:12.230 | warning  |             UMD | Low power mode is disabled while UMD holds open file descriptors. The device will return to low power mode once all file descriptors are closed. (topology_discovery.cpp:140)
2026-06-01 06:23:12.230 | warning  |             UMD | KMD version 2.4.1 does not support power state management. (pci_device.cpp:1067)
2026-06-01 06:23:12.231 | info     |             UMD | Established firmware bundle version: 19.5.0 (topology_discovery.cpp:544)
2026-06-01 06:23:12.231 | info     |             UMD | Completed topology discovery. (topology_discovery.cpp:96)
2026-06-01 06:23:12.232 | warning  |          Always | Unknown motherboard 'H12DSG-O-CPU' for chip_id=0 (bus_id=0xa1) — defaulting tray_id to 0. Add this motherboard and its bus IDs to mobo_to_bus_ids in physical_system_discovery.cpp. (physical_system_discovery.cpp:56)
2026-06-01 06:23:12.232 | info     |          Fabric | TopologyMapper: Logical Multi-Mesh Adjacency Map: (topology_mapper.cpp:1474)
2026-06-01 06:23:12.232 | info     |          Fabric | 
=== Logical Mesh-Level Graph Adjacency Map ===
Total nodes: 1
Degree histogram: {0:1}
 (topology_solver.tpp:94)
2026-06-01 06:23:12.232 | info     |          Fabric | 
=== Logical Mesh 0 Internal Graph Adjacency Map ===
Total nodes: 1
Degree histogram: {0:1}
 (topology_solver.tpp:94)
2026-06-01 06:23:12.232 | info     |          Fabric | TopologyMapper: Physical Multi-Mesh Adjacency Map: (topology_mapper.cpp:1485)
2026-06-01 06:23:12.232 | info     |          Fabric | 
=== Physical Mesh-Level Graph Adjacency Map ===
Total nodes: 1
Degree histogram: {0:1}
 (topology_solver.tpp:94)
2026-06-01 06:23:12.232 | info     |          Fabric | 
=== Physical Mesh 0 Internal Graph Adjacency Map ===
Total nodes: 1
Degree histogram: {0:1}
 (topology_solver.tpp:94)
2026-06-01 06:23:12.232 | info     |          Fabric | Starting multi-mesh mapping: 1 logical mesh(es) to 1 physical mesh(es) (topology_mapper_utils.cpp:1465)
2026-06-01 06:23:12.232 | info     |          Fabric | Multi-mesh mapping attempt 1/2: Trying inter-mesh mapping (topology_mapper_utils.cpp:1506)
2026-06-01 06:23:12.232 | info     |          Fabric | Attempt 1: Inter-mesh mapping succeeded, found 1 mesh pair(s) (topology_mapper_utils.cpp:1535)
2026-06-01 06:23:12.232 | info     |          Fabric | Attempt 1: Mapping 1 mesh pair(s) (topology_mapper_utils.cpp:1547)
2026-06-01 06:23:12.232 | info     |          Fabric | Attempt 1: Mapping mesh 0 -> 0 (topology_mapper_utils.cpp:1549)
2026-06-01 06:23:12.232 | info     |          Fabric | Multi-mesh mapping succeeded after 1 attempt(s): 1 mesh pair(s) mapped (topology_mapper_utils.cpp:1682)
2026-06-01 06:23:12.327 | info     |           Metal | ShmResourceTracker: removed stale shm '/tt_d2h_486765_3204523923_0' (shm_resource_tracker.cpp:265)
2026-06-01 06:23:12.328 | info     |           Metal | ShmResourceTracker: removed stale manifest '/dev/shm/tt_socket_manifest_486765' (shm_resource_tracker.cpp:275)
2026-06-01 06:23:12.913 | info     |           Metal | [Real-time profiler] Device 0 sync complete: 100 samples, frequency=1.349885 GHz, device_time_at_sync=98539614846071 cycles (realtime_profiler_manager.cpp:1075)
[SORT] stage=RP P=3369033 P_kept=3213120 num_tiles=1024 max_tile_n=25872 bin=11.47 up=0.31 kernel=10.22 d2h=0.00 compact=0.00 publish=4.05 total=26.37ms
[SORT] stage=RP P=3369033 P_kept=3213120 num_tiles=1024 max_tile_n=25872 bin=8.36 up=0.31 kernel=7.22 d2h=0.00 compact=0.00 publish=1.34 total=17.49ms
[SORT] stage=RP P=3369033 P_kept=3213120 num_tiles=1024 max_tile_n=25872 bin=7.94 up=0.29 kernel=7.14 d2h=6.72 compact=0.00 publish=1.26 total=27.51ms
[SORT] stage=RP P=3369033 P_kept=3213120 num_tiles=1024 max_tile_n=25872 bin=7.93 up=0.29 kernel=7.14 d2h=6.75 compact=0.00 publish=1.26 total=27.80ms
SUMMARY backend=tt blend_mode=2 views=1 hero_vs_gt=46.78dB hero_vs_ref=63.85dB min_vs_ref=63.85dB min_vs_gt=46.78dB ms/view=405.8 (proj=56.5 ta=129.4 sort=17.5 blend=200.7) shot=opt/metal-screenshots/loop-ttw/hero.png
TTW_METRIC hero_vs_ref=63.85
TTW_TIMING proj=56.5
TTW_TIMING ta=129.4
TTW_TIMING sort=17.5
TTW_TIMING blend=200.7
