================ BUILD ID ================
  cpp : #158 sha=92f43dc bin=17bda20162c8a8b3 iter 49: iter49: single-buffer bulk L1 load per subchunk (no per-row CB stream)
  data: #1 sha=b703f70 sync tracy-041 capture script
=========================================
host=yyzo-bh-03  tag=verify  timeout=1200s  worry=600s  ts=2026-06-03T02:28:26-0700
cmd: export TT_METAL_HOME=/localdev/smarton/tt-metal TT_METAL_RUNTIME_ROOT=/localdev/smarton/tt-metal TT_METAL_CACHE=/localdev/smarton/.cache/tt-metal-cache TT_METAL_ARCH_NAME=blackhole MESH_DEVICE=P100; source .venv/bin/activate 2>/dev/null; test -f render/build-tt/build.ninja || (cmake -G Ninja -S render -B render/build-tt -DCMAKE_BUILD_TYPE=Release); cmake --build render/build-tt -j 16; python3 render/run.py --iter-dir ${TTW_ITER_DIR:?TTW_ITER_DIR unset} 2>&1 | tee /tmp/ttw_verify.log; grep -q '^SUMMARY' /tmp/ttw_verify.log || { echo '[verify] no SUMMARY'; exit 6; }; grep -q '^TTW_METRIC hero_vs_ref=' /tmp/ttw_verify.log || { echo '[verify] no TTW_METRIC'; exit 6; }; mkdir -p opt/metal-screenshots/${TTW_ITER_DIR}; cp -f tmp/${TTW_ITER_DIR}/hero_clean.png opt/metal-screenshots/${TTW_ITER_DIR}/hero.png 2>/dev/null || cp -f tmp/${TTW_ITER_DIR}/hero_clean.png opt/metal-screenshots/${TTW_ITER_DIR}/hero.png; test -f opt/metal-screenshots/${TTW_ITER_DIR}/hero.png || { echo '[verify] hero screenshot missing'; exit 6; }; cp -f tmp/${TTW_ITER_DIR}/hero_diff10.png opt/metal-screenshots/${TTW_ITER_DIR}/hero_diff10.png 2>/dev/null || true; grep '^TTW_METRIC' /tmp/ttw_verify.log | tail -1; grep '^TTW_TIMING' /tmp/ttw_verify.log
-----------------------------------------
BUILD-ID VERIFY OK: cpp#158 bin=17bda20162c8a8b3 matches the built+stamped artifact
ninja: no work to do.
[run] warmup (hero='hero', 1024x1024, scene=bicycle)
2026-06-03 09:28:28.620 | info     |             UMD | Creating TopologyDiscovery for architecture: blackhole (topology_discovery.cpp:75)
2026-06-03 09:28:28.621 | info     |             UMD | Starting topology discovery. (topology_discovery.cpp:92)
2026-06-03 09:28:28.621 | warning  |             UMD | Low power mode is disabled while UMD holds open file descriptors. The device will return to low power mode once all file descriptors are closed. (topology_discovery.cpp:143)
2026-06-03 09:28:28.621 | warning  |             UMD | KMD version 2.4.1 does not support power state management. (pci_device.cpp:1067)
2026-06-03 09:28:28.621 | info     |             UMD | Established firmware bundle version: 18.12.1 (topology_discovery.cpp:544)
2026-06-03 09:28:28.621 | info     |             UMD | Completed topology discovery. (topology_discovery.cpp:96)
2026-06-03 09:28:28.621 | info     |          Device | Opening user mode device driver (tt_cluster.cpp:225)
2026-06-03 09:28:28.621 | info     |             UMD | Cluster constructor started. (cluster.cpp:317)
2026-06-03 09:28:28.621 | info     |             UMD | Creating TopologyDiscovery for architecture: blackhole (topology_discovery.cpp:75)
2026-06-03 09:28:28.621 | info     |             UMD | Starting topology discovery. (topology_discovery.cpp:92)
2026-06-03 09:28:28.622 | warning  |             UMD | Low power mode is disabled while UMD holds open file descriptors. The device will return to low power mode once all file descriptors are closed. (topology_discovery.cpp:143)
2026-06-03 09:28:28.622 | warning  |             UMD | KMD version 2.4.1 does not support power state management. (pci_device.cpp:1067)
2026-06-03 09:28:28.622 | info     |             UMD | Established firmware bundle version: 18.12.1 (topology_discovery.cpp:544)
2026-06-03 09:28:28.622 | info     |             UMD | Completed topology discovery. (topology_discovery.cpp:96)
2026-06-03 09:28:28.622 | info     |             UMD | Harvesting masks for Chip 0: Tensix: 0xc0 DRAM: 0x8 ETH: 0x3fff PCIe: 0x2 L2CPU: 0x0 (cluster.cpp:270)
2026-06-03 09:28:28.622 | info     |             UMD | Initializing iommu for sysmem (size: 0x40000000). (silicon_sysmem_manager.cpp:334)
2026-06-03 09:28:28.622 | info     |             UMD | Allocating sysmem for IOMMU (size: 0x40000000). (silicon_sysmem_manager.cpp:340)
2026-06-03 09:28:28.663 | warning  |             UMD | KMD version 2.4.1 does not support power state management. (pci_device.cpp:1067)
2026-06-03 09:28:28.663 | info     |             UMD | Opening local chip ids/PCIe ids: {0}/[0] and remote chip ids {} (cluster.cpp:159)
2026-06-03 09:28:28.663 | info     |             UMD | IOMMU: enabled (cluster.cpp:133)
2026-06-03 09:28:28.663 | info     |             UMD | KMD version: 2.4.1 (cluster.cpp:136)
2026-06-03 09:28:28.663 | info     |             UMD | Cluster constructor completed. (cluster.cpp:409)
2026-06-03 09:28:28.665 | info     |             UMD | Starting devices in cluster (cluster.cpp:1044)
2026-06-03 09:28:28.666 | info     |             UMD | Mapped sysmem without hugepages to IOVA 0x80000000; NOC address 0x1000000000000000 (silicon_sysmem_manager.cpp:391)
2026-06-03 09:28:28.666 | info     |             UMD | Starting devices in cluster completed. (cluster.cpp:1052)
2026-06-03 09:28:29.154 | info     |     Distributed | Using auto discovery to generate mesh graph. (metal_env.cpp:332)
2026-06-03 09:28:29.154 | info     |     Distributed | Constructing control plane using auto-discovery (no mesh graph descriptor). (metal_env.cpp:394)
2026-06-03 09:28:29.154 | info     |             UMD | Creating TopologyDiscovery for architecture: blackhole (topology_discovery.cpp:75)
2026-06-03 09:28:29.154 | info     |             UMD | Starting topology discovery. (topology_discovery.cpp:92)
2026-06-03 09:28:29.154 | warning  |             UMD | Low power mode is disabled while UMD holds open file descriptors. The device will return to low power mode once all file descriptors are closed. (topology_discovery.cpp:143)
2026-06-03 09:28:29.154 | warning  |             UMD | KMD version 2.4.1 does not support power state management. (pci_device.cpp:1067)
2026-06-03 09:28:29.154 | info     |             UMD | Established firmware bundle version: 18.12.1 (topology_discovery.cpp:544)
2026-06-03 09:28:29.154 | info     |             UMD | Completed topology discovery. (topology_discovery.cpp:96)
2026-06-03 09:28:29.154 | warning  |          Always | Unknown motherboard 'X670E GAMING PLUS WIFI (MS-7E16)' for chip_id=0 (bus_id=0x1) — defaulting tray_id to 0. Add this motherboard and its bus IDs to mobo_to_bus_ids in physical_system_discovery.cpp. (physical_system_discovery.cpp:62)
2026-06-03 09:28:29.155 | info     |          Fabric | TopologyMapper: Logical Multi-Mesh Adjacency Map: (topology_mapper.cpp:1474)
2026-06-03 09:28:29.155 | info     |          Fabric | 
=== Logical Mesh-Level Graph Adjacency Map ===
Total nodes: 1
Degree histogram: {0:1}
 (topology_solver.tpp:94)
2026-06-03 09:28:29.155 | info     |          Fabric | 
=== Logical Mesh 0 Internal Graph Adjacency Map ===
Total nodes: 1
Degree histogram: {0:1}
 (topology_solver.tpp:94)
2026-06-03 09:28:29.155 | info     |          Fabric | TopologyMapper: Physical Multi-Mesh Adjacency Map: (topology_mapper.cpp:1485)
2026-06-03 09:28:29.155 | info     |          Fabric | 
=== Physical Mesh-Level Graph Adjacency Map ===
Total nodes: 1
Degree histogram: {0:1}
 (topology_solver.tpp:94)
2026-06-03 09:28:29.155 | info     |          Fabric | 
=== Physical Mesh 0 Internal Graph Adjacency Map ===
Total nodes: 1
Degree histogram: {0:1}
 (topology_solver.tpp:94)
2026-06-03 09:28:29.155 | info     |          Fabric | Starting multi-mesh mapping: 1 logical mesh(es) to 1 physical mesh(es) (topology_mapper_utils.cpp:1469)
2026-06-03 09:28:29.155 | info     |          Fabric | Multi-mesh mapping attempt 1/2: Trying inter-mesh mapping (topology_mapper_utils.cpp:1510)
2026-06-03 09:28:29.155 | info     |          Fabric | Attempt 1: Inter-mesh mapping succeeded, found 1 mesh pair(s) (topology_mapper_utils.cpp:1539)
2026-06-03 09:28:29.155 | info     |          Fabric | Attempt 1: Mapping 1 mesh pair(s) (topology_mapper_utils.cpp:1547)
2026-06-03 09:28:29.155 | info     |          Fabric | Attempt 1: Mapping mesh 0 -> 0 (topology_mapper_utils.cpp:1554)
2026-06-03 09:28:29.155 | info     |          Fabric | Multi-mesh mapping succeeded after 1 attempt(s): 1 mesh pair(s) mapped (topology_mapper_utils.cpp:1686)
2026-06-03 09:28:29.179 | info     |    BuildKernels | Using pre-compiled firmware from: /localdev/smarton/tt-metal/tt_metal/pre-compiled/431005707817566179/ (build_env_manager.cpp:260)
2026-06-03 09:28:29.463 | info     |           Metal | ShmResourceTracker: removed stale shm '/tt_d2h_448699_1318861707_0' (shm_resource_tracker.cpp:265)
2026-06-03 09:28:29.463 | info     |           Metal | ShmResourceTracker: removed stale shm '/tt_d2h_448699_1318861707_1' (shm_resource_tracker.cpp:265)
2026-06-03 09:28:29.463 | info     |           Metal | ShmResourceTracker: removed stale manifest '/dev/shm/tt_socket_manifest_448699' (shm_resource_tracker.cpp:275)
2026-06-03 09:28:29.463 | info     |           Metal | ShmResourceTracker: removed orphaned shm '/tt_device_7490744194894819707_memory' (shm_resource_tracker.cpp:282)
2026-06-03 09:28:30.049 | info     |           Metal | [Real-time profiler] Device 0 sync complete: 100 samples, frequency=1.349982 GHz, device_time_at_sync=169201446586975 cycles (realtime_profiler_manager.cpp:1082)
[JIT_WARMUP] ideal-path contexts compiled in 1444.6 ms
[SORT] stage=RP P=3369033 P_kept=3369033 num_tiles=1024 max_tile_n=26496 bin=43.12 up=0.02 kernel=1.68 d2h=0.00 compact=0.00 publish=1.49 total=46.39ms
[SUBCHUNK] tiles_split=110 total_subchunks=1148 max_subchunks_per_tile=4 total_overflow_candidates=1355360
[L1LOAD] bytes_bulk_loaded=86743040 subchunks_bulk=234 avg_bytes_per_subchunk=370696
2026-06-03 09:28:30.856 | error    |    BuildKernels | trisc0 compile failure -- cmd: cd /localdev/smarton/.cache/tt-metal-cache/tt-metal-cache431005707817566179/kernels/alpha_blend_compute_mb/13353465276710597422/trisc0/ && /localdev/smarton/tt-metal/runtime/sfpi/compiler/bin/riscv-tt-elf-g++ -O3 -std=c++17 -ftt-nttp -ftt-constinit -ftt-consteval -flto=auto -ffast-math -fno-exceptions -g -MMD -fno-use-cxa-atexit -Wall -Werror -Wno-error=deprecated-declarations -Wno-error=multistatement-macros -Wno-error=parentheses -Wno-error=unused-but-set-variable -Wno-unused-variable -Wno-unused-function -mcpu=tt-bh-tensix -I. -I.. -I/localdev/smarton/tt-metal/ -I/localdev/smarton/tt-metal/ttnn -I/localdev/smarton/tt-metal/ttnn/cpp -I/localdev/smarton/tt-metal/tt_metal -I/localdev/smarton/tt-metal/tt_metal/hw/inc -I/localdev/smarton/tt-metal/tt_metal/tt-llk/common -I/localdev/smarton/tt-metal/tt_metal/hostdevcommon/api -I/localdev/smarton/tt-metal/tt_metal/api/ -I/localdev/smarton/tt-metal/runtime/sfpi/include -I/localdev/smarton/tt-metal/tt_metal/hw/ckernels/blackhole/metal/common -I/localdev/smarton/tt-metal/tt_metal/hw/ckernels/blackhole/metal/llk_io -I/localdev/smarton/tt-metal/tt_metal/hw/inc/internal/tt-1xx -I/localdev/smarton/tt-metal/tt_metal/hw/inc/internal/tt-1xx/blackhole -I/localdev/smarton/tt-metal/tt_metal/hw/inc/internal/tt-1xx/blackhole/blackhole_defines -I/localdev/smarton/tt-metal/tt_metal/hw/inc/internal/tt-1xx/blackhole/noc -I/localdev/smarton/tt-metal/tt_metal/tt-llk/tt_llk_blackhole/common/inc -I/localdev/smarton/tt-metal/tt_metal/tt-llk/tt_llk_blackhole/llk_lib -I/localdev/smarton/tt-metal/tt_metal/hw/ckernels/blackhole/metal/llk_api -I/localdev/smarton/tt-metal/tt_metal/hw/ckernels/blackhole/metal/llk_api/llk_sfpu -I/localdev/smarton/tt-metal/tt_metal/hw/firmware/src/tt-1xx -I/localdev/smarton/gstt2/render/kernels/compute -c -o /localdev/smarton/.cache/tt-metal-cache/tt-metal-cache431005707817566179/kernels/alpha_blend_compute_mb/13353465276710597422/trisc0/trisck.5601088699985767607.o /localdev/smarton/tt-metal/tt_metal/hw/firmware/src/tt-1xx/trisck.cc -MF /localdev/smarton/.cache/tt-metal-cache/tt-metal-cache431005707817566179/kernels/alpha_blend_compute_mb/13353465276710597422/trisc0/trisck.5601088699985767607.d -DIS_NOT_POW2_NUM_DRAM_BANKS=1 -DIS_NOT_POW2_NUM_L1_BANKS=1 -DNUM_DRAM_BANKS=7 -DNUM_L1_BANKS=110 -DPCIE_NOC_X=19 -DPCIE_NOC_Y=24 -DTENSIX_FIRMWARE -DLOCAL_MEM_EN=0 -DPROCESSOR_INDEX=2 -DUCK_CHLKC_UNPACK -DCOMPILE_FOR_TRISC=0 -DARCH_BLACKHOLE -DDISPATCH_MESSAGE_ADDR=4290184248 -DKERNEL_BUILD  (build.cpp:58)
2026-06-03 09:28:30.856 | critical |          Always | TT_THROW: trisc0 build failed. Log: In file included from ../chlkc_unpack.cpp:3,
                 from /localdev/smarton/tt-metal/tt_metal/hw/ckernels/blackhole/metal/common/chlkc_list.h:26,
                 from /localdev/smarton/tt-metal/tt_metal/hw/firmware/src/tt-1xx/trisck.cc:13:
/localdev/smarton/gstt2/render/kernels/compute/alpha_blend_compute_mb.cpp: In function 'void {anonymous}::process_tile_l1_blend(uint32_t)':
/localdev/smarton/gstt2/render/kernels/compute/alpha_blend_compute_mb.cpp:257:27: error: 'get_read_ptr' was not declared in this scope; did you mean 'tt_reg_ptr'?
  257 |     const uint32_t buck = get_read_ptr(CB_BUCKET);
      |                           ^~~~~~~~~~~~
      |                           tt_reg_ptr
 (assert.hpp:104)
2026-06-03 09:28:30.857 | critical |          Always | TT_THROW: Failed to generate binaries for alpha_blend_compute_mb TT_THROW @ /proj_sw/user_dev/smarton/tt-metal/tt_metal/jit_build/build.cpp:62: tt::exception
info:
trisc0 build failed. Log: In file included from ../chlkc_unpack.cpp:3,
                 from /localdev/smarton/tt-metal/tt_metal/hw/ckernels/blackhole/metal/common/chlkc_list.h:26,
                 from /localdev/smarton/tt-metal/tt_metal/hw/firmware/src/tt-1xx/trisck.cc:13:
/localdev/smarton/gstt2/render/kernels/compute/alpha_blend_compute_mb.cpp: In function 'void {anonymous}::process_tile_l1_blend(uint32_t)':
/localdev/smarton/gstt2/render/kernels/compute/alpha_blend_compute_mb.cpp:257:27: error: 'get_read_ptr' was not declared in this scope; did you mean 'tt_reg_ptr'?
  257 |     const uint32_t buck = get_read_ptr(CB_BUCKET);
      |                           ^~~~~~~~~~~~
      |                           tt_reg_ptr

backtrace:
 --- /localdev/smarton/tt-metal/build/tt_metal/libtt_metal.so(+0x6d08c8) [0x7f83836658c8]
 --- /localdev/smarton/tt-metal/build/tt_metal/libtt_metal.so(+0x9f69fc) [0x7f838398b9fc]
 --- tt::tt_metal::JitBuildState::compile_one(std::__cxx11::basic_string<char, std::char_traits<char>, std::allocator<char> > const&, tt::tt_metal::JitBuildSettings const*, unsigned long) const
 --- /localdev/smarton/tt-metal/build/tt_metal/libtt_metal.so(+0xa11c18) [0x7f83839a6c18]
 --- /localdev/smarton/tt-metal/build/tt_metal/libtt_metal.so(+0xa11b9e) [0x7f83839a6b9e]
 --- /localdev/smarton/tt-metal/build/tt_metal/libtt_metal.so(+0x6d919f) [0x7f838366e19f]
 --- /lib/x86_64-linux-gnu/libc.so.6(+0x99ee8) [0x7f84c1bacee8]
 --- /localdev/smarton/tt-metal/build/tt_metal/libtt_metal.so(+0x6d8ff9) [0x7f838366dff9]
 --- /localdev/smarton/tt-metal/build/tt_metal/libtt_metal.so(+0xa119ee) [0x7f83839a69ee]
 --- /localdev/smarton/tt-metal/build/tt_metal/libtt_metal.so(+0x8720c5) [0x7f83838070c5]
 --- /localdev/smarton/tt-metal/build/tt_metal/libtt_metal.so(+0x870bd0) [0x7f8383805bd0]
 --- /localdev/smarton/tt-metal/build/tt_metal/libtt_metal.so(+0x8700b8) [0x7f83838050b8]
 --- /lib/x86_64-linux-gnu/libstdc++.so.6(+0xdc253) [0x7f84bf38b253]
 --- /lib/x86_64-linux-gnu/libc.so.6(+0x94ac3) [0x7f84c1ba7ac3]
 --- /lib/x86_64-linux-gnu/libc.so.6(+0x1268d0) [0x7f84c1c398d0]
 (assert.hpp:104)
[gsplat_tt::sort] resident-pairs path failed: TT_THROW @ /proj_sw/user_dev/smarton/tt-metal/tt_metal/impl/program/program.cpp:249: tt::exception
info:
Failed to generate binaries for alpha_blend_compute_mb TT_THROW @ /proj_sw/user_dev/smarton/tt-metal/tt_metal/jit_build/build.cpp:62: tt::exception
info:
trisc0 build failed. Log: In file included from ../chlkc_unpack.cpp:3,
                 from /localdev/smarton/tt-metal/tt_metal/hw/ckernels/blackhole/metal/common/chlkc_list.h:26,
                 from /localdev/smarton/tt-metal/tt_metal/hw/firmware/src/tt-1xx/trisck.cc:13:
/localdev/smarton/gstt2/render/kernels/compute/alpha_blend_compute_mb.cpp: In function 'void {anonymous}::process_tile_l1_blend(uint32_t)':
/localdev/smarton/gstt2/render/kernels/compute/alpha_blend_compute_mb.cpp:257:27: error: 'get_read_ptr' was not declared in this scope; did you mean 'tt_reg_ptr'?
  257 |     const uint32_t buck = get_read_ptr(CB_BUCKET);
      |                           ^~~~~~~~~~~~
      |                           tt_reg_ptr

backtrace:
 --- /localdev/smarton/tt-metal/build/tt_metal/libtt_metal.so(+0x6d08c8) [0x7f83836658c8]
 --- /localdev/smarton/tt-metal/build/tt_metal/libtt_metal.so(+0x9f69fc) [0x7f838398b9fc]
 --- tt::tt_metal::JitBuildState::compile_one(std::__cxx11::basic_string<char, std::char_traits<char>, std::allocator<char> > const&, tt::tt_metal::JitBuildSettings const*, unsigned long) const
 --- /localdev/smarton/tt-metal/build/tt_metal/libtt_metal.so(+0xa11c18) [0x7f83839a6c18]
 --- /localdev/smarton/tt-metal/build/tt_metal/libtt_metal.so(+0xa11b9e) [0x7f83839a6b9e]
 --- /localdev/smarton/tt-metal/build/tt_metal/libtt_metal.so(+0x6d919f) [0x7f838366e19f]
 --- /lib/x86_64-linux-gnu/libc.so.6(+0x99ee8) [0x7f84c1bacee8]
 --- /localdev/smarton/tt-metal/build/tt_metal/libtt_metal.so(+0x6d8ff9) [0x7f838366dff9]
 --- /localdev/smarton/tt-metal/build/tt_metal/libtt_metal.so(+0xa119ee) [0x7f83839a69ee]
 --- /localdev/smarton/tt-metal/build/tt_metal/libtt_metal.so(+0x8720c5) [0x7f83838070c5]
 --- /localdev/smarton/tt-metal/build/tt_metal/libtt_metal.so(+0x870bd0) [0x7f8383805bd0]
 --- /localdev/smarton/tt-metal/build/tt_metal/libtt_metal.so(+0x8700b8) [0x7f83838050b8]
 --- /lib/x86_64-linux-gnu/libstdc++.so.6(+0xdc253) [0x7f84bf38b253]
 --- /lib/x86_64-linux-gnu/libc.so.6(+0x94ac3) [0x7f84c1ba7ac3]
 --- /lib/x86_64-linux-gnu/libc.so.6(+0x1268d0) [0x7f84c1c398d0]

backtrace:
 --- /localdev/smarton/tt-metal/build/tt_metal/libtt_metal.so(+0x886ba8) [0x7f838381bba8]
 --- /localdev/smarton/tt-metal/build/tt_metal/libtt_metal.so(+0x85876b) [0x7f83837ed76b]
 --- tt::tt_metal::JitBuildCache::build_once(unsigned long, std::function<void ()> const&)
 --- tt::tt_metal::jit_build_once(unsigned long, std::function<void ()> const&)
 --- /localdev/smarton/tt-metal/build/tt_metal/libtt_metal.so(+0x8582c2) [0x7f83837ed2c2]
 --- /localdev/smarton/tt-metal/build/tt_metal/libtt_metal.so(+0xa11c18) [0x7f83839a6c18]
 --- /localdev/smarton/tt-metal/build/tt_metal/libtt_metal.so(+0xa11b9e) [0x7f83839a6b9e]
 --- /localdev/smarton/tt-metal/build/tt_metal/libtt_metal.so(+0x6d919f) [0x7f838366e19f]
 --- /lib/x86_64-linux-gnu/libc.so.6(+0x99ee8) [0x7f84c1bacee8]
 --- /localdev/smarton/tt-metal/build/tt_metal/libtt_metal.so(+0x6d8ff9) [0x7f838366dff9]
 --- /localdev/smarton/tt-metal/build/tt_metal/libtt_metal.so(+0xa119ee) [0x7f83839a69ee]
 --- /localdev/smarton/tt-metal/build/tt_metal/libtt_metal.so(+0x8720c5) [0x7f83838070c5]
 --- /localdev/smarton/tt-metal/build/tt_metal/libtt_metal.so(+0x870bd0) [0x7f8383805bd0]
 --- /localdev/smarton/tt-metal/build/tt_metal/libtt_metal.so(+0x8700b8) [0x7f83838050b8]
 --- /lib/x86_64-linux-gnu/libstdc++.so.6(+0xdc253) [0x7f84bf38b253]
 --- /lib/x86_64-linux-gnu/libc.so.6(+0x94ac3) [0x7f84c1ba7ac3]
 --- /lib/x86_64-linux-gnu/libc.so.6(+0x1268d0) [0x7f84c1c398d0]

Traceback (most recent call last):
  File "/localdev/smarton/gstt2/render/run.py", line 339, in <module>
    main()
  File "/localdev/smarton/gstt2/render/run.py", line 268, in main
    _ = render_clean_view_timed(clean_pipeline, gauss, hero_view["c2w"], K, H, W)
  File "/localdev/smarton/gstt2/render/run.py", line 211, in render_clean_view_timed
    res = pipeline.render(gauss, extr, K, H, W)
  File "/localdev/smarton/gstt2/gsplat/pipeline.py", line 151, in render
    image, stats = self.backend.render_fused(
  File "/localdev/smarton/gstt2/render/run.py", line 117, in render_fused
    image, stats = self._clean.render_view(
RuntimeError: render_clean: device sort failed; single-path TT, no CPU fallback
[yyzo-bh-03-special-smarton-for-reservation-73929:449818] *** Process received signal ***
[yyzo-bh-03-special-smarton-for-reservation-73929:449818] Signal: Segmentation fault (11)
[yyzo-bh-03-special-smarton-for-reservation-73929:449818] Signal code: Address not mapped (1)
[yyzo-bh-03-special-smarton-for-reservation-73929:449818] Failing at address: 0x58
[yyzo-bh-03-special-smarton-for-reservation-73929:449818] [ 0] /lib/x86_64-linux-gnu/libc.so.6(+0x42520)[0x7f84c1b55520]
[yyzo-bh-03-special-smarton-for-reservation-73929:449818] [ 1] /localdev/smarton/tt-metal/build/tt_metal/libtt_metal.so(_ZN2tt8tt_metal25SharedMemoryStatsProvider21update_from_allocatorEPKNS0_6DeviceEi+0x97)[0x7f838370b3a7]
[yyzo-bh-03-special-smarton-for-reservation-73929:449818] [ 2] /localdev/smarton/tt-metal/build/tt_metal/libtt_metal.so(_ZN2tt8tt_metal6detail11ProgramImpl27deallocate_circular_buffersEv+0xe4)[0x7f83837b3754]
[yyzo-bh-03-special-smarton-for-reservation-73929:449818] [ 3] /localdev/smarton/tt-metal/build/tt_metal/libtt_metal.so(_ZN2tt8tt_metal6detail11ProgramImplD2Ev+0x16)[0x7f83837b2ba6]
[yyzo-bh-03-special-smarton-for-reservation-73929:449818] [ 4] /localdev/smarton/tt-metal/build/tt_metal/libtt_metal.so(+0x61ca0f)[0x7f83835b1a0f]
[yyzo-bh-03-special-smarton-for-reservation-73929:449818] [ 5] /localdev/smarton/tt-metal/build/tt_metal/libtt_metal.so(_ZNSt8__detail16_Hashtable_allocISaINS_10_Hash_nodeISt4pairIKN2tt8tt_metal11distributed19MeshCoordinateRangeENS4_7ProgramEELb0EEEEE18_M_deallocate_nodeEPSA_+0x15)[0x7f8383a7e115]
[yyzo-bh-03-special-smarton-for-reservation-73929:449818] [ 6] /localdev/smarton/tt-metal/build/tt_metal/libtt_metal.so(_ZN2tt8tt_metal11distributed16MeshWorkloadImplD2Ev+0xbe)[0x7f8383a6d5ae]
[yyzo-bh-03-special-smarton-for-reservation-73929:449818] [ 7] /localdev/smarton/tt-metal/build/tt_metal/libtt_metal.so(_ZN2tt8tt_metal11distributed12MeshWorkloadD2Ev+0x1a)[0x7f8383a7019a]
[yyzo-bh-03-special-smarton-for-reservation-73929:449818] [ 8] /localdev/smarton/gstt2/render/render_clean.cpython-310-x86_64-linux-gnu.so(+0x92761)[0x7f837a6de761]
[yyzo-bh-03-special-smarton-for-reservation-73929:449818] [ 9] /localdev/smarton/gstt2/render/render_clean.cpython-310-x86_64-linux-gnu.so(+0x928de)[0x7f837a6de8de]
[yyzo-bh-03-special-smarton-for-reservation-73929:449818] [10] /lib/x86_64-linux-gnu/libc.so.6(+0x45495)[0x7f84c1b58495]
[yyzo-bh-03-special-smarton-for-reservation-73929:449818] [11] /lib/x86_64-linux-gnu/libc.so.6(on_exit+0x0)[0x7f84c1b58610]
[yyzo-bh-03-special-smarton-for-reservation-73929:449818] [12] /lib/x86_64-linux-gnu/libc.so.6(+0x29d97)[0x7f84c1b3cd97]
[yyzo-bh-03-special-smarton-for-reservation-73929:449818] [13] /lib/x86_64-linux-gnu/libc.so.6(__libc_start_main+0x80)[0x7f84c1b3ce40]
[yyzo-bh-03-special-smarton-for-reservation-73929:449818] [14] python3(_start+0x25)[0x55c231e90b45]
[yyzo-bh-03-special-smarton-for-reservation-73929:449818] *** End of error message ***
[verify] no SUMMARY
