================ BUILD ID ================
  cpp : #41 sha=adef576 bin=ffc6d81de0e973ce iter 25: rowck payload
  data: # sha= 
=========================================
host=yyzo-bh-03  tag=verify  timeout=1200s  worry=600s  ts=2026-06-01T09:24:38-0700
cmd: export TT_METAL_HOME=/localdev/smarton/tt-metal TT_METAL_RUNTIME_ROOT=/localdev/smarton/tt-metal TT_METAL_CACHE=/localdev/smarton/.cache/tt-metal-cache TT_METAL_ARCH_NAME=blackhole MESH_DEVICE=P100 GSPLAT_TT_BLEND_MODE=2 GSPLAT_TT_MB_KERNEL=1 GSPLAT_TT_MB_DEVCULL=1 GSPLAT_TT_DEVICE_PROJECT=1 GSPLAT_TT_RESIDENT_PROJECT=1 GSPLAT_TT_RESIDENT_GATHER=1 GSPLAT_TT_DEVICE_TILE_ASSIGN=1 GSPLAT_TT_RESIDENT_TA_IN=1 GSPLAT_TT_DEVICE_SORT=1 GSPLAT_TT_RESIDENT_PAIRS=1 GSPLAT_TT_RESIDENT_BLEND=1 GSPLAT_TT_SORT_DEVICE_PUBLISH=1 GSPLAT_TT_TA_DEVICE_SCAN=1 GSPLAT_TT_SFPU_CULL=1 GSPLAT_TT_FUSED_TILE=1 GSPLAT_TT_MB_TIMING=1 GSPLAT_TT_BLEND_PAYLOAD=1 GSPLAT_TT_ROWCK=1 TT_METAL_DPRINT_CORES=0,0; source .venv/bin/activate 2>/dev/null; .venv/bin/python3 scripts/a003_verify.py --views 1 --iter-dir loop-ttw --out opt/ttw/last.json 2>&1 | tee /tmp/ttw_verify.log; grep '^SUMMARY' /tmp/ttw_verify.log | tail -1 > /tmp/ttw_sum.txt; grep -oE 'hero_vs_ref=[0-9.]+' /tmp/ttw_sum.txt | sed 's/^/TTW_METRIC /'; grep -oE '(proj|ta|sort|blend)=[0-9.]+' /tmp/ttw_sum.txt | sed 's/^/TTW_TIMING /'
-----------------------------------------
BUILD-ID VERIFY OK: cpp#41 bin=ffc6d81de0e973ce matches the built+stamped artifact
2026-06-01 16:24:40.125 | info     |             UMD | Creating TopologyDiscovery for architecture: blackhole (topology_discovery.cpp:75)
2026-06-01 16:24:40.125 | info     |             UMD | Starting topology discovery. (topology_discovery.cpp:92)
2026-06-01 16:24:40.126 | warning  |             UMD | Low power mode is disabled while UMD holds open file descriptors. The device will return to low power mode once all file descriptors are closed. (topology_discovery.cpp:143)
2026-06-01 16:24:40.126 | warning  |             UMD | KMD version 2.4.1 does not support power state management. (pci_device.cpp:1067)
2026-06-01 16:24:40.126 | info     |             UMD | Established firmware bundle version: 18.12.1 (topology_discovery.cpp:544)
2026-06-01 16:24:40.126 | info     |             UMD | Completed topology discovery. (topology_discovery.cpp:96)
2026-06-01 16:24:40.126 | info     |          Device | Opening user mode device driver (tt_cluster.cpp:225)
2026-06-01 16:24:40.126 | info     |             UMD | Cluster constructor started. (cluster.cpp:317)
2026-06-01 16:24:40.126 | info     |             UMD | Creating TopologyDiscovery for architecture: blackhole (topology_discovery.cpp:75)
2026-06-01 16:24:40.126 | info     |             UMD | Starting topology discovery. (topology_discovery.cpp:92)
2026-06-01 16:24:40.127 | warning  |             UMD | Low power mode is disabled while UMD holds open file descriptors. The device will return to low power mode once all file descriptors are closed. (topology_discovery.cpp:143)
2026-06-01 16:24:40.127 | warning  |             UMD | KMD version 2.4.1 does not support power state management. (pci_device.cpp:1067)
2026-06-01 16:24:40.127 | info     |             UMD | Established firmware bundle version: 18.12.1 (topology_discovery.cpp:544)
2026-06-01 16:24:40.127 | info     |             UMD | Completed topology discovery. (topology_discovery.cpp:96)
2026-06-01 16:24:40.127 | info     |             UMD | Harvesting masks for Chip 0: Tensix: 0xc0 DRAM: 0x8 ETH: 0x3fff PCIe: 0x2 L2CPU: 0x0 (cluster.cpp:270)
2026-06-01 16:24:40.127 | info     |             UMD | Initializing iommu for sysmem (size: 0x40000000). (silicon_sysmem_manager.cpp:334)
2026-06-01 16:24:40.127 | info     |             UMD | Allocating sysmem for IOMMU (size: 0x40000000). (silicon_sysmem_manager.cpp:340)
2026-06-01 16:24:40.166 | warning  |             UMD | KMD version 2.4.1 does not support power state management. (pci_device.cpp:1067)
2026-06-01 16:24:40.166 | info     |             UMD | Opening local chip ids/PCIe ids: {0}/[0] and remote chip ids {} (cluster.cpp:159)
2026-06-01 16:24:40.166 | info     |             UMD | IOMMU: enabled (cluster.cpp:133)
2026-06-01 16:24:40.166 | info     |             UMD | KMD version: 2.4.1 (cluster.cpp:136)
2026-06-01 16:24:40.166 | info     |             UMD | Cluster constructor completed. (cluster.cpp:409)
2026-06-01 16:24:40.168 | info     |             UMD | Starting devices in cluster (cluster.cpp:1044)
2026-06-01 16:24:40.168 | info     |             UMD | Mapped sysmem without hugepages to IOVA 0x80000000; NOC address 0x1000000000000000 (silicon_sysmem_manager.cpp:391)
2026-06-01 16:24:40.168 | info     |             UMD | Starting devices in cluster completed. (cluster.cpp:1052)
2026-06-01 16:24:40.667 | info     |     Distributed | Using auto discovery to generate mesh graph. (metal_env.cpp:332)
2026-06-01 16:24:40.667 | info     |     Distributed | Constructing control plane using auto-discovery (no mesh graph descriptor). (metal_env.cpp:394)
2026-06-01 16:24:40.667 | info     |             UMD | Creating TopologyDiscovery for architecture: blackhole (topology_discovery.cpp:75)
2026-06-01 16:24:40.667 | info     |             UMD | Starting topology discovery. (topology_discovery.cpp:92)
2026-06-01 16:24:40.667 | warning  |             UMD | Low power mode is disabled while UMD holds open file descriptors. The device will return to low power mode once all file descriptors are closed. (topology_discovery.cpp:143)
2026-06-01 16:24:40.667 | warning  |             UMD | KMD version 2.4.1 does not support power state management. (pci_device.cpp:1067)
2026-06-01 16:24:40.668 | info     |             UMD | Established firmware bundle version: 18.12.1 (topology_discovery.cpp:544)
2026-06-01 16:24:40.668 | info     |             UMD | Completed topology discovery. (topology_discovery.cpp:96)
2026-06-01 16:24:40.668 | warning  |          Always | Unknown motherboard 'X670E GAMING PLUS WIFI (MS-7E16)' for chip_id=0 (bus_id=0x1) — defaulting tray_id to 0. Add this motherboard and its bus IDs to mobo_to_bus_ids in physical_system_discovery.cpp. (physical_system_discovery.cpp:62)
2026-06-01 16:24:40.668 | info     |          Fabric | TopologyMapper: Logical Multi-Mesh Adjacency Map: (topology_mapper.cpp:1474)
2026-06-01 16:24:40.668 | info     |          Fabric | 
=== Logical Mesh-Level Graph Adjacency Map ===
Total nodes: 1
Degree histogram: {0:1}
 (topology_solver.tpp:94)
2026-06-01 16:24:40.668 | info     |          Fabric | 
=== Logical Mesh 0 Internal Graph Adjacency Map ===
Total nodes: 1
Degree histogram: {0:1}
 (topology_solver.tpp:94)
2026-06-01 16:24:40.668 | info     |          Fabric | TopologyMapper: Physical Multi-Mesh Adjacency Map: (topology_mapper.cpp:1485)
2026-06-01 16:24:40.668 | info     |          Fabric | 
=== Physical Mesh-Level Graph Adjacency Map ===
Total nodes: 1
Degree histogram: {0:1}
 (topology_solver.tpp:94)
2026-06-01 16:24:40.668 | info     |          Fabric | 
=== Physical Mesh 0 Internal Graph Adjacency Map ===
Total nodes: 1
Degree histogram: {0:1}
 (topology_solver.tpp:94)
2026-06-01 16:24:40.668 | info     |          Fabric | Starting multi-mesh mapping: 1 logical mesh(es) to 1 physical mesh(es) (topology_mapper_utils.cpp:1469)
2026-06-01 16:24:40.668 | info     |          Fabric | Multi-mesh mapping attempt 1/2: Trying inter-mesh mapping (topology_mapper_utils.cpp:1510)
2026-06-01 16:24:40.668 | info     |          Fabric | Attempt 1: Inter-mesh mapping succeeded, found 1 mesh pair(s) (topology_mapper_utils.cpp:1539)
2026-06-01 16:24:40.668 | info     |          Fabric | Attempt 1: Mapping 1 mesh pair(s) (topology_mapper_utils.cpp:1547)
2026-06-01 16:24:40.668 | info     |          Fabric | Attempt 1: Mapping mesh 0 -> 0 (topology_mapper_utils.cpp:1554)
2026-06-01 16:24:40.668 | info     |          Fabric | Multi-mesh mapping succeeded after 1 attempt(s): 1 mesh pair(s) mapped (topology_mapper_utils.cpp:1686)
2026-06-01 16:24:40.679 | warning  |           Metal | DPRINT is deprecated and will be removed in a future release. Please migrate to DEVICE_PRINT by:
  1. Replace #include "api/debug/dprint.h" with #include "api/debug/device_print.h" in your kernels
  2. Replace DPRINT << ... << ENDL() with DEVICE_PRINT("...\n", args)
  3. Set TT_METAL_DEVICE_PRINT=1 to enable the new DEVICE_PRINT system
For more information, see the DEVICE_PRINT documentation. (metal_context.cpp:249)
2026-06-01 16:24:40.754 | info     |           Metal | DPRINT enabled on device 0, worker core 0-0 (virtual 1-2). (dprint_server.cpp:910)
2026-06-01 16:24:40.754 | info     |           Metal | DPRINT Server attached device 0 (dprint_server.cpp:950)
2026-06-01 16:24:40.910 | info     |           Metal | ShmResourceTracker: removed stale shm '/tt_d2h_21834_3188563164_0' (shm_resource_tracker.cpp:265)
2026-06-01 16:24:40.910 | info     |           Metal | ShmResourceTracker: removed stale manifest '/dev/shm/tt_socket_manifest_21834' (shm_resource_tracker.cpp:275)
2026-06-01 16:24:40.910 | info     |           Metal | ShmResourceTracker: removed orphaned shm '/tt_device_7490744194894819707_memory' (shm_resource_tracker.cpp:282)
2026-06-01 16:24:41.492 | info     |           Metal | [Real-time profiler] Device 0 sync complete: 100 samples, frequency=1.349981 GHz, device_time_at_sync=7462358536647 cycles (realtime_profiler_manager.cpp:1082)
[SORT] stage=RP P=3369033 P_kept=3213120 num_tiles=1024 max_tile_n=25872 bin=10.26 up=0.29 kernel=8.70 d2h=0.00 compact=0.00 publish=1.69 total=21.11ms
[PACK_SPLIT] exec=428.0 ms payload=0x7250180
0:0-0:TR1: ROWCK t=0 ng=25144 cs=1058876109
0:0-0:TR1: ROWCK t=1 ng=2620 cs=1177147148
0:0-0:TR1: ROWCK t=2 ng=1805 cs=403923313
0:0-0:TR1: ROWCK t=3 ng=999 cs=3472573974
0:0-0:TR1: ROWCK t=4 ng=672 cs=2732568512
0:0-0:TR1: ROWCK t=5 ng=200 cs=2917891345
0:0-0:TR1: ROWCK t=6 ng=148 cs=17471610
[BLEND_SPLIT] upload=0.5 (attrs=0.0MB ids=0.0MB resident) exec=1836.3 readback=2.4 total=1839.2 ms
[BLEND_ADDR] cull_masks=0x0 out=0x8e67500(sz=0x600000) tile_ids=0x708e000 xramp=0x8e65500 yramp=0x8e66500 payload=0x7250180(sz=0xc494800)
[BLEND_DEVICE] resident_blend=2270.3 ms (host_build=0)
[SORT] stage=RP P=3369033 P_kept=3213120 num_tiles=1024 max_tile_n=25872 bin=8.34 up=0.30 kernel=7.22 d2h=0.00 compact=0.00 publish=0.04 total=16.06ms
[PACK_SPLIT] exec=425.6 ms payload=0x7250180
0:0-0:TR1: ROWCK t=0 ng=25144 cs=1058876109
0:0-0:TR1: ROWCK t=1 ng=2620 cs=3191731877
0:0-0:TR1: ROWCK t=2 ng=1805 cs=403923313
0:0-0:TR1: ROWCK t=3 ng=999 cs=3472573974
0:0-0:TR1: ROWCK t=4 ng=672 cs=2732568512
0:0-0:TR1: ROWCK t=5 ng=200 cs=2917891345
0:0-0:TR1: ROWCK t=6 ng=148 cs=17471610
[BLEND_SPLIT] upload=0.4 (attrs=0.0MB ids=0.0MB resident) exec=27.0 readback=2.4 total=29.8 ms
[BLEND_ADDR] cull_masks=0x0 out=0x8e67500(sz=0x600000) tile_ids=0x708e000 xramp=0x8e65500 yramp=0x8e66500 payload=0x7250180(sz=0xc494800)
[BLEND_DEVICE] resident_blend=458.6 ms (host_build=0)
[SORT] stage=RP P=3369033 P_kept=3213120 num_tiles=1024 max_tile_n=25872 bin=8.25 up=0.29 kernel=7.19 d2h=6.79 compact=0.00 publish=0.03 total=25.98ms
[SORT] stage=RP P=3369033 P_kept=3213120 num_tiles=1024 max_tile_n=25872 bin=8.24 up=0.29 kernel=7.20 d2h=6.81 compact=0.00 publish=0.04 total=26.01ms
SUMMARY backend=tt blend_mode=2 views=1 hero_vs_gt=41.95dB hero_vs_ref=43.73dB min_vs_ref=43.73dB min_vs_gt=41.95dB ms/view=659.1 (proj=54.5 ta=128.7 sort=16.1 blend=458.8) shot=opt/metal-screenshots/loop-ttw/hero.png
TTW_METRIC hero_vs_ref=43.73
TTW_TIMING proj=54.5
TTW_TIMING ta=128.7
TTW_TIMING sort=16.1
TTW_TIMING blend=458.8
