================ BUILD ID ================
  cpp : #17 sha=811eed4 bin=854cc671c99442d1 iter12 fused L1 mask handoff (single program)
  data: # sha= 
=========================================
host=bh-30  tag=verify  timeout=1200s  worry=600s  ts=2026-06-01T01:32:52-0700
cmd: export TT_METAL_HOME=/localdev/smarton/tt-metal TT_METAL_RUNTIME_ROOT=/localdev/smarton/tt-metal TT_METAL_CACHE=/localdev/smarton/.cache/tt-metal-cache TT_METAL_ARCH_NAME=blackhole MESH_DEVICE=P100 GSPLAT_TT_BLEND_MODE=2 GSPLAT_TT_MB_KERNEL=1 GSPLAT_TT_MB_DEVCULL=1 GSPLAT_TT_DEVICE_PROJECT=1 GSPLAT_TT_RESIDENT_PROJECT=1 GSPLAT_TT_RESIDENT_GATHER=1 GSPLAT_TT_DEVICE_TILE_ASSIGN=1 GSPLAT_TT_RESIDENT_TA_IN=1 GSPLAT_TT_DEVICE_SORT=1 GSPLAT_TT_RESIDENT_PAIRS=1 GSPLAT_TT_RESIDENT_BLEND=1 GSPLAT_TT_SORT_DEVICE_PUBLISH=1 GSPLAT_TT_TA_DEVICE_SCAN=1 GSPLAT_TT_SFPU_CULL=1 GSPLAT_TT_FUSED_TILE=1; source .venv/bin/activate 2>/dev/null; .venv/bin/python3 scripts/a003_verify.py --views 1 --iter-dir loop-ttw --out opt/ttw/last.json 2>&1 | tee /tmp/ttw_verify.log; grep '^SUMMARY' /tmp/ttw_verify.log | tail -1 > /tmp/ttw_sum.txt; grep -oE 'hero_vs_ref=[0-9.]+' /tmp/ttw_sum.txt | sed 's/^/TTW_METRIC /'; grep -oE '(proj|ta|sort|blend)=[0-9.]+' /tmp/ttw_sum.txt | sed 's/^/TTW_TIMING /'
-----------------------------------------
BUILD-ID VERIFY OK: cpp#17 bin=854cc671c99442d1 matches the built+stamped artifact
2026-06-01 08:32:55.654 | info     |             UMD | Creating TopologyDiscovery for architecture: blackhole (topology_discovery.cpp:75)
2026-06-01 08:32:55.654 | info     |             UMD | Starting topology discovery. (topology_discovery.cpp:92)
2026-06-01 08:32:55.655 | warning  |             UMD | Low power mode is disabled while UMD holds open file descriptors. The device will return to low power mode once all file descriptors are closed. (topology_discovery.cpp:140)
2026-06-01 08:32:55.655 | warning  |             UMD | KMD version 2.4.1 does not support power state management. (pci_device.cpp:1067)
2026-06-01 08:32:55.656 | info     |             UMD | Established firmware bundle version: 19.5.0 (topology_discovery.cpp:544)
2026-06-01 08:32:55.656 | info     |             UMD | Completed topology discovery. (topology_discovery.cpp:96)
2026-06-01 08:32:55.657 | info     |          Device | Opening user mode device driver (tt_cluster.cpp:225)
2026-06-01 08:32:55.657 | info     |             UMD | Cluster constructor started. (cluster.cpp:317)
2026-06-01 08:32:55.657 | info     |             UMD | Creating TopologyDiscovery for architecture: blackhole (topology_discovery.cpp:75)
2026-06-01 08:32:55.657 | info     |             UMD | Starting topology discovery. (topology_discovery.cpp:92)
2026-06-01 08:32:55.658 | warning  |             UMD | Low power mode is disabled while UMD holds open file descriptors. The device will return to low power mode once all file descriptors are closed. (topology_discovery.cpp:140)
2026-06-01 08:32:55.658 | warning  |             UMD | KMD version 2.4.1 does not support power state management. (pci_device.cpp:1067)
2026-06-01 08:32:55.658 | info     |             UMD | Established firmware bundle version: 19.5.0 (topology_discovery.cpp:544)
2026-06-01 08:32:55.659 | info     |             UMD | Completed topology discovery. (topology_discovery.cpp:96)
2026-06-01 08:32:55.659 | info     |             UMD | Harvesting masks for Chip 0: Tensix: 0xc0 DRAM: 0x0 ETH: 0x120 PCIe: 0x2 L2CPU: 0x0 (cluster.cpp:262)
2026-06-01 08:32:55.659 | info     |             UMD | Initializing iommu for sysmem (size: 0x40000000). (silicon_sysmem_manager.cpp:334)
2026-06-01 08:32:55.659 | info     |             UMD | Allocating sysmem for IOMMU (size: 0x40000000). (silicon_sysmem_manager.cpp:340)
2026-06-01 08:32:55.729 | warning  |             UMD | KMD version 2.4.1 does not support power state management. (pci_device.cpp:1067)
2026-06-01 08:32:55.729 | info     |             UMD | Opening local chip ids/PCIe ids: {0}/[3] and remote chip ids {} (cluster.cpp:153)
2026-06-01 08:32:55.729 | info     |             UMD | IOMMU: enabled (cluster.cpp:133)
2026-06-01 08:32:55.729 | info     |             UMD | KMD version: 2.4.1 (cluster.cpp:136)
2026-06-01 08:32:55.729 | info     |             UMD | Cluster constructor completed. (cluster.cpp:409)
2026-06-01 08:32:55.730 | info     |             UMD | Starting devices in cluster (cluster.cpp:1044)
2026-06-01 08:32:55.731 | info     |             UMD | Mapped sysmem without hugepages to IOVA 0xfffffffec0000000; NOC address 0x1000000000000000 (silicon_sysmem_manager.cpp:391)
2026-06-01 08:32:55.732 | info     |             UMD | Starting devices in cluster completed. (cluster.cpp:1052)
2026-06-01 08:32:56.049 | info     |     Distributed | Using auto discovery to generate mesh graph. (metal_env.cpp:332)
2026-06-01 08:32:56.049 | info     |     Distributed | Constructing control plane using auto-discovery (no mesh graph descriptor). (metal_env.cpp:394)
2026-06-01 08:32:56.049 | info     |             UMD | Creating TopologyDiscovery for architecture: blackhole (topology_discovery.cpp:75)
2026-06-01 08:32:56.049 | info     |             UMD | Starting topology discovery. (topology_discovery.cpp:92)
2026-06-01 08:32:56.050 | warning  |             UMD | Low power mode is disabled while UMD holds open file descriptors. The device will return to low power mode once all file descriptors are closed. (topology_discovery.cpp:140)
2026-06-01 08:32:56.050 | warning  |             UMD | KMD version 2.4.1 does not support power state management. (pci_device.cpp:1067)
2026-06-01 08:32:56.051 | info     |             UMD | Established firmware bundle version: 19.5.0 (topology_discovery.cpp:544)
2026-06-01 08:32:56.051 | info     |             UMD | Completed topology discovery. (topology_discovery.cpp:96)
2026-06-01 08:32:56.052 | warning  |          Always | Unknown motherboard 'H12DSG-O-CPU' for chip_id=0 (bus_id=0xa1) — defaulting tray_id to 0. Add this motherboard and its bus IDs to mobo_to_bus_ids in physical_system_discovery.cpp. (physical_system_discovery.cpp:56)
2026-06-01 08:32:56.052 | info     |          Fabric | TopologyMapper: Logical Multi-Mesh Adjacency Map: (topology_mapper.cpp:1474)
2026-06-01 08:32:56.052 | info     |          Fabric | 
=== Logical Mesh-Level Graph Adjacency Map ===
Total nodes: 1
Degree histogram: {0:1}
 (topology_solver.tpp:94)
2026-06-01 08:32:56.052 | info     |          Fabric | 
=== Logical Mesh 0 Internal Graph Adjacency Map ===
Total nodes: 1
Degree histogram: {0:1}
 (topology_solver.tpp:94)
2026-06-01 08:32:56.052 | info     |          Fabric | TopologyMapper: Physical Multi-Mesh Adjacency Map: (topology_mapper.cpp:1485)
2026-06-01 08:32:56.052 | info     |          Fabric | 
=== Physical Mesh-Level Graph Adjacency Map ===
Total nodes: 1
Degree histogram: {0:1}
 (topology_solver.tpp:94)
2026-06-01 08:32:56.052 | info     |          Fabric | 
=== Physical Mesh 0 Internal Graph Adjacency Map ===
Total nodes: 1
Degree histogram: {0:1}
 (topology_solver.tpp:94)
2026-06-01 08:32:56.052 | info     |          Fabric | Starting multi-mesh mapping: 1 logical mesh(es) to 1 physical mesh(es) (topology_mapper_utils.cpp:1465)
2026-06-01 08:32:56.052 | info     |          Fabric | Multi-mesh mapping attempt 1/2: Trying inter-mesh mapping (topology_mapper_utils.cpp:1506)
2026-06-01 08:32:56.052 | info     |          Fabric | Attempt 1: Inter-mesh mapping succeeded, found 1 mesh pair(s) (topology_mapper_utils.cpp:1535)
2026-06-01 08:32:56.052 | info     |          Fabric | Attempt 1: Mapping 1 mesh pair(s) (topology_mapper_utils.cpp:1547)
2026-06-01 08:32:56.052 | info     |          Fabric | Attempt 1: Mapping mesh 0 -> 0 (topology_mapper_utils.cpp:1549)
2026-06-01 08:32:56.052 | info     |          Fabric | Multi-mesh mapping succeeded after 1 attempt(s): 1 mesh pair(s) mapped (topology_mapper_utils.cpp:1682)
2026-06-01 08:32:56.148 | info     |           Metal | ShmResourceTracker: removed stale shm '/tt_d2h_499000_1745671212_0' (shm_resource_tracker.cpp:265)
2026-06-01 08:32:56.148 | info     |           Metal | ShmResourceTracker: removed stale manifest '/dev/shm/tt_socket_manifest_499000' (shm_resource_tracker.cpp:275)
2026-06-01 08:32:56.733 | info     |           Metal | [Real-time profiler] Device 0 sync complete: 100 samples, frequency=1.349994 GHz, device_time_at_sync=109047698143805 cycles (realtime_profiler_manager.cpp:1075)
[SORT] stage=RP P=3369033 P_kept=3213120 num_tiles=1024 max_tile_n=25872 bin=11.02 up=0.29 kernel=9.57 d2h=0.00 compact=0.00 publish=2.45 total=23.67ms
2026-06-01 08:33:03.911 | critical |          Always | TT_FATAL: Program size (87312) too large for kernel config buffer (70656) on TENSIX (assert.hpp:104)
Traceback (most recent call last):
  File "/localdev/smarton/gstt2/scripts/a003_verify.py", line 255, in <module>
    main()
  File "/localdev/smarton/gstt2/scripts/a003_verify.py", line 131, in main
    tt_imgs, tt_timings = render_all(
  File "/localdev/smarton/gstt2/scripts/a003_verify.py", line 85, in render_all
    _ = pipeline.render(gauss, extr0, K, H, W)
  File "/localdev/smarton/gstt2/gsplat/pipeline.py", line 151, in render
    image, stats = self.backend.render_fused(
  File "/localdev/smarton/gstt2/backends/tt/backend.py", line 135, in render_fused
    image, stats = self._mod.render_full_tt(
RuntimeError: TT_FATAL @ /localdev/smarton/tt-metal/tt_metal/impl/program/program.cpp:2282: state.offset <= max_size
info:
Program size (87312) too large for kernel config buffer (70656) on TENSIX
backtrace:
 --- /localdev/smarton/tt-metal/build/tt_metal/libtt_metal.so(_ZN2tt8tt_metal6detail11ProgramImpl24finalize_program_offsetsEN4ttsl10StrongTypeIiNS0_12ContextIdTagEEEPNS0_7IDeviceERKSt8functionIFRSt13unordered_mapIjSt10shared_ptrINS0_6KernelEESt4hashIjESt8equal_toIjESaISt4pairIKjSD_EEEjEERKS9_IFRSt6vectorISB_INS0_11KernelGroupEESaISU_EEjEERKS9_IFRKSS_INS0_9SemaphoreESaIS12_EEvEESt4spanIPS2_Lm18446744073709551615EE+0x7c4) [0x752da1e3acc4]
 --- tt::tt_metal::distributed::MeshWorkloadImpl::finalize_offsets(tt::tt_metal::distributed::MeshDevice*)
 --- tt::tt_metal::distributed::EnqueueMeshWorkload(tt::tt_metal::distributed::MeshCommandQueue&, tt::tt_metal::distributed::MeshWorkload&, bool)
 --- gsplat_tt::blend_mb_devcull_resident(float, bool, int, int, int, int, float*, bool*)
 --- gsplat_tt::render_blend_tt(float const*, float const*, float const*, float const*, long const*, long const*, unsigned long, unsigned long, int, int, int, int, int, float, gsplat_cpu::ThreadPool&, float*, bool, float, int)
 --- /localdev/smarton/gstt2/backends/cpu_cpp/_gsplat_cpu.cpython-310-x86_64-linux-gnu.so(+0x4d33b) [0x752da2e7533b]
 --- /localdev/smarton/gstt2/backends/cpu_cpp/_gsplat_cpu.cpython-310-x86_64-linux-gnu.so(+0x59e31) [0x752da2e81e31]
 --- /localdev/smarton/gstt2/backends/cpu_cpp/_gsplat_cpu.cpython-310-x86_64-linux-gnu.so(+0x39c85) [0x752da2e61c85]
 --- .venv/bin/python3(+0x17e96f) [0x5fbe252ec96f]
 --- .venv/bin/python3(_PyEval_EvalFrameDefault+0x56cb) [0x5fbe252e8bdb]
 --- .venv/bin/python3(_PyFunction_Vectorcall+0x7c) [0x5fbe252f968c]
 --- .venv/bin/python3(_PyEval_EvalFrameDefault+0x807) [0x5fbe252e3d17]
 --- .venv/bin/python3(_PyFunction_Vectorcall+0x7c) [0x5fbe252f968c]
 --- .venv/bin/python3(_PyEval_EvalFrameDefault+0x807) [0x5fbe252e3d17]
 --- .venv/bin/python3(_PyFunction_Vectorcall+0x7c) [0x5fbe252f968c]
 --- .venv/bin/python3(_PyEval_EvalFrameDefault+0x6c0) [0x5fbe252e3bd0]
 --- .venv/bin/python3(_PyFunction_Vectorcall+0x7c) [0x5fbe252f968c]
 --- .venv/bin/python3(_PyEval_EvalFrameDefault+0x6c0) [0x5fbe252e3bd0]
 --- .venv/bin/python3(+0x259d36) [0x5fbe253c7d36]
 --- .venv/bin/python3(PyEval_EvalCode+0x86) [0x5fbe253c7c06]
 --- .venv/bin/python3(+0x280678) [0x5fbe253ee678]
 --- .venv/bin/python3(+0x27accf) [0x5fbe253e8ccf]
 --- .venv/bin/python3(+0x280415) [0x5fbe253ee415]
 --- .venv/bin/python3(_PyRun_SimpleFileObject+0x1a8) [0x5fbe253ed958]
 --- .venv/bin/python3(_PyRun_AnyFileObject+0x47) [0x5fbe253ed637]
 --- .venv/bin/python3(Py_RunMain+0x2be) [0x5fbe253e1bfe]
 --- .venv/bin/python3(Py_BytesMain+0x2d) [0x5fbe253bbc4d]
 --- /lib/x86_64-linux-gnu/libc.so.6(+0x29d90) [0x752dfcd32d90]
 --- /lib/x86_64-linux-gnu/libc.so.6(__libc_start_main+0x80) [0x752dfcd32e40]
 --- .venv/bin/python3(_start+0x25) [0x5fbe253bbb45]

[bh-30-special-smarton-for-reservation-75776:499575] *** Process received signal ***
[bh-30-special-smarton-for-reservation-75776:499575] Signal: Segmentation fault (11)
[bh-30-special-smarton-for-reservation-75776:499575] Signal code: Address not mapped (1)
[bh-30-special-smarton-for-reservation-75776:499575] Failing at address: 0x5fbbb4c8bedd
[bh-30-special-smarton-for-reservation-75776:499575] [ 0] /lib/x86_64-linux-gnu/libc.so.6(+0x42520)[0x752dfcd4b520]
[bh-30-special-smarton-for-reservation-75776:499575] [ 1] /localdev/smarton/tt-metal/build/tt_metal/libtt_metal.so(_ZNSt8__detail9_Map_baseIjSt4pairIKjNSt6chrono10time_pointINS3_3_V212steady_clockENS3_8durationIlSt5ratioILl1ELl1000000000EEEEEEESaISC_ENS_10_Select1stESt8equal_toIjESt4hashIjENS_18_Mod_range_hashingENS_20_Default_ranged_hashENS_20_Prime_rehash_policyENS_17_Hashtable_traitsILb0ELb0ELb1EEELb1EEixEOj+0x48)[0x752da1d52488]
[bh-30-special-smarton-for-reservation-75776:499575] [ 2] /localdev/smarton/tt-metal/build/tt_metal/libtt_metal.so(_ZN2tt8tt_metal25SharedMemoryStatsProvider21update_from_allocatorEPKNS0_6DeviceEi+0x9c)[0x752da1d41f9c]
[bh-30-special-smarton-for-reservation-75776:499575] [ 3] /localdev/smarton/tt-metal/build/tt_metal/libtt_metal.so(_ZN2tt8tt_metal6detail11ProgramImpl27deallocate_circular_buffersEv+0xc0)[0x752da1dfb5c0]
[bh-30-special-smarton-for-reservation-75776:499575] [ 4] /localdev/smarton/tt-metal/build/tt_metal/libtt_metal.so(_ZN2tt8tt_metal6detail11ProgramImplD1Ev+0x1a)[0x752da1e067fa]
[bh-30-special-smarton-for-reservation-75776:499575] [ 5] /localdev/smarton/tt-metal/build/tt_metal/libtt_metal.so(+0x5dfc26)[0x752da1bdfc26]
[bh-30-special-smarton-for-reservation-75776:499575] [ 6] /localdev/smarton/tt-metal/build/tt_metal/libtt_metal.so(_ZN2tt8tt_metal11distributed16MeshWorkloadImplD2Ev+0xa8)[0x752da2117168]
[bh-30-special-smarton-for-reservation-75776:499575] [ 7] /localdev/smarton/tt-metal/build/tt_metal/libtt_metal.so(_ZN2tt8tt_metal11distributed12MeshWorkloadD1Ev+0x15)[0x752da21175e5]
[bh-30-special-smarton-for-reservation-75776:499575] [ 8] /localdev/smarton/gstt2/backends/cpu_cpp/_gsplat_cpu.cpython-310-x86_64-linux-gnu.so(+0xc6491)[0x752da2eee491]
[bh-30-special-smarton-for-reservation-75776:499575] [ 9] /lib/x86_64-linux-gnu/libc.so.6(+0x45495)[0x752dfcd4e495]
[bh-30-special-smarton-for-reservation-75776:499575] [10] /lib/x86_64-linux-gnu/libc.so.6(on_exit+0x0)[0x752dfcd4e610]
[bh-30-special-smarton-for-reservation-75776:499575] [11] /lib/x86_64-linux-gnu/libc.so.6(+0x29d97)[0x752dfcd32d97]
[bh-30-special-smarton-for-reservation-75776:499575] [12] /lib/x86_64-linux-gnu/libc.so.6(__libc_start_main+0x80)[0x752dfcd32e40]
[bh-30-special-smarton-for-reservation-75776:499575] [13] .venv/bin/python3(_start+0x25)[0x5fbe253bbb45]
[bh-30-special-smarton-for-reservation-75776:499575] *** End of error message ***
