================ BUILD ID ================
  cpp : #190 sha=5624b96 bin=37c0ea412b87a5cc iter 56: Step C: host dir upload + unified payload reader
  data: #1 sha=b703f70 sync tracy-041 capture script
=========================================
host=yyzo-bh-03  tag=verify  timeout=1200s  worry=600s  ts=2026-06-03T19:37:27-0700
cmd: export TT_METAL_HOME=/localdev/smarton/tt-metal TT_METAL_RUNTIME_ROOT=/localdev/smarton/tt-metal TT_METAL_CACHE=/localdev/smarton/.cache/tt-metal-cache TT_METAL_ARCH_NAME=blackhole MESH_DEVICE=P100; source .venv/bin/activate 2>/dev/null; test -f render/build-tt/build.ninja || (cmake -G Ninja -S render -B render/build-tt -DCMAKE_BUILD_TYPE=Release); cmake --build render/build-tt -j 16; python3 render/run.py --iter-dir ${TTW_ITER_DIR:?TTW_ITER_DIR unset} 2>&1 | tee /tmp/ttw_verify.log; grep -q '^SUMMARY' /tmp/ttw_verify.log || { echo '[verify] no SUMMARY'; exit 6; }; grep -q '^TTW_METRIC hero_vs_ref=' /tmp/ttw_verify.log || { echo '[verify] no TTW_METRIC'; exit 6; }; mkdir -p opt/metal-screenshots/${TTW_ITER_DIR}; cp -f tmp/${TTW_ITER_DIR}/hero_clean.png opt/metal-screenshots/${TTW_ITER_DIR}/hero.png 2>/dev/null || cp -f tmp/${TTW_ITER_DIR}/hero_clean.png opt/metal-screenshots/${TTW_ITER_DIR}/hero.png; test -f opt/metal-screenshots/${TTW_ITER_DIR}/hero.png || { echo '[verify] hero screenshot missing'; exit 6; }; cp -f tmp/${TTW_ITER_DIR}/hero_diff10.png opt/metal-screenshots/${TTW_ITER_DIR}/hero_diff10.png 2>/dev/null || true; grep '^TTW_METRIC' /tmp/ttw_verify.log | tail -1; grep '^TTW_TIMING' /tmp/ttw_verify.log
-----------------------------------------
BUILD-ID VERIFY OK: cpp#190 bin=37c0ea412b87a5cc matches the built+stamped artifact
ninja: no work to do.
[run] warmup (hero='hero', 1024x1024, scene=bicycle)
2026-06-04 02:37:30.076 | info     |             UMD | Creating TopologyDiscovery for architecture: blackhole (topology_discovery.cpp:75)
2026-06-04 02:37:30.076 | info     |             UMD | Starting topology discovery. (topology_discovery.cpp:92)
2026-06-04 02:37:30.076 | warning  |             UMD | Low power mode is disabled while UMD holds open file descriptors. The device will return to low power mode once all file descriptors are closed. (topology_discovery.cpp:143)
2026-06-04 02:37:30.076 | warning  |             UMD | KMD version 2.4.1 does not support power state management. (pci_device.cpp:1067)
2026-06-04 02:37:30.076 | info     |             UMD | Established firmware bundle version: 18.12.1 (topology_discovery.cpp:544)
2026-06-04 02:37:30.076 | info     |             UMD | Completed topology discovery. (topology_discovery.cpp:96)
2026-06-04 02:37:30.076 | info     |          Device | Opening user mode device driver (tt_cluster.cpp:225)
2026-06-04 02:37:30.076 | info     |             UMD | Cluster constructor started. (cluster.cpp:317)
2026-06-04 02:37:30.077 | info     |             UMD | Creating TopologyDiscovery for architecture: blackhole (topology_discovery.cpp:75)
2026-06-04 02:37:30.077 | info     |             UMD | Starting topology discovery. (topology_discovery.cpp:92)
2026-06-04 02:37:30.077 | warning  |             UMD | Low power mode is disabled while UMD holds open file descriptors. The device will return to low power mode once all file descriptors are closed. (topology_discovery.cpp:143)
2026-06-04 02:37:30.077 | warning  |             UMD | KMD version 2.4.1 does not support power state management. (pci_device.cpp:1067)
2026-06-04 02:37:30.077 | info     |             UMD | Established firmware bundle version: 18.12.1 (topology_discovery.cpp:544)
2026-06-04 02:37:30.077 | info     |             UMD | Completed topology discovery. (topology_discovery.cpp:96)
2026-06-04 02:37:30.077 | info     |             UMD | Harvesting masks for Chip 0: Tensix: 0xc0 DRAM: 0x8 ETH: 0x3fff PCIe: 0x2 L2CPU: 0x0 (cluster.cpp:270)
2026-06-04 02:37:30.077 | info     |             UMD | Initializing iommu for sysmem (size: 0x40000000). (silicon_sysmem_manager.cpp:334)
2026-06-04 02:37:30.077 | info     |             UMD | Allocating sysmem for IOMMU (size: 0x40000000). (silicon_sysmem_manager.cpp:340)
2026-06-04 02:37:30.116 | warning  |             UMD | KMD version 2.4.1 does not support power state management. (pci_device.cpp:1067)
2026-06-04 02:37:30.117 | info     |             UMD | Opening local chip ids/PCIe ids: {0}/[0] and remote chip ids {} (cluster.cpp:159)
2026-06-04 02:37:30.117 | info     |             UMD | IOMMU: enabled (cluster.cpp:133)
2026-06-04 02:37:30.117 | info     |             UMD | KMD version: 2.4.1 (cluster.cpp:136)
2026-06-04 02:37:30.117 | info     |             UMD | Cluster constructor completed. (cluster.cpp:409)
2026-06-04 02:37:30.118 | info     |             UMD | Starting devices in cluster (cluster.cpp:1044)
2026-06-04 02:37:30.119 | info     |             UMD | Mapped sysmem without hugepages to IOVA 0x80000000; NOC address 0x1000000000000000 (silicon_sysmem_manager.cpp:391)
2026-06-04 02:37:30.119 | info     |             UMD | Starting devices in cluster completed. (cluster.cpp:1052)
2026-06-04 02:37:30.598 | info     |     Distributed | Using auto discovery to generate mesh graph. (metal_env.cpp:332)
2026-06-04 02:37:30.598 | info     |     Distributed | Constructing control plane using auto-discovery (no mesh graph descriptor). (metal_env.cpp:394)
2026-06-04 02:37:30.598 | info     |             UMD | Creating TopologyDiscovery for architecture: blackhole (topology_discovery.cpp:75)
2026-06-04 02:37:30.598 | info     |             UMD | Starting topology discovery. (topology_discovery.cpp:92)
2026-06-04 02:37:30.599 | warning  |             UMD | Low power mode is disabled while UMD holds open file descriptors. The device will return to low power mode once all file descriptors are closed. (topology_discovery.cpp:143)
2026-06-04 02:37:30.599 | warning  |             UMD | KMD version 2.4.1 does not support power state management. (pci_device.cpp:1067)
2026-06-04 02:37:30.599 | info     |             UMD | Established firmware bundle version: 18.12.1 (topology_discovery.cpp:544)
2026-06-04 02:37:30.599 | info     |             UMD | Completed topology discovery. (topology_discovery.cpp:96)
2026-06-04 02:37:30.599 | warning  |          Always | Unknown motherboard 'X670E GAMING PLUS WIFI (MS-7E16)' for chip_id=0 (bus_id=0x1) — defaulting tray_id to 0. Add this motherboard and its bus IDs to mobo_to_bus_ids in physical_system_discovery.cpp. (physical_system_discovery.cpp:62)
2026-06-04 02:37:30.599 | info     |          Fabric | TopologyMapper: Logical Multi-Mesh Adjacency Map: (topology_mapper.cpp:1474)
2026-06-04 02:37:30.599 | info     |          Fabric | 
=== Logical Mesh-Level Graph Adjacency Map ===
Total nodes: 1
Degree histogram: {0:1}
 (topology_solver.tpp:94)
2026-06-04 02:37:30.599 | info     |          Fabric | 
=== Logical Mesh 0 Internal Graph Adjacency Map ===
Total nodes: 1
Degree histogram: {0:1}
 (topology_solver.tpp:94)
2026-06-04 02:37:30.599 | info     |          Fabric | TopologyMapper: Physical Multi-Mesh Adjacency Map: (topology_mapper.cpp:1485)
2026-06-04 02:37:30.599 | info     |          Fabric | 
=== Physical Mesh-Level Graph Adjacency Map ===
Total nodes: 1
Degree histogram: {0:1}
 (topology_solver.tpp:94)
2026-06-04 02:37:30.599 | info     |          Fabric | 
=== Physical Mesh 0 Internal Graph Adjacency Map ===
Total nodes: 1
Degree histogram: {0:1}
 (topology_solver.tpp:94)
2026-06-04 02:37:30.599 | info     |          Fabric | Starting multi-mesh mapping: 1 logical mesh(es) to 1 physical mesh(es) (topology_mapper_utils.cpp:1469)
2026-06-04 02:37:30.599 | info     |          Fabric | Multi-mesh mapping attempt 1/2: Trying inter-mesh mapping (topology_mapper_utils.cpp:1510)
2026-06-04 02:37:30.599 | info     |          Fabric | Attempt 1: Inter-mesh mapping succeeded, found 1 mesh pair(s) (topology_mapper_utils.cpp:1539)
2026-06-04 02:37:30.599 | info     |          Fabric | Attempt 1: Mapping 1 mesh pair(s) (topology_mapper_utils.cpp:1547)
2026-06-04 02:37:30.599 | info     |          Fabric | Attempt 1: Mapping mesh 0 -> 0 (topology_mapper_utils.cpp:1554)
2026-06-04 02:37:30.599 | info     |          Fabric | Multi-mesh mapping succeeded after 1 attempt(s): 1 mesh pair(s) mapped (topology_mapper_utils.cpp:1686)
2026-06-04 02:37:30.612 | info     |    BuildKernels | Using pre-compiled firmware from: /localdev/smarton/tt-metal/tt_metal/pre-compiled/431005707817566179/ (build_env_manager.cpp:260)
2026-06-04 02:37:30.805 | info     |           Metal | ShmResourceTracker: removed stale shm '/tt_d2h_7840_1196397327_0' (shm_resource_tracker.cpp:265)
2026-06-04 02:37:30.805 | info     |           Metal | ShmResourceTracker: removed stale shm '/tt_d2h_7840_1196397327_1' (shm_resource_tracker.cpp:265)
2026-06-04 02:37:30.805 | info     |           Metal | ShmResourceTracker: removed stale manifest '/dev/shm/tt_socket_manifest_7840' (shm_resource_tracker.cpp:275)
2026-06-04 02:37:30.805 | info     |           Metal | ShmResourceTracker: removed orphaned shm '/tt_device_7490744194894819707_memory' (shm_resource_tracker.cpp:282)
2026-06-04 02:37:31.388 | info     |           Metal | [Real-time profiler] Device 0 sync complete: 100 samples, frequency=1.349980 GHz, device_time_at_sync=2061086212423 cycles (realtime_profiler_manager.cpp:1082)
[JIT_WARMUP] ideal-path contexts compiled in 1329.2 ms
[SUBCHUNK] tiles_split=110 total_subchunks=1148 max_subchunks_per_tile=4 payload_pages=1684771
[SORT] stage=RP P=3369033 P_kept=3369033 num_tiles=1024 max_tile_n=26496 bin=44.07 up=0.02 kernel=1.78 d2h=0.00 compact=0.00 publish=8.79 mat=30.20 total=84.96ms
[SUBCHUNK] materialize_ms=30.20
[run] timing 30 views (warmup excluded)
[SUBCHUNK] tiles_split=110 total_subchunks=1148 max_subchunks_per_tile=4 payload_pages=1684771
[SORT] stage=RP P=3369033 P_kept=3369033 num_tiles=1024 max_tile_n=26496 bin=41.52 up=0.02 kernel=0.02 d2h=0.00 compact=0.00 publish=8.79 mat=27.86 total=78.26ms
[SUBCHUNK] materialize_ms=27.86
[run]   view=hero 315.1ms
[SUBCHUNK] tiles_split=118 total_subchunks=1159 max_subchunks_per_tile=4 payload_pages=1768042
2026-06-04 02:37:32.367 | critical |          Always | TT_FATAL: Source vector is too small for mesh buffer: mesh buffer size=18560 bytes, source size=4636 * 4 bytes (assert.hpp:104)
[gsplat_tt::sort] resident-pairs path failed: TT_FATAL @ /localdev/smarton/tt-metal/tt_metal/api/tt-metalium/distributed.hpp:75: src.size() * sizeof(DType) >= mesh_buffer->size()
info:
Source vector is too small for mesh buffer: mesh buffer size=18560 bytes, source size=4636 * 4 bytes
backtrace:
 --- gsplat_tt::sort_and_bin_tt(long const*, long const*, float const*, unsigned long, unsigned long, int, int, gsplat_cpu::ThreadPool*, bool*, gsplat_tt::SortCallTimings*, bool, gsplat_tt::SortBlendContinuation*)
 --- /localdev/smarton/gstt2/render/render_clean.cpython-310-x86_64-linux-gnu.so(+0x376d0) [0x7fe9612816d0]
 --- /localdev/smarton/gstt2/render/render_clean.cpython-310-x86_64-linux-gnu.so(+0x3f9a1) [0x7fe9612899a1]
 --- /localdev/smarton/gstt2/render/render_clean.cpython-310-x86_64-linux-gnu.so(+0x31eda) [0x7fe96127beda]
 --- python3(+0x17e96f) [0x55f6f693496f]
 --- python3(_PyEval_EvalFrameDefault+0x56cb) [0x55f6f6930bdb]
 --- python3(_PyFunction_Vectorcall+0x7c) [0x55f6f694168c]
 --- python3(_PyEval_EvalFrameDefault+0x807) [0x55f6f692bd17]
 --- python3(_PyFunction_Vectorcall+0x7c) [0x55f6f694168c]
 --- python3(_PyEval_EvalFrameDefault+0x807) [0x55f6f692bd17]
 --- python3(_PyFunction_Vectorcall+0x7c) [0x55f6f694168c]
 --- python3(_PyEval_EvalFrameDefault+0x6c0) [0x55f6f692bbd0]
 --- python3(_PyFunction_Vectorcall+0x7c) [0x55f6f694168c]
 --- python3(_PyEval_EvalFrameDefault+0x6c0) [0x55f6f692bbd0]
 --- python3(+0x259d36) [0x55f6f6a0fd36]
 --- python3(PyEval_EvalCode+0x86) [0x55f6f6a0fc06]
 --- python3(+0x280678) [0x55f6f6a36678]
 --- python3(+0x27accf) [0x55f6f6a30ccf]
 --- python3(+0x280415) [0x55f6f6a36415]
 --- python3(_PyRun_SimpleFileObject+0x1a8) [0x55f6f6a35958]
 --- python3(_PyRun_AnyFileObject+0x47) [0x55f6f6a35637]
 --- python3(Py_RunMain+0x2be) [0x55f6f6a29bfe]
 --- python3(Py_BytesMain+0x2d) [0x55f6f6a03c4d]
 --- /lib/x86_64-linux-gnu/libc.so.6(+0x29d90) [0x7feaa86b6d90]
 --- /lib/x86_64-linux-gnu/libc.so.6(__libc_start_main+0x80) [0x7feaa86b6e40]
 --- python3(_start+0x25) [0x55f6f6a03b45]

Traceback (most recent call last):
  File "/localdev/smarton/gstt2/render/run.py", line 339, in <module>
    main()
  File "/localdev/smarton/gstt2/render/run.py", line 277, in main
    img, wall_ms = render_clean_view_timed(
  File "/localdev/smarton/gstt2/render/run.py", line 211, in render_clean_view_timed
    res = pipeline.render(gauss, extr, K, H, W)
  File "/localdev/smarton/gstt2/gsplat/pipeline.py", line 151, in render
    image, stats = self.backend.render_fused(
  File "/localdev/smarton/gstt2/render/run.py", line 117, in render_fused
    image, stats = self._clean.render_view(
RuntimeError: render_clean: device sort failed; single-path TT, no CPU fallback
[yyzo-bh-03-special-smarton-for-reservation-75201:08245] *** Process received signal ***
[yyzo-bh-03-special-smarton-for-reservation-75201:08245] Signal: Segmentation fault (11)
[yyzo-bh-03-special-smarton-for-reservation-75201:08245] Signal code: Address not mapped (1)
[yyzo-bh-03-special-smarton-for-reservation-75201:08245] Failing at address: 0x140000001c
[yyzo-bh-03-special-smarton-for-reservation-75201:08245] [ 0] /lib/x86_64-linux-gnu/libc.so.6(+0x42520)[0x7feaa86cf520]
[yyzo-bh-03-special-smarton-for-reservation-75201:08245] [ 1] /localdev/smarton/tt-metal/build/tt_metal/libtt_metal.so(_ZN2tt8tt_metal25SharedMemoryStatsProvider21update_from_allocatorEPKNS0_6DeviceEi+0x97)[0x7fe96a30b3a7]
[yyzo-bh-03-special-smarton-for-reservation-75201:08245] [ 2] /localdev/smarton/tt-metal/build/tt_metal/libtt_metal.so(_ZN2tt8tt_metal6detail11ProgramImpl27deallocate_circular_buffersEv+0xe4)[0x7fe96a3b3754]
[yyzo-bh-03-special-smarton-for-reservation-75201:08245] [ 3] /localdev/smarton/tt-metal/build/tt_metal/libtt_metal.so(_ZN2tt8tt_metal6detail11ProgramImplD2Ev+0x16)[0x7fe96a3b2ba6]
[yyzo-bh-03-special-smarton-for-reservation-75201:08245] [ 4] /localdev/smarton/tt-metal/build/tt_metal/libtt_metal.so(+0x61ca0f)[0x7fe96a1b1a0f]
[yyzo-bh-03-special-smarton-for-reservation-75201:08245] [ 5] /localdev/smarton/tt-metal/build/tt_metal/libtt_metal.so(_ZNSt8__detail16_Hashtable_allocISaINS_10_Hash_nodeISt4pairIKN2tt8tt_metal11distributed19MeshCoordinateRangeENS4_7ProgramEELb0EEEEE18_M_deallocate_nodeEPSA_+0x15)[0x7fe96a67e115]
[yyzo-bh-03-special-smarton-for-reservation-75201:08245] [ 6] /localdev/smarton/tt-metal/build/tt_metal/libtt_metal.so(_ZN2tt8tt_metal11distributed16MeshWorkloadImplD2Ev+0xbe)[0x7fe96a66d5ae]
[yyzo-bh-03-special-smarton-for-reservation-75201:08245] [ 7] /localdev/smarton/tt-metal/build/tt_metal/libtt_metal.so(_ZN2tt8tt_metal11distributed12MeshWorkloadD2Ev+0x1a)[0x7fe96a67019a]
[yyzo-bh-03-special-smarton-for-reservation-75201:08245] [ 8] /localdev/smarton/gstt2/render/render_clean.cpython-310-x86_64-linux-gnu.so(+0x93abc)[0x7fe9612ddabc]
[yyzo-bh-03-special-smarton-for-reservation-75201:08245] [ 9] /localdev/smarton/gstt2/render/render_clean.cpython-310-x86_64-linux-gnu.so(+0x93d3e)[0x7fe9612ddd3e]
[yyzo-bh-03-special-smarton-for-reservation-75201:08245] [10] /lib/x86_64-linux-gnu/libc.so.6(+0x45495)[0x7feaa86d2495]
[yyzo-bh-03-special-smarton-for-reservation-75201:08245] [11] /lib/x86_64-linux-gnu/libc.so.6(on_exit+0x0)[0x7feaa86d2610]
[yyzo-bh-03-special-smarton-for-reservation-75201:08245] [12] /lib/x86_64-linux-gnu/libc.so.6(+0x29d97)[0x7feaa86b6d97]
[yyzo-bh-03-special-smarton-for-reservation-75201:08245] [13] /lib/x86_64-linux-gnu/libc.so.6(__libc_start_main+0x80)[0x7feaa86b6e40]
[yyzo-bh-03-special-smarton-for-reservation-75201:08245] [14] python3(_start+0x25)[0x55f6f6a03b45]
[yyzo-bh-03-special-smarton-for-reservation-75201:08245] *** End of error message ***
[verify] no SUMMARY
