================ BUILD ID ================
  cpp : #84 sha=8944006 bin=50b094d355f74c49 iter28 probe: baked mask vs inline
  data: # sha= 
=========================================
host=yyzo-bh-03  tag=verifyRMW  timeout=900s  worry=600s  ts=2026-06-01T17:41:28-0700
cmd: export TT_METAL_HOME=/localdev/smarton/tt-metal TT_METAL_RUNTIME_ROOT=/localdev/smarton/tt-metal TT_METAL_CACHE=/localdev/smarton/.cache/tt-metal-cache TT_METAL_ARCH_NAME=blackhole MESH_DEVICE=P100 GSPLAT_TT_BLEND_MODE=2 GSPLAT_TT_MB_KERNEL=1 GSPLAT_TT_MB_DEVCULL=1 GSPLAT_TT_DEVICE_PROJECT=1 GSPLAT_TT_RESIDENT_PROJECT=1 GSPLAT_TT_RESIDENT_GATHER=1 GSPLAT_TT_DEVICE_TILE_ASSIGN=1 GSPLAT_TT_RESIDENT_TA_IN=1 GSPLAT_TT_DEVICE_SORT=1 GSPLAT_TT_RESIDENT_PAIRS=1 GSPLAT_TT_RESIDENT_BLEND=1 GSPLAT_TT_SORT_DEVICE_PUBLISH=1 GSPLAT_TT_TA_DEVICE_SCAN=1 GSPLAT_TT_SFPU_CULL=1 GSPLAT_TT_FUSED_TILE=0 GSPLAT_TT_TILE_BUCKET=1 GSPLAT_TT_BUCKET_MASK=1 GSPLAT_TT_BUCKET_VERIFY=1 GSPLAT_TT_MB_TIMING=1; source .venv/bin/activate 2>/dev/null; .venv/bin/python3 scripts/a003_verify.py --views 1 --iter-dir loop-ttw --out opt/ttw/last.json 2>&1 | grep -E 'BUCKET_VERIFY|SUMMARY'
-----------------------------------------
BUILD-ID VERIFY OK: cpp#84 bin=50b094d355f74c49 matches the built+stamped artifact
[BUCKET_VERIFY] t=584 creal=25699 start=2123872 bucket_keys=25699 canon_keys=25699 zero_slots=0 MATCH first_div=-1 bk[0]=400f9559 ck[0]=400f9559 bk[last]=41664dfd ck[last]=41664dfd
[BUCKET_VERIFY] t=585 creal=23401 start=2149571 bucket_keys=23401 canon_keys=23401 zero_slots=0 MATCH first_div=-1 bk[0]=400f9559 ck[0]=400f9559 bk[last]=41664dfd ck[last]=41664dfd
[BUCKET_VERIFY] t=583 creal=21413 start=2102459 bucket_keys=21413 canon_keys=21413 zero_slots=0 MATCH first_div=-1 bk[0]=400f9559 ck[0]=400f9559 bk[last]=411dbf77 ck[last]=411dbf77
[BUCKET_VERIFY] t=586 creal=18585 start=2172972 bucket_keys=18585 canon_keys=18585 zero_slots=0 MATCH first_div=-1 bk[0]=400f9559 ck[0]=400f9559 bk[last]=41664dfd ck[last]=41664dfd
[BUCKET_VERIFY] t=587 creal=18270 start=2191557 bucket_keys=18270 canon_keys=18270 zero_slots=0 MATCH first_div=-1 bk[0]=400f9559 ck[0]=400f9559 bk[last]=41664dfd ck[last]=41664dfd
[BUCKET_VERIFY] t=533 creal=17689 start=1715349 bucket_keys=17689 canon_keys=17689 zero_slots=0 MATCH first_div=-1 bk[0]=40072e86 ck[0]=40072e86 bk[last]=4151cca2 ck[last]=4151cca2
[BUCKET_VERIFY] t=669 creal=17577 start=2945924 bucket_keys=17577 canon_keys=17577 zero_slots=0 MATCH first_div=-1 bk[0]=4029bf23 ck[0]=4029bf23 bk[last]=413e9808 ck[last]=413e9808
[BUCKET_VERIFY] t=532 creal=17424 start=1697925 bucket_keys=17424 canon_keys=17424 zero_slots=0 MATCH first_div=-1 bk[0]=3f95041e ck[0]=3f95041e bk[last]=414ebd02 ck[last]=414ebd02
[BUCKET_VERIFY] probed=8 dense(>64) tiles, mismatched=0
[BUCKET_VERIFY] t=584 creal=25699 start=2123872 bucket_keys=25699 canon_keys=25699 zero_slots=0 MATCH first_div=-1 bk[0]=400f9559 ck[0]=400f9559 bk[last]=41664dfd ck[last]=41664dfd
[BUCKET_VERIFY] t=585 creal=23401 start=2149571 bucket_keys=23401 canon_keys=23401 zero_slots=0 MATCH first_div=-1 bk[0]=400f9559 ck[0]=400f9559 bk[last]=41664dfd ck[last]=41664dfd
[BUCKET_VERIFY] t=583 creal=21413 start=2102459 bucket_keys=21413 canon_keys=21413 zero_slots=0 MATCH first_div=-1 bk[0]=400f9559 ck[0]=400f9559 bk[last]=411dbf77 ck[last]=411dbf77
[BUCKET_VERIFY] t=586 creal=18585 start=2172972 bucket_keys=18585 canon_keys=18585 zero_slots=0 MATCH first_div=-1 bk[0]=400f9559 ck[0]=400f9559 bk[last]=41664dfd ck[last]=41664dfd
[BUCKET_VERIFY] t=587 creal=18270 start=2191557 bucket_keys=18270 canon_keys=18270 zero_slots=0 MATCH first_div=-1 bk[0]=400f9559 ck[0]=400f9559 bk[last]=41664dfd ck[last]=41664dfd
[BUCKET_VERIFY] t=533 creal=17689 start=1715349 bucket_keys=17689 canon_keys=17689 zero_slots=0 MATCH first_div=-1 bk[0]=40072e86 ck[0]=40072e86 bk[last]=4151cca2 ck[last]=4151cca2
[BUCKET_VERIFY] t=669 creal=17577 start=2945924 bucket_keys=17577 canon_keys=17577 zero_slots=0 MATCH first_div=-1 bk[0]=4029bf23 ck[0]=4029bf23 bk[last]=413e9808 ck[last]=413e9808
[BUCKET_VERIFY] t=532 creal=17424 start=1697925 bucket_keys=17424 canon_keys=17424 zero_slots=0 MATCH first_div=-1 bk[0]=3f95041e ck[0]=3f95041e bk[last]=414ebd02 ck[last]=414ebd02
[BUCKET_VERIFY] probed=8 dense(>64) tiles, mismatched=0
[BUCKET_VERIFY] t=584 creal=25699 start=2123872 bucket_keys=25699 canon_keys=25699 zero_slots=0 MATCH first_div=-1 bk[0]=400f9559 ck[0]=400f9559 bk[last]=41664dfd ck[last]=41664dfd
[BUCKET_VERIFY] t=585 creal=23401 start=2149571 bucket_keys=23401 canon_keys=23401 zero_slots=0 MATCH first_div=-1 bk[0]=400f9559 ck[0]=400f9559 bk[last]=41664dfd ck[last]=41664dfd
[BUCKET_VERIFY] t=583 creal=21413 start=2102459 bucket_keys=21413 canon_keys=21413 zero_slots=0 MATCH first_div=-1 bk[0]=400f9559 ck[0]=400f9559 bk[last]=411dbf77 ck[last]=411dbf77
[BUCKET_VERIFY] t=586 creal=18585 start=2172972 bucket_keys=18585 canon_keys=18585 zero_slots=0 MATCH first_div=-1 bk[0]=400f9559 ck[0]=400f9559 bk[last]=41664dfd ck[last]=41664dfd
[BUCKET_VERIFY] t=587 creal=18270 start=2191557 bucket_keys=18270 canon_keys=18270 zero_slots=0 MATCH first_div=-1 bk[0]=400f9559 ck[0]=400f9559 bk[last]=41664dfd ck[last]=41664dfd
[BUCKET_VERIFY] t=533 creal=17689 start=1715349 bucket_keys=17689 canon_keys=17689 zero_slots=0 MATCH first_div=-1 bk[0]=40072e86 ck[0]=40072e86 bk[last]=4151cca2 ck[last]=4151cca2
[BUCKET_VERIFY] t=669 creal=17577 start=2945924 bucket_keys=17577 canon_keys=17577 zero_slots=0 MATCH first_div=-1 bk[0]=4029bf23 ck[0]=4029bf23 bk[last]=413e9808 ck[last]=413e9808
[BUCKET_VERIFY] t=532 creal=17424 start=1697925 bucket_keys=17424 canon_keys=17424 zero_slots=0 MATCH first_div=-1 bk[0]=3f95041e ck[0]=3f95041e bk[last]=414ebd02 ck[last]=414ebd02
[BUCKET_VERIFY] probed=8 dense(>64) tiles, mismatched=0
[BUCKET_VERIFY] t=584 creal=25699 start=2123872 bucket_keys=25699 canon_keys=25699 zero_slots=0 MATCH first_div=-1 bk[0]=400f9559 ck[0]=400f9559 bk[last]=41664dfd ck[last]=41664dfd
[BUCKET_VERIFY] t=585 creal=23401 start=2149571 bucket_keys=23401 canon_keys=23401 zero_slots=0 MATCH first_div=-1 bk[0]=400f9559 ck[0]=400f9559 bk[last]=41664dfd ck[last]=41664dfd
[BUCKET_VERIFY] t=583 creal=21413 start=2102459 bucket_keys=21413 canon_keys=21413 zero_slots=0 MATCH first_div=-1 bk[0]=400f9559 ck[0]=400f9559 bk[last]=411dbf77 ck[last]=411dbf77
[BUCKET_VERIFY] t=586 creal=18585 start=2172972 bucket_keys=18585 canon_keys=18585 zero_slots=0 MATCH first_div=-1 bk[0]=400f9559 ck[0]=400f9559 bk[last]=41664dfd ck[last]=41664dfd
[BUCKET_VERIFY] t=587 creal=18270 start=2191557 bucket_keys=18270 canon_keys=18270 zero_slots=0 MATCH first_div=-1 bk[0]=400f9559 ck[0]=400f9559 bk[last]=41664dfd ck[last]=41664dfd
[BUCKET_VERIFY] t=533 creal=17689 start=1715349 bucket_keys=17689 canon_keys=17689 zero_slots=0 MATCH first_div=-1 bk[0]=40072e86 ck[0]=40072e86 bk[last]=4151cca2 ck[last]=4151cca2
[BUCKET_VERIFY] t=669 creal=17577 start=2945924 bucket_keys=17577 canon_keys=17577 zero_slots=0 MATCH first_div=-1 bk[0]=4029bf23 ck[0]=4029bf23 bk[last]=413e9808 ck[last]=413e9808
[BUCKET_VERIFY] t=532 creal=17424 start=1697925 bucket_keys=17424 canon_keys=17424 zero_slots=0 MATCH first_div=-1 bk[0]=3f95041e ck[0]=3f95041e bk[last]=414ebd02 ck[last]=414ebd02
[BUCKET_VERIFY] probed=8 dense(>64) tiles, mismatched=0
SUMMARY backend=tt blend_mode=2 views=1 hero_vs_gt=41.36dB hero_vs_ref=42.87dB min_vs_ref=42.87dB min_vs_gt=41.36dB ms/view=550.8 (proj=58.4 ta=34.0 sort=280.8 blend=177.3) shot=opt/metal-screenshots/loop-ttw/hero.png
