================ BUILD ID ================
  cpp : #47 sha=304a279 bin=ffc6d81de0e973ce iter 31: rdump payload
  data: # sha= 
=========================================
host=yyzo-bh-03  tag=verify  timeout=1200s  worry=600s  ts=2026-06-01T09:34:14-0700
cmd: export TT_METAL_HOME=/localdev/smarton/tt-metal TT_METAL_RUNTIME_ROOT=/localdev/smarton/tt-metal TT_METAL_CACHE=/localdev/smarton/.cache/tt-metal-cache TT_METAL_ARCH_NAME=blackhole MESH_DEVICE=P100 GSPLAT_TT_BLEND_MODE=2 GSPLAT_TT_MB_KERNEL=1 GSPLAT_TT_MB_DEVCULL=1 GSPLAT_TT_DEVICE_PROJECT=1 GSPLAT_TT_RESIDENT_PROJECT=1 GSPLAT_TT_RESIDENT_GATHER=1 GSPLAT_TT_DEVICE_TILE_ASSIGN=1 GSPLAT_TT_RESIDENT_TA_IN=1 GSPLAT_TT_DEVICE_SORT=1 GSPLAT_TT_RESIDENT_PAIRS=1 GSPLAT_TT_RESIDENT_BLEND=1 GSPLAT_TT_SORT_DEVICE_PUBLISH=1 GSPLAT_TT_TA_DEVICE_SCAN=1 GSPLAT_TT_SFPU_CULL=0 GSPLAT_TT_FUSED_TILE=1 GSPLAT_TT_MB_TIMING=1 GSPLAT_TT_BLEND_PAYLOAD=1 GSPLAT_TT_ROWCK=1 TT_METAL_DPRINT_CORES=0,0; source .venv/bin/activate 2>/dev/null; .venv/bin/python3 scripts/a003_verify.py --views 1 --iter-dir loop-ttw --out opt/ttw/last.json 2>&1 | tee /tmp/ttw_verify.log; grep '^SUMMARY' /tmp/ttw_verify.log | tail -1 > /tmp/ttw_sum.txt; grep -oE 'hero_vs_ref=[0-9.]+' /tmp/ttw_sum.txt | sed 's/^/TTW_METRIC /'; grep -oE '(proj|ta|sort|blend)=[0-9.]+' /tmp/ttw_sum.txt | sed 's/^/TTW_TIMING /'
-----------------------------------------
BUILD-ID VERIFY OK: cpp#47 bin=ffc6d81de0e973ce matches the built+stamped artifact
2026-06-01 16:34:16.561 | info     |             UMD | Creating TopologyDiscovery for architecture: blackhole (topology_discovery.cpp:75)
2026-06-01 16:34:16.561 | info     |             UMD | Starting topology discovery. (topology_discovery.cpp:92)
2026-06-01 16:34:16.561 | warning  |             UMD | Low power mode is disabled while UMD holds open file descriptors. The device will return to low power mode once all file descriptors are closed. (topology_discovery.cpp:143)
2026-06-01 16:34:16.561 | warning  |             UMD | KMD version 2.4.1 does not support power state management. (pci_device.cpp:1067)
2026-06-01 16:34:16.562 | info     |             UMD | Established firmware bundle version: 18.12.1 (topology_discovery.cpp:544)
2026-06-01 16:34:16.562 | info     |             UMD | Completed topology discovery. (topology_discovery.cpp:96)
2026-06-01 16:34:16.562 | info     |          Device | Opening user mode device driver (tt_cluster.cpp:225)
2026-06-01 16:34:16.562 | info     |             UMD | Cluster constructor started. (cluster.cpp:317)
2026-06-01 16:34:16.562 | info     |             UMD | Creating TopologyDiscovery for architecture: blackhole (topology_discovery.cpp:75)
2026-06-01 16:34:16.562 | info     |             UMD | Starting topology discovery. (topology_discovery.cpp:92)
2026-06-01 16:34:16.562 | warning  |             UMD | Low power mode is disabled while UMD holds open file descriptors. The device will return to low power mode once all file descriptors are closed. (topology_discovery.cpp:143)
2026-06-01 16:34:16.562 | warning  |             UMD | KMD version 2.4.1 does not support power state management. (pci_device.cpp:1067)
2026-06-01 16:34:16.562 | info     |             UMD | Established firmware bundle version: 18.12.1 (topology_discovery.cpp:544)
2026-06-01 16:34:16.562 | info     |             UMD | Completed topology discovery. (topology_discovery.cpp:96)
2026-06-01 16:34:16.562 | info     |             UMD | Harvesting masks for Chip 0: Tensix: 0xc0 DRAM: 0x8 ETH: 0x3fff PCIe: 0x2 L2CPU: 0x0 (cluster.cpp:270)
2026-06-01 16:34:16.562 | info     |             UMD | Initializing iommu for sysmem (size: 0x40000000). (silicon_sysmem_manager.cpp:334)
2026-06-01 16:34:16.562 | info     |             UMD | Allocating sysmem for IOMMU (size: 0x40000000). (silicon_sysmem_manager.cpp:340)
2026-06-01 16:34:16.601 | warning  |             UMD | KMD version 2.4.1 does not support power state management. (pci_device.cpp:1067)
2026-06-01 16:34:16.601 | info     |             UMD | Opening local chip ids/PCIe ids: {0}/[0] and remote chip ids {} (cluster.cpp:159)
2026-06-01 16:34:16.601 | info     |             UMD | IOMMU: enabled (cluster.cpp:133)
2026-06-01 16:34:16.601 | info     |             UMD | KMD version: 2.4.1 (cluster.cpp:136)
2026-06-01 16:34:16.601 | info     |             UMD | Cluster constructor completed. (cluster.cpp:409)
2026-06-01 16:34:16.604 | info     |             UMD | Starting devices in cluster (cluster.cpp:1044)
2026-06-01 16:34:16.605 | info     |             UMD | Mapped sysmem without hugepages to IOVA 0x80000000; NOC address 0x1000000000000000 (silicon_sysmem_manager.cpp:391)
2026-06-01 16:34:16.605 | info     |             UMD | Starting devices in cluster completed. (cluster.cpp:1052)
2026-06-01 16:34:17.119 | info     |     Distributed | Using auto discovery to generate mesh graph. (metal_env.cpp:332)
2026-06-01 16:34:17.119 | info     |     Distributed | Constructing control plane using auto-discovery (no mesh graph descriptor). (metal_env.cpp:394)
2026-06-01 16:34:17.119 | info     |             UMD | Creating TopologyDiscovery for architecture: blackhole (topology_discovery.cpp:75)
2026-06-01 16:34:17.119 | info     |             UMD | Starting topology discovery. (topology_discovery.cpp:92)
2026-06-01 16:34:17.119 | warning  |             UMD | Low power mode is disabled while UMD holds open file descriptors. The device will return to low power mode once all file descriptors are closed. (topology_discovery.cpp:143)
2026-06-01 16:34:17.119 | warning  |             UMD | KMD version 2.4.1 does not support power state management. (pci_device.cpp:1067)
2026-06-01 16:34:17.120 | info     |             UMD | Established firmware bundle version: 18.12.1 (topology_discovery.cpp:544)
2026-06-01 16:34:17.120 | info     |             UMD | Completed topology discovery. (topology_discovery.cpp:96)
2026-06-01 16:34:17.120 | warning  |          Always | Unknown motherboard 'X670E GAMING PLUS WIFI (MS-7E16)' for chip_id=0 (bus_id=0x1) — defaulting tray_id to 0. Add this motherboard and its bus IDs to mobo_to_bus_ids in physical_system_discovery.cpp. (physical_system_discovery.cpp:62)
2026-06-01 16:34:17.120 | info     |          Fabric | TopologyMapper: Logical Multi-Mesh Adjacency Map: (topology_mapper.cpp:1474)
2026-06-01 16:34:17.120 | info     |          Fabric | 
=== Logical Mesh-Level Graph Adjacency Map ===
Total nodes: 1
Degree histogram: {0:1}
 (topology_solver.tpp:94)
2026-06-01 16:34:17.120 | info     |          Fabric | 
=== Logical Mesh 0 Internal Graph Adjacency Map ===
Total nodes: 1
Degree histogram: {0:1}
 (topology_solver.tpp:94)
2026-06-01 16:34:17.120 | info     |          Fabric | TopologyMapper: Physical Multi-Mesh Adjacency Map: (topology_mapper.cpp:1485)
2026-06-01 16:34:17.120 | info     |          Fabric | 
=== Physical Mesh-Level Graph Adjacency Map ===
Total nodes: 1
Degree histogram: {0:1}
 (topology_solver.tpp:94)
2026-06-01 16:34:17.120 | info     |          Fabric | 
=== Physical Mesh 0 Internal Graph Adjacency Map ===
Total nodes: 1
Degree histogram: {0:1}
 (topology_solver.tpp:94)
2026-06-01 16:34:17.120 | info     |          Fabric | Starting multi-mesh mapping: 1 logical mesh(es) to 1 physical mesh(es) (topology_mapper_utils.cpp:1469)
2026-06-01 16:34:17.120 | info     |          Fabric | Multi-mesh mapping attempt 1/2: Trying inter-mesh mapping (topology_mapper_utils.cpp:1510)
2026-06-01 16:34:17.120 | info     |          Fabric | Attempt 1: Inter-mesh mapping succeeded, found 1 mesh pair(s) (topology_mapper_utils.cpp:1539)
2026-06-01 16:34:17.120 | info     |          Fabric | Attempt 1: Mapping 1 mesh pair(s) (topology_mapper_utils.cpp:1547)
2026-06-01 16:34:17.120 | info     |          Fabric | Attempt 1: Mapping mesh 0 -> 0 (topology_mapper_utils.cpp:1554)
2026-06-01 16:34:17.120 | info     |          Fabric | Multi-mesh mapping succeeded after 1 attempt(s): 1 mesh pair(s) mapped (topology_mapper_utils.cpp:1686)
2026-06-01 16:34:17.134 | warning  |           Metal | DPRINT is deprecated and will be removed in a future release. Please migrate to DEVICE_PRINT by:
  1. Replace #include "api/debug/dprint.h" with #include "api/debug/device_print.h" in your kernels
  2. Replace DPRINT << ... << ENDL() with DEVICE_PRINT("...\n", args)
  3. Set TT_METAL_DEVICE_PRINT=1 to enable the new DEVICE_PRINT system
For more information, see the DEVICE_PRINT documentation. (metal_context.cpp:249)
2026-06-01 16:34:17.250 | info     |           Metal | DPRINT enabled on device 0, worker core 0-0 (virtual 1-2). (dprint_server.cpp:910)
2026-06-01 16:34:17.250 | info     |           Metal | DPRINT Server attached device 0 (dprint_server.cpp:950)
2026-06-01 16:34:17.461 | info     |           Metal | ShmResourceTracker: removed stale shm '/tt_d2h_25362_2778591913_0' (shm_resource_tracker.cpp:265)
2026-06-01 16:34:17.461 | info     |           Metal | ShmResourceTracker: removed stale manifest '/dev/shm/tt_socket_manifest_25362' (shm_resource_tracker.cpp:275)
2026-06-01 16:34:17.461 | info     |           Metal | ShmResourceTracker: removed orphaned shm '/tt_device_7490744194894819707_memory' (shm_resource_tracker.cpp:282)
2026-06-01 16:34:18.049 | info     |           Metal | [Real-time profiler] Device 0 sync complete: 100 samples, frequency=1.349981 GHz, device_time_at_sync=8240695177296 cycles (realtime_profiler_manager.cpp:1082)
[SORT] stage=RP P=3369033 P_kept=3213120 num_tiles=1024 max_tile_n=25872 bin=10.16 up=0.29 kernel=9.09 d2h=0.00 compact=0.00 publish=1.88 total=21.59ms
[PACK_SPLIT] exec=427.7 ms payload=0x7250180
0:0-0:TR1: RDUMP t0 g=0 a=21365.5 b=-3966.93 mx=-201.388 my=223.237 op=0.0293077 cr=0.91499 mask=4294967295
0:0-0:TR1: RDUMP t0 g=1 a=53.4215 b=57.1961 mx=50.2504 my=53.0836 op=0.0106533 cr=0.787316 mask=2281701376
0:0-0:TR1: RDUMP t0 g=2 a=1931.5 b=712.928 mx=148.104 my=63.2913 op=0.0221074 cr=0.0586 mask=3471835123
0:0-0:TR1: RDUMP t0 g=3 a=7.67639 b=-14.3226 mx=40.2155 my=6.76996 op=0.0205435 cr=0.946799 mask=142606336
0:0-0:TR1: ROWCK t=0 ng=25144 cs=2499891604 csm=4178974785
0:0-0:TR1: ROWCK t=1 ng=2620 cs=523668520 csm=1232737618
0:0-0:TR1: ROWCK t=2 ng=1805 cs=1024248456 csm=602723147
0:0-0:TR1: ROWCK t=3 ng=999 cs=1057509471 csm=2367528679
0:0-0:TR1: ROWCK t=4 ng=672 cs=1195087465 csm=3949632065
0:0-0:TR1: ROWCK t=5 ng=200 cs=1878045407 csm=3312349858
0:0-0:TR1: ROWCK t=6 ng=148 cs=3787068707 csm=3350283469
[BLEND_SPLIT] upload=0.5 (attrs=0.0MB ids=0.0MB resident) exec=1845.2 readback=0.9 total=1846.5 ms
[BLEND_ADDR] cull_masks=0x0 out=0x8e67500(sz=0x600000) tile_ids=0x708e000 xramp=0x8e65500 yramp=0x8e66500 payload=0x7250180(sz=0xc494800)
[BLEND_DEVICE] resident_blend=2278.2 ms (host_build=0)
[SORT] stage=RP P=3369033 P_kept=3213120 num_tiles=1024 max_tile_n=25872 bin=8.16 up=0.29 kernel=7.20 d2h=0.00 compact=0.00 publish=0.02 total=15.80ms
[PACK_SPLIT] exec=425.6 ms payload=0x7250180
0:0-0:TR1: RDUMP t0 g=0 a=21365.5 b=-3966.93 mx=-201.388 my=223.237 op=0.0122921 cr=0.645852 mask=2147483648
0:0-0:TR1: RDUMP t0 g=1 a=53.4215 b=57.1961 mx=50.2504 my=53.0836 op=0.0106533 cr=0.787316 mask=2281701376
0:0-0:TR1: RDUMP t0 g=2 a=1931.5 b=712.928 mx=148.104 my=63.2913 op=0.0221074 cr=0.0586 mask=3471835123
0:0-0:TR1: RDUMP t0 g=3 a=7.67639 b=-14.3226 mx=40.2155 my=6.76996 op=0.0205435 cr=0.946799 mask=142606336
0:0-0:TR1: ROWCK t=0 ng=25144 cs=2499891604 csm=4178974785
0:0-0:TR1: ROWCK t=1 ng=2620 cs=523668520 csm=1232737618
0:0-0:TR1: ROWCK t=2 ng=1805 cs=1024248456 csm=602723147
0:0-0:TR1: ROWCK t=3 ng=999 cs=1057509471 csm=2367528679
0:0-0:TR1: ROWCK t=4 ng=672 cs=1195087465 csm=3949632065
0:0-0:TR1: ROWCK t=5 ng=200 cs=1878045407 csm=3312349858
0:0-0:TR1: ROWCK t=6 ng=148 cs=3787068707 csm=3350283469
[BLEND_SPLIT] upload=0.3 (attrs=0.0MB ids=0.0MB resident) exec=27.1 readback=0.7 total=28.1 ms
[BLEND_ADDR] cull_masks=0x0 out=0x8e67500(sz=0x600000) tile_ids=0x708e000 xramp=0x8e65500 yramp=0x8e66500 payload=0x7250180(sz=0xc494800)
[BLEND_DEVICE] resident_blend=457.5 ms (host_build=0)
[SORT] stage=RP P=3369033 P_kept=3213120 num_tiles=1024 max_tile_n=25872 bin=8.19 up=0.30 kernel=7.19 d2h=6.79 compact=0.00 publish=0.03 total=25.92ms
[SORT] stage=RP P=3369033 P_kept=3213120 num_tiles=1024 max_tile_n=25872 bin=8.18 up=0.29 kernel=7.19 d2h=6.79 compact=0.00 publish=0.02 total=25.80ms
SUMMARY backend=tt blend_mode=2 views=1 hero_vs_gt=41.96dB hero_vs_ref=43.75dB min_vs_ref=43.75dB min_vs_gt=41.96dB ms/view=656.7 (proj=54.3 ta=128.6 sort=15.8 blend=457.6) shot=opt/metal-screenshots/loop-ttw/hero.png
TTW_METRIC hero_vs_ref=43.75
TTW_TIMING proj=54.3
TTW_TIMING ta=128.6
TTW_TIMING sort=15.8
TTW_TIMING blend=457.6
