================ BUILD ID ================
  cpp : #5 sha=7e5bced iter 5: Fix segfault: D2H sorted ids when blend_mode=0 ref path
  data: # sha= 
=========================================
host=bh-30  tag=worker-blend-rebuild  timeout=600s  worry=600s  ts=2026-05-31T22:03:30-0700
cmd: bash -c cd /localdev/smarton/gstt2 && cmake --build build-tt -j 16 2>&1
-----------------------------------------
[1/3] Building CXX object CMakeFiles/gsplat_tt.dir/gsplat_tt/blend_device.cpp.o
/localdev/smarton/gstt2/src/gsplat_tt/blend_device.cpp: In function ‘double mb::cull::process_frame(DeviceContext&, float, bool, uint32_t, uint32_t, bool*, bool)’:
/localdev/smarton/gstt2/src/gsplat_tt/blend_device.cpp:1920:56: warning: format ‘%u’ expects argument of type ‘unsigned int’, but argument 3 has type ‘uint64_t’ {aka ‘long unsigned int’} [-Wformat=]
 1920 |         std::fprintf(stderr, "[CULL_SPLIT] candidates=%u masks=%.2fMB exec=%.1f ms "
      |                                                       ~^
      |                                                        |
      |                                                        unsigned int
      |                                                       %lu
 1921 |                      "masks_addr=0x%lx end=0x%lx base_addr=0x%lx\n",
 1922 |                      total_candidates,
      |                      ~~~~~~~~~~~~~~~~                   
      |                      |
      |                      uint64_t {aka long unsigned int}
/localdev/smarton/gstt2/src/gsplat_tt/blend_device.cpp: At global scope:
/localdev/smarton/gstt2/src/gsplat_tt/blend_device.cpp:109:13: warning: ‘void save_npy_f32(const string&, const std::vector<float>&, const std::vector<long unsigned int>&)’ defined but not used [-Wunused-function]
  109 | static void save_npy_f32(const std::string& path, const std::vector<float>& data, const std::vector<size_t>& shape) {
      |             ^~~~~~~~~~~~
/localdev/smarton/gstt2/src/gsplat_tt/blend_device.cpp:100:30: warning: ‘std::vector<unsigned int> load_npy_u32(const string&, std::vector<long unsigned int>&)’ defined but not used [-Wunused-function]
  100 | static std::vector<uint32_t> load_npy_u32(const std::string& path, std::vector<size_t>& shape) {
      |                              ^~~~~~~~~~~~
[2/3] Linking CXX static library libgsplat_tt.a
[3/3] Linking CXX shared module /localdev/smarton/gstt2/backends/cpu_cpp/_gsplat_cpu.cpython-310-x86_64-linux-gnu.so
