[run] spawning cpu_cpp_mb reference subprocess -> hero_ref.npy
[run] ref-only wrote /localdev/smarton/gstt2-t223/tmp/t223-r1024/hero_ref.npy mean=0.3327
[run] warmup (hero='hero', 1024x1024, scene=bicycle)
2026-10-05 14:04:49.040 | info     |             UMD | Creating TopologyDiscovery for architecture: blackhole (topology_discovery.cpp:75)
2026-10-05 14:04:49.040 | info     |             UMD | Starting topology discovery. (topology_discovery.cpp:92)
2026-10-05 14:04:49.043 | warning  |             UMD | Low power mode is disabled while UMD holds open file descriptors. The device will return to low power mode once all file descriptors are closed. (topology_discovery.cpp:140)
2026-10-05 14:04:49.044 | info     |             UMD | Established firmware bundle version: 19.12.0 (topology_discovery.cpp:544)
2026-10-05 14:04:49.044 | info     |             UMD | Firmware bundle version 19.12.0 on the system is newer than the latest fully tested version 19.5.0 for blackhole architecture. Newest features may not be supported. (topology_discovery.cpp:570)
2026-10-05 14:04:49.044 | info     |             UMD | Completed topology discovery. (topology_discovery.cpp:96)
2026-10-05 14:04:49.045 | info     |          Device | Opening user mode device driver (tt_cluster.cpp:225)
2026-10-05 14:04:49.045 | info     |             UMD | Cluster constructor started. (cluster.cpp:317)
2026-10-05 14:04:49.045 | info     |             UMD | Creating TopologyDiscovery for architecture: blackhole (topology_discovery.cpp:75)
2026-10-05 14:04:49.045 | info     |             UMD | Starting topology discovery. (topology_discovery.cpp:92)
2026-10-05 14:04:49.047 | warning  |             UMD | Low power mode is disabled while UMD holds open file descriptors. The device will return to low power mode once all file descriptors are closed. (topology_discovery.cpp:140)
2026-10-05 14:04:49.048 | info     |             UMD | Established firmware bundle version: 19.12.0 (topology_discovery.cpp:544)
2026-10-05 14:04:49.048 | info     |             UMD | Firmware bundle version 19.12.0 on the system is newer than the latest fully tested version 19.5.0 for blackhole architecture. Newest features may not be supported. (topology_discovery.cpp:570)
2026-10-05 14:04:49.048 | info     |             UMD | Completed topology discovery. (topology_discovery.cpp:96)
2026-10-05 14:04:49.048 | info     |             UMD | Harvesting masks for Chip 0: Tensix: 0xc0 DRAM: 0x8 ETH: 0x3fff PCIe: 0x2 L2CPU: 0x0 (cluster.cpp:262)
2026-10-05 14:04:49.048 | info     |             UMD | Initializing iommu for sysmem (size: 0x40000000). (silicon_sysmem_manager.cpp:334)
2026-10-05 14:04:49.048 | info     |             UMD | Allocating sysmem for IOMMU (size: 0x40000000). (silicon_sysmem_manager.cpp:340)
2026-10-05 14:04:49.092 | info     |             UMD | Opening local chip ids/PCIe ids: {0}/[0] and remote chip ids {} (cluster.cpp:153)
2026-10-05 14:04:49.092 | info     |             UMD | IOMMU: enabled (cluster.cpp:133)
2026-10-05 14:04:49.092 | info     |             UMD | KMD version: 2.9.0 (cluster.cpp:136)
2026-10-05 14:04:49.092 | info     |             UMD | Cluster constructor completed. (cluster.cpp:409)
2026-10-05 14:04:49.093 | info     |             UMD | Starting devices in cluster (cluster.cpp:1044)
2026-10-05 14:04:49.093 | info     |             UMD | Mapped sysmem without hugepages to IOVA 0xffffffffc0000000; NOC address 0x1000000000000000 (silicon_sysmem_manager.cpp:391)
2026-10-05 14:04:49.094 | info     |             UMD | Starting devices in cluster completed. (cluster.cpp:1052)
2026-10-05 14:04:49.611 | info     |     Distributed | Using auto discovery to generate mesh graph. (metal_env.cpp:332)
2026-10-05 14:04:49.611 | info     |     Distributed | Constructing control plane using auto-discovery (no mesh graph descriptor). (metal_env.cpp:394)
2026-10-05 14:04:49.611 | info     |             UMD | Creating TopologyDiscovery for architecture: blackhole (topology_discovery.cpp:75)
2026-10-05 14:04:49.611 | info     |             UMD | Starting topology discovery. (topology_discovery.cpp:92)
2026-10-05 14:04:49.612 | warning  |             UMD | Low power mode is disabled while UMD holds open file descriptors. The device will return to low power mode once all file descriptors are closed. (topology_discovery.cpp:140)
2026-10-05 14:04:49.612 | info     |             UMD | Established firmware bundle version: 19.12.0 (topology_discovery.cpp:544)
2026-10-05 14:04:49.612 | info     |             UMD | Firmware bundle version 19.12.0 on the system is newer than the latest fully tested version 19.5.0 for blackhole architecture. Newest features may not be supported. (topology_discovery.cpp:570)
2026-10-05 14:04:49.612 | info     |             UMD | Completed topology discovery. (topology_discovery.cpp:96)
2026-10-05 14:04:49.613 | warning  |          Always | Unknown motherboard 'X670E GAMING PLUS WIFI (MS-7E16)' for chip_id=0 (bus_id=0x1) — defaulting tray_id to 0. Add this motherboard and its bus IDs to mobo_to_bus_ids in physical_system_discovery.cpp. (physical_system_discovery.cpp:56)
2026-10-05 14:04:49.613 | info     |          Fabric | TopologyMapper: Logical Multi-Mesh Adjacency Map: (topology_mapper.cpp:1474)
2026-10-05 14:04:49.613 | info     |          Fabric | 
=== Logical Mesh-Level Graph Adjacency Map ===
Total nodes: 1
Degree histogram: {0:1}
 (topology_solver.tpp:94)
2026-10-05 14:04:49.613 | info     |          Fabric | 
=== Logical Mesh 0 Internal Graph Adjacency Map ===
Total nodes: 1
Degree histogram: {0:1}
 (topology_solver.tpp:94)
2026-10-05 14:04:49.613 | info     |          Fabric | TopologyMapper: Physical Multi-Mesh Adjacency Map: (topology_mapper.cpp:1485)
2026-10-05 14:04:49.613 | info     |          Fabric | 
=== Physical Mesh-Level Graph Adjacency Map ===
Total nodes: 1
Degree histogram: {0:1}
 (topology_solver.tpp:94)
2026-10-05 14:04:49.613 | info     |          Fabric | 
=== Physical Mesh 0 Internal Graph Adjacency Map ===
Total nodes: 1
Degree histogram: {0:1}
 (topology_solver.tpp:94)
2026-10-05 14:04:49.613 | info     |          Fabric | Starting multi-mesh mapping: 1 logical mesh(es) to 1 physical mesh(es) (topology_mapper_utils.cpp:1465)
2026-10-05 14:04:49.613 | info     |          Fabric | Multi-mesh mapping attempt 1/2: Trying inter-mesh mapping (topology_mapper_utils.cpp:1506)
2026-10-05 14:04:49.613 | info     |          Fabric | Attempt 1: Inter-mesh mapping succeeded, found 1 mesh pair(s) (topology_mapper_utils.cpp:1535)
2026-10-05 14:04:49.613 | info     |          Fabric | Attempt 1: Mapping 1 mesh pair(s) (topology_mapper_utils.cpp:1547)
2026-10-05 14:04:49.613 | info     |          Fabric | Attempt 1: Mapping mesh 0 -> 0 (topology_mapper_utils.cpp:1549)
2026-10-05 14:04:49.613 | info     |          Fabric | Multi-mesh mapping succeeded after 1 attempt(s): 1 mesh pair(s) mapped (topology_mapper_utils.cpp:1682)
2026-10-05 14:04:49.661 | info     |           Metal | ShmResourceTracker: removed stale shm '/tt_d2h_1796253_386028741_0' (shm_resource_tracker.cpp:265)
2026-10-05 14:04:49.661 | info     |           Metal | ShmResourceTracker: removed stale manifest '/dev/shm/tt_socket_manifest_1796253' (shm_resource_tracker.cpp:275)
2026-10-05 14:04:50.239 | info     |           Metal | [Real-time profiler] Device 0 sync complete: 100 samples, frequency=1.349978 GHz, device_time_at_sync=35691695212279 cycles (realtime_profiler_manager.cpp:1075)
[DEV] command queues 2, compute grid 11x10
[JIT_WARMUP] ideal-path contexts compiled in 1216.5 ms
[TA] K2 fold=1 (enabled 1 dual 1 screen tiles 1024 speed split 1)
[SORT] ONELAUNCH early=1 why=0 (tiles 1024 row_pages 64 cores 110)
[SORT] ONELAUNCH v2 OL_PB=8 OL_RING=8 OL_WIN_PAGES=1024 OL_MAT_SELECT=0 OL_BREC_BULK=1 OL_EMIT_TOWN=1 cb_bytes/mover=567680 shared=22400
[SORT] ONELAUNCH k2_fold=1 early=1 cq1=1 (enqueued behind the K2; cores 110 row_pages 64 tiles 1024)
[SUBCHUNK] tiles_split=86 total_subchunks=1113 max_subchunks_per_tile=3 payload_pages=45763
[SORT] stage=ONELAUNCH P=2895701 P_kept=2895701 num_tiles=1024 max_tile_n=22980 onelaunch=0.56 layout=0.05 pub_host=0.15 total=0.79ms
[run] timing 2 views (warmup excluded)
[SUBCHUNK] tiles_split=86 total_subchunks=1113 max_subchunks_per_tile=3 payload_pages=45763
[SORT] stage=ONELAUNCH P=2895701 P_kept=2895701 num_tiles=1024 max_tile_n=22980 onelaunch=0.56 layout=0.04 pub_host=0.14 total=0.75ms
[run]   view=hero 15.2ms saved=view00_hero.png
[SUBCHUNK] tiles_split=64 total_subchunks=1090 max_subchunks_per_tile=3 payload_pages=33180
[SORT] stage=ONELAUNCH P=2090634 P_kept=2090634 num_tiles=1024 max_tile_n=19171 onelaunch=0.55 layout=0.04 pub_host=0.14 total=0.73ms
[run]   view=orb_00 12.5ms saved=view01_orb_00.png
SUMMARY scene=bicycle hero='hero' hero_vs_ref=100.00dB(8bit-vs-golden) hero_vs_cpu=41.37dB(float-vs-cpu) avg_frame_ms=13.9 p50_ms=13.9 min_ms=12.5 max_ms=15.2 n_views=2 warmup_s=1.8 out=/localdev/smarton/gstt2-t223/tmp/t223-r1024
TTW_METRIC hero_vs_ref=100.00
TTW_TIMING ms_view=13.851
TTW_TIMING blend=13.851
TTW_TIMING stage_head=0.004
TTW_TIMING stage_project=3.898
TTW_TIMING stage_tile_assign=0.002
TTW_TIMING stage_sort=0.823
TTW_TIMING stage_blend_setup=0.000
TTW_TIMING stage_mat=0.000
TTW_TIMING stage_cull=0.000
TTW_TIMING stage_blend=8.854
TTW_TIMING stage_d2h=0.216
TTW_TIMING stage_assemble=0.000
TTW_TIMING stage_tail=0.003
TTW_TIMING stage_view_total=13.800
TTW_TIMING stage_pybind=0.050
STAGES n=2 head=0.004 project=3.898 tile_assign=0.002 sort=0.823 blend_setup=0.000 mat=0.000 cull=0.000 blend=8.854 d2h=0.216 assemble=0.000 tail=0.003 | sum=13.799 view_total=13.800 resid_in_view=+0.001 avg_frame_ms=13.851 resid_vs_frame=+0.051
TTW_TIMING stage_sort_pread=0.001
TTW_TIMING stage_sort_bin_count=0.000
TTW_TIMING stage_sort_bin_hist_d2h=0.000
TTW_TIMING stage_sort_bin_layout=0.042
TTW_TIMING stage_sort_upload=0.000
TTW_TIMING stage_sort_bin_emit=0.555
TTW_TIMING stage_sort_kernel=0.000
TTW_TIMING stage_sort_d2h=0.000
TTW_TIMING stage_sort_compact=0.000
TTW_TIMING stage_sort_publish_host=0.140
TTW_TIMING stage_sort_publish_wait=0.000
TTW_TIMING stage_sort_mat=0.051
TTW_TIMING stage_sort_other=0.034
SORT_STAGES n=2 pread=0.001 bin_count=0.000 bin_hist_d2h=0.000 bin_layout=0.042 upload=0.000 bin_emit=0.555 kernel=0.000 d2h=0.000 compact=0.000 publish_host=0.140 publish_wait=0.000 mat=0.051 | sum=0.789 sort=0.823 resid=+0.034
TTW_TIMING stage_project_cov3d=0.000
TTW_TIMING stage_project_pfwc_setup=0.005
TTW_TIMING stage_project_pfwc_rtargs=0.039
TTW_TIMING stage_project_pfwc_enqueue=0.029
TTW_TIMING stage_project_pfwc_finish=0.000
TTW_TIMING stage_project_gather_setup=0.001
TTW_TIMING stage_project_gather_rtargs=0.000
TTW_TIMING stage_project_gather_enqueue=0.000
TTW_TIMING stage_project_gather_wait=3.822
TTW_TIMING stage_project_gather_result=0.000
TTW_TIMING stage_project_other=0.001
PROJECT_STAGES n=2 cov3d=0.000 pfwc_setup=0.005 pfwc_rtargs=0.039 pfwc_enqueue=0.029 pfwc_finish=0.000 gather_setup=0.001 gather_rtargs=0.000 gather_enqueue=0.000 gather_wait=3.822 gather_result=0.000 | sum=3.896 project=3.898 resid=+0.001
TTW_TIMING stage_tile_assign_setup=0.001
TTW_TIMING stage_tile_assign_rtargs=0.000
TTW_TIMING stage_tile_assign_enqueue=0.000
TTW_TIMING stage_tile_assign_scan_finish=0.000
TTW_TIMING stage_tile_assign_p_d2h=0.000
TTW_TIMING stage_tile_assign_k2_finish=0.000
TTW_TIMING stage_tile_assign_publish=0.000
TTW_TIMING stage_tile_assign_other=0.000
TILE_ASSIGN_STAGES n=2 setup=0.001 rtargs=0.000 enqueue=0.000 scan_finish=0.000 p_d2h=0.000 k2_finish=0.000 publish=0.000 | sum=0.002 tile_assign=0.002 resid=+0.000
