2026-10-07 22:59:00.256 | info     |             UMD | Creating TopologyDiscovery for architecture: blackhole (topology_discovery.cpp:75)
2026-10-07 22:59:00.256 | info     |             UMD | Starting topology discovery. (topology_discovery.cpp:92)
2026-10-07 22:59:00.259 | warning  |             UMD | Low power mode is disabled while UMD holds open file descriptors. The device will return to low power mode once all file descriptors are closed. (topology_discovery.cpp:140)
2026-10-07 22:59:00.260 | info     |             UMD | Established firmware bundle version: 19.12.0 (topology_discovery.cpp:544)
2026-10-07 22:59:00.260 | info     |             UMD | Firmware bundle version 19.12.0 on the system is newer than the latest fully tested version 19.5.0 for blackhole architecture. Newest features may not be supported. (topology_discovery.cpp:570)
2026-10-07 22:59:00.260 | info     |             UMD | Completed topology discovery. (topology_discovery.cpp:96)
2026-10-07 22:59:00.261 | info     |          Device | Opening user mode device driver (tt_cluster.cpp:225)
2026-10-07 22:59:00.261 | info     |             UMD | Cluster constructor started. (cluster.cpp:317)
2026-10-07 22:59:00.261 | info     |             UMD | Creating TopologyDiscovery for architecture: blackhole (topology_discovery.cpp:75)
2026-10-07 22:59:00.261 | info     |             UMD | Starting topology discovery. (topology_discovery.cpp:92)
2026-10-07 22:59:00.264 | warning  |             UMD | Low power mode is disabled while UMD holds open file descriptors. The device will return to low power mode once all file descriptors are closed. (topology_discovery.cpp:140)
2026-10-07 22:59:00.264 | info     |             UMD | Established firmware bundle version: 19.12.0 (topology_discovery.cpp:544)
2026-10-07 22:59:00.264 | info     |             UMD | Firmware bundle version 19.12.0 on the system is newer than the latest fully tested version 19.5.0 for blackhole architecture. Newest features may not be supported. (topology_discovery.cpp:570)
2026-10-07 22:59:00.264 | info     |             UMD | Completed topology discovery. (topology_discovery.cpp:96)
2026-10-07 22:59:00.264 | info     |             UMD | Harvesting masks for Chip 0: Tensix: 0x280 DRAM: 0x20 ETH: 0x3fff PCIe: 0x2 L2CPU: 0x0 (cluster.cpp:262)
2026-10-07 22:59:00.264 | info     |             UMD | Initializing iommu for sysmem (size: 0x40000000). (silicon_sysmem_manager.cpp:334)
2026-10-07 22:59:00.264 | info     |             UMD | Allocating sysmem for IOMMU (size: 0x40000000). (silicon_sysmem_manager.cpp:340)
2026-10-07 22:59:00.304 | info     |             UMD | Opening local chip ids/PCIe ids: {0}/[0] and remote chip ids {} (cluster.cpp:153)
2026-10-07 22:59:00.304 | info     |             UMD | IOMMU: enabled (cluster.cpp:133)
2026-10-07 22:59:00.304 | info     |             UMD | KMD version: 2.9.0 (cluster.cpp:136)
2026-10-07 22:59:00.304 | info     |             UMD | Cluster constructor completed. (cluster.cpp:409)
2026-10-07 22:59:00.305 | info     |             UMD | Starting devices in cluster (cluster.cpp:1044)
2026-10-07 22:59:00.305 | info     |             UMD | Mapped sysmem without hugepages to IOVA 0x80000000; NOC address 0x1000000000000000 (silicon_sysmem_manager.cpp:391)
2026-10-07 22:59:00.306 | info     |             UMD | Starting devices in cluster completed. (cluster.cpp:1052)
2026-10-07 22:59:00.811 | info     |     Distributed | Using auto discovery to generate mesh graph. (metal_env.cpp:332)
2026-10-07 22:59:00.811 | info     |     Distributed | Constructing control plane using auto-discovery (no mesh graph descriptor). (metal_env.cpp:394)
2026-10-07 22:59:00.811 | info     |             UMD | Creating TopologyDiscovery for architecture: blackhole (topology_discovery.cpp:75)
2026-10-07 22:59:00.811 | info     |             UMD | Starting topology discovery. (topology_discovery.cpp:92)
2026-10-07 22:59:00.812 | warning  |             UMD | Low power mode is disabled while UMD holds open file descriptors. The device will return to low power mode once all file descriptors are closed. (topology_discovery.cpp:140)
2026-10-07 22:59:00.813 | info     |             UMD | Established firmware bundle version: 19.12.0 (topology_discovery.cpp:544)
2026-10-07 22:59:00.813 | info     |             UMD | Firmware bundle version 19.12.0 on the system is newer than the latest fully tested version 19.5.0 for blackhole architecture. Newest features may not be supported. (topology_discovery.cpp:570)
2026-10-07 22:59:00.813 | info     |             UMD | Completed topology discovery. (topology_discovery.cpp:96)
2026-10-07 22:59:00.814 | warning  |          Always | Unknown motherboard 'X670E GAMING PLUS WIFI (MS-7E16)' for chip_id=0 (bus_id=0x1) — defaulting tray_id to 0. Add this motherboard and its bus IDs to mobo_to_bus_ids in physical_system_discovery.cpp. (physical_system_discovery.cpp:56)
2026-10-07 22:59:00.814 | info     |          Fabric | TopologyMapper: Logical Multi-Mesh Adjacency Map: (topology_mapper.cpp:1474)
2026-10-07 22:59:00.814 | info     |          Fabric | 
=== Logical Mesh-Level Graph Adjacency Map ===
Total nodes: 1
Degree histogram: {0:1}
 (topology_solver.tpp:94)
2026-10-07 22:59:00.814 | info     |          Fabric | 
=== Logical Mesh 0 Internal Graph Adjacency Map ===
Total nodes: 1
Degree histogram: {0:1}
 (topology_solver.tpp:94)
2026-10-07 22:59:00.814 | info     |          Fabric | TopologyMapper: Physical Multi-Mesh Adjacency Map: (topology_mapper.cpp:1485)
2026-10-07 22:59:00.814 | info     |          Fabric | 
=== Physical Mesh-Level Graph Adjacency Map ===
Total nodes: 1
Degree histogram: {0:1}
 (topology_solver.tpp:94)
2026-10-07 22:59:00.814 | info     |          Fabric | 
=== Physical Mesh 0 Internal Graph Adjacency Map ===
Total nodes: 1
Degree histogram: {0:1}
 (topology_solver.tpp:94)
2026-10-07 22:59:00.814 | info     |          Fabric | Starting multi-mesh mapping: 1 logical mesh(es) to 1 physical mesh(es) (topology_mapper_utils.cpp:1465)
2026-10-07 22:59:00.814 | info     |          Fabric | Multi-mesh mapping attempt 1/2: Trying inter-mesh mapping (topology_mapper_utils.cpp:1506)
2026-10-07 22:59:00.814 | info     |          Fabric | Attempt 1: Inter-mesh mapping succeeded, found 1 mesh pair(s) (topology_mapper_utils.cpp:1535)
2026-10-07 22:59:00.814 | info     |          Fabric | Attempt 1: Mapping 1 mesh pair(s) (topology_mapper_utils.cpp:1547)
2026-10-07 22:59:00.814 | info     |          Fabric | Attempt 1: Mapping mesh 0 -> 0 (topology_mapper_utils.cpp:1549)
2026-10-07 22:59:00.814 | info     |          Fabric | Multi-mesh mapping succeeded after 1 attempt(s): 1 mesh pair(s) mapped (topology_mapper_utils.cpp:1682)
2026-10-07 22:59:00.819 | info     |    BuildKernels | Using pre-compiled firmware from: /localdev/smarton/tt-metal/tt_metal/pre-compiled/431005707817566179/ (build_env_manager.cpp:257)
2026-10-07 22:59:02.322 | info     |           Metal | ShmResourceTracker: removed stale shm '/tt_d2h_294187_1257917170_0' (shm_resource_tracker.cpp:265)
2026-10-07 22:59:02.322 | info     |           Metal | ShmResourceTracker: removed stale manifest '/dev/shm/tt_socket_manifest_294187' (shm_resource_tracker.cpp:275)
2026-10-07 22:59:02.322 | info     |           Metal | ShmResourceTracker: removed orphaned shm '/tt_device_198001_memory' (shm_resource_tracker.cpp:282)
2026-10-07 22:59:03.349 | info     |           Metal | [Real-time profiler] Device 0 sync complete: 100 samples, frequency=1.349977 GHz, device_time_at_sync=1742975472309 cycles (realtime_profiler_manager.cpp:1075)
[MB] grid=11x10 cores=110 dram_channels=7
[MB] clock tick_mhz=1350.1 (ticks 1073741830 vs 268435456, host 0.7955 s vs 0.1990 s)
[MBE] probe=R64_d16 risc=b scope=1core cores=1 xfer=64 depth=16 Bpt_med=0.921 Bpt_min=0.921 Bpt_max=0.921 makespan_us=210.8 agg_GBps=1.2
[MBE] probe=R64_d16 risc=b scope=all cores=110 xfer=64 depth=16 Bpt_med=0.305 Bpt_min=0.206 Bpt_max=0.586 makespan_us=941.1 agg_GBps=30.6
[MBMAP] probe=R64_d16 set=b risc=b y=2 1:0.211 2:0.211 3:0.211 4:0.211 5:0.211 6:0.211 7:0.211 10:0.211 11:0.212 12:0.212 13:0.212
[MBMAP] probe=R64_d16 set=b risc=b y=3 1:0.206 2:0.207 3:0.207 4:0.207 5:0.206 6:0.206 7:0.207 10:0.207 11:0.208 12:0.208 13:0.211
[MBMAP] probe=R64_d16 set=b risc=b y=4 1:0.221 2:0.221 3:0.221 4:0.221 5:0.221 6:0.221 7:0.221 10:0.222 11:0.222 12:0.223 13:0.228
[MBMAP] probe=R64_d16 set=b risc=b y=5 1:0.250 2:0.250 3:0.250 4:0.250 5:0.250 6:0.250 7:0.250 10:0.251 11:0.251 12:0.253 13:0.257
[MBMAP] probe=R64_d16 set=b risc=b y=6 1:0.269 2:0.269 3:0.270 4:0.268 5:0.269 6:0.269 7:0.269 10:0.271 11:0.270 12:0.274 13:0.283
[MBMAP] probe=R64_d16 set=b risc=b y=7 1:0.305 2:0.305 3:0.306 4:0.305 5:0.305 6:0.307 7:0.306 10:0.306 11:0.306 12:0.310 13:0.319
[MBMAP] probe=R64_d16 set=b risc=b y=8 1:0.366 2:0.365 3:0.366 4:0.365 5:0.365 6:0.366 7:0.366 10:0.365 11:0.365 12:0.367 13:0.384
[MBMAP] probe=R64_d16 set=b risc=b y=9 1:0.472 2:0.472 3:0.471 4:0.472 5:0.475 6:0.472 7:0.470 10:0.469 11:0.469 12:0.474 13:0.471
[MBMAP] probe=R64_d16 set=b risc=b y=10 1:0.521 2:0.520 3:0.521 4:0.522 5:0.528 6:0.524 7:0.523 10:0.525 11:0.527 12:0.527 13:0.523
[MBMAP] probe=R64_d16 set=b risc=b y=11 1:0.583 2:0.578 3:0.585 4:0.580 5:0.582 6:0.581 7:0.586 10:0.583 11:0.585 12:0.583 13:0.583
[MBE] probe=R64_d16 risc=n scope=1core cores=1 xfer=64 depth=16 Bpt_med=0.914 Bpt_min=0.914 Bpt_max=0.914 makespan_us=212.4 agg_GBps=1.2
[MBE] probe=R64_d16 risc=n scope=all cores=110 xfer=64 depth=16 Bpt_med=0.236 Bpt_min=0.220 Bpt_max=0.321 makespan_us=881.7 agg_GBps=32.7
[MBMAP] probe=R64_d16 set=n risc=n y=2 1:0.316 2:0.297 3:0.275 4:0.261 5:0.244 6:0.231 7:0.221 10:0.234 11:0.225 12:0.222 13:0.223
[MBMAP] probe=R64_d16 set=n risc=n y=3 1:0.317 2:0.300 3:0.274 4:0.260 5:0.245 6:0.229 7:0.221 10:0.235 11:0.226 12:0.222 13:0.222
[MBMAP] probe=R64_d16 set=n risc=n y=4 1:0.320 2:0.308 3:0.282 4:0.263 5:0.246 6:0.230 7:0.221 10:0.236 11:0.226 12:0.223 13:0.223
[MBMAP] probe=R64_d16 set=n risc=n y=5 1:0.321 2:0.301 3:0.276 4:0.262 5:0.245 6:0.229 7:0.220 10:0.236 11:0.225 12:0.222 13:0.223
[MBMAP] probe=R64_d16 set=n risc=n y=6 1:0.321 2:0.306 3:0.275 4:0.261 5:0.243 6:0.229 7:0.221 10:0.235 11:0.225 12:0.223 13:0.223
[MBMAP] probe=R64_d16 set=n risc=n y=7 1:0.320 2:0.300 3:0.277 4:0.261 5:0.245 6:0.231 7:0.222 10:0.235 11:0.226 12:0.223 13:0.224
[MBMAP] probe=R64_d16 set=n risc=n y=8 1:0.317 2:0.302 3:0.277 4:0.261 5:0.244 6:0.230 7:0.221 10:0.236 11:0.225 12:0.223 13:0.222
[MBMAP] probe=R64_d16 set=n risc=n y=9 1:0.320 2:0.302 3:0.278 4:0.262 5:0.244 6:0.230 7:0.221 10:0.236 11:0.226 12:0.223 13:0.223
[MBMAP] probe=R64_d16 set=n risc=n y=10 1:0.319 2:0.301 3:0.280 4:0.262 5:0.246 6:0.230 7:0.221 10:0.236 11:0.227 12:0.224 13:0.222
[MBMAP] probe=R64_d16 set=n risc=n y=11 1:0.320 2:0.303 3:0.282 4:0.264 5:0.248 6:0.234 7:0.223 10:0.236 11:0.227 12:0.224 13:0.223
[MBE] probe=R64_d16 risc=b+n scope=1core cores=1 xfer=64 depth=16 Bpt_med=0.919 Bpt_min=0.915 Bpt_max=0.919 makespan_us=212.3 agg_GBps=2.5
[MBE] probe=R64_d16 risc=b+n scope=all cores=110 xfer=64 depth=16 Bpt_med=0.218 Bpt_min=0.181 Bpt_max=0.540 makespan_us=1072.3 agg_GBps=53.8
[MBMAP] probe=R64_d16 set=b+n risc=b y=2 1:0.184 2:0.184 3:0.184 4:0.184 5:0.184 6:0.184 7:0.184 10:0.185 11:0.185 12:0.185 13:0.185
[MBMAP] probe=R64_d16 set=b+n risc=b y=3 1:0.181 2:0.181 3:0.181 4:0.181 5:0.181 6:0.181 7:0.181 10:0.182 11:0.182 12:0.183 13:0.185
[MBMAP] probe=R64_d16 set=b+n risc=b y=4 1:0.193 2:0.192 3:0.193 4:0.193 5:0.193 6:0.192 7:0.193 10:0.193 11:0.194 12:0.195 13:0.199
[MBMAP] probe=R64_d16 set=b+n risc=b y=5 1:0.218 2:0.219 3:0.218 4:0.219 5:0.219 6:0.219 7:0.219 10:0.220 11:0.220 12:0.221 13:0.226
[MBMAP] probe=R64_d16 set=b+n risc=b y=6 1:0.235 2:0.235 3:0.236 4:0.235 5:0.235 6:0.235 7:0.235 10:0.236 11:0.236 12:0.239 13:0.245
[MBMAP] probe=R64_d16 set=b+n risc=b y=7 1:0.269 2:0.268 3:0.268 4:0.269 5:0.268 6:0.269 7:0.269 10:0.269 11:0.267 12:0.272 13:0.282
[MBMAP] probe=R64_d16 set=b+n risc=b y=8 1:0.317 2:0.317 3:0.318 4:0.316 5:0.317 6:0.318 7:0.317 10:0.318 11:0.317 12:0.320 13:0.334
[MBMAP] probe=R64_d16 set=b+n risc=b y=9 1:0.412 2:0.413 3:0.414 4:0.414 5:0.414 6:0.415 7:0.415 10:0.410 11:0.412 12:0.413 13:0.414
[MBMAP] probe=R64_d16 set=b+n risc=b y=10 1:0.469 2:0.462 3:0.466 4:0.464 5:0.471 6:0.469 7:0.466 10:0.474 11:0.474 12:0.472 13:0.477
[MBMAP] probe=R64_d16 set=b+n risc=b y=11 1:0.533 2:0.534 3:0.536 4:0.532 5:0.540 6:0.532 7:0.536 10:0.537 11:0.533 12:0.536 13:0.539
[MBMAP] probe=R64_d16 set=b+n risc=n y=2 1:0.277 2:0.250 3:0.235 4:0.215 5:0.204 6:0.197 7:0.192 10:0.210 11:0.203 12:0.199 13:0.199
[MBMAP] probe=R64_d16 set=b+n risc=n y=3 1:0.273 2:0.252 3:0.231 4:0.216 5:0.204 6:0.196 7:0.192 10:0.212 11:0.202 12:0.199 13:0.199
[MBMAP] probe=R64_d16 set=b+n risc=n y=4 1:0.279 2:0.255 3:0.233 4:0.217 5:0.206 6:0.197 7:0.192 10:0.212 11:0.202 12:0.199 13:0.199
[MBMAP] probe=R64_d16 set=b+n risc=n y=5 1:0.275 2:0.252 3:0.231 4:0.216 5:0.203 6:0.197 7:0.191 10:0.213 11:0.201 12:0.199 13:0.198
[MBMAP] probe=R64_d16 set=b+n risc=n y=6 1:0.278 2:0.250 3:0.233 4:0.214 5:0.205 6:0.197 7:0.192 10:0.211 11:0.202 12:0.199 13:0.198
[MBMAP] probe=R64_d16 set=b+n risc=n y=7 1:0.283 2:0.254 3:0.233 4:0.218 5:0.205 6:0.197 7:0.192 10:0.212 11:0.203 12:0.200 13:0.199
[MBMAP] probe=R64_d16 set=b+n risc=n y=8 1:0.283 2:0.249 3:0.233 4:0.216 5:0.205 6:0.197 7:0.192 10:0.211 11:0.202 12:0.199 13:0.198
[MBMAP] probe=R64_d16 set=b+n risc=n y=9 1:0.280 2:0.256 3:0.234 4:0.218 5:0.205 6:0.196 7:0.192 10:0.212 11:0.202 12:0.199 13:0.198
[MBMAP] probe=R64_d16 set=b+n risc=n y=10 1:0.278 2:0.255 3:0.236 4:0.219 5:0.206 6:0.197 7:0.192 10:0.213 11:0.203 12:0.199 13:0.199
[MBMAP] probe=R64_d16 set=b+n risc=n y=11 1:0.275 2:0.253 3:0.236 4:0.216 5:0.206 6:0.198 7:0.192 10:0.212 11:0.203 12:0.199 13:0.199
[MBE] probe=R256_d8 risc=b scope=1core cores=1 xfer=256 depth=8 Bpt_med=2.601 Bpt_min=2.601 Bpt_max=2.601 makespan_us=298.6 agg_GBps=3.5
[MBE] probe=R256_d8 risc=b scope=all cores=110 xfer=256 depth=8 Bpt_med=1.050 Bpt_min=0.780 Bpt_max=1.590 makespan_us=995.3 agg_GBps=115.9
[MBMAP] probe=R256_d8 set=b risc=b y=2 1:0.797 2:0.798 3:0.800 4:0.799 5:0.797 6:0.797 7:0.797 10:0.798 11:0.798 12:0.796 13:0.800
[MBMAP] probe=R256_d8 set=b risc=b y=3 1:0.780 2:0.780 3:0.782 4:0.783 5:0.781 6:0.782 7:0.781 10:0.783 11:0.781 12:0.782 13:0.782
[MBMAP] probe=R256_d8 set=b risc=b y=4 1:0.818 2:0.816 3:0.816 4:0.817 5:0.817 6:0.818 7:0.818 10:0.819 11:0.817 12:0.820 13:0.819
[MBMAP] probe=R256_d8 set=b risc=b y=5 1:0.883 2:0.880 3:0.880 4:0.879 5:0.882 6:0.883 7:0.881 10:0.887 11:0.883 12:0.884 13:0.885
[MBMAP] probe=R256_d8 set=b risc=b y=6 1:0.923 2:0.924 3:0.928 4:0.925 5:0.923 6:0.923 7:0.932 10:0.925 11:0.927 12:0.926 13:0.928
[MBMAP] probe=R256_d8 set=b risc=b y=7 1:1.056 2:1.053 3:1.065 4:1.059 5:1.058 6:1.061 7:1.055 10:1.056 11:1.053 12:1.055 13:1.050
[MBMAP] probe=R256_d8 set=b risc=b y=8 1:1.248 2:1.243 3:1.243 4:1.235 5:1.242 6:1.240 7:1.237 10:1.241 11:1.233 12:1.233 13:1.233
[MBMAP] probe=R256_d8 set=b risc=b y=9 1:1.398 2:1.387 3:1.395 4:1.398 5:1.394 6:1.387 7:1.400 10:1.373 11:1.376 12:1.382 13:1.387
[MBMAP] probe=R256_d8 set=b risc=b y=10 1:1.439 2:1.430 3:1.447 4:1.445 5:1.447 6:1.444 7:1.436 10:1.445 11:1.460 12:1.449 13:1.440
[MBMAP] probe=R256_d8 set=b risc=b y=11 1:1.580 2:1.580 3:1.571 4:1.576 5:1.585 6:1.584 7:1.586 10:1.566 11:1.578 12:1.590 13:1.573
[MBE] probe=R256_d8 risc=n scope=1core cores=1 xfer=256 depth=8 Bpt_med=2.575 Bpt_min=2.575 Bpt_max=2.575 makespan_us=301.6 agg_GBps=3.5
[MBE] probe=R256_d8 risc=n scope=all cores=110 xfer=256 depth=8 Bpt_med=0.914 Bpt_min=0.814 Bpt_max=1.031 makespan_us=954.7 agg_GBps=120.8
[MBMAP] probe=R256_d8 set=n risc=n y=2 1:0.988 2:0.939 3:0.889 4:0.868 5:0.849 6:0.829 7:0.817 10:0.940 11:0.912 12:0.924 13:0.919
[MBMAP] probe=R256_d8 set=n risc=n y=3 1:1.023 2:0.941 3:0.898 4:0.871 5:0.842 6:0.824 7:0.820 10:0.949 11:0.916 12:0.914 13:0.921
[MBMAP] probe=R256_d8 set=n risc=n y=4 1:1.023 2:0.956 3:0.905 4:0.874 5:0.850 6:0.834 7:0.819 10:0.952 11:0.936 12:0.921 13:0.925
[MBMAP] probe=R256_d8 set=n risc=n y=5 1:1.004 2:0.936 3:0.898 4:0.867 5:0.847 6:0.827 7:0.814 10:0.942 11:0.922 12:0.912 13:0.922
[MBMAP] probe=R256_d8 set=n risc=n y=6 1:1.009 2:0.944 3:0.897 4:0.871 5:0.842 6:0.827 7:0.819 10:0.935 11:0.914 12:0.911 13:0.920
[MBMAP] probe=R256_d8 set=n risc=n y=7 1:1.013 2:0.966 3:0.895 4:0.875 5:0.848 6:0.831 7:0.821 10:0.946 11:0.921 12:0.919 13:0.925
[MBMAP] probe=R256_d8 set=n risc=n y=8 1:1.006 2:0.942 3:0.898 4:0.872 5:0.845 6:0.830 7:0.820 10:0.939 11:0.921 12:0.915 13:0.915
[MBMAP] probe=R256_d8 set=n risc=n y=9 1:1.006 2:0.934 3:0.898 4:0.867 5:0.841 6:0.826 7:0.818 10:0.935 11:0.918 12:0.914 13:0.915
[MBMAP] probe=R256_d8 set=n risc=n y=10 1:1.031 2:0.953 3:0.902 4:0.869 5:0.849 6:0.828 7:0.815 10:0.936 11:0.915 12:0.921 13:0.922
[MBMAP] probe=R256_d8 set=n risc=n y=11 1:1.008 2:0.949 3:0.900 4:0.872 5:0.846 6:0.829 7:0.817 10:0.944 11:0.925 12:0.915 13:0.926
[MBE] probe=R256_d8 risc=b+n scope=1core cores=1 xfer=256 depth=8 Bpt_med=2.605 Bpt_min=2.575 Bpt_max=2.605 makespan_us=301.6 agg_GBps=7.0
[MBE] probe=R256_d8 risc=b+n scope=all cores=110 xfer=256 depth=8 Bpt_med=0.826 Bpt_min=0.690 Bpt_max=1.427 makespan_us=1125.6 agg_GBps=204.9
[MBMAP] probe=R256_d8 set=b+n risc=b y=2 1:0.707 2:0.708 3:0.709 4:0.707 5:0.707 6:0.708 7:0.708 10:0.707 11:0.707 12:0.706 13:0.707
[MBMAP] probe=R256_d8 set=b+n risc=b y=3 1:0.691 2:0.692 3:0.692 4:0.691 5:0.690 6:0.690 7:0.691 10:0.691 11:0.693 12:0.692 13:0.693
[MBMAP] probe=R256_d8 set=b+n risc=b y=4 1:0.725 2:0.724 3:0.724 4:0.725 5:0.727 6:0.726 7:0.728 10:0.726 11:0.727 12:0.727 13:0.727
[MBMAP] probe=R256_d8 set=b+n risc=b y=5 1:0.790 2:0.788 3:0.786 4:0.788 5:0.785 6:0.789 7:0.786 10:0.790 11:0.790 12:0.788 13:0.786
[MBMAP] probe=R256_d8 set=b+n risc=b y=6 1:0.823 2:0.827 3:0.829 4:0.825 5:0.825 6:0.827 7:0.828 10:0.829 11:0.830 12:0.827 13:0.827
[MBMAP] probe=R256_d8 set=b+n risc=b y=7 1:0.935 2:0.934 3:0.939 4:0.937 5:0.930 6:0.936 7:0.934 10:0.938 11:0.932 12:0.930 13:0.931
[MBMAP] probe=R256_d8 set=b+n risc=b y=8 1:1.100 2:1.099 3:1.103 4:1.092 5:1.099 6:1.098 7:1.101 10:1.101 11:1.095 12:1.094 13:1.094
[MBMAP] probe=R256_d8 set=b+n risc=b y=9 1:1.215 2:1.229 3:1.221 4:1.221 5:1.239 6:1.222 7:1.217 10:1.200 11:1.202 12:1.211 13:1.217
[MBMAP] probe=R256_d8 set=b+n risc=b y=10 1:1.275 2:1.265 3:1.269 4:1.282 5:1.272 6:1.277 7:1.277 10:1.276 11:1.273 12:1.267 13:1.278
[MBMAP] probe=R256_d8 set=b+n risc=b y=11 1:1.410 2:1.374 3:1.387 4:1.391 5:1.395 6:1.407 7:1.410 10:1.392 11:1.411 12:1.427 13:1.391
[MBMAP] probe=R256_d8 set=b+n risc=n y=2 1:0.839 2:0.798 3:0.774 4:0.755 5:0.743 6:0.735 7:0.726 10:0.857 11:0.826 12:0.835 13:0.828
[MBMAP] probe=R256_d8 set=b+n risc=n y=3 1:0.840 2:0.804 3:0.775 4:0.755 5:0.742 6:0.733 7:0.730 10:0.868 11:0.831 12:0.835 13:0.829
[MBMAP] probe=R256_d8 set=b+n risc=n y=4 1:0.847 2:0.809 3:0.786 4:0.761 5:0.750 6:0.735 7:0.728 10:0.873 11:0.861 12:0.844 13:0.849
[MBMAP] probe=R256_d8 set=b+n risc=n y=5 1:0.828 2:0.800 3:0.776 4:0.758 5:0.742 6:0.734 7:0.725 10:0.887 11:0.831 12:0.825 13:0.833
[MBMAP] probe=R256_d8 set=b+n risc=n y=6 1:0.841 2:0.807 3:0.775 4:0.753 5:0.743 6:0.734 7:0.727 10:0.873 11:0.828 12:0.856 13:0.831
[MBMAP] probe=R256_d8 set=b+n risc=n y=7 1:0.843 2:0.810 3:0.780 4:0.762 5:0.745 6:0.734 7:0.729 10:0.875 11:0.836 12:0.859 13:0.836
[MBMAP] probe=R256_d8 set=b+n risc=n y=8 1:0.841 2:0.804 3:0.775 4:0.758 5:0.741 6:0.734 7:0.728 10:0.872 11:0.829 12:0.832 13:0.831
[MBMAP] probe=R256_d8 set=b+n risc=n y=9 1:0.846 2:0.808 3:0.773 4:0.756 5:0.745 6:0.731 7:0.726 10:0.864 11:0.832 12:0.836 13:0.826
[MBMAP] probe=R256_d8 set=b+n risc=n y=10 1:0.839 2:0.809 3:0.777 4:0.755 5:0.746 6:0.735 7:0.725 10:0.854 11:0.830 12:0.835 13:0.835
[MBMAP] probe=R256_d8 set=b+n risc=n y=11 1:0.853 2:0.814 3:0.778 4:0.756 5:0.746 6:0.734 7:0.726 10:0.863 11:0.834 12:0.843 13:0.826
[MBE] probe=W256_s512 risc=b scope=1core cores=1 xfer=256 depth=8 Bpt_med=4.098 Bpt_min=4.098 Bpt_max=4.098 makespan_us=189.5 agg_GBps=5.5
[MBE] probe=W256_s512 risc=b scope=all cores=110 xfer=256 depth=8 Bpt_med=1.038 Bpt_min=0.562 Bpt_max=4.054 makespan_us=1383.1 agg_GBps=83.4
[MBMAP] probe=W256_s512 set=b risc=b y=2 1:0.572 2:0.570 3:0.575 4:0.584 5:0.597 6:0.616 7:0.645 10:0.669 11:0.702 12:0.760 13:0.862
[MBMAP] probe=W256_s512 set=b risc=b y=3 1:0.564 2:0.562 3:0.569 4:0.580 5:0.595 6:0.615 7:0.642 10:0.659 11:0.690 12:0.742 13:0.829
[MBMAP] probe=W256_s512 set=b risc=b y=4 1:0.621 2:0.618 3:0.628 4:0.643 5:0.664 6:0.693 7:0.732 10:0.755 11:0.799 12:0.870 13:0.982
[MBMAP] probe=W256_s512 set=b risc=b y=5 1:0.698 2:0.693 3:0.709 4:0.730 5:0.758 6:0.793 7:0.842 10:0.869 11:0.930 12:1.038 13:1.211
[MBMAP] probe=W256_s512 set=b risc=b y=6 1:0.765 2:0.760 3:0.777 4:0.799 5:0.831 6:0.875 7:0.940 10:0.974 11:1.066 12:1.211 13:1.453
[MBMAP] probe=W256_s512 set=b risc=b y=7 1:0.879 2:0.871 3:0.896 4:0.931 5:0.979 6:1.041 7:1.129 10:1.181 11:1.304 12:1.502 13:1.873
[MBMAP] probe=W256_s512 set=b risc=b y=8 1:1.050 2:1.038 3:1.067 4:1.112 5:1.172 6:1.263 7:1.392 10:1.457 11:1.637 12:1.968 13:2.503
[MBMAP] probe=W256_s512 set=b risc=b y=9 1:1.250 2:1.233 3:1.271 4:1.331 5:1.422 6:1.563 7:1.787 10:1.905 11:2.183 12:2.639 13:3.272
[MBMAP] probe=W256_s512 set=b risc=b y=10 1:1.553 2:1.532 3:1.599 4:1.699 5:1.848 6:2.064 7:2.401 10:2.566 11:2.945 12:3.404 13:3.809
[MBMAP] probe=W256_s512 set=b risc=b y=11 1:2.092 2:2.049 3:2.199 4:2.420 5:2.691 6:3.015 7:3.348 10:3.486 11:3.733 12:3.965 13:4.054
[MBE] probe=W256_s512 risc=n scope=1core cores=1 xfer=256 depth=8 Bpt_med=4.098 Bpt_min=4.098 Bpt_max=4.098 makespan_us=189.5 agg_GBps=5.5
[MBE] probe=W256_s512 risc=n scope=all cores=110 xfer=256 depth=8 Bpt_med=1.174 Bpt_min=0.694 Bpt_max=4.040 makespan_us=1119.4 agg_GBps=103.0
[MBMAP] probe=W256_s512 set=n risc=n y=2 1:3.982 2:3.496 3:2.734 4:2.111 5:1.696 6:1.440 7:1.250 10:1.255 11:1.049 12:0.901 13:0.893
[MBMAP] probe=W256_s512 set=n risc=n y=3 1:3.804 2:3.068 3:2.309 4:1.796 5:1.487 6:1.277 7:1.105 10:1.112 11:0.945 12:0.829 13:0.826
[MBMAP] probe=W256_s512 set=n risc=n y=4 1:3.645 2:2.867 3:2.129 4:1.689 5:1.417 6:1.214 7:1.060 10:1.065 11:0.913 12:0.800 13:0.803
[MBMAP] probe=W256_s512 set=n risc=n y=5 1:3.374 2:2.462 3:1.886 4:1.499 5:1.258 6:1.101 7:0.958 10:0.963 11:0.841 12:0.757 13:0.756
[MBMAP] probe=W256_s512 set=n risc=n y=6 1:3.025 2:2.148 3:1.698 4:1.376 5:1.174 6:1.036 7:0.903 10:0.905 11:0.797 12:0.729 13:0.730
[MBMAP] probe=W256_s512 set=n risc=n y=7 1:2.855 2:2.023 3:1.615 4:1.321 5:1.145 6:1.007 7:0.890 10:0.880 11:0.778 12:0.719 13:0.722
[MBMAP] probe=W256_s512 set=n risc=n y=8 1:2.606 2:1.869 3:1.522 4:1.258 5:1.091 6:0.967 7:0.850 10:0.841 11:0.748 12:0.704 13:0.704
[MBMAP] probe=W256_s512 set=n risc=n y=9 1:2.407 2:1.760 3:1.435 4:1.210 5:1.054 6:0.935 7:0.830 10:0.810 11:0.730 12:0.695 13:0.694
[MBMAP] probe=W256_s512 set=n risc=n y=10 1:2.513 2:1.820 3:1.468 4:1.231 5:1.069 6:0.950 7:0.838 10:0.820 11:0.734 12:0.701 13:0.700
[MBMAP] probe=W256_s512 set=n risc=n y=11 1:4.040 2:3.759 3:3.155 4:2.537 5:2.058 6:1.719 7:1.519 10:1.487 11:1.320 12:1.104 13:1.031
[MBE] probe=W256_s512 risc=b+n scope=1core cores=1 xfer=256 depth=8 Bpt_med=4.092 Bpt_min=3.865 Bpt_max=4.092 makespan_us=201.0 agg_GBps=10.4
[MBE] probe=W256_s512 risc=b+n scope=all cores=110 xfer=256 depth=8 Bpt_med=0.718 Bpt_min=0.376 Bpt_max=3.821 makespan_us=2063.1 agg_GBps=111.8
[MBMAP] probe=W256_s512 set=b+n risc=b y=2 1:0.383 2:0.382 3:0.385 4:0.389 5:0.396 6:0.406 7:0.420 10:0.432 11:0.447 12:0.477 13:0.542
[MBMAP] probe=W256_s512 set=b+n risc=b y=3 1:0.378 2:0.376 3:0.380 4:0.385 5:0.391 6:0.400 7:0.413 10:0.421 11:0.435 12:0.459 13:0.505
[MBMAP] probe=W256_s512 set=b+n risc=b y=4 1:0.402 2:0.401 3:0.406 4:0.412 5:0.421 6:0.432 7:0.448 10:0.459 11:0.481 12:0.524 13:0.603
[MBMAP] probe=W256_s512 set=b+n risc=b y=5 1:0.433 2:0.431 3:0.438 4:0.448 5:0.462 6:0.483 7:0.511 10:0.526 11:0.567 12:0.632 13:0.746
[MBMAP] probe=W256_s512 set=b+n risc=b y=6 1:0.472 2:0.469 3:0.479 4:0.495 5:0.516 6:0.543 7:0.578 10:0.601 11:0.650 12:0.735 13:0.900
[MBMAP] probe=W256_s512 set=b+n risc=b y=7 1:0.550 2:0.546 3:0.562 4:0.584 5:0.613 6:0.649 7:0.703 10:0.735 11:0.811 12:0.950 13:1.200
[MBMAP] probe=W256_s512 set=b+n risc=b y=8 1:0.658 2:0.652 3:0.672 4:0.703 5:0.745 6:0.800 7:0.878 10:0.937 11:1.049 12:1.277 13:1.722
[MBMAP] probe=W256_s512 set=b+n risc=b y=9 1:0.797 2:0.788 3:0.815 4:0.852 5:0.906 6:0.982 7:1.104 10:1.215 11:1.382 12:1.770 13:2.400
[MBMAP] probe=W256_s512 set=b+n risc=b y=10 1:0.982 2:0.968 3:1.017 4:1.092 5:1.199 6:1.352 7:1.586 10:1.734 11:2.021 12:2.552 13:3.235
[MBMAP] probe=W256_s512 set=b+n risc=b y=11 1:1.313 2:1.293 3:1.388 4:1.523 5:1.731 6:1.983 7:2.318 10:2.485 11:2.848 12:3.367 13:3.806
[MBMAP] probe=W256_s512 set=b+n risc=n y=2 1:3.577 2:2.685 3:1.924 4:1.516 5:1.152 6:0.964 7:0.830 10:0.822 11:0.718 12:0.597 13:0.600
[MBMAP] probe=W256_s512 set=b+n risc=n y=3 1:3.083 2:2.178 3:1.581 4:1.248 5:1.009 6:0.847 7:0.750 10:0.742 11:0.643 12:0.550 13:0.557
[MBMAP] probe=W256_s512 set=b+n risc=n y=4 1:2.859 2:1.966 3:1.464 4:1.169 5:0.953 6:0.806 7:0.704 10:0.700 11:0.605 12:0.540 13:0.531
[MBMAP] probe=W256_s512 set=b+n risc=n y=5 1:2.435 2:1.700 3:1.253 4:1.033 5:0.858 6:0.738 7:0.654 10:0.648 11:0.561 12:0.506 13:0.506
[MBMAP] probe=W256_s512 set=b+n risc=n y=6 1:2.100 2:1.491 3:1.130 4:0.943 5:0.796 6:0.694 7:0.619 10:0.606 11:0.534 12:0.489 13:0.490
[MBMAP] probe=W256_s512 set=b+n risc=n y=7 1:1.958 2:1.406 3:1.082 4:0.900 5:0.766 6:0.671 7:0.606 10:0.585 11:0.522 12:0.484 13:0.484
[MBMAP] probe=W256_s512 set=b+n risc=n y=8 1:1.767 2:1.287 3:1.017 4:0.849 5:0.732 6:0.646 7:0.583 10:0.561 11:0.508 12:0.472 13:0.475
[MBMAP] probe=W256_s512 set=b+n risc=n y=9 1:1.636 2:1.207 3:0.964 4:0.812 5:0.704 6:0.624 7:0.569 10:0.543 11:0.497 12:0.466 13:0.469
[MBMAP] probe=W256_s512 set=b+n risc=n y=10 1:1.678 2:1.232 3:0.979 4:0.822 5:0.714 6:0.630 7:0.574 10:0.548 11:0.501 12:0.469 13:0.472
[MBMAP] probe=W256_s512 set=b+n risc=n y=11 1:3.821 2:3.183 3:2.382 4:2.034 5:1.481 6:1.283 7:1.058 10:1.083 11:0.906 12:0.826 13:0.816
[MBE] probe=W256_s513 risc=b scope=1core cores=1 xfer=256 depth=8 Bpt_med=4.034 Bpt_min=4.034 Bpt_max=4.034 makespan_us=192.5 agg_GBps=5.4
[MBE] probe=W256_s513 risc=b scope=all cores=110 xfer=256 depth=8 Bpt_med=1.589 Bpt_min=0.878 Bpt_max=4.035 makespan_us=884.6 agg_GBps=130.4
[MBMAP] probe=W256_s513 set=b risc=b y=2 1:0.909 2:0.905 3:0.920 4:0.940 5:0.966 6:0.999 7:1.048 10:1.061 11:1.125 12:1.215 13:1.357
[MBMAP] probe=W256_s513 set=b risc=b y=3 1:0.880 2:0.878 3:0.893 4:0.914 5:0.940 6:0.969 7:1.005 10:1.017 11:1.072 12:1.160 13:1.299
[MBMAP] probe=W256_s513 set=b risc=b y=4 1:0.979 2:0.976 3:0.995 4:1.019 5:1.046 6:1.076 7:1.122 10:1.149 11:1.226 12:1.338 13:1.531
[MBMAP] probe=W256_s513 set=b risc=b y=5 1:1.084 2:1.080 3:1.108 4:1.142 5:1.179 6:1.222 7:1.285 10:1.310 11:1.418 12:1.589 13:1.854
[MBMAP] probe=W256_s513 set=b risc=b y=6 1:1.205 2:1.202 3:1.224 4:1.254 5:1.295 6:1.354 7:1.442 10:1.473 11:1.615 12:1.845 13:2.222
[MBMAP] probe=W256_s513 set=b risc=b y=7 1:1.377 2:1.372 3:1.412 4:1.465 5:1.529 6:1.629 7:1.761 10:1.818 11:2.049 12:2.388 13:2.964
[MBMAP] probe=W256_s513 set=b risc=b y=8 1:1.705 2:1.695 3:1.739 4:1.805 5:1.898 6:2.024 7:2.194 10:2.265 11:2.581 12:3.097 13:3.750
[MBMAP] probe=W256_s513 set=b risc=b y=9 1:2.018 2:2.012 3:2.058 4:2.133 5:2.259 6:2.471 7:2.802 10:2.937 11:3.425 12:3.866 13:4.019
[MBMAP] probe=W256_s513 set=b risc=b y=10 1:2.193 2:2.187 3:2.332 4:2.576 5:2.924 6:3.368 7:3.825 10:4.012 11:4.032 12:4.032 13:4.033
[MBMAP] probe=W256_s513 set=b risc=b y=11 1:4.026 2:4.013 3:4.028 4:4.031 5:4.031 6:4.033 7:4.031 10:4.033 11:4.034 12:4.035 13:4.035
[MBE] probe=W256_s513 risc=n scope=1core cores=1 xfer=256 depth=8 Bpt_med=4.034 Bpt_min=4.034 Bpt_max=4.034 makespan_us=192.5 agg_GBps=5.4
[MBE] probe=W256_s513 risc=n scope=all cores=110 xfer=256 depth=8 Bpt_med=2.092 Bpt_min=1.330 Bpt_max=4.035 makespan_us=583.8 agg_GBps=197.6
[MBMAP] probe=W256_s513 set=n risc=n y=2 1:4.032 2:4.033 3:4.027 4:3.546 5:2.940 6:2.517 7:2.204 10:2.277 11:1.956 12:1.764 13:1.725
[MBMAP] probe=W256_s513 set=n risc=n y=3 1:4.033 2:4.033 3:3.999 4:3.110 5:2.573 6:2.270 7:2.014 10:2.116 11:1.810 12:1.630 13:1.612
[MBMAP] probe=W256_s513 set=n risc=n y=4 1:4.034 2:4.035 3:3.935 4:2.908 5:2.391 6:2.194 7:1.958 10:2.053 11:1.755 12:1.592 13:1.581
[MBMAP] probe=W256_s513 set=n risc=n y=5 1:4.031 2:4.034 3:3.821 4:2.617 5:2.219 6:2.038 7:1.815 10:1.872 11:1.639 12:1.485 13:1.479
[MBMAP] probe=W256_s513 set=n risc=n y=6 1:4.034 2:4.033 3:3.588 4:2.358 5:2.092 6:1.936 7:1.718 10:1.765 11:1.557 12:1.422 13:1.423
[MBMAP] probe=W256_s513 set=n risc=n y=7 1:4.035 2:4.033 3:3.468 4:2.278 5:2.043 6:1.906 7:1.704 10:1.720 11:1.528 12:1.398 13:1.420
[MBMAP] probe=W256_s513 set=n risc=n y=8 1:4.034 2:4.029 3:3.132 4:2.152 5:1.993 6:1.828 7:1.621 10:1.652 11:1.466 12:1.356 13:1.362
[MBMAP] probe=W256_s513 set=n risc=n y=9 1:4.032 2:4.025 3:2.825 4:2.082 5:1.952 6:1.778 7:1.576 10:1.606 11:1.428 12:1.330 13:1.338
[MBMAP] probe=W256_s513 set=n risc=n y=10 1:4.033 2:4.029 3:2.950 4:2.099 5:1.967 6:1.802 7:1.597 10:1.634 11:1.443 12:1.341 13:1.352
[MBMAP] probe=W256_s513 set=n risc=n y=11 1:4.033 2:4.033 3:4.024 4:3.783 5:3.242 6:2.752 7:2.440 10:2.461 11:2.099 12:1.904 13:1.840
[MBE] probe=W256_s513 risc=b+n scope=1core cores=1 xfer=256 depth=8 Bpt_med=4.034 Bpt_min=4.034 Bpt_max=4.034 makespan_us=192.5 agg_GBps=10.9
[MBE] probe=W256_s513 risc=b+n scope=all cores=110 xfer=256 depth=8 Bpt_med=1.399 Bpt_min=0.756 Bpt_max=4.031 makespan_us=1027.7 agg_GBps=224.5
[MBMAP] probe=W256_s513 set=b+n risc=b y=2 1:0.775 2:0.772 3:0.781 4:0.794 5:0.812 6:0.834 7:0.865 10:0.880 11:0.923 12:0.992 13:1.119
[MBMAP] probe=W256_s513 set=b+n risc=b y=3 1:0.757 2:0.756 3:0.765 4:0.779 5:0.797 6:0.820 7:0.850 10:0.862 11:0.908 12:0.979 13:1.093
[MBMAP] probe=W256_s513 set=b+n risc=b y=4 1:0.820 2:0.818 3:0.829 4:0.845 5:0.865 6:0.890 7:0.925 10:0.944 11:0.997 12:1.087 13:1.255
[MBMAP] probe=W256_s513 set=b+n risc=b y=5 1:0.895 2:0.890 3:0.907 4:0.932 5:0.963 6:1.005 7:1.060 10:1.081 11:1.167 12:1.306 13:1.522
[MBMAP] probe=W256_s513 set=b+n risc=b y=6 1:0.970 2:0.967 3:0.984 4:1.011 5:1.052 6:1.107 7:1.186 10:1.218 11:1.326 12:1.498 13:1.792
[MBMAP] probe=W256_s513 set=b+n risc=b y=7 1:1.108 2:1.101 3:1.131 4:1.173 5:1.224 6:1.287 7:1.382 10:1.420 11:1.570 12:1.828 13:2.286
[MBMAP] probe=W256_s513 set=b+n risc=b y=8 1:1.290 2:1.279 3:1.322 4:1.383 5:1.465 6:1.568 7:1.717 10:1.795 11:2.048 12:2.476 13:3.119
[MBMAP] probe=W256_s513 set=b+n risc=b y=9 1:1.565 2:1.548 3:1.600 4:1.678 5:1.787 6:1.941 7:2.183 10:2.280 11:2.636 12:3.110 13:3.658
[MBMAP] probe=W256_s513 set=b+n risc=b y=10 1:1.844 2:1.828 3:1.903 4:2.022 5:2.206 6:2.478 7:2.876 10:2.996 11:3.404 12:3.777 13:3.959
[MBMAP] probe=W256_s513 set=b+n risc=b y=11 1:2.561 2:2.499 3:2.736 4:3.047 5:3.358 6:3.631 7:3.853 10:3.915 11:4.002 12:4.026 13:4.029
[MBMAP] probe=W256_s513 set=b+n risc=n y=2 1:4.017 2:3.843 3:3.334 4:2.638 5:2.152 6:1.796 7:1.543 10:1.648 11:1.445 12:1.244 13:1.212
[MBMAP] probe=W256_s513 set=b+n risc=n y=3 1:4.014 2:3.586 3:2.897 4:2.280 5:1.891 6:1.605 7:1.399 10:1.493 11:1.307 12:1.146 13:1.119
[MBMAP] probe=W256_s513 set=b+n risc=n y=4 1:3.985 2:3.468 3:2.689 4:2.117 5:1.798 6:1.550 7:1.342 10:1.433 11:1.247 12:1.112 13:1.092
[MBMAP] probe=W256_s513 set=b+n risc=n y=5 1:3.967 2:3.186 3:2.382 4:1.915 5:1.600 6:1.402 7:1.242 10:1.294 11:1.148 12:1.036 13:1.014
[MBMAP] probe=W256_s513 set=b+n risc=n y=6 1:3.929 2:2.851 3:2.144 4:1.760 5:1.485 6:1.321 7:1.176 10:1.208 11:1.083 12:0.993 13:0.975
[MBMAP] probe=W256_s513 set=b+n risc=n y=7 1:3.889 2:2.718 3:2.065 4:1.690 5:1.442 6:1.295 7:1.157 10:1.169 11:1.065 12:0.978 13:0.968
[MBMAP] probe=W256_s513 set=b+n risc=n y=8 1:3.785 2:2.452 3:1.925 4:1.593 5:1.376 6:1.240 7:1.109 10:1.117 11:1.024 12:0.947 13:0.933
[MBMAP] probe=W256_s513 set=b+n risc=n y=9 1:3.682 2:2.265 3:1.837 4:1.527 5:1.333 6:1.206 7:1.083 10:1.083 11:1.001 12:0.927 13:0.920
[MBMAP] probe=W256_s513 set=b+n risc=n y=10 1:3.753 2:2.329 3:1.873 4:1.554 5:1.347 6:1.224 7:1.097 10:1.100 11:1.014 12:0.935 13:0.932
[MBMAP] probe=W256_s513 set=b+n risc=n y=11 1:4.031 2:3.928 3:3.587 4:2.931 5:2.508 6:2.120 7:1.807 10:1.969 11:1.686 12:1.487 13:1.410
[MBE] probe=W32_s512 risc=b scope=1core cores=1 xfer=32 depth=16 Bpt_med=0.526 Bpt_min=0.526 Bpt_max=0.526 makespan_us=184.4 agg_GBps=0.7
[MBE] probe=W32_s512 risc=b scope=all cores=110 xfer=32 depth=16 Bpt_med=0.224 Bpt_min=0.133 Bpt_max=0.526 makespan_us=732.1 agg_GBps=19.7
[MBMAP] probe=W32_s512 set=b risc=b y=2 1:0.134 2:0.133 3:0.133 4:0.135 5:0.138 6:0.142 7:0.149 10:0.156 11:0.161 12:0.173 13:0.190
[MBMAP] probe=W32_s512 set=b risc=b y=3 1:0.134 2:0.133 3:0.133 4:0.135 5:0.139 6:0.143 7:0.150 10:0.153 11:0.159 12:0.171 13:0.190
[MBMAP] probe=W32_s512 set=b risc=b y=4 1:0.149 2:0.145 3:0.146 4:0.149 5:0.153 6:0.159 7:0.168 10:0.172 11:0.181 12:0.197 13:0.222
[MBMAP] probe=W32_s512 set=b risc=b y=5 1:0.167 2:0.163 3:0.164 4:0.167 5:0.172 6:0.179 7:0.189 10:0.194 11:0.205 12:0.224 13:0.255
[MBMAP] probe=W32_s512 set=b risc=b y=6 1:0.184 2:0.180 3:0.181 4:0.185 5:0.190 6:0.198 7:0.210 10:0.216 11:0.230 12:0.258 13:0.302
[MBMAP] probe=W32_s512 set=b risc=b y=7 1:0.209 2:0.202 3:0.204 4:0.209 5:0.217 6:0.229 7:0.248 10:0.255 11:0.275 12:0.312 13:0.372
[MBMAP] probe=W32_s512 set=b risc=b y=8 1:0.243 2:0.238 3:0.241 4:0.248 5:0.260 6:0.278 7:0.302 10:0.320 11:0.347 12:0.395 13:0.450
[MBMAP] probe=W32_s512 set=b risc=b y=9 1:0.290 2:0.278 3:0.283 4:0.295 5:0.315 6:0.344 7:0.389 10:0.421 11:0.445 12:0.480 13:0.506
[MBMAP] probe=W32_s512 set=b risc=b y=10 1:0.397 2:0.360 3:0.366 4:0.383 5:0.412 6:0.443 7:0.474 10:0.489 11:0.507 12:0.520 13:0.525
[MBMAP] probe=W32_s512 set=b risc=b y=11 1:0.519 2:0.516 3:0.512 4:0.516 5:0.520 6:0.522 7:0.525 10:0.525 11:0.525 12:0.525 13:0.526
[MBE] probe=W32_s512 risc=n scope=1core cores=1 xfer=32 depth=16 Bpt_med=0.526 Bpt_min=0.526 Bpt_max=0.526 makespan_us=184.4 agg_GBps=0.7
[MBE] probe=W32_s512 risc=n scope=all cores=110 xfer=32 depth=16 Bpt_med=0.248 Bpt_min=0.153 Bpt_max=0.526 makespan_us=632.7 agg_GBps=22.8
[MBMAP] probe=W32_s512 set=n risc=n y=2 1:0.525 2:0.520 3:0.464 4:0.401 5:0.340 6:0.278 7:0.248 10:0.258 11:0.221 12:0.192 13:0.184
[MBMAP] probe=W32_s512 set=n risc=n y=3 1:0.524 2:0.513 3:0.429 4:0.364 5:0.313 6:0.253 7:0.231 10:0.243 11:0.206 12:0.181 13:0.175
[MBMAP] probe=W32_s512 set=n risc=n y=4 1:0.524 2:0.509 3:0.416 4:0.347 5:0.305 6:0.246 7:0.231 10:0.236 11:0.203 12:0.178 13:0.177
[MBMAP] probe=W32_s512 set=n risc=n y=5 1:0.524 2:0.498 3:0.380 4:0.313 5:0.271 6:0.225 7:0.210 10:0.215 11:0.184 12:0.167 13:0.163
[MBMAP] probe=W32_s512 set=n risc=n y=6 1:0.523 2:0.482 3:0.352 4:0.292 5:0.255 6:0.214 7:0.199 10:0.204 11:0.176 12:0.162 13:0.160
[MBMAP] probe=W32_s512 set=n risc=n y=7 1:0.523 2:0.487 3:0.346 4:0.291 5:0.252 6:0.214 7:0.200 10:0.202 11:0.175 12:0.163 13:0.159
[MBMAP] probe=W32_s512 set=n risc=n y=8 1:0.522 2:0.472 3:0.329 4:0.273 5:0.241 6:0.204 7:0.190 10:0.192 11:0.168 12:0.158 13:0.155
[MBMAP] probe=W32_s512 set=n risc=n y=9 1:0.523 2:0.472 3:0.319 4:0.266 5:0.236 6:0.200 7:0.187 10:0.188 11:0.166 12:0.156 13:0.153
[MBMAP] probe=W32_s512 set=n risc=n y=10 1:0.526 2:0.496 3:0.342 4:0.277 5:0.244 6:0.206 7:0.192 10:0.195 11:0.171 12:0.160 13:0.155
[MBMAP] probe=W32_s512 set=n risc=n y=11 1:0.525 2:0.521 3:0.482 4:0.430 5:0.370 6:0.320 7:0.283 10:0.289 11:0.248 12:0.213 13:0.209
[MBE] probe=W32_s512 risc=b+n scope=1core cores=1 xfer=32 depth=16 Bpt_med=0.526 Bpt_min=0.526 Bpt_max=0.526 makespan_us=184.4 agg_GBps=1.4
[MBE] probe=W32_s512 risc=b+n scope=all cores=110 xfer=32 depth=16 Bpt_med=0.149 Bpt_min=0.083 Bpt_max=0.522 makespan_us=1164.7 agg_GBps=24.8
[MBMAP] probe=W32_s512 set=b+n risc=b y=2 1:0.084 2:0.083 3:0.083 4:0.084 5:0.085 6:0.087 7:0.090 10:0.092 11:0.095 12:0.100 13:0.110
[MBMAP] probe=W32_s512 set=b+n risc=b y=3 1:0.084 2:0.084 3:0.084 4:0.085 5:0.086 6:0.087 7:0.090 10:0.091 11:0.093 12:0.098 13:0.107
[MBMAP] probe=W32_s512 set=b+n risc=b y=4 1:0.088 2:0.087 3:0.087 4:0.088 5:0.090 6:0.092 7:0.096 10:0.098 11:0.102 12:0.110 13:0.125
[MBMAP] probe=W32_s512 set=b+n risc=b y=5 1:0.094 2:0.093 3:0.094 4:0.096 5:0.098 6:0.102 7:0.108 10:0.111 11:0.117 12:0.130 13:0.151
[MBMAP] probe=W32_s512 set=b+n risc=b y=6 1:0.104 2:0.102 3:0.103 4:0.106 5:0.110 6:0.115 7:0.122 10:0.125 11:0.136 12:0.152 13:0.181
[MBMAP] probe=W32_s512 set=b+n risc=b y=7 1:0.122 2:0.119 3:0.120 4:0.124 5:0.129 6:0.137 7:0.147 10:0.154 11:0.169 12:0.195 13:0.241
[MBMAP] probe=W32_s512 set=b+n risc=b y=8 1:0.149 2:0.144 3:0.146 4:0.150 5:0.158 6:0.168 7:0.184 10:0.192 11:0.214 12:0.253 13:0.322
[MBMAP] probe=W32_s512 set=b+n risc=b y=9 1:0.178 2:0.173 3:0.175 4:0.181 5:0.191 6:0.206 7:0.232 10:0.249 11:0.274 12:0.323 13:0.395
[MBMAP] probe=W32_s512 set=b+n risc=b y=10 1:0.220 2:0.214 3:0.220 4:0.233 5:0.253 6:0.283 7:0.329 10:0.343 11:0.385 12:0.439 13:0.495
[MBMAP] probe=W32_s512 set=b+n risc=b y=11 1:0.317 2:0.291 3:0.300 4:0.322 5:0.356 6:0.398 7:0.441 10:0.450 11:0.481 12:0.509 13:0.519
[MBMAP] probe=W32_s512 set=b+n risc=n y=2 1:0.515 2:0.434 3:0.355 4:0.275 5:0.223 6:0.186 7:0.156 10:0.160 11:0.138 12:0.122 13:0.115
[MBMAP] probe=W32_s512 set=b+n risc=n y=3 1:0.494 2:0.388 3:0.310 4:0.247 5:0.203 6:0.173 7:0.144 10:0.146 11:0.127 12:0.115 13:0.110
[MBMAP] probe=W32_s512 set=b+n risc=n y=4 1:0.483 2:0.366 3:0.294 4:0.236 5:0.195 6:0.169 7:0.141 10:0.141 11:0.126 12:0.113 13:0.108
[MBMAP] probe=W32_s512 set=b+n risc=n y=5 1:0.454 2:0.326 3:0.260 4:0.210 5:0.175 6:0.150 7:0.130 10:0.130 11:0.114 12:0.106 13:0.102
[MBMAP] probe=W32_s512 set=b+n risc=n y=6 1:0.416 2:0.292 3:0.238 4:0.194 5:0.164 6:0.142 7:0.124 10:0.123 11:0.110 12:0.103 13:0.099
[MBMAP] probe=W32_s512 set=b+n risc=n y=7 1:0.402 2:0.280 3:0.231 4:0.190 5:0.161 6:0.140 7:0.123 10:0.121 11:0.109 12:0.103 13:0.099
[MBMAP] probe=W32_s512 set=b+n risc=n y=8 1:0.367 2:0.261 3:0.216 4:0.179 5:0.153 6:0.133 7:0.119 10:0.117 11:0.105 12:0.099 13:0.097
[MBMAP] probe=W32_s512 set=b+n risc=n y=9 1:0.349 2:0.249 3:0.209 4:0.173 5:0.149 6:0.129 7:0.117 10:0.114 11:0.104 12:0.098 13:0.096
[MBMAP] probe=W32_s512 set=b+n risc=n y=10 1:0.385 2:0.262 3:0.217 4:0.181 5:0.153 6:0.134 7:0.120 10:0.117 11:0.106 12:0.100 13:0.098
[MBMAP] probe=W32_s512 set=b+n risc=n y=11 1:0.522 2:0.473 3:0.405 4:0.322 5:0.262 6:0.214 7:0.181 10:0.192 11:0.170 12:0.149 13:0.135
[MBE] probe=W32_s513 risc=b scope=1core cores=1 xfer=32 depth=16 Bpt_med=0.518 Bpt_min=0.518 Bpt_max=0.518 makespan_us=187.4 agg_GBps=0.7
[MBE] probe=W32_s513 risc=b scope=all cores=110 xfer=32 depth=16 Bpt_med=0.362 Bpt_min=0.243 Bpt_max=0.518 makespan_us=399.3 agg_GBps=36.1
[MBMAP] probe=W32_s513 set=b risc=b y=2 1:0.247 2:0.244 3:0.245 4:0.247 5:0.250 6:0.255 7:0.261 10:0.266 11:0.274 12:0.290 13:0.317
[MBMAP] probe=W32_s513 set=b risc=b y=3 1:0.245 2:0.243 3:0.244 4:0.246 5:0.248 6:0.252 7:0.257 10:0.260 11:0.269 12:0.287 13:0.318
[MBMAP] probe=W32_s513 set=b risc=b y=4 1:0.258 2:0.256 3:0.257 4:0.259 5:0.261 6:0.265 7:0.273 10:0.276 11:0.287 12:0.312 13:0.357
[MBMAP] probe=W32_s513 set=b risc=b y=5 1:0.261 2:0.261 3:0.262 4:0.266 5:0.271 6:0.279 7:0.293 10:0.300 11:0.321 12:0.362 13:0.428
[MBMAP] probe=W32_s513 set=b risc=b y=6 1:0.268 2:0.265 3:0.268 4:0.274 5:0.282 6:0.298 7:0.323 10:0.335 11:0.375 12:0.431 13:0.488
[MBMAP] probe=W32_s513 set=b risc=b y=7 1:0.324 2:0.303 3:0.312 4:0.330 5:0.356 6:0.389 7:0.425 10:0.441 11:0.477 12:0.504 13:0.516
[MBMAP] probe=W32_s513 set=b risc=b y=8 1:0.516 2:0.507 3:0.505 4:0.505 5:0.507 6:0.511 7:0.513 10:0.515 11:0.516 12:0.517 13:0.518
[MBMAP] probe=W32_s513 set=b risc=b y=9 1:0.518 2:0.517 3:0.516 4:0.516 5:0.516 6:0.517 7:0.517 10:0.518 11:0.518 12:0.518 13:0.518
[MBMAP] probe=W32_s513 set=b risc=b y=10 1:0.518 2:0.518 3:0.518 4:0.518 5:0.517 6:0.518 7:0.518 10:0.518 11:0.518 12:0.518 13:0.518
[MBMAP] probe=W32_s513 set=b risc=b y=11 1:0.518 2:0.518 3:0.518 4:0.518 5:0.518 6:0.518 7:0.518 10:0.517 11:0.518 12:0.518 13:0.518
[MBE] probe=W32_s513 risc=n scope=1core cores=1 xfer=32 depth=16 Bpt_med=0.518 Bpt_min=0.518 Bpt_max=0.518 makespan_us=187.4 agg_GBps=0.7
[MBE] probe=W32_s513 risc=n scope=all cores=110 xfer=32 depth=16 Bpt_med=0.377 Bpt_min=0.253 Bpt_max=0.518 makespan_us=383.4 agg_GBps=37.6
[MBMAP] probe=W32_s513 set=n risc=n y=2 1:0.487 2:0.518 3:0.518 4:0.516 5:0.495 6:0.422 7:0.357 10:0.353 11:0.304 12:0.295 13:0.281
[MBMAP] probe=W32_s513 set=n risc=n y=3 1:0.517 2:0.518 3:0.516 4:0.517 5:0.477 6:0.386 7:0.332 10:0.339 11:0.293 12:0.287 13:0.276
[MBMAP] probe=W32_s513 set=n risc=n y=4 1:0.518 2:0.517 3:0.517 4:0.513 5:0.469 6:0.383 7:0.326 10:0.329 11:0.293 12:0.286 13:0.273
[MBMAP] probe=W32_s513 set=n risc=n y=5 1:0.518 2:0.516 3:0.517 4:0.508 5:0.435 6:0.336 7:0.295 10:0.299 11:0.275 12:0.269 13:0.263
[MBMAP] probe=W32_s513 set=n risc=n y=6 1:0.516 2:0.518 3:0.516 4:0.506 5:0.406 6:0.314 7:0.282 10:0.291 11:0.270 12:0.265 13:0.260
[MBMAP] probe=W32_s513 set=n risc=n y=7 1:0.518 2:0.518 3:0.514 4:0.508 5:0.400 6:0.309 7:0.279 10:0.291 11:0.271 12:0.267 13:0.260
[MBMAP] probe=W32_s513 set=n risc=n y=8 1:0.518 2:0.517 3:0.515 4:0.503 5:0.377 6:0.293 7:0.270 10:0.280 11:0.264 12:0.259 13:0.255
[MBMAP] probe=W32_s513 set=n risc=n y=9 1:0.518 2:0.518 3:0.515 4:0.504 5:0.368 6:0.284 7:0.266 10:0.275 11:0.262 12:0.258 13:0.253
[MBMAP] probe=W32_s513 set=n risc=n y=10 1:0.516 2:0.518 3:0.516 4:0.511 5:0.408 6:0.294 7:0.270 10:0.283 11:0.266 12:0.262 13:0.256
[MBMAP] probe=W32_s513 set=n risc=n y=11 1:0.518 2:0.518 3:0.518 4:0.515 5:0.501 6:0.451 7:0.387 10:0.378 11:0.332 12:0.312 13:0.293
[MBE] probe=W32_s513 risc=b+n scope=1core cores=1 xfer=32 depth=16 Bpt_med=0.518 Bpt_min=0.518 Bpt_max=0.518 makespan_us=187.4 agg_GBps=1.4
[MBE] probe=W32_s513 risc=b+n scope=all cores=110 xfer=32 depth=16 Bpt_med=0.215 Bpt_min=0.132 Bpt_max=0.517 makespan_us=737.4 agg_GBps=39.1
[MBMAP] probe=W32_s513 set=b+n risc=b y=2 1:0.133 2:0.132 3:0.132 4:0.134 5:0.136 6:0.139 7:0.145 10:0.147 11:0.152 12:0.163 13:0.179
[MBMAP] probe=W32_s513 set=b+n risc=b y=3 1:0.133 2:0.132 3:0.132 4:0.133 5:0.135 6:0.138 7:0.142 10:0.143 11:0.149 12:0.159 13:0.176
[MBMAP] probe=W32_s513 set=b+n risc=b y=4 1:0.142 2:0.140 3:0.141 4:0.142 5:0.144 6:0.148 7:0.153 10:0.155 11:0.164 12:0.179 13:0.202
[MBMAP] probe=W32_s513 set=b+n risc=b y=5 1:0.153 2:0.151 3:0.152 4:0.155 5:0.159 6:0.166 7:0.177 10:0.179 11:0.191 12:0.211 13:0.239
[MBMAP] probe=W32_s513 set=b+n risc=b y=6 1:0.171 2:0.167 3:0.168 4:0.172 5:0.177 6:0.185 7:0.195 10:0.200 11:0.211 12:0.234 13:0.273
[MBMAP] probe=W32_s513 set=b+n risc=b y=7 1:0.191 2:0.187 3:0.189 4:0.194 5:0.200 6:0.210 7:0.224 10:0.229 11:0.249 12:0.286 13:0.347
[MBMAP] probe=W32_s513 set=b+n risc=b y=8 1:0.228 2:0.219 3:0.223 4:0.229 5:0.239 6:0.254 7:0.275 10:0.282 11:0.314 12:0.365 13:0.438
[MBMAP] probe=W32_s513 set=b+n risc=b y=9 1:0.269 2:0.262 3:0.264 4:0.274 5:0.289 6:0.313 7:0.349 10:0.362 11:0.401 12:0.457 13:0.501
[MBMAP] probe=W32_s513 set=b+n risc=b y=10 1:0.334 2:0.311 3:0.318 4:0.337 5:0.367 6:0.404 7:0.446 10:0.457 11:0.489 12:0.507 13:0.514
[MBMAP] probe=W32_s513 set=b+n risc=b y=11 1:0.508 2:0.495 3:0.494 4:0.498 5:0.504 6:0.508 7:0.512 10:0.512 11:0.514 12:0.516 13:0.516
[MBMAP] probe=W32_s513 set=b+n risc=n y=2 1:0.517 2:0.502 3:0.436 4:0.342 5:0.299 6:0.245 7:0.220 10:0.227 11:0.200 12:0.178 13:0.171
[MBMAP] probe=W32_s513 set=b+n risc=n y=3 1:0.514 2:0.482 3:0.398 4:0.311 5:0.275 6:0.229 7:0.206 10:0.215 11:0.187 12:0.170 13:0.163
[MBMAP] probe=W32_s513 set=b+n risc=n y=4 1:0.512 2:0.467 3:0.384 4:0.304 5:0.263 6:0.227 7:0.208 10:0.209 11:0.183 12:0.167 13:0.160
[MBMAP] probe=W32_s513 set=b+n risc=n y=5 1:0.512 2:0.443 3:0.344 4:0.270 5:0.236 6:0.206 7:0.186 10:0.190 11:0.169 12:0.154 13:0.150
[MBMAP] probe=W32_s513 set=b+n risc=n y=6 1:0.508 2:0.413 3:0.317 4:0.255 5:0.223 6:0.197 7:0.179 10:0.182 11:0.163 12:0.150 13:0.146
[MBMAP] probe=W32_s513 set=b+n risc=n y=7 1:0.510 2:0.402 3:0.311 4:0.253 5:0.219 6:0.197 7:0.177 10:0.181 11:0.164 12:0.150 13:0.146
[MBMAP] probe=W32_s513 set=b+n risc=n y=8 1:0.507 2:0.383 3:0.290 4:0.242 5:0.211 6:0.187 7:0.172 10:0.172 11:0.157 12:0.145 13:0.143
[MBMAP] probe=W32_s513 set=b+n risc=n y=9 1:0.509 2:0.377 3:0.278 4:0.239 5:0.208 6:0.184 7:0.170 10:0.168 11:0.155 12:0.143 13:0.142
[MBMAP] probe=W32_s513 set=b+n risc=n y=10 1:0.514 2:0.412 3:0.297 4:0.245 5:0.215 6:0.190 7:0.175 10:0.174 11:0.159 12:0.146 13:0.145
[MBMAP] probe=W32_s513 set=b+n risc=n y=11 1:0.517 2:0.509 3:0.456 4:0.379 5:0.340 6:0.280 7:0.253 10:0.261 11:0.234 12:0.209 13:0.194
2026-10-07 22:59:08.351 | info     |    BuildKernels | JIT cache stats: 0/21 hits (0.0%) [0 cached, 86 build-once dedup, 0 merged artifacts, 0 merged genfiles] (build_cache_telemetry.cpp:197)
2026-10-07 22:59:08.351 | info     |    BuildKernels | JIT telemetry: 2 registered TelemetryTokens (build_cache_telemetry.cpp:230)
2026-10-07 22:59:08.351 | info     |    BuildKernels | JIT telemetry [JitBuildState::build]: count=21, total=8254.676ms, min=245.097ms, max=1459.733ms, mean=393.080ms (build_cache_telemetry.cpp:238)
2026-10-07 22:59:08.351 | info     |    BuildKernels | JIT telemetry [jit_build]: count=18, total=7176.479ms, min=245.098ms, max=1459.734ms, mean=398.693ms (build_cache_telemetry.cpp:238)
2026-10-07 22:59:08.353 | info     |          Device | Closing user mode device drivers (tt_cluster.cpp:498)
2026-10-07 22:59:08.353 | info     |             UMD | Closing devices in cluster (cluster.cpp:1057)
2026-10-07 22:59:08.366 | info     |             UMD | Closing devices in cluster completed. (cluster.cpp:1066)
2026-10-07 22:59:08.366 | info     |             UMD | Cluster destructor started. (cluster.cpp:550)
2026-10-07 22:59:08.366 | info     |             UMD | Cluster destructor completed. (cluster.cpp:553)
