[ttw 2026-10-07T19:19:06-0400] WARNING: devrun (--timeout / ttw.toml timeout_s) timeout=420s is over the 400s reservation limit — RUNNING IT ANYWAY.
[ttw 2026-10-07T19:19:06-0400]   timeout_sec IS the reservation: a crash squats on the shared device for the full 420s.
[ttw 2026-10-07T19:19:06-0400]   FIX THE RUN — never skip it, never just raise the number. Two levers:
[ttw 2026-10-07T19:19:06-0400]   (a) MOVE WORK OFF THE RESERVATION (it carries device compute only):
[ttw 2026-10-07T19:19:06-0400]       cold JIT compile       -> tt_metal/tools/kernel_prewarm/prewarm_and_submit.sh
[ttw 2026-10-07T19:19:06-0400]       profiler post-process  -> capture with 'tracy -p' only; process_ops_logs.py on the host
[ttw 2026-10-07T19:19:06-0400]       CPU reference / PCC    -> run the oracle off-reservation
[ttw 2026-10-07T19:19:06-0400]   (b) CHUNK IT — each chunk lands under the limit, and ALL the work still runs:
[ttw 2026-10-07T19:19:06-0400]       monolithic pipeline    -> one capture per stage/block, stitch off-device
[ttw 2026-10-07T19:19:06-0400]       long sweep             -> several shorter jobs
[ttw 2026-10-07T19:19:06-0400]       untraced/eager gen     -> the traced/warm path
[ttw 2026-10-07T19:19:06-0400]   Proceeding with this run. Size the next from the MEASURED device-held time (aim <=400s).
================ BUILD ID ================
  cpp : #124 sha=c8e744c6 bin=bef15a5d048f9f90 t367 iter-210 c8e744c6 pinned-host output (yyzo-bh-04)
  data: # sha=
=========================================
host=yyzo-bh-04  tag=t367-r3-pin  timeout=420s  worry=600s  ts=2026-10-07T19:19:06-0400
cmd: T=/localdev/smarton/gstt2-t367 bash /localdev/smarton/gstt2-t367/tmp/t367_remote_time.sh 3 pin
-----------------------------------------
=== r3-pin c8e744c GSPLAT_TT_OUT_PINNED=1 23:19:07
run rc=0
SUMMARY scene=bicycle hero='hero' hero_vs_ref=nandB(8bit-vs-golden) hero_vs_cpu=nandB(float-vs-cpu) avg_frame_ms=10.9 p50_ms=11.1 min_ms=9.1 max_ms=12.7 n_views=30 warmup_s=1.5 out=/localdev/smarton/gstt2-t367/tmp/t367-r3-pin
STAGES n=30 head=0.003 project=3.031 tile_assign=0.004 sort=0.497 blend_setup=0.000 mat=0.000 cull=0.000 blend=7.088 d2h=0.257 assemble=0.000 tail=0.002 | sum=10.882 view_total=10.884 resid_in_view=+0.002 avg_frame_ms=10.917 resid_vs_frame=+0.035
SORT_STAGES n=30 pread=0.002 bin_count=0.000 bin_hist_d2h=0.000 bin_layout=0.050 upload=0.000 bin_emit=0.191 kernel=0.000 d2h=0.000 compact=0.000 publish_host=0.167 publish_wait=0.000 mat=0.038 | sum=0.448 sort=0.497 resid=+0.049
PROJECT_STAGES n=30 cov3d=0.000 pfwc_setup=0.004 pfwc_rtargs=0.044 pfwc_enqueue=0.035 pfwc_finish=0.000 gather_setup=0.001 gather_rtargs=0.000 gather_enqueue=0.000 gather_wait=2.945 gather_result=0.000 | sum=3.030 project=3.031 resid=+0.001
TILE_ASSIGN_STAGES n=30 setup=0.003 rtargs=0.000 enqueue=0.000 scan_finish=0.000 p_d2h=0.000 k2_finish=0.000 publish=0.001 | sum=0.004 tile_assign=0.004 resid=+0.001
ALL_VIEWS_IDENTICAL (30 views)
md5-r3-base.txt: IDENTICAL to base
md5-r3-pin.txt: IDENTICAL to base
=== done round 3 23:19:17
[ttw] log: /Users/smarton/dev/gsplat_tt/tt-project/worktrees/t367/tmp/ttw-state/logs/t367-r3-pin-20261007-191906.log
