[ttw 2026-10-07T20:59:07-0400] WARNING: devrun (--timeout / ttw.toml timeout_s) timeout=420s is over the 400s reservation limit — RUNNING IT ANYWAY.
[ttw 2026-10-07T20:59:07-0400]   timeout_sec IS the reservation: a crash squats on the shared device for the full 420s.
[ttw 2026-10-07T20:59:07-0400]   FIX THE RUN — never skip it, never just raise the number. Two levers:
[ttw 2026-10-07T20:59:07-0400]   (a) MOVE WORK OFF THE RESERVATION (it carries device compute only):
[ttw 2026-10-07T20:59:07-0400]       cold JIT compile       -> tt_metal/tools/kernel_prewarm/prewarm_and_submit.sh
[ttw 2026-10-07T20:59:07-0400]       profiler post-process  -> capture with 'tracy -p' only; process_ops_logs.py on the host
[ttw 2026-10-07T20:59:07-0400]       CPU reference / PCC    -> run the oracle off-reservation
[ttw 2026-10-07T20:59:07-0400]   (b) CHUNK IT — each chunk lands under the limit, and ALL the work still runs:
[ttw 2026-10-07T20:59:07-0400]       monolithic pipeline    -> one capture per stage/block, stitch off-device
[ttw 2026-10-07T20:59:07-0400]       long sweep             -> several shorter jobs
[ttw 2026-10-07T20:59:07-0400]       untraced/eager gen     -> the traced/warm path
[ttw 2026-10-07T20:59:07-0400]   Proceeding with this run. Size the next from the MEASURED device-held time (aim <=400s).
================ BUILD ID ================
  cpp : #124 sha=56f75707 bin=05041cc9d71f9082 t393 iter-211 56f75707 xvpin default (yyzo-bh-04)
  data: # sha= 
=========================================
host=yyzo-bh-04  tag=t393-r0-xvdef  timeout=420s  worry=600s  ts=2026-10-07T20:59:07-0400
cmd: T=/localdev/smarton/gstt2-t393 bash /localdev/smarton/gstt2-t393/tmp/t379_remote_time.sh 0 xvdef:
-----------------------------------------
=== r0-xvdef 56f7570  00:59:08
run rc=0
SUMMARY scene=bicycle hero='hero' hero_vs_ref=nandB(8bit-vs-golden) hero_vs_cpu=nandB(float-vs-cpu) avg_frame_ms=9.0 p50_ms=9.0 min_ms=7.4 max_ms=11.5 n_views=30 warmup_s=8.4 out=/localdev/smarton/gstt2-t393/tmp/t379-r0-xvdef
STAGES n=30 head=0.005 project=1.129 tile_assign=0.005 sort=0.470 blend_setup=0.000 mat=0.000 cull=0.000 blend=7.043 d2h=0.192 assemble=0.000 tail=0.003 xview=0.066 | sum=8.913 view_total=8.915 resid_in_view=+0.002 avg_frame_ms=8.967 resid_vs_frame=+0.054 xview_hits=29 xview_misses=0
SORT_STAGES n=30 pread=0.002 bin_count=0.000 bin_hist_d2h=0.000 bin_layout=0.046 upload=0.000 bin_emit=0.183 kernel=0.000 d2h=0.000 compact=0.000 publish_host=0.154 publish_wait=0.000 mat=0.033 | sum=0.418 sort=0.470 resid=+0.052
PROJECT_STAGES n=30 cov3d=0.000 pfwc_setup=0.004 pfwc_rtargs=0.049 pfwc_enqueue=0.015 pfwc_finish=0.000 gather_setup=0.003 gather_rtargs=0.000 gather_enqueue=0.000 gather_wait=1.121 gather_result=0.000 | sum=1.193 project=1.129 resid=-0.064
TILE_ASSIGN_STAGES n=30 setup=0.004 rtargs=0.000 enqueue=0.000 scan_finish=0.000 p_d2h=0.000 k2_finish=0.000 publish=0.001 | sum=0.005 tile_assign=0.005 resid=+0.001
ALL_VIEWS_IDENTICAL (30 views)
XVIEW_HITS_OK hits=29 views=30
=== done round 0 00:59:25
[ttw] log: /Users/smarton/dev/gsplat_tt/tt-project/worktrees/t393/tmp/ttw-state/logs/t393-r0-xvdef-20261007-205907.log
