================ BUILD ID ================
  cpp : #124 sha=f69be1d7 bin=63d50f1340544ab3 t481 2b55e3a6 PFWC_SKIP_RGB b2b A/B (yyzo-bh-04)
  data: # sha=
=========================================
host=yyzo-bh-04  tag=t481-r3-lat  timeout=380s  worry=600s  ts=2026-10-10T08:02:15-0700
cmd: T=/localdev/smarton/gstt2-t469 bash /localdev/smarton/gstt2-t469/docs/pfwc-skiprgb-t481/remote_ab.sh 3 lat off on
-----------------------------------------
=== r3-lat-off 2b55e3a SKIP_RGB=0 15:02:16 load=4.22
run rc=0
[DEV] dispatch worker (worker), command queues 2, compute grid 11x10
SUMMARY scene=bicycle hero='hero' hero_vs_ref=nandB(8bit-vs-golden) hero_vs_cpu=nandB(float-vs-cpu) avg_frame_ms=9.4 p50_ms=9.5 min_ms=7.9 max_ms=10.9 n_views=30 warmup_s=2.3 out=/localdev/smarton/gstt2-t469/tmp/t481-r3-lat-off
TTW_TIMING ms_view=9.368
STAGES n=30 head=0.002 project=2.390 tile_assign=0.003 sort=0.468 blend_setup=0.000 mat=0.000 cull=0.000 blend=6.429 d2h=0.003 assemble=0.000 tail=0.003 xview=0.041 | sum=9.339 view_total=9.341 resid_in_view=+0.001 avg_frame_ms=9.368 resid_vs_frame=+0.029 xview_hits=29 xview_misses=0
=== r3-lat-on 2b55e3a SKIP_RGB=1 15:02:22 load=4.12
run rc=0
[DEV] dispatch worker (worker), command queues 2, compute grid 11x10
SUMMARY scene=bicycle hero='hero' hero_vs_ref=nandB(8bit-vs-golden) hero_vs_cpu=nandB(float-vs-cpu) avg_frame_ms=9.3 p50_ms=9.4 min_ms=7.9 max_ms=10.8 n_views=30 warmup_s=2.2 out=/localdev/smarton/gstt2-t469/tmp/t481-r3-lat-on
TTW_TIMING ms_view=9.314
STAGES n=30 head=0.002 project=2.336 tile_assign=0.004 sort=0.563 blend_setup=0.000 mat=0.000 cull=0.000 blend=6.324 d2h=0.004 assemble=0.000 tail=0.003 xview=0.047 | sum=9.284 view_total=9.285 resid_in_view=+0.001 avg_frame_ms=9.314 resid_vs_frame=+0.030 xview_hits=29 xview_misses=0
=== done 3 lat 15:02:27
[ttw] log: /Users/smarton/dev/gsplat_tt/tt-project/worktrees/t481/tmp/ttw-state/logs/t481-r3-lat-20261010-080214.log
