[ttw 2026-10-07T23:56:10-0400] WARNING: devrun (--timeout / ttw.toml timeout_s) timeout=420s is over the 400s reservation limit — RUNNING IT ANYWAY.
[ttw 2026-10-07T23:56:10-0400]   timeout_sec IS the reservation: a crash squats on the shared device for the full 420s.
[ttw 2026-10-07T23:56:10-0400]   FIX THE RUN — never skip it, never just raise the number. Two levers:
[ttw 2026-10-07T23:56:10-0400]   (a) MOVE WORK OFF THE RESERVATION (it carries device compute only):
[ttw 2026-10-07T23:56:10-0400]       cold JIT compile       -> tt_metal/tools/kernel_prewarm/prewarm_and_submit.sh
[ttw 2026-10-07T23:56:10-0400]       profiler post-process  -> capture with 'tracy -p' only; process_ops_logs.py on the host
[ttw 2026-10-07T23:56:10-0400]       CPU reference / PCC    -> run the oracle off-reservation
[ttw 2026-10-07T23:56:10-0400]   (b) CHUNK IT — each chunk lands under the limit, and ALL the work still runs:
[ttw 2026-10-07T23:56:10-0400]       monolithic pipeline    -> one capture per stage/block, stitch off-device
[ttw 2026-10-07T23:56:11-0400]       long sweep             -> several shorter jobs
[ttw 2026-10-07T23:56:11-0400]       untraced/eager gen     -> the traced/warm path
[ttw 2026-10-07T23:56:11-0400]   Proceeding with this run. Size the next from the MEASURED device-held time (aim <=400s).
================ BUILD ID ================
  cpp : #124 sha=be4b6f91 bin=971ba4aa2e19a355 t433 be4b6f91 chunk cull A/B (yyzo-bh-04)
  data: # sha=
=========================================
host=yyzo-bh-04  tag=t433-r3-cull  timeout=420s  worry=600s  ts=2026-10-07T23:56:11-0400
cmd: T=/localdev/smarton/gstt2-t433 bash /localdev/smarton/gstt2-t433/tmp/t379_remote_time.sh 3 cull:GSPLAT_TT_CHUNK_CULL=1,GSPLAT_TT_CHUNK_LOG=1
-----------------------------------------
=== r3-cull be4b6f9 GSPLAT_TT_CHUNK_CULL=1 GSPLAT_TT_CHUNK_LOG=1 03:56:11
run rc=0
SUMMARY scene=bicycle hero='hero' hero_vs_ref=nandB(8bit-vs-golden) hero_vs_cpu=nandB(float-vs-cpu) avg_frame_ms=9.0 p50_ms=9.1 min_ms=7.3 max_ms=11.6 n_views=30 warmup_s=1.6 out=/localdev/smarton/gstt2-t433/tmp/t379-r3-cull
STAGES n=30 head=0.006 project=1.167 tile_assign=0.006 sort=0.496 blend_setup=0.000 mat=0.000 cull=0.000 blend=7.106 d2h=0.004 assemble=0.000 tail=0.004 xview=0.180 | sum=8.969 view_total=8.971 resid_in_view=+0.002 avg_frame_ms=9.026 resid_vs_frame=+0.057 xview_hits=29 xview_misses=0
SORT_STAGES n=30 pread=0.002 bin_count=0.000 bin_hist_d2h=0.000 bin_layout=0.047 upload=0.000 bin_emit=0.195 kernel=0.000 d2h=0.000 compact=0.000 publish_host=0.159 publish_wait=0.000 mat=0.036 | sum=0.439 sort=0.496 resid=+0.057
PROJECT_STAGES n=30 cov3d=0.000 pfwc_setup=0.119 pfwc_rtargs=0.049 pfwc_enqueue=0.017 pfwc_finish=0.000 gather_setup=0.004 gather_rtargs=0.000 gather_enqueue=0.000 gather_wait=1.155 gather_result=0.000 | sum=1.345 project=1.167 resid=-0.178
TILE_ASSIGN_STAGES n=30 setup=0.004 rtargs=0.000 enqueue=0.000 scan_finish=0.000 p_d2h=0.000 k2_finish=0.000 publish=0.001 | sum=0.005 tile_assign=0.006 resid=+0.001
VIEWS DIFFER (30 of 30)
=== done round 3 03:56:23
[ttw] log: /Users/smarton/dev/gsplat_tt/tt-project/worktrees/t433/tmp/ttw-state/logs/t433-r3-cull-20261007-235611.log
