[run] warmup (hero='hero', 1024x1024, scene=bicycle)
2026-10-04 21:23:30.782 | info     |             UMD | Creating TopologyDiscovery for architecture: blackhole (topology_discovery.cpp:75)
2026-10-04 21:23:30.782 | info     |             UMD | Starting topology discovery. (topology_discovery.cpp:92)
2026-10-04 21:23:30.785 | warning  |             UMD | Low power mode is disabled while UMD holds open file descriptors. The device will return to low power mode once all file descriptors are closed. (topology_discovery.cpp:140)
2026-10-04 21:23:30.786 | info     |             UMD | Established firmware bundle version: 19.12.0 (topology_discovery.cpp:544)
2026-10-04 21:23:30.786 | info     |             UMD | Firmware bundle version 19.12.0 on the system is newer than the latest fully tested version 19.5.0 for blackhole architecture. Newest features may not be supported. (topology_discovery.cpp:570)
2026-10-04 21:23:30.786 | info     |             UMD | Completed topology discovery. (topology_discovery.cpp:96)
2026-10-04 21:23:30.787 | info     |          Device | Opening user mode device driver (tt_cluster.cpp:225)
2026-10-04 21:23:30.787 | info     |             UMD | Cluster constructor started. (cluster.cpp:317)
2026-10-04 21:23:30.787 | info     |             UMD | Creating TopologyDiscovery for architecture: blackhole (topology_discovery.cpp:75)
2026-10-04 21:23:30.787 | info     |             UMD | Starting topology discovery. (topology_discovery.cpp:92)
2026-10-04 21:23:30.789 | warning  |             UMD | Low power mode is disabled while UMD holds open file descriptors. The device will return to low power mode once all file descriptors are closed. (topology_discovery.cpp:140)
2026-10-04 21:23:30.790 | info     |             UMD | Established firmware bundle version: 19.12.0 (topology_discovery.cpp:544)
2026-10-04 21:23:30.790 | info     |             UMD | Firmware bundle version 19.12.0 on the system is newer than the latest fully tested version 19.5.0 for blackhole architecture. Newest features may not be supported. (topology_discovery.cpp:570)
2026-10-04 21:23:30.790 | info     |             UMD | Completed topology discovery. (topology_discovery.cpp:96)
2026-10-04 21:23:30.790 | info     |             UMD | Harvesting masks for Chip 0: Tensix: 0xc0 DRAM: 0x8 ETH: 0x3fff PCIe: 0x2 L2CPU: 0x0 (cluster.cpp:262)
2026-10-04 21:23:30.790 | info     |             UMD | Initializing iommu for sysmem (size: 0x40000000). (silicon_sysmem_manager.cpp:334)
2026-10-04 21:23:30.790 | info     |             UMD | Allocating sysmem for IOMMU (size: 0x40000000). (silicon_sysmem_manager.cpp:340)
2026-10-04 21:23:30.829 | info     |             UMD | Opening local chip ids/PCIe ids: {0}/[0] and remote chip ids {} (cluster.cpp:153)
2026-10-04 21:23:30.829 | info     |             UMD | IOMMU: enabled (cluster.cpp:133)
2026-10-04 21:23:30.829 | info     |             UMD | KMD version: 2.9.0 (cluster.cpp:136)
2026-10-04 21:23:30.829 | info     |             UMD | Cluster constructor completed. (cluster.cpp:409)
2026-10-04 21:23:30.830 | info     |             UMD | Starting devices in cluster (cluster.cpp:1044)
2026-10-04 21:23:30.830 | info     |             UMD | Mapped sysmem without hugepages to IOVA 0xffffffffc0000000; NOC address 0x1000000000000000 (silicon_sysmem_manager.cpp:391)
2026-10-04 21:23:30.830 | info     |             UMD | Starting devices in cluster completed. (cluster.cpp:1052)
2026-10-04 21:23:31.330 | info     |     Distributed | Using auto discovery to generate mesh graph. (metal_env.cpp:332)
2026-10-04 21:23:31.330 | info     |     Distributed | Constructing control plane using auto-discovery (no mesh graph descriptor). (metal_env.cpp:394)
2026-10-04 21:23:31.330 | info     |             UMD | Creating TopologyDiscovery for architecture: blackhole (topology_discovery.cpp:75)
2026-10-04 21:23:31.330 | info     |             UMD | Starting topology discovery. (topology_discovery.cpp:92)
2026-10-04 21:23:31.332 | warning  |             UMD | Low power mode is disabled while UMD holds open file descriptors. The device will return to low power mode once all file descriptors are closed. (topology_discovery.cpp:140)
2026-10-04 21:23:31.332 | info     |             UMD | Established firmware bundle version: 19.12.0 (topology_discovery.cpp:544)
2026-10-04 21:23:31.332 | info     |             UMD | Firmware bundle version 19.12.0 on the system is newer than the latest fully tested version 19.5.0 for blackhole architecture. Newest features may not be supported. (topology_discovery.cpp:570)
2026-10-04 21:23:31.332 | info     |             UMD | Completed topology discovery. (topology_discovery.cpp:96)
2026-10-04 21:23:31.334 | warning  |          Always | Unknown motherboard 'X670E GAMING PLUS WIFI (MS-7E16)' for chip_id=0 (bus_id=0x1) — defaulting tray_id to 0. Add this motherboard and its bus IDs to mobo_to_bus_ids in physical_system_discovery.cpp. (physical_system_discovery.cpp:56)
2026-10-04 21:23:31.334 | info     |          Fabric | TopologyMapper: Logical Multi-Mesh Adjacency Map: (topology_mapper.cpp:1474)
2026-10-04 21:23:31.334 | info     |          Fabric | 
=== Logical Mesh-Level Graph Adjacency Map ===
Total nodes: 1
Degree histogram: {0:1}
 (topology_solver.tpp:94)
2026-10-04 21:23:31.334 | info     |          Fabric | 
=== Logical Mesh 0 Internal Graph Adjacency Map ===
Total nodes: 1
Degree histogram: {0:1}
 (topology_solver.tpp:94)
2026-10-04 21:23:31.334 | info     |          Fabric | TopologyMapper: Physical Multi-Mesh Adjacency Map: (topology_mapper.cpp:1485)
2026-10-04 21:23:31.334 | info     |          Fabric | 
=== Physical Mesh-Level Graph Adjacency Map ===
Total nodes: 1
Degree histogram: {0:1}
 (topology_solver.tpp:94)
2026-10-04 21:23:31.334 | info     |          Fabric | 
=== Physical Mesh 0 Internal Graph Adjacency Map ===
Total nodes: 1
Degree histogram: {0:1}
 (topology_solver.tpp:94)
2026-10-04 21:23:31.334 | info     |          Fabric | Starting multi-mesh mapping: 1 logical mesh(es) to 1 physical mesh(es) (topology_mapper_utils.cpp:1465)
2026-10-04 21:23:31.334 | info     |          Fabric | Multi-mesh mapping attempt 1/2: Trying inter-mesh mapping (topology_mapper_utils.cpp:1506)
2026-10-04 21:23:31.334 | info     |          Fabric | Attempt 1: Inter-mesh mapping succeeded, found 1 mesh pair(s) (topology_mapper_utils.cpp:1535)
2026-10-04 21:23:31.334 | info     |          Fabric | Attempt 1: Mapping 1 mesh pair(s) (topology_mapper_utils.cpp:1547)
2026-10-04 21:23:31.334 | info     |          Fabric | Attempt 1: Mapping mesh 0 -> 0 (topology_mapper_utils.cpp:1549)
2026-10-04 21:23:31.334 | info     |          Fabric | Multi-mesh mapping succeeded after 1 attempt(s): 1 mesh pair(s) mapped (topology_mapper_utils.cpp:1682)
2026-10-04 21:23:31.381 | info     |           Metal | ShmResourceTracker: removed stale shm '/tt_d2h_1517606_1057323599_0' (shm_resource_tracker.cpp:265)
2026-10-04 21:23:31.381 | info     |           Metal | ShmResourceTracker: removed stale manifest '/dev/shm/tt_socket_manifest_1517606' (shm_resource_tracker.cpp:275)
2026-10-04 21:23:31.958 | info     |           Metal | [Real-time profiler] Device 0 sync complete: 100 samples, frequency=1.349978 GHz, device_time_at_sync=22077008036166 cycles (realtime_profiler_manager.cpp:1075)
[JIT_WARMUP] ideal-path contexts compiled in 1193.6 ms
[SORT] ONELAUNCH v2 OL_PB=8 OL_RING=8 OL_WIN_PAGES=1024 OL_MAT_SELECT=0 cb_bytes/mover=504896 shared=22400
[SUBCHUNK] tiles_split=100 total_subchunks=1131 max_subchunks_per_tile=4 payload_pages=51088
[SORT] stage=ONELAUNCH P=3236947 P_kept=3236947 num_tiles=1024 max_tile_n=25019 onelaunch=6.36 layout=0.10 pub_host=0.15 total=6.90ms
[run] timing 30 views (warmup excluded)
[SUBCHUNK] tiles_split=100 total_subchunks=1131 max_subchunks_per_tile=4 payload_pages=51088
[SORT] stage=ONELAUNCH P=3236947 P_kept=3236947 num_tiles=1024 max_tile_n=25019 onelaunch=4.46 layout=0.09 pub_host=0.14 total=4.71ms
[run]   view=hero 19.7ms saved=view00_hero.png
[SUBCHUNK] tiles_split=77 total_subchunks=1108 max_subchunks_per_tile=3 payload_pages=36856
[SORT] stage=ONELAUNCH P=2326963 P_kept=2326963 num_tiles=1024 max_tile_n=21115 onelaunch=3.02 layout=0.10 pub_host=0.14 total=3.27ms
[run]   view=orb_00 15.7ms saved=view01_orb_00.png
[SUBCHUNK] tiles_split=76 total_subchunks=1107 max_subchunks_per_tile=3 payload_pages=38056
[SORT] stage=ONELAUNCH P=2403491 P_kept=2403491 num_tiles=1024 max_tile_n=20713 onelaunch=3.15 layout=0.09 pub_host=0.14 total=3.40ms
[run]   view=orb_01 16.2ms saved=view02_orb_01.png
[SUBCHUNK] tiles_split=76 total_subchunks=1107 max_subchunks_per_tile=3 payload_pages=39635
[SORT] stage=ONELAUNCH P=2503749 P_kept=2503749 num_tiles=1024 max_tile_n=20892 onelaunch=3.48 layout=0.09 pub_host=0.14 total=3.73ms
[run]   view=orb_02 16.5ms saved=view03_orb_02.png
[SUBCHUNK] tiles_split=76 total_subchunks=1110 max_subchunks_per_tile=3 payload_pages=41731
[SORT] stage=ONELAUNCH P=2638616 P_kept=2638616 num_tiles=1024 max_tile_n=19848 onelaunch=3.90 layout=0.10 pub_host=0.14 total=4.15ms
[run]   view=orb_03 17.5ms saved=view04_orb_03.png
[SUBCHUNK] tiles_split=80 total_subchunks=1113 max_subchunks_per_tile=3 payload_pages=44271
[SORT] stage=ONELAUNCH P=2801342 P_kept=2801342 num_tiles=1024 max_tile_n=22669 onelaunch=3.91 layout=0.09 pub_host=0.14 total=4.17ms
[run]   view=orb_04 18.0ms saved=view05_orb_04.png
[SUBCHUNK] tiles_split=91 total_subchunks=1120 max_subchunks_per_tile=3 payload_pages=48109
[SORT] stage=ONELAUNCH P=3046390 P_kept=3046390 num_tiles=1024 max_tile_n=24181 onelaunch=4.03 layout=0.10 pub_host=0.14 total=4.30ms
[run]   view=orb_05 18.4ms saved=view06_orb_05.png
[SUBCHUNK] tiles_split=103 total_subchunks=1135 max_subchunks_per_tile=3 payload_pages=50942
[SORT] stage=ONELAUNCH P=3227544 P_kept=3227544 num_tiles=1024 max_tile_n=23335 onelaunch=4.55 layout=0.10 pub_host=0.15 total=4.82ms
[run]   view=orb_06 19.7ms saved=view07_orb_06.png
[SUBCHUNK] tiles_split=98 total_subchunks=1134 max_subchunks_per_tile=3 payload_pages=54368
[SORT] stage=ONELAUNCH P=3446510 P_kept=3446510 num_tiles=1024 max_tile_n=23472 onelaunch=4.44 layout=0.10 pub_host=0.15 total=4.70ms
[run]   view=orb_07 20.9ms saved=view08_orb_07.png
[SUBCHUNK] tiles_split=100 total_subchunks=1137 max_subchunks_per_tile=3 payload_pages=55308
[SORT] stage=ONELAUNCH P=3508635 P_kept=3508635 num_tiles=1024 max_tile_n=20629 onelaunch=4.79 layout=0.10 pub_host=0.15 total=5.06ms
[run]   view=orb_08 21.8ms saved=view09_orb_08.png
[SUBCHUNK] tiles_split=102 total_subchunks=1137 max_subchunks_per_tile=3 payload_pages=55844
[SORT] stage=ONELAUNCH P=3542025 P_kept=3542025 num_tiles=1024 max_tile_n=21128 onelaunch=5.04 layout=0.10 pub_host=0.14 total=5.31ms
[run]   view=orb_09 22.0ms saved=view10_orb_09.png
[SUBCHUNK] tiles_split=101 total_subchunks=1136 max_subchunks_per_tile=3 payload_pages=56176
[SORT] stage=ONELAUNCH P=3562916 P_kept=3562916 num_tiles=1024 max_tile_n=21052 onelaunch=5.00 layout=0.10 pub_host=0.15 total=5.26ms
[run]   view=orb_10 22.1ms saved=view11_orb_10.png
[SUBCHUNK] tiles_split=103 total_subchunks=1133 max_subchunks_per_tile=3 payload_pages=54752
[SORT] stage=ONELAUNCH P=3472480 P_kept=3472480 num_tiles=1024 max_tile_n=21806 onelaunch=4.53 layout=0.11 pub_host=0.14 total=4.80ms
[run]   view=orb_11 20.7ms saved=view12_orb_11.png
[SUBCHUNK] tiles_split=95 total_subchunks=1124 max_subchunks_per_tile=3 payload_pages=52484
[SORT] stage=ONELAUNCH P=3326896 P_kept=3326896 num_tiles=1024 max_tile_n=21951 onelaunch=4.33 layout=0.11 pub_host=0.19 total=4.65ms
[run]   view=orb_12 19.8ms saved=view13_orb_12.png
[SUBCHUNK] tiles_split=94 total_subchunks=1122 max_subchunks_per_tile=3 payload_pages=50855
[SORT] stage=ONELAUNCH P=3220971 P_kept=3220971 num_tiles=1024 max_tile_n=22411 onelaunch=4.42 layout=0.10 pub_host=0.14 total=4.68ms
[run]   view=orb_13 19.5ms saved=view14_orb_13.png
[SUBCHUNK] tiles_split=92 total_subchunks=1119 max_subchunks_per_tile=3 payload_pages=49786
[SORT] stage=ONELAUNCH P=3154306 P_kept=3154306 num_tiles=1024 max_tile_n=23515 onelaunch=4.11 layout=0.10 pub_host=0.14 total=4.36ms
[run]   view=orb_14 18.7ms saved=view15_orb_14.png
[SUBCHUNK] tiles_split=95 total_subchunks=1124 max_subchunks_per_tile=3 payload_pages=48805
[SORT] stage=ONELAUNCH P=3091059 P_kept=3091059 num_tiles=1024 max_tile_n=21264 onelaunch=4.04 layout=0.09 pub_host=0.14 total=4.29ms
[run]   view=orb_15 18.5ms saved=view16_orb_15.png
[SUBCHUNK] tiles_split=93 total_subchunks=1122 max_subchunks_per_tile=3 payload_pages=48044
[SORT] stage=ONELAUNCH P=3043980 P_kept=3043980 num_tiles=1024 max_tile_n=21980 onelaunch=4.06 layout=0.10 pub_host=0.14 total=4.33ms
[run]   view=orb_16 18.6ms saved=view17_orb_16.png
[SUBCHUNK] tiles_split=94 total_subchunks=1126 max_subchunks_per_tile=3 payload_pages=48005
[SORT] stage=ONELAUNCH P=3039185 P_kept=3039185 num_tiles=1024 max_tile_n=20258 onelaunch=4.12 layout=0.09 pub_host=0.15 total=4.37ms
[run]   view=orb_17 18.6ms saved=view18_orb_17.png
[SUBCHUNK] tiles_split=93 total_subchunks=1123 max_subchunks_per_tile=3 payload_pages=48264
[SORT] stage=ONELAUNCH P=3056614 P_kept=3056614 num_tiles=1024 max_tile_n=19858 onelaunch=4.12 layout=0.10 pub_host=0.15 total=4.39ms
[run]   view=orb_18 19.0ms saved=view19_orb_18.png
[SUBCHUNK] tiles_split=89 total_subchunks=1120 max_subchunks_per_tile=3 payload_pages=48172
[SORT] stage=ONELAUNCH P=3050913 P_kept=3050913 num_tiles=1024 max_tile_n=20568 onelaunch=3.91 layout=0.10 pub_host=0.14 total=4.17ms
[run]   view=orb_19 18.6ms saved=view20_orb_19.png
[SUBCHUNK] tiles_split=100 total_subchunks=1130 max_subchunks_per_tile=3 payload_pages=47818
[SORT] stage=ONELAUNCH P=3028557 P_kept=3028557 num_tiles=1024 max_tile_n=19996 onelaunch=4.02 layout=0.10 pub_host=0.15 total=4.29ms
[run]   view=orb_20 18.9ms saved=view21_orb_20.png
[SUBCHUNK] tiles_split=101 total_subchunks=1131 max_subchunks_per_tile=3 payload_pages=47305
[SORT] stage=ONELAUNCH P=2995477 P_kept=2995477 num_tiles=1024 max_tile_n=24260 onelaunch=4.14 layout=0.10 pub_host=0.14 total=4.40ms
[run]   view=orb_21 18.7ms saved=view22_orb_21.png
[SUBCHUNK] tiles_split=98 total_subchunks=1128 max_subchunks_per_tile=3 payload_pages=45916
[SORT] stage=ONELAUNCH P=2905568 P_kept=2905568 num_tiles=1024 max_tile_n=20183 onelaunch=3.84 layout=0.09 pub_host=0.14 total=4.09ms
[run]   view=orb_22 18.2ms saved=view23_orb_22.png
[SUBCHUNK] tiles_split=93 total_subchunks=1124 max_subchunks_per_tile=3 payload_pages=44089
[SORT] stage=ONELAUNCH P=2789002 P_kept=2789002 num_tiles=1024 max_tile_n=22449 onelaunch=3.70 layout=0.09 pub_host=0.14 total=3.96ms
[run]   view=orb_23 17.6ms saved=view24_orb_23.png
[SUBCHUNK] tiles_split=88 total_subchunks=1120 max_subchunks_per_tile=3 payload_pages=40943
[SORT] stage=ONELAUNCH P=2588415 P_kept=2588415 num_tiles=1024 max_tile_n=21650 onelaunch=3.39 layout=0.10 pub_host=0.14 total=3.65ms
[run]   view=orb_24 17.1ms saved=view25_orb_24.png
[SUBCHUNK] tiles_split=80 total_subchunks=1110 max_subchunks_per_tile=3 payload_pages=38513
[SORT] stage=ONELAUNCH P=2432773 P_kept=2432773 num_tiles=1024 max_tile_n=23237 onelaunch=3.25 layout=0.10 pub_host=0.15 total=3.51ms
[run]   view=orb_25 16.3ms saved=view26_orb_25.png
[SUBCHUNK] tiles_split=76 total_subchunks=1105 max_subchunks_per_tile=3 payload_pages=37017
[SORT] stage=ONELAUNCH P=2337030 P_kept=2337030 num_tiles=1024 max_tile_n=23948 onelaunch=3.04 layout=0.10 pub_host=0.14 total=3.30ms
[run]   view=orb_26 15.9ms saved=view27_orb_26.png
[SUBCHUNK] tiles_split=78 total_subchunks=1107 max_subchunks_per_tile=3 payload_pages=36184
[SORT] stage=ONELAUNCH P=2283762 P_kept=2283762 num_tiles=1024 max_tile_n=23770 onelaunch=2.95 layout=0.09 pub_host=0.14 total=3.19ms
[run]   view=orb_27 15.6ms saved=view28_orb_27.png
[SUBCHUNK] tiles_split=74 total_subchunks=1105 max_subchunks_per_tile=3 payload_pages=36070
[SORT] stage=ONELAUNCH P=2277397 P_kept=2277397 num_tiles=1024 max_tile_n=22351 onelaunch=2.97 layout=0.10 pub_host=0.14 total=3.23ms
[run]   view=orb_28 15.7ms saved=view29_orb_28.png
SUMMARY scene=bicycle hero='hero' hero_vs_ref=100.00dB(8bit-vs-golden) hero_vs_cpu=nandB(float-vs-cpu) avg_frame_ms=18.5 p50_ms=18.6 min_ms=15.6 max_ms=22.1 n_views=30 warmup_s=1.9 out=/localdev/smarton/gstt2-t155/tmp/t155-r1-off
TTW_METRIC hero_vs_ref=100.00
TTW_TIMING ms_view=18.485
TTW_TIMING blend=18.485
TTW_TIMING stage_head=0.002
TTW_TIMING stage_project=4.650
TTW_TIMING stage_tile_assign=0.004
TTW_TIMING stage_sort=4.295
TTW_TIMING stage_blend_setup=0.000
TTW_TIMING stage_mat=0.000
TTW_TIMING stage_cull=0.000
TTW_TIMING stage_blend=9.306
TTW_TIMING stage_d2h=0.194
TTW_TIMING stage_assemble=0.000
TTW_TIMING stage_tail=0.002
TTW_TIMING stage_view_total=18.454
TTW_TIMING stage_pybind=0.032
STAGES n=30 head=0.002 project=4.650 tile_assign=0.004 sort=4.295 blend_setup=0.000 mat=0.000 cull=0.000 blend=9.306 d2h=0.194 assemble=0.000 tail=0.002 | sum=18.453 view_total=18.454 resid_in_view=+0.001 avg_frame_ms=18.485 resid_vs_frame=+0.032
TTW_TIMING stage_sort_pread=0.018
TTW_TIMING stage_sort_bin_count=0.000
TTW_TIMING stage_sort_bin_hist_d2h=0.000
TTW_TIMING stage_sort_bin_layout=0.097
TTW_TIMING stage_sort_upload=0.000
TTW_TIMING stage_sort_bin_emit=3.957
TTW_TIMING stage_sort_kernel=0.000
TTW_TIMING stage_sort_d2h=0.000
TTW_TIMING stage_sort_compact=0.000
TTW_TIMING stage_sort_publish_host=0.144
TTW_TIMING stage_sort_publish_wait=0.000
TTW_TIMING stage_sort_mat=0.043
TTW_TIMING stage_sort_other=0.036
SORT_STAGES n=30 pread=0.018 bin_count=0.000 bin_hist_d2h=0.000 bin_layout=0.097 upload=0.000 bin_emit=3.957 kernel=0.000 d2h=0.000 compact=0.000 publish_host=0.144 publish_wait=0.000 mat=0.043 | sum=4.259 sort=4.295 resid=+0.036
TTW_TIMING stage_project_cov3d=0.000
TTW_TIMING stage_project_pfwc_setup=0.004
TTW_TIMING stage_project_pfwc_rtargs=0.030
TTW_TIMING stage_project_pfwc_enqueue=0.032
TTW_TIMING stage_project_pfwc_finish=0.000
TTW_TIMING stage_project_gather_setup=0.001
TTW_TIMING stage_project_gather_rtargs=0.000
TTW_TIMING stage_project_gather_enqueue=0.000
TTW_TIMING stage_project_gather_wait=4.476
TTW_TIMING stage_project_gather_result=0.107
TTW_TIMING stage_project_other=0.001
PROJECT_STAGES n=30 cov3d=0.000 pfwc_setup=0.004 pfwc_rtargs=0.030 pfwc_enqueue=0.032 pfwc_finish=0.000 gather_setup=0.001 gather_rtargs=0.000 gather_enqueue=0.000 gather_wait=4.476 gather_result=0.107 | sum=4.649 project=4.650 resid=+0.001
TTW_TIMING stage_tile_assign_setup=0.003
TTW_TIMING stage_tile_assign_rtargs=0.000
TTW_TIMING stage_tile_assign_enqueue=0.000
TTW_TIMING stage_tile_assign_scan_finish=0.000
TTW_TIMING stage_tile_assign_p_d2h=0.000
TTW_TIMING stage_tile_assign_k2_finish=0.000
TTW_TIMING stage_tile_assign_publish=0.001
TTW_TIMING stage_tile_assign_other=0.000
TILE_ASSIGN_STAGES n=30 setup=0.003 rtargs=0.000 enqueue=0.000 scan_finish=0.000 p_d2h=0.000 k2_finish=0.000 publish=0.001 | sum=0.004 tile_assign=0.004 resid=+0.000
