[capture_tracy] render_clean capture (iter-dir=t194-tip views=all) -> /localdev/smarton/gstt2-t194/opt/profiler/t194-tip/render.tracy
[capture_tracy] CMD: /localdev/smarton/gstt2-t194/.venv/bin/python3 -m tracy -r -p -v --dump-device-data-mid-run -o /localdev/smarton/gstt2-t194/opt/profiler/wrap_out_t194-tip /localdev/smarton/gstt2-t194/opt/profiler/_capture_inner.sh
2026-10-05 01:36:47.255 | INFO     | __main__:main:175 - Setting profiler artifacts folder to /localdev/smarton/gstt2-t194/opt/profiler/wrap_out_t194-tip
2026-10-05 01:36:47.256 | INFO     | __main__:main:336 - Using port 8086
2026-10-05 01:36:47.256 | INFO     | tracy:run_report_setup:88 - Verifying tracy profiling tools
2026-10-05 01:36:47.259 | INFO     | tracy:run_report_setup:108 - Capture command: ('/localdev/smarton/tt-metal/build/tools/profiler/bin/capture-release -o /localdev/smarton/gstt2-t194/opt/profiler/wrap_out_t194-tip/.logs/tracy_profile_log_host.tracy -f -p 8086',)
Connecting to 127.0.0.1:8086...2026-10-05 01:36:47.264 | INFO     | __main__:main:400 - Test process started
2026-10-05 01:36:47.849 | INFO     | __main__:main:175 - Setting profiler artifacts folder to /localdev/smarton/gstt2-t194/opt/profiler/wrap_out_t194-tip
[capture-inner] python3 render/run.py --no-ref --iter-dir t194-tip  (MID_RUN_DUMP=1 DEVICE_PROFILER=1 GSPLAT_TT_PROFILE=1 TRACY_PORT=8086)
[run] warmup (hero='hero', 1024x1024, scene=bicycle)
2026-10-05 01:36:50.976 | info     |             UMD | Creating TopologyDiscovery for architecture: blackhole (topology_discovery.cpp:75)
2026-10-05 01:36:50.976 | info     |             UMD | Starting topology discovery. (topology_discovery.cpp:92)
2026-10-05 01:36:50.978 | warning  |             UMD | Low power mode is disabled while UMD holds open file descriptors. The device will return to low power mode once all file descriptors are closed. (topology_discovery.cpp:140)
2026-10-05 01:36:50.979 | info     |             UMD | Established firmware bundle version: 19.12.0 (topology_discovery.cpp:544)
2026-10-05 01:36:50.979 | info     |             UMD | Firmware bundle version 19.12.0 on the system is newer than the latest fully tested version 19.5.0 for blackhole architecture. Newest features may not be supported. (topology_discovery.cpp:570)
2026-10-05 01:36:50.979 | info     |             UMD | Completed topology discovery. (topology_discovery.cpp:96)
2026-10-05 01:36:50.980 | info     |          Device | Opening user mode device driver (tt_cluster.cpp:225)
2026-10-05 01:36:50.980 | info     |             UMD | Cluster constructor started. (cluster.cpp:317)
2026-10-05 01:36:50.980 | info     |             UMD | Creating TopologyDiscovery for architecture: blackhole (topology_discovery.cpp:75)
2026-10-05 01:36:50.980 | info     |             UMD | Starting topology discovery. (topology_discovery.cpp:92)
2026-10-05 01:36:50.982 | warning  |             UMD | Low power mode is disabled while UMD holds open file descriptors. The device will return to low power mode once all file descriptors are closed. (topology_discovery.cpp:140)
2026-10-05 01:36:50.983 | info     |             UMD | Established firmware bundle version: 19.12.0 (topology_discovery.cpp:544)
2026-10-05 01:36:50.983 | info     |             UMD | Firmware bundle version 19.12.0 on the system is newer than the latest fully tested version 19.5.0 for blackhole architecture. Newest features may not be supported. (topology_discovery.cpp:570)
2026-10-05 01:36:50.983 | info     |             UMD | Completed topology discovery. (topology_discovery.cpp:96)
2026-10-05 01:36:50.983 | info     |             UMD | Harvesting masks for Chip 0: Tensix: 0xc0 DRAM: 0x8 ETH: 0x3fff PCIe: 0x2 L2CPU: 0x0 (cluster.cpp:262)
2026-10-05 01:36:50.983 | info     |             UMD | Initializing iommu for sysmem (size: 0x40000000). (silicon_sysmem_manager.cpp:334)
2026-10-05 01:36:50.983 | info     |             UMD | Allocating sysmem for IOMMU (size: 0x40000000). (silicon_sysmem_manager.cpp:340)
2026-10-05 01:36:51.023 | info     |             UMD | Opening local chip ids/PCIe ids: {0}/[0] and remote chip ids {} (cluster.cpp:153)
2026-10-05 01:36:51.023 | info     |             UMD | IOMMU: enabled (cluster.cpp:133)
2026-10-05 01:36:51.023 | info     |             UMD | KMD version: 2.9.0 (cluster.cpp:136)
2026-10-05 01:36:51.023 | info     |             UMD | Cluster constructor completed. (cluster.cpp:409)
2026-10-05 01:36:51.023 | info     |             UMD | Starting devices in cluster (cluster.cpp:1044)
2026-10-05 01:36:51.024 | info     |             UMD | Mapped sysmem without hugepages to IOVA 0xffffffffc0000000; NOC address 0x1000000000000000 (silicon_sysmem_manager.cpp:391)
2026-10-05 01:36:51.024 | info     |             UMD | Starting devices in cluster completed. (cluster.cpp:1052)
2026-10-05 01:36:51.527 | info     |     Distributed | Using auto discovery to generate mesh graph. (metal_env.cpp:332)
2026-10-05 01:36:51.527 | info     |     Distributed | Constructing control plane using auto-discovery (no mesh graph descriptor). (metal_env.cpp:394)
2026-10-05 01:36:51.527 | info     |             UMD | Creating TopologyDiscovery for architecture: blackhole (topology_discovery.cpp:75)
2026-10-05 01:36:51.527 | info     |             UMD | Starting topology discovery. (topology_discovery.cpp:92)
2026-10-05 01:36:51.528 | warning  |             UMD | Low power mode is disabled while UMD holds open file descriptors. The device will return to low power mode once all file descriptors are closed. (topology_discovery.cpp:140)
2026-10-05 01:36:51.529 | info     |             UMD | Established firmware bundle version: 19.12.0 (topology_discovery.cpp:544)
2026-10-05 01:36:51.529 | info     |             UMD | Firmware bundle version 19.12.0 on the system is newer than the latest fully tested version 19.5.0 for blackhole architecture. Newest features may not be supported. (topology_discovery.cpp:570)
2026-10-05 01:36:51.529 | info     |             UMD | Completed topology discovery. (topology_discovery.cpp:96)
2026-10-05 01:36:51.529 | warning  |          Always | Unknown motherboard 'X670E GAMING PLUS WIFI (MS-7E16)' for chip_id=0 (bus_id=0x1) — defaulting tray_id to 0. Add this motherboard and its bus IDs to mobo_to_bus_ids in physical_system_discovery.cpp. (physical_system_discovery.cpp:56)
2026-10-05 01:36:51.530 | info     |          Fabric | TopologyMapper: Logical Multi-Mesh Adjacency Map: (topology_mapper.cpp:1474)
2026-10-05 01:36:51.530 | info     |          Fabric | 
=== Logical Mesh-Level Graph Adjacency Map ===
Total nodes: 1
Degree histogram: {0:1}
 (topology_solver.tpp:94)
2026-10-05 01:36:51.530 | info     |          Fabric | 
=== Logical Mesh 0 Internal Graph Adjacency Map ===
Total nodes: 1
Degree histogram: {0:1}
 (topology_solver.tpp:94)
2026-10-05 01:36:51.530 | info     |          Fabric | TopologyMapper: Physical Multi-Mesh Adjacency Map: (topology_mapper.cpp:1485)
2026-10-05 01:36:51.530 | info     |          Fabric | 
=== Physical Mesh-Level Graph Adjacency Map ===
Total nodes: 1
Degree histogram: {0:1}
 (topology_solver.tpp:94)
2026-10-05 01:36:51.530 | info     |          Fabric | 
=== Physical Mesh 0 Internal Graph Adjacency Map ===
Total nodes: 1
Degree histogram: {0:1}
 (topology_solver.tpp:94)
2026-10-05 01:36:51.530 | info     |          Fabric | Starting multi-mesh mapping: 1 logical mesh(es) to 1 physical mesh(es) (topology_mapper_utils.cpp:1465)
2026-10-05 01:36:51.530 | info     |          Fabric | Multi-mesh mapping attempt 1/2: Trying inter-mesh mapping (topology_mapper_utils.cpp:1506)
2026-10-05 01:36:51.530 | info     |          Fabric | Attempt 1: Inter-mesh mapping succeeded, found 1 mesh pair(s) (topology_mapper_utils.cpp:1535)
2026-10-05 01:36:51.530 | info     |          Fabric | Attempt 1: Mapping 1 mesh pair(s) (topology_mapper_utils.cpp:1547)
2026-10-05 01:36:51.530 | info     |          Fabric | Attempt 1: Mapping mesh 0 -> 0 (topology_mapper_utils.cpp:1549)
2026-10-05 01:36:51.530 | info     |          Fabric | Multi-mesh mapping succeeded after 1 attempt(s): 1 mesh pair(s) mapped (topology_mapper_utils.cpp:1682)
2026-10-05 01:36:54.661 | info     |           Metal | Profiler started on device 0 (profiler_initializer.cpp:49)
2026-10-05 01:36:57.441 | info     |           Metal | ShmResourceTracker: removed stale shm '/tt_d2h_1624489_2376776282_0' (shm_resource_tracker.cpp:265)
2026-10-05 01:36:57.441 | info     |           Metal | ShmResourceTracker: removed stale manifest '/dev/shm/tt_socket_manifest_1624489' (shm_resource_tracker.cpp:275)
2026-10-05 01:36:58.488 | info     |           Metal | [Real-time profiler] Device 0 sync complete: 100 samples, frequency=1.349973 GHz, device_time_at_sync=34113041550650 cycles (realtime_profiler_manager.cpp:1075)
[JIT_WARMUP] ideal-path contexts compiled in 7529.5 ms
[TA] K2 fold=1 (enabled 1 dual 1 screen tiles 1024 speed split 1)
[SORT] ONELAUNCH v2 OL_PB=8 OL_RING=8 OL_WIN_PAGES=1024 OL_MAT_SELECT=0 cb_bytes/mover=504896 shared=22400
[SORT] ONELAUNCH k2_fold=1 why=0 (K2 rows published: cores 110/110 row_pages 64/64 tiles 1024/1024 P 2895701/2895701 speed_split 1)
[SUBCHUNK] tiles_split=86 total_subchunks=1113 max_subchunks_per_tile=3 payload_pages=45763
[SORT] stage=ONELAUNCH P=2895701 P_kept=2895701 num_tiles=1024 max_tile_n=22980 onelaunch=893.17 layout=0.08 pub_host=0.23 total=893.99ms
2026-10-05 01:37:10.478 | info     |           Metal | Device kernel duration perf summary (device=0): count=1, min=6476489932ns, avg=6476489932.0ns, max=6476489932ns (profiler_analysis.cpp:645)
2026-10-05 01:37:10.478 | info     |           Metal | Device kernel duration perf histogram (device=0): (buckets=10, bucket_size=100ns, range=[6476489900..6476490900), underflow(<6476489900ns)=0, overflow(>=6476490900ns)=0) (profiler_analysis.cpp:682)
2026-10-05 01:37:10.478 | info     |           Metal |   [  6476489900 ..   6476490000) |########################################|        1 (profiler_analysis.cpp:700)
2026-10-05 01:37:10.478 | info     |           Metal |   [  6476490000 ..   6476490100) |                                        |        0 (profiler_analysis.cpp:700)
2026-10-05 01:37:10.478 | info     |           Metal |   [  6476490100 ..   6476490200) |                                        |        0 (profiler_analysis.cpp:700)
2026-10-05 01:37:10.478 | info     |           Metal |   [  6476490200 ..   6476490300) |                                        |        0 (profiler_analysis.cpp:700)
2026-10-05 01:37:10.478 | info     |           Metal |   [  6476490300 ..   6476490400) |                                        |        0 (profiler_analysis.cpp:700)
2026-10-05 01:37:10.478 | info     |           Metal |   [  6476490400 ..   6476490500) |                                        |        0 (profiler_analysis.cpp:700)
2026-10-05 01:37:10.478 | info     |           Metal |   [  6476490500 ..   6476490600) |                                        |        0 (profiler_analysis.cpp:700)
2026-10-05 01:37:10.478 | info     |           Metal |   [  6476490600 ..   6476490700) |                                        |        0 (profiler_analysis.cpp:700)
2026-10-05 01:37:10.478 | info     |           Metal |   [  6476490700 ..   6476490800) |                                        |        0 (profiler_analysis.cpp:700)
2026-10-05 01:37:10.478 | info     |           Metal |   [  6476490800 ..   6476490900) |                                        |        0 (profiler_analysis.cpp:700)
[run] timing 30 views (warmup excluded)
[SUBCHUNK] tiles_split=86 total_subchunks=1113 max_subchunks_per_tile=3 payload_pages=45763
[SORT] stage=ONELAUNCH P=2895701 P_kept=2895701 num_tiles=1024 max_tile_n=22980 onelaunch=3.41 layout=0.06 pub_host=0.23 total=3.78ms
2026-10-05 01:37:10.512 | info     |           Metal | Device kernel duration perf summary (device=0): count=1, min=19140376ns, avg=19140376.0ns, max=19140376ns (profiler_analysis.cpp:645)
2026-10-05 01:37:10.512 | info     |           Metal | Device kernel duration perf histogram (device=0): (buckets=10, bucket_size=100ns, range=[19140300..19141300), underflow(<19140300ns)=0, overflow(>=19141300ns)=0) (profiler_analysis.cpp:682)
2026-10-05 01:37:10.512 | info     |           Metal |   [    19140300 ..     19140400) |########################################|        1 (profiler_analysis.cpp:700)
2026-10-05 01:37:10.512 | info     |           Metal |   [    19140400 ..     19140500) |                                        |        0 (profiler_analysis.cpp:700)
2026-10-05 01:37:10.512 | info     |           Metal |   [    19140500 ..     19140600) |                                        |        0 (profiler_analysis.cpp:700)
2026-10-05 01:37:10.512 | info     |           Metal |   [    19140600 ..     19140700) |                                        |        0 (profiler_analysis.cpp:700)
2026-10-05 01:37:10.512 | info     |           Metal |   [    19140700 ..     19140800) |                                        |        0 (profiler_analysis.cpp:700)
2026-10-05 01:37:10.512 | info     |           Metal |   [    19140800 ..     19140900) |                                        |        0 (profiler_analysis.cpp:700)
2026-10-05 01:37:10.512 | info     |           Metal |   [    19140900 ..     19141000) |                                        |        0 (profiler_analysis.cpp:700)
2026-10-05 01:37:10.512 | info     |           Metal |   [    19141000 ..     19141100) |                                        |        0 (profiler_analysis.cpp:700)
2026-10-05 01:37:10.512 | info     |           Metal |   [    19141100 ..     19141200) |                                        |        0 (profiler_analysis.cpp:700)
2026-10-05 01:37:10.512 | info     |           Metal |   [    19141200 ..     19141300) |                                        |        0 (profiler_analysis.cpp:700)
[run]   view=hero 33.7ms
[SUBCHUNK] tiles_split=64 total_subchunks=1090 max_subchunks_per_tile=3 payload_pages=33180
[SORT] stage=ONELAUNCH P=2090634 P_kept=2090634 num_tiles=1024 max_tile_n=19171 onelaunch=2.44 layout=0.04 pub_host=0.14 total=2.67ms
2026-10-05 01:37:10.540 | info     |           Metal | Device kernel duration perf summary (device=0): count=1, min=14066724ns, avg=14066724.0ns, max=14066724ns (profiler_analysis.cpp:645)
2026-10-05 01:37:10.540 | info     |           Metal | Device kernel duration perf histogram (device=0): (buckets=10, bucket_size=100ns, range=[14066700..14067700), underflow(<14066700ns)=0, overflow(>=14067700ns)=0) (profiler_analysis.cpp:682)
2026-10-05 01:37:10.540 | info     |           Metal |   [    14066700 ..     14066800) |########################################|        1 (profiler_analysis.cpp:700)
2026-10-05 01:37:10.540 | info     |           Metal |   [    14066800 ..     14066900) |                                        |        0 (profiler_analysis.cpp:700)
2026-10-05 01:37:10.540 | info     |           Metal |   [    14066900 ..     14067000) |                                        |        0 (profiler_analysis.cpp:700)
2026-10-05 01:37:10.540 | info     |           Metal |   [    14067000 ..     14067100) |                                        |        0 (profiler_analysis.cpp:700)
2026-10-05 01:37:10.540 | info     |           Metal |   [    14067100 ..     14067200) |                                        |        0 (profiler_analysis.cpp:700)
2026-10-05 01:37:10.540 | info     |           Metal |   [    14067200 ..     14067300) |                                        |        0 (profiler_analysis.cpp:700)
2026-10-05 01:37:10.540 | info     |           Metal |   [    14067300 ..     14067400) |                                        |        0 (profiler_analysis.cpp:700)
2026-10-05 01:37:10.540 | info     |           Metal |   [    14067400 ..     14067500) |                                        |        0 (profiler_analysis.cpp:700)
2026-10-05 01:37:10.540 | info     |           Metal |   [    14067500 ..     14067600) |                                        |        0 (profiler_analysis.cpp:700)
2026-10-05 01:37:10.540 | info     |           Metal |   [    14067600 ..     14067700) |                                        |        0 (profiler_analysis.cpp:700)
[run]   view=orb_00 27.8ms
[SUBCHUNK] tiles_split=63 total_subchunks=1090 max_subchunks_per_tile=3 payload_pages=34332
[SORT] stage=ONELAUNCH P=2164209 P_kept=2164209 num_tiles=1024 max_tile_n=18956 onelaunch=2.49 layout=0.04 pub_host=0.14 total=2.71ms
2026-10-05 01:37:10.569 | info     |           Metal | Device kernel duration perf summary (device=0): count=1, min=14853799ns, avg=14853799.0ns, max=14853799ns (profiler_analysis.cpp:645)
2026-10-05 01:37:10.569 | info     |           Metal | Device kernel duration perf histogram (device=0): (buckets=10, bucket_size=100ns, range=[14853700..14854700), underflow(<14853700ns)=0, overflow(>=14854700ns)=0) (profiler_analysis.cpp:682)
2026-10-05 01:37:10.569 | info     |           Metal |   [    14853700 ..     14853800) |########################################|        1 (profiler_analysis.cpp:700)
2026-10-05 01:37:10.569 | info     |           Metal |   [    14853800 ..     14853900) |                                        |        0 (profiler_analysis.cpp:700)
2026-10-05 01:37:10.569 | info     |           Metal |   [    14853900 ..     14854000) |                                        |        0 (profiler_analysis.cpp:700)
2026-10-05 01:37:10.569 | info     |           Metal |   [    14854000 ..     14854100) |                                        |        0 (profiler_analysis.cpp:700)
2026-10-05 01:37:10.569 | info     |           Metal |   [    14854100 ..     14854200) |                                        |        0 (profiler_analysis.cpp:700)
2026-10-05 01:37:10.569 | info     |           Metal |   [    14854200 ..     14854300) |                                        |        0 (profiler_analysis.cpp:700)
2026-10-05 01:37:10.569 | info     |           Metal |   [    14854300 ..     14854400) |                                        |        0 (profiler_analysis.cpp:700)
2026-10-05 01:37:10.569 | info     |           Metal |   [    14854400 ..     14854500) |                                        |        0 (profiler_analysis.cpp:700)
2026-10-05 01:37:10.569 | info     |           Metal |   [    14854500 ..     14854600) |                                        |        0 (profiler_analysis.cpp:700)
2026-10-05 01:37:10.569 | info     |           Metal |   [    14854600 ..     14854700) |                                        |        0 (profiler_analysis.cpp:700)
[run]   view=orb_01 28.8ms
[SUBCHUNK] tiles_split=66 total_subchunks=1093 max_subchunks_per_tile=3 payload_pages=35758
[SORT] stage=ONELAUNCH P=2255879 P_kept=2255879 num_tiles=1024 max_tile_n=18906 onelaunch=2.62 layout=0.04 pub_host=0.16 total=2.85ms
2026-10-05 01:37:10.598 | info     |           Metal | Device kernel duration perf summary (device=0): count=1, min=14643466ns, avg=14643466.0ns, max=14643466ns (profiler_analysis.cpp:645)
2026-10-05 01:37:10.598 | info     |           Metal | Device kernel duration perf histogram (device=0): (buckets=10, bucket_size=100ns, range=[14643400..14644400), underflow(<14643400ns)=0, overflow(>=14644400ns)=0) (profiler_analysis.cpp:682)
2026-10-05 01:37:10.598 | info     |           Metal |   [    14643400 ..     14643500) |########################################|        1 (profiler_analysis.cpp:700)
2026-10-05 01:37:10.598 | info     |           Metal |   [    14643500 ..     14643600) |                                        |        0 (profiler_analysis.cpp:700)
2026-10-05 01:37:10.598 | info     |           Metal |   [    14643600 ..     14643700) |                                        |        0 (profiler_analysis.cpp:700)
2026-10-05 01:37:10.598 | info     |           Metal |   [    14643700 ..     14643800) |                                        |        0 (profiler_analysis.cpp:700)
2026-10-05 01:37:10.598 | info     |           Metal |   [    14643800 ..     14643900) |                                        |        0 (profiler_analysis.cpp:700)
2026-10-05 01:37:10.598 | info     |           Metal |   [    14643900 ..     14644000) |                                        |        0 (profiler_analysis.cpp:700)
2026-10-05 01:37:10.598 | info     |           Metal |   [    14644000 ..     14644100) |                                        |        0 (profiler_analysis.cpp:700)
2026-10-05 01:37:10.598 | info     |           Metal |   [    14644100 ..     14644200) |                                        |        0 (profiler_analysis.cpp:700)
2026-10-05 01:37:10.598 | info     |           Metal |   [    14644200 ..     14644300) |                                        |        0 (profiler_analysis.cpp:700)
2026-10-05 01:37:10.598 | info     |           Metal |   [    14644300 ..     14644400) |                                        |        0 (profiler_analysis.cpp:700)
[run]   view=orb_02 28.5ms
[SUBCHUNK] tiles_split=62 total_subchunks=1090 max_subchunks_per_tile=3 payload_pages=37614
[SORT] stage=ONELAUNCH P=2374669 P_kept=2374669 num_tiles=1024 max_tile_n=17834 onelaunch=2.82 layout=0.04 pub_host=0.15 total=3.05ms
2026-10-05 01:37:10.628 | info     |           Metal | Device kernel duration perf summary (device=0): count=1, min=16459215ns, avg=16459215.0ns, max=16459215ns (profiler_analysis.cpp:645)
2026-10-05 01:37:10.628 | info     |           Metal | Device kernel duration perf histogram (device=0): (buckets=10, bucket_size=100ns, range=[16459200..16460200), underflow(<16459200ns)=0, overflow(>=16460200ns)=0) (profiler_analysis.cpp:682)
2026-10-05 01:37:10.628 | info     |           Metal |   [    16459200 ..     16459300) |########################################|        1 (profiler_analysis.cpp:700)
2026-10-05 01:37:10.628 | info     |           Metal |   [    16459300 ..     16459400) |                                        |        0 (profiler_analysis.cpp:700)
2026-10-05 01:37:10.628 | info     |           Metal |   [    16459400 ..     16459500) |                                        |        0 (profiler_analysis.cpp:700)
2026-10-05 01:37:10.628 | info     |           Metal |   [    16459500 ..     16459600) |                                        |        0 (profiler_analysis.cpp:700)
2026-10-05 01:37:10.628 | info     |           Metal |   [    16459600 ..     16459700) |                                        |        0 (profiler_analysis.cpp:700)
2026-10-05 01:37:10.628 | info     |           Metal |   [    16459700 ..     16459800) |                                        |        0 (profiler_analysis.cpp:700)
2026-10-05 01:37:10.628 | info     |           Metal |   [    16459800 ..     16459900) |                                        |        0 (profiler_analysis.cpp:700)
2026-10-05 01:37:10.628 | info     |           Metal |   [    16459900 ..     16460000) |                                        |        0 (profiler_analysis.cpp:700)
2026-10-05 01:37:10.628 | info     |           Metal |   [    16460000 ..     16460100) |                                        |        0 (profiler_analysis.cpp:700)
2026-10-05 01:37:10.628 | info     |           Metal |   [    16460100 ..     16460200) |                                        |        0 (profiler_analysis.cpp:700)
[run]   view=orb_03 30.1ms
[SUBCHUNK] tiles_split=68 total_subchunks=1096 max_subchunks_per_tile=3 payload_pages=39943
[SORT] stage=ONELAUNCH P=2523453 P_kept=2523453 num_tiles=1024 max_tile_n=20034 onelaunch=2.86 layout=0.05 pub_host=0.15 total=3.09ms
2026-10-05 01:37:10.657 | info     |           Metal | Device kernel duration perf summary (device=0): count=1, min=15471375ns, avg=15471375.0ns, max=15471375ns (profiler_analysis.cpp:645)
2026-10-05 01:37:10.657 | info     |           Metal | Device kernel duration perf histogram (device=0): (buckets=10, bucket_size=100ns, range=[15471300..15472300), underflow(<15471300ns)=0, overflow(>=15472300ns)=0) (profiler_analysis.cpp:682)
2026-10-05 01:37:10.657 | info     |           Metal |   [    15471300 ..     15471400) |########################################|        1 (profiler_analysis.cpp:700)
2026-10-05 01:37:10.657 | info     |           Metal |   [    15471400 ..     15471500) |                                        |        0 (profiler_analysis.cpp:700)
2026-10-05 01:37:10.657 | info     |           Metal |   [    15471500 ..     15471600) |                                        |        0 (profiler_analysis.cpp:700)
2026-10-05 01:37:10.657 | info     |           Metal |   [    15471600 ..     15471700) |                                        |        0 (profiler_analysis.cpp:700)
2026-10-05 01:37:10.657 | info     |           Metal |   [    15471700 ..     15471800) |                                        |        0 (profiler_analysis.cpp:700)
2026-10-05 01:37:10.657 | info     |           Metal |   [    15471800 ..     15471900) |                                        |        0 (profiler_analysis.cpp:700)
2026-10-05 01:37:10.657 | info     |           Metal |   [    15471900 ..     15472000) |                                        |        0 (profiler_analysis.cpp:700)
2026-10-05 01:37:10.657 | info     |           Metal |   [    15472000 ..     15472100) |                                        |        0 (profiler_analysis.cpp:700)
2026-10-05 01:37:10.657 | info     |           Metal |   [    15472100 ..     15472200) |                                        |        0 (profiler_analysis.cpp:700)
2026-10-05 01:37:10.657 | info     |           Metal |   [    15472200 ..     15472300) |                                        |        0 (profiler_analysis.cpp:700)
[run]   view=orb_04 29.0ms
[SUBCHUNK] tiles_split=70 total_subchunks=1097 max_subchunks_per_tile=3 payload_pages=43041
[SORT] stage=ONELAUNCH P=2722737 P_kept=2722737 num_tiles=1024 max_tile_n=22369 onelaunch=3.02 layout=0.04 pub_host=0.15 total=3.24ms
2026-10-05 01:37:10.687 | info     |           Metal | Device kernel duration perf summary (device=0): count=1, min=16369322ns, avg=16369322.0ns, max=16369322ns (profiler_analysis.cpp:645)
2026-10-05 01:37:10.687 | info     |           Metal | Device kernel duration perf histogram (device=0): (buckets=10, bucket_size=100ns, range=[16369300..16370300), underflow(<16369300ns)=0, overflow(>=16370300ns)=0) (profiler_analysis.cpp:682)
2026-10-05 01:37:10.687 | info     |           Metal |   [    16369300 ..     16369400) |########################################|        1 (profiler_analysis.cpp:700)
2026-10-05 01:37:10.687 | info     |           Metal |   [    16369400 ..     16369500) |                                        |        0 (profiler_analysis.cpp:700)
2026-10-05 01:37:10.687 | info     |           Metal |   [    16369500 ..     16369600) |                                        |        0 (profiler_analysis.cpp:700)
2026-10-05 01:37:10.687 | info     |           Metal |   [    16369600 ..     16369700) |                                        |        0 (profiler_analysis.cpp:700)
2026-10-05 01:37:10.687 | info     |           Metal |   [    16369700 ..     16369800) |                                        |        0 (profiler_analysis.cpp:700)
2026-10-05 01:37:10.687 | info     |           Metal |   [    16369800 ..     16369900) |                                        |        0 (profiler_analysis.cpp:700)
2026-10-05 01:37:10.687 | info     |           Metal |   [    16369900 ..     16370000) |                                        |        0 (profiler_analysis.cpp:700)
2026-10-05 01:37:10.687 | info     |           Metal |   [    16370000 ..     16370100) |                                        |        0 (profiler_analysis.cpp:700)
2026-10-05 01:37:10.687 | info     |           Metal |   [    16370100 ..     16370200) |                                        |        0 (profiler_analysis.cpp:700)
2026-10-05 01:37:10.687 | info     |           Metal |   [    16370200 ..     16370300) |                                        |        0 (profiler_analysis.cpp:700)
[run]   view=orb_05 30.3ms
[SUBCHUNK] tiles_split=76 total_subchunks=1105 max_subchunks_per_tile=3 payload_pages=45751
[SORT] stage=ONELAUNCH P=2895974 P_kept=2895974 num_tiles=1024 max_tile_n=21267 onelaunch=3.22 layout=0.04 pub_host=0.14 total=3.44ms
2026-10-05 01:37:10.718 | info     |           Metal | Device kernel duration perf summary (device=0): count=1, min=17070899ns, avg=17070899.0ns, max=17070899ns (profiler_analysis.cpp:645)
2026-10-05 01:37:10.718 | info     |           Metal | Device kernel duration perf histogram (device=0): (buckets=10, bucket_size=100ns, range=[17070800..17071800), underflow(<17070800ns)=0, overflow(>=17071800ns)=0) (profiler_analysis.cpp:682)
2026-10-05 01:37:10.718 | info     |           Metal |   [    17070800 ..     17070900) |########################################|        1 (profiler_analysis.cpp:700)
2026-10-05 01:37:10.718 | info     |           Metal |   [    17070900 ..     17071000) |                                        |        0 (profiler_analysis.cpp:700)
2026-10-05 01:37:10.718 | info     |           Metal |   [    17071000 ..     17071100) |                                        |        0 (profiler_analysis.cpp:700)
2026-10-05 01:37:10.718 | info     |           Metal |   [    17071100 ..     17071200) |                                        |        0 (profiler_analysis.cpp:700)
2026-10-05 01:37:10.718 | info     |           Metal |   [    17071200 ..     17071300) |                                        |        0 (profiler_analysis.cpp:700)
2026-10-05 01:37:10.718 | info     |           Metal |   [    17071300 ..     17071400) |                                        |        0 (profiler_analysis.cpp:700)
2026-10-05 01:37:10.718 | info     |           Metal |   [    17071400 ..     17071500) |                                        |        0 (profiler_analysis.cpp:700)
2026-10-05 01:37:10.718 | info     |           Metal |   [    17071500 ..     17071600) |                                        |        0 (profiler_analysis.cpp:700)
2026-10-05 01:37:10.718 | info     |           Metal |   [    17071600 ..     17071700) |                                        |        0 (profiler_analysis.cpp:700)
2026-10-05 01:37:10.718 | info     |           Metal |   [    17071700 ..     17071800) |                                        |        0 (profiler_analysis.cpp:700)
[run]   view=orb_06 30.8ms
[SUBCHUNK] tiles_split=80 total_subchunks=1108 max_subchunks_per_tile=3 payload_pages=48610
[SORT] stage=ONELAUNCH P=3079201 P_kept=3079201 num_tiles=1024 max_tile_n=21034 onelaunch=3.50 layout=0.04 pub_host=0.15 total=3.72ms
2026-10-05 01:37:10.750 | info     |           Metal | Device kernel duration perf summary (device=0): count=1, min=17795984ns, avg=17795984.0ns, max=17795984ns (profiler_analysis.cpp:645)
2026-10-05 01:37:10.750 | info     |           Metal | Device kernel duration perf histogram (device=0): (buckets=10, bucket_size=100ns, range=[17795900..17796900), underflow(<17795900ns)=0, overflow(>=17796900ns)=0) (profiler_analysis.cpp:682)
2026-10-05 01:37:10.750 | info     |           Metal |   [    17795900 ..     17796000) |########################################|        1 (profiler_analysis.cpp:700)
2026-10-05 01:37:10.750 | info     |           Metal |   [    17796000 ..     17796100) |                                        |        0 (profiler_analysis.cpp:700)
2026-10-05 01:37:10.750 | info     |           Metal |   [    17796100 ..     17796200) |                                        |        0 (profiler_analysis.cpp:700)
2026-10-05 01:37:10.750 | info     |           Metal |   [    17796200 ..     17796300) |                                        |        0 (profiler_analysis.cpp:700)
2026-10-05 01:37:10.750 | info     |           Metal |   [    17796300 ..     17796400) |                                        |        0 (profiler_analysis.cpp:700)
2026-10-05 01:37:10.750 | info     |           Metal |   [    17796400 ..     17796500) |                                        |        0 (profiler_analysis.cpp:700)
2026-10-05 01:37:10.750 | info     |           Metal |   [    17796500 ..     17796600) |                                        |        0 (profiler_analysis.cpp:700)
2026-10-05 01:37:10.750 | info     |           Metal |   [    17796600 ..     17796700) |                                        |        0 (profiler_analysis.cpp:700)
2026-10-05 01:37:10.750 | info     |           Metal |   [    17796700 ..     17796800) |                                        |        0 (profiler_analysis.cpp:700)
2026-10-05 01:37:10.750 | info     |           Metal |   [    17796800 ..     17796900) |                                        |        0 (profiler_analysis.cpp:700)
[run]   view=orb_07 31.6ms
[SUBCHUNK] tiles_split=85 total_subchunks=1114 max_subchunks_per_tile=3 payload_pages=49704
[SORT] stage=ONELAUNCH P=3150113 P_kept=3150113 num_tiles=1024 max_tile_n=19050 onelaunch=3.71 layout=0.04 pub_host=0.15 total=3.93ms
2026-10-05 01:37:10.784 | info     |           Metal | Device kernel duration perf summary (device=0): count=1, min=20154203ns, avg=20154203.0ns, max=20154203ns (profiler_analysis.cpp:645)
2026-10-05 01:37:10.784 | info     |           Metal | Device kernel duration perf histogram (device=0): (buckets=10, bucket_size=100ns, range=[20154200..20155200), underflow(<20154200ns)=0, overflow(>=20155200ns)=0) (profiler_analysis.cpp:682)
2026-10-05 01:37:10.784 | info     |           Metal |   [    20154200 ..     20154300) |########################################|        1 (profiler_analysis.cpp:700)
2026-10-05 01:37:10.784 | info     |           Metal |   [    20154300 ..     20154400) |                                        |        0 (profiler_analysis.cpp:700)
2026-10-05 01:37:10.784 | info     |           Metal |   [    20154400 ..     20154500) |                                        |        0 (profiler_analysis.cpp:700)
2026-10-05 01:37:10.784 | info     |           Metal |   [    20154500 ..     20154600) |                                        |        0 (profiler_analysis.cpp:700)
2026-10-05 01:37:10.785 | info     |           Metal |   [    20154600 ..     20154700) |                                        |        0 (profiler_analysis.cpp:700)
2026-10-05 01:37:10.785 | info     |           Metal |   [    20154700 ..     20154800) |                                        |        0 (profiler_analysis.cpp:700)
2026-10-05 01:37:10.785 | info     |           Metal |   [    20154800 ..     20154900) |                                        |        0 (profiler_analysis.cpp:700)
2026-10-05 01:37:10.785 | info     |           Metal |   [    20154900 ..     20155000) |                                        |        0 (profiler_analysis.cpp:700)
2026-10-05 01:37:10.785 | info     |           Metal |   [    20155000 ..     20155100) |                                        |        0 (profiler_analysis.cpp:700)
2026-10-05 01:37:10.785 | info     |           Metal |   [    20155100 ..     20155200) |                                        |        0 (profiler_analysis.cpp:700)
[run]   view=orb_08 34.2ms
[SUBCHUNK] tiles_split=84 total_subchunks=1113 max_subchunks_per_tile=3 payload_pages=50220
[SORT] stage=ONELAUNCH P=3181817 P_kept=3181817 num_tiles=1024 max_tile_n=19360 onelaunch=3.83 layout=0.04 pub_host=0.15 total=4.06ms
2026-10-05 01:37:10.817 | info     |           Metal | Device kernel duration perf summary (device=0): count=1, min=18552117ns, avg=18552117.0ns, max=18552117ns (profiler_analysis.cpp:645)
2026-10-05 01:37:10.817 | info     |           Metal | Device kernel duration perf histogram (device=0): (buckets=10, bucket_size=100ns, range=[18552100..18553100), underflow(<18552100ns)=0, overflow(>=18553100ns)=0) (profiler_analysis.cpp:682)
2026-10-05 01:37:10.817 | info     |           Metal |   [    18552100 ..     18552200) |########################################|        1 (profiler_analysis.cpp:700)
2026-10-05 01:37:10.817 | info     |           Metal |   [    18552200 ..     18552300) |                                        |        0 (profiler_analysis.cpp:700)
2026-10-05 01:37:10.817 | info     |           Metal |   [    18552300 ..     18552400) |                                        |        0 (profiler_analysis.cpp:700)
2026-10-05 01:37:10.817 | info     |           Metal |   [    18552400 ..     18552500) |                                        |        0 (profiler_analysis.cpp:700)
2026-10-05 01:37:10.817 | info     |           Metal |   [    18552500 ..     18552600) |                                        |        0 (profiler_analysis.cpp:700)
2026-10-05 01:37:10.817 | info     |           Metal |   [    18552600 ..     18552700) |                                        |        0 (profiler_analysis.cpp:700)
2026-10-05 01:37:10.817 | info     |           Metal |   [    18552700 ..     18552800) |                                        |        0 (profiler_analysis.cpp:700)
2026-10-05 01:37:10.817 | info     |           Metal |   [    18552800 ..     18552900) |                                        |        0 (profiler_analysis.cpp:700)
2026-10-05 01:37:10.817 | info     |           Metal |   [    18552900 ..     18553000) |                                        |        0 (profiler_analysis.cpp:700)
2026-10-05 01:37:10.817 | info     |           Metal |   [    18553000 ..     18553100) |                                        |        0 (profiler_analysis.cpp:700)
[run]   view=orb_09 32.1ms
[SUBCHUNK] tiles_split=81 total_subchunks=1109 max_subchunks_per_tile=3 payload_pages=50320
[SORT] stage=ONELAUNCH P=3188777 P_kept=3188777 num_tiles=1024 max_tile_n=19524 onelaunch=3.58 layout=0.04 pub_host=0.15 total=3.81ms
2026-10-05 01:37:10.849 | info     |           Metal | Device kernel duration perf summary (device=0): count=1, min=18185376ns, avg=18185376.0ns, max=18185376ns (profiler_analysis.cpp:645)
2026-10-05 01:37:10.849 | info     |           Metal | Device kernel duration perf histogram (device=0): (buckets=10, bucket_size=100ns, range=[18185300..18186300), underflow(<18185300ns)=0, overflow(>=18186300ns)=0) (profiler_analysis.cpp:682)
2026-10-05 01:37:10.849 | info     |           Metal |   [    18185300 ..     18185400) |########################################|        1 (profiler_analysis.cpp:700)
2026-10-05 01:37:10.849 | info     |           Metal |   [    18185400 ..     18185500) |                                        |        0 (profiler_analysis.cpp:700)
2026-10-05 01:37:10.849 | info     |           Metal |   [    18185500 ..     18185600) |                                        |        0 (profiler_analysis.cpp:700)
2026-10-05 01:37:10.849 | info     |           Metal |   [    18185600 ..     18185700) |                                        |        0 (profiler_analysis.cpp:700)
2026-10-05 01:37:10.849 | info     |           Metal |   [    18185700 ..     18185800) |                                        |        0 (profiler_analysis.cpp:700)
2026-10-05 01:37:10.849 | info     |           Metal |   [    18185800 ..     18185900) |                                        |        0 (profiler_analysis.cpp:700)
2026-10-05 01:37:10.849 | info     |           Metal |   [    18185900 ..     18186000) |                                        |        0 (profiler_analysis.cpp:700)
2026-10-05 01:37:10.849 | info     |           Metal |   [    18186000 ..     18186100) |                                        |        0 (profiler_analysis.cpp:700)
2026-10-05 01:37:10.849 | info     |           Metal |   [    18186100 ..     18186200) |                                        |        0 (profiler_analysis.cpp:700)
2026-10-05 01:37:10.849 | info     |           Metal |   [    18186200 ..     18186300) |                                        |        0 (profiler_analysis.cpp:700)
[run]   view=orb_10 31.8ms
[SUBCHUNK] tiles_split=82 total_subchunks=1111 max_subchunks_per_tile=3 payload_pages=49050
[SORT] stage=ONELAUNCH P=3106604 P_kept=3106604 num_tiles=1024 max_tile_n=20018 onelaunch=3.65 layout=0.04 pub_host=0.14 total=3.87ms
2026-10-05 01:37:10.880 | info     |           Metal | Device kernel duration perf summary (device=0): count=1, min=17924416ns, avg=17924416.0ns, max=17924416ns (profiler_analysis.cpp:645)
2026-10-05 01:37:10.880 | info     |           Metal | Device kernel duration perf histogram (device=0): (buckets=10, bucket_size=100ns, range=[17924400..17925400), underflow(<17924400ns)=0, overflow(>=17925400ns)=0) (profiler_analysis.cpp:682)
2026-10-05 01:37:10.880 | info     |           Metal |   [    17924400 ..     17924500) |########################################|        1 (profiler_analysis.cpp:700)
2026-10-05 01:37:10.880 | info     |           Metal |   [    17924500 ..     17924600) |                                        |        0 (profiler_analysis.cpp:700)
2026-10-05 01:37:10.880 | info     |           Metal |   [    17924600 ..     17924700) |                                        |        0 (profiler_analysis.cpp:700)
2026-10-05 01:37:10.880 | info     |           Metal |   [    17924700 ..     17924800) |                                        |        0 (profiler_analysis.cpp:700)
2026-10-05 01:37:10.880 | info     |           Metal |   [    17924800 ..     17924900) |                                        |        0 (profiler_analysis.cpp:700)
2026-10-05 01:37:10.880 | info     |           Metal |   [    17924900 ..     17925000) |                                        |        0 (profiler_analysis.cpp:700)
2026-10-05 01:37:10.880 | info     |           Metal |   [    17925000 ..     17925100) |                                        |        0 (profiler_analysis.cpp:700)
2026-10-05 01:37:10.880 | info     |           Metal |   [    17925100 ..     17925200) |                                        |        0 (profiler_analysis.cpp:700)
2026-10-05 01:37:10.880 | info     |           Metal |   [    17925200 ..     17925300) |                                        |        0 (profiler_analysis.cpp:700)
2026-10-05 01:37:10.880 | info     |           Metal |   [    17925300 ..     17925400) |                                        |        0 (profiler_analysis.cpp:700)
[run]   view=orb_11 31.9ms
[SUBCHUNK] tiles_split=81 total_subchunks=1108 max_subchunks_per_tile=3 payload_pages=47136
[SORT] stage=ONELAUNCH P=2984362 P_kept=2984362 num_tiles=1024 max_tile_n=20383 onelaunch=3.50 layout=0.05 pub_host=0.22 total=3.83ms
2026-10-05 01:37:10.914 | info     |           Metal | Device kernel duration perf summary (device=0): count=1, min=17566936ns, avg=17566936.0ns, max=17566936ns (profiler_analysis.cpp:645)
2026-10-05 01:37:10.914 | info     |           Metal | Device kernel duration perf histogram (device=0): (buckets=10, bucket_size=100ns, range=[17566900..17567900), underflow(<17566900ns)=0, overflow(>=17567900ns)=0) (profiler_analysis.cpp:682)
2026-10-05 01:37:10.914 | info     |           Metal |   [    17566900 ..     17567000) |########################################|        1 (profiler_analysis.cpp:700)
2026-10-05 01:37:10.914 | info     |           Metal |   [    17567000 ..     17567100) |                                        |        0 (profiler_analysis.cpp:700)
2026-10-05 01:37:10.914 | info     |           Metal |   [    17567100 ..     17567200) |                                        |        0 (profiler_analysis.cpp:700)
2026-10-05 01:37:10.914 | info     |           Metal |   [    17567200 ..     17567300) |                                        |        0 (profiler_analysis.cpp:700)
2026-10-05 01:37:10.914 | info     |           Metal |   [    17567300 ..     17567400) |                                        |        0 (profiler_analysis.cpp:700)
2026-10-05 01:37:10.914 | info     |           Metal |   [    17567400 ..     17567500) |                                        |        0 (profiler_analysis.cpp:700)
2026-10-05 01:37:10.914 | info     |           Metal |   [    17567500 ..     17567600) |                                        |        0 (profiler_analysis.cpp:700)
2026-10-05 01:37:10.914 | info     |           Metal |   [    17567600 ..     17567700) |                                        |        0 (profiler_analysis.cpp:700)
2026-10-05 01:37:10.914 | info     |           Metal |   [    17567700 ..     17567800) |                                        |        0 (profiler_analysis.cpp:700)
2026-10-05 01:37:10.914 | info     |           Metal |   [    17567800 ..     17567900) |                                        |        0 (profiler_analysis.cpp:700)
[run]   view=orb_12 33.4ms
[SUBCHUNK] tiles_split=79 total_subchunks=1106 max_subchunks_per_tile=3 payload_pages=45626
[SORT] stage=ONELAUNCH P=2888398 P_kept=2888398 num_tiles=1024 max_tile_n=20940 onelaunch=3.33 layout=0.04 pub_host=0.15 total=3.55ms
2026-10-05 01:37:10.945 | info     |           Metal | Device kernel duration perf summary (device=0): count=1, min=16922026ns, avg=16922026.0ns, max=16922026ns (profiler_analysis.cpp:645)
2026-10-05 01:37:10.945 | info     |           Metal | Device kernel duration perf histogram (device=0): (buckets=10, bucket_size=100ns, range=[16922000..16923000), underflow(<16922000ns)=0, overflow(>=16923000ns)=0) (profiler_analysis.cpp:682)
2026-10-05 01:37:10.945 | info     |           Metal |   [    16922000 ..     16922100) |########################################|        1 (profiler_analysis.cpp:700)
2026-10-05 01:37:10.945 | info     |           Metal |   [    16922100 ..     16922200) |                                        |        0 (profiler_analysis.cpp:700)
2026-10-05 01:37:10.945 | info     |           Metal |   [    16922200 ..     16922300) |                                        |        0 (profiler_analysis.cpp:700)
2026-10-05 01:37:10.945 | info     |           Metal |   [    16922300 ..     16922400) |                                        |        0 (profiler_analysis.cpp:700)
2026-10-05 01:37:10.945 | info     |           Metal |   [    16922400 ..     16922500) |                                        |        0 (profiler_analysis.cpp:700)
2026-10-05 01:37:10.945 | info     |           Metal |   [    16922500 ..     16922600) |                                        |        0 (profiler_analysis.cpp:700)
2026-10-05 01:37:10.945 | info     |           Metal |   [    16922600 ..     16922700) |                                        |        0 (profiler_analysis.cpp:700)
2026-10-05 01:37:10.945 | info     |           Metal |   [    16922700 ..     16922800) |                                        |        0 (profiler_analysis.cpp:700)
2026-10-05 01:37:10.945 | info     |           Metal |   [    16922800 ..     16922900) |                                        |        0 (profiler_analysis.cpp:700)
2026-10-05 01:37:10.945 | info     |           Metal |   [    16922900 ..     16923000) |                                        |        0 (profiler_analysis.cpp:700)
[run]   view=orb_13 30.4ms
[SUBCHUNK] tiles_split=75 total_subchunks=1101 max_subchunks_per_tile=3 payload_pages=44542
[SORT] stage=ONELAUNCH P=2818574 P_kept=2818574 num_tiles=1024 max_tile_n=21162 onelaunch=3.17 layout=0.04 pub_host=0.14 total=3.38ms
2026-10-05 01:37:10.975 | info     |           Metal | Device kernel duration perf summary (device=0): count=1, min=16362078ns, avg=16362078.0ns, max=16362078ns (profiler_analysis.cpp:645)
2026-10-05 01:37:10.975 | info     |           Metal | Device kernel duration perf histogram (device=0): (buckets=10, bucket_size=100ns, range=[16362000..16363000), underflow(<16362000ns)=0, overflow(>=16363000ns)=0) (profiler_analysis.cpp:682)
2026-10-05 01:37:10.975 | info     |           Metal |   [    16362000 ..     16362100) |########################################|        1 (profiler_analysis.cpp:700)
2026-10-05 01:37:10.975 | info     |           Metal |   [    16362100 ..     16362200) |                                        |        0 (profiler_analysis.cpp:700)
2026-10-05 01:37:10.975 | info     |           Metal |   [    16362200 ..     16362300) |                                        |        0 (profiler_analysis.cpp:700)
2026-10-05 01:37:10.975 | info     |           Metal |   [    16362300 ..     16362400) |                                        |        0 (profiler_analysis.cpp:700)
2026-10-05 01:37:10.975 | info     |           Metal |   [    16362400 ..     16362500) |                                        |        0 (profiler_analysis.cpp:700)
2026-10-05 01:37:10.975 | info     |           Metal |   [    16362500 ..     16362600) |                                        |        0 (profiler_analysis.cpp:700)
2026-10-05 01:37:10.975 | info     |           Metal |   [    16362600 ..     16362700) |                                        |        0 (profiler_analysis.cpp:700)
2026-10-05 01:37:10.975 | info     |           Metal |   [    16362700 ..     16362800) |                                        |        0 (profiler_analysis.cpp:700)
2026-10-05 01:37:10.975 | info     |           Metal |   [    16362800 ..     16362900) |                                        |        0 (profiler_analysis.cpp:700)
2026-10-05 01:37:10.975 | info     |           Metal |   [    16362900 ..     16363000) |                                        |        0 (profiler_analysis.cpp:700)
[run]   view=orb_14 30.5ms
[SUBCHUNK] tiles_split=75 total_subchunks=1101 max_subchunks_per_tile=3 payload_pages=43661
[SORT] stage=ONELAUNCH P=2762207 P_kept=2762207 num_tiles=1024 max_tile_n=19338 onelaunch=3.12 layout=0.04 pub_host=0.15 total=3.34ms
2026-10-05 01:37:11.006 | info     |           Metal | Device kernel duration perf summary (device=0): count=1, min=16268168ns, avg=16268168.0ns, max=16268168ns (profiler_analysis.cpp:645)
2026-10-05 01:37:11.006 | info     |           Metal | Device kernel duration perf histogram (device=0): (buckets=10, bucket_size=100ns, range=[16268100..16269100), underflow(<16268100ns)=0, overflow(>=16269100ns)=0) (profiler_analysis.cpp:682)
2026-10-05 01:37:11.006 | info     |           Metal |   [    16268100 ..     16268200) |########################################|        1 (profiler_analysis.cpp:700)
2026-10-05 01:37:11.006 | info     |           Metal |   [    16268200 ..     16268300) |                                        |        0 (profiler_analysis.cpp:700)
2026-10-05 01:37:11.006 | info     |           Metal |   [    16268300 ..     16268400) |                                        |        0 (profiler_analysis.cpp:700)
2026-10-05 01:37:11.006 | info     |           Metal |   [    16268400 ..     16268500) |                                        |        0 (profiler_analysis.cpp:700)
2026-10-05 01:37:11.006 | info     |           Metal |   [    16268500 ..     16268600) |                                        |        0 (profiler_analysis.cpp:700)
2026-10-05 01:37:11.006 | info     |           Metal |   [    16268600 ..     16268700) |                                        |        0 (profiler_analysis.cpp:700)
2026-10-05 01:37:11.006 | info     |           Metal |   [    16268700 ..     16268800) |                                        |        0 (profiler_analysis.cpp:700)
2026-10-05 01:37:11.006 | info     |           Metal |   [    16268800 ..     16268900) |                                        |        0 (profiler_analysis.cpp:700)
2026-10-05 01:37:11.006 | info     |           Metal |   [    16268900 ..     16269000) |                                        |        0 (profiler_analysis.cpp:700)
2026-10-05 01:37:11.006 | info     |           Metal |   [    16269000 ..     16269100) |                                        |        0 (profiler_analysis.cpp:700)
[run]   view=orb_15 30.5ms
[SUBCHUNK] tiles_split=80 total_subchunks=1106 max_subchunks_per_tile=3 payload_pages=43001
[SORT] stage=ONELAUNCH P=2719362 P_kept=2719362 num_tiles=1024 max_tile_n=19767 onelaunch=3.13 layout=0.04 pub_host=0.14 total=3.35ms
2026-10-05 01:37:11.036 | info     |           Metal | Device kernel duration perf summary (device=0): count=1, min=16183910ns, avg=16183910.0ns, max=16183910ns (profiler_analysis.cpp:645)
2026-10-05 01:37:11.036 | info     |           Metal | Device kernel duration perf histogram (device=0): (buckets=10, bucket_size=100ns, range=[16183900..16184900), underflow(<16183900ns)=0, overflow(>=16184900ns)=0) (profiler_analysis.cpp:682)
2026-10-05 01:37:11.036 | info     |           Metal |   [    16183900 ..     16184000) |########################################|        1 (profiler_analysis.cpp:700)
2026-10-05 01:37:11.036 | info     |           Metal |   [    16184000 ..     16184100) |                                        |        0 (profiler_analysis.cpp:700)
2026-10-05 01:37:11.036 | info     |           Metal |   [    16184100 ..     16184200) |                                        |        0 (profiler_analysis.cpp:700)
2026-10-05 01:37:11.036 | info     |           Metal |   [    16184200 ..     16184300) |                                        |        0 (profiler_analysis.cpp:700)
2026-10-05 01:37:11.036 | info     |           Metal |   [    16184300 ..     16184400) |                                        |        0 (profiler_analysis.cpp:700)
2026-10-05 01:37:11.036 | info     |           Metal |   [    16184400 ..     16184500) |                                        |        0 (profiler_analysis.cpp:700)
2026-10-05 01:37:11.036 | info     |           Metal |   [    16184500 ..     16184600) |                                        |        0 (profiler_analysis.cpp:700)
2026-10-05 01:37:11.036 | info     |           Metal |   [    16184600 ..     16184700) |                                        |        0 (profiler_analysis.cpp:700)
2026-10-05 01:37:11.036 | info     |           Metal |   [    16184700 ..     16184800) |                                        |        0 (profiler_analysis.cpp:700)
2026-10-05 01:37:11.036 | info     |           Metal |   [    16184800 ..     16184900) |                                        |        0 (profiler_analysis.cpp:700)
[run]   view=orb_16 30.8ms
[SUBCHUNK] tiles_split=78 total_subchunks=1104 max_subchunks_per_tile=3 payload_pages=42965
[SORT] stage=ONELAUNCH P=2717689 P_kept=2717689 num_tiles=1024 max_tile_n=18194 onelaunch=3.21 layout=0.04 pub_host=0.14 total=3.43ms
2026-10-05 01:37:11.069 | info     |           Metal | Device kernel duration perf summary (device=0): count=1, min=16251893ns, avg=16251893.0ns, max=16251893ns (profiler_analysis.cpp:645)
2026-10-05 01:37:11.069 | info     |           Metal | Device kernel duration perf histogram (device=0): (buckets=10, bucket_size=100ns, range=[16251800..16252800), underflow(<16251800ns)=0, overflow(>=16252800ns)=0) (profiler_analysis.cpp:682)
2026-10-05 01:37:11.069 | info     |           Metal |   [    16251800 ..     16251900) |########################################|        1 (profiler_analysis.cpp:700)
2026-10-05 01:37:11.069 | info     |           Metal |   [    16251900 ..     16252000) |                                        |        0 (profiler_analysis.cpp:700)
2026-10-05 01:37:11.069 | info     |           Metal |   [    16252000 ..     16252100) |                                        |        0 (profiler_analysis.cpp:700)
2026-10-05 01:37:11.069 | info     |           Metal |   [    16252100 ..     16252200) |                                        |        0 (profiler_analysis.cpp:700)
2026-10-05 01:37:11.069 | info     |           Metal |   [    16252200 ..     16252300) |                                        |        0 (profiler_analysis.cpp:700)
2026-10-05 01:37:11.069 | info     |           Metal |   [    16252300 ..     16252400) |                                        |        0 (profiler_analysis.cpp:700)
2026-10-05 01:37:11.069 | info     |           Metal |   [    16252400 ..     16252500) |                                        |        0 (profiler_analysis.cpp:700)
2026-10-05 01:37:11.069 | info     |           Metal |   [    16252500 ..     16252600) |                                        |        0 (profiler_analysis.cpp:700)
2026-10-05 01:37:11.069 | info     |           Metal |   [    16252600 ..     16252700) |                                        |        0 (profiler_analysis.cpp:700)
2026-10-05 01:37:11.069 | info     |           Metal |   [    16252700 ..     16252800) |                                        |        0 (profiler_analysis.cpp:700)
[run]   view=orb_17 32.2ms
[SUBCHUNK] tiles_split=82 total_subchunks=1110 max_subchunks_per_tile=3 payload_pages=43227
[SORT] stage=ONELAUNCH P=2733618 P_kept=2733618 num_tiles=1024 max_tile_n=18007 onelaunch=3.07 layout=0.04 pub_host=0.14 total=3.28ms
2026-10-05 01:37:11.099 | info     |           Metal | Device kernel duration perf summary (device=0): count=1, min=16128469ns, avg=16128469.0ns, max=16128469ns (profiler_analysis.cpp:645)
2026-10-05 01:37:11.099 | info     |           Metal | Device kernel duration perf histogram (device=0): (buckets=10, bucket_size=100ns, range=[16128400..16129400), underflow(<16128400ns)=0, overflow(>=16129400ns)=0) (profiler_analysis.cpp:682)
2026-10-05 01:37:11.099 | info     |           Metal |   [    16128400 ..     16128500) |########################################|        1 (profiler_analysis.cpp:700)
2026-10-05 01:37:11.099 | info     |           Metal |   [    16128500 ..     16128600) |                                        |        0 (profiler_analysis.cpp:700)
2026-10-05 01:37:11.099 | info     |           Metal |   [    16128600 ..     16128700) |                                        |        0 (profiler_analysis.cpp:700)
2026-10-05 01:37:11.099 | info     |           Metal |   [    16128700 ..     16128800) |                                        |        0 (profiler_analysis.cpp:700)
2026-10-05 01:37:11.099 | info     |           Metal |   [    16128800 ..     16128900) |                                        |        0 (profiler_analysis.cpp:700)
2026-10-05 01:37:11.099 | info     |           Metal |   [    16128900 ..     16129000) |                                        |        0 (profiler_analysis.cpp:700)
2026-10-05 01:37:11.099 | info     |           Metal |   [    16129000 ..     16129100) |                                        |        0 (profiler_analysis.cpp:700)
2026-10-05 01:37:11.099 | info     |           Metal |   [    16129100 ..     16129200) |                                        |        0 (profiler_analysis.cpp:700)
2026-10-05 01:37:11.099 | info     |           Metal |   [    16129200 ..     16129300) |                                        |        0 (profiler_analysis.cpp:700)
2026-10-05 01:37:11.099 | info     |           Metal |   [    16129300 ..     16129400) |                                        |        0 (profiler_analysis.cpp:700)
[run]   view=orb_18 30.0ms
[SUBCHUNK] tiles_split=78 total_subchunks=1105 max_subchunks_per_tile=3 payload_pages=43154
[SORT] stage=ONELAUNCH P=2729010 P_kept=2729010 num_tiles=1024 max_tile_n=18629 onelaunch=3.18 layout=0.05 pub_host=0.22 total=3.49ms
2026-10-05 01:37:11.129 | info     |           Metal | Device kernel duration perf summary (device=0): count=1, min=16413474ns, avg=16413474.0ns, max=16413474ns (profiler_analysis.cpp:645)
2026-10-05 01:37:11.129 | info     |           Metal | Device kernel duration perf histogram (device=0): (buckets=10, bucket_size=100ns, range=[16413400..16414400), underflow(<16413400ns)=0, overflow(>=16414400ns)=0) (profiler_analysis.cpp:682)
2026-10-05 01:37:11.129 | info     |           Metal |   [    16413400 ..     16413500) |########################################|        1 (profiler_analysis.cpp:700)
2026-10-05 01:37:11.129 | info     |           Metal |   [    16413500 ..     16413600) |                                        |        0 (profiler_analysis.cpp:700)
2026-10-05 01:37:11.129 | info     |           Metal |   [    16413600 ..     16413700) |                                        |        0 (profiler_analysis.cpp:700)
2026-10-05 01:37:11.129 | info     |           Metal |   [    16413700 ..     16413800) |                                        |        0 (profiler_analysis.cpp:700)
2026-10-05 01:37:11.129 | info     |           Metal |   [    16413800 ..     16413900) |                                        |        0 (profiler_analysis.cpp:700)
2026-10-05 01:37:11.129 | info     |           Metal |   [    16413900 ..     16414000) |                                        |        0 (profiler_analysis.cpp:700)
2026-10-05 01:37:11.129 | info     |           Metal |   [    16414000 ..     16414100) |                                        |        0 (profiler_analysis.cpp:700)
2026-10-05 01:37:11.129 | info     |           Metal |   [    16414100 ..     16414200) |                                        |        0 (profiler_analysis.cpp:700)
2026-10-05 01:37:11.129 | info     |           Metal |   [    16414200 ..     16414300) |                                        |        0 (profiler_analysis.cpp:700)
2026-10-05 01:37:11.129 | info     |           Metal |   [    16414300 ..     16414400) |                                        |        0 (profiler_analysis.cpp:700)
[run]   view=orb_19 30.2ms
[SUBCHUNK] tiles_split=85 total_subchunks=1112 max_subchunks_per_tile=3 payload_pages=42920
[SORT] stage=ONELAUNCH P=2713859 P_kept=2713859 num_tiles=1024 max_tile_n=18384 onelaunch=3.17 layout=0.04 pub_host=0.15 total=3.39ms
2026-10-05 01:37:11.160 | info     |           Metal | Device kernel duration perf summary (device=0): count=1, min=16284444ns, avg=16284444.0ns, max=16284444ns (profiler_analysis.cpp:645)
2026-10-05 01:37:11.160 | info     |           Metal | Device kernel duration perf histogram (device=0): (buckets=10, bucket_size=100ns, range=[16284400..16285400), underflow(<16284400ns)=0, overflow(>=16285400ns)=0) (profiler_analysis.cpp:682)
2026-10-05 01:37:11.160 | info     |           Metal |   [    16284400 ..     16284500) |########################################|        1 (profiler_analysis.cpp:700)
2026-10-05 01:37:11.160 | info     |           Metal |   [    16284500 ..     16284600) |                                        |        0 (profiler_analysis.cpp:700)
2026-10-05 01:37:11.160 | info     |           Metal |   [    16284600 ..     16284700) |                                        |        0 (profiler_analysis.cpp:700)
2026-10-05 01:37:11.160 | info     |           Metal |   [    16284700 ..     16284800) |                                        |        0 (profiler_analysis.cpp:700)
2026-10-05 01:37:11.160 | info     |           Metal |   [    16284800 ..     16284900) |                                        |        0 (profiler_analysis.cpp:700)
2026-10-05 01:37:11.160 | info     |           Metal |   [    16284900 ..     16285000) |                                        |        0 (profiler_analysis.cpp:700)
2026-10-05 01:37:11.160 | info     |           Metal |   [    16285000 ..     16285100) |                                        |        0 (profiler_analysis.cpp:700)
2026-10-05 01:37:11.160 | info     |           Metal |   [    16285100 ..     16285200) |                                        |        0 (profiler_analysis.cpp:700)
2026-10-05 01:37:11.160 | info     |           Metal |   [    16285200 ..     16285300) |                                        |        0 (profiler_analysis.cpp:700)
2026-10-05 01:37:11.160 | info     |           Metal |   [    16285300 ..     16285400) |                                        |        0 (profiler_analysis.cpp:700)
[run]   view=orb_20 30.4ms
[SUBCHUNK] tiles_split=82 total_subchunks=1109 max_subchunks_per_tile=3 payload_pages=42434
[SORT] stage=ONELAUNCH P=2684591 P_kept=2684591 num_tiles=1024 max_tile_n=22331 onelaunch=3.14 layout=0.04 pub_host=0.14 total=3.36ms
2026-10-05 01:37:11.190 | info     |           Metal | Device kernel duration perf summary (device=0): count=1, min=16139220ns, avg=16139220.0ns, max=16139220ns (profiler_analysis.cpp:645)
2026-10-05 01:37:11.190 | info     |           Metal | Device kernel duration perf histogram (device=0): (buckets=10, bucket_size=100ns, range=[16139200..16140200), underflow(<16139200ns)=0, overflow(>=16140200ns)=0) (profiler_analysis.cpp:682)
2026-10-05 01:37:11.190 | info     |           Metal |   [    16139200 ..     16139300) |########################################|        1 (profiler_analysis.cpp:700)
2026-10-05 01:37:11.190 | info     |           Metal |   [    16139300 ..     16139400) |                                        |        0 (profiler_analysis.cpp:700)
2026-10-05 01:37:11.190 | info     |           Metal |   [    16139400 ..     16139500) |                                        |        0 (profiler_analysis.cpp:700)
2026-10-05 01:37:11.190 | info     |           Metal |   [    16139500 ..     16139600) |                                        |        0 (profiler_analysis.cpp:700)
2026-10-05 01:37:11.190 | info     |           Metal |   [    16139600 ..     16139700) |                                        |        0 (profiler_analysis.cpp:700)
2026-10-05 01:37:11.190 | info     |           Metal |   [    16139700 ..     16139800) |                                        |        0 (profiler_analysis.cpp:700)
2026-10-05 01:37:11.190 | info     |           Metal |   [    16139800 ..     16139900) |                                        |        0 (profiler_analysis.cpp:700)
2026-10-05 01:37:11.190 | info     |           Metal |   [    16139900 ..     16140000) |                                        |        0 (profiler_analysis.cpp:700)
2026-10-05 01:37:11.190 | info     |           Metal |   [    16140000 ..     16140100) |                                        |        0 (profiler_analysis.cpp:700)
2026-10-05 01:37:11.190 | info     |           Metal |   [    16140100 ..     16140200) |                                        |        0 (profiler_analysis.cpp:700)
[run]   view=orb_21 29.9ms
[SUBCHUNK] tiles_split=84 total_subchunks=1111 max_subchunks_per_tile=3 payload_pages=41213
[SORT] stage=ONELAUNCH P=2605234 P_kept=2605234 num_tiles=1024 max_tile_n=18553 onelaunch=3.01 layout=0.04 pub_host=0.14 total=3.24ms
2026-10-05 01:37:11.220 | info     |           Metal | Device kernel duration perf summary (device=0): count=1, min=15809181ns, avg=15809181.0ns, max=15809181ns (profiler_analysis.cpp:645)
2026-10-05 01:37:11.220 | info     |           Metal | Device kernel duration perf histogram (device=0): (buckets=10, bucket_size=100ns, range=[15809100..15810100), underflow(<15809100ns)=0, overflow(>=15810100ns)=0) (profiler_analysis.cpp:682)
2026-10-05 01:37:11.220 | info     |           Metal |   [    15809100 ..     15809200) |########################################|        1 (profiler_analysis.cpp:700)
2026-10-05 01:37:11.220 | info     |           Metal |   [    15809200 ..     15809300) |                                        |        0 (profiler_analysis.cpp:700)
2026-10-05 01:37:11.220 | info     |           Metal |   [    15809300 ..     15809400) |                                        |        0 (profiler_analysis.cpp:700)
2026-10-05 01:37:11.220 | info     |           Metal |   [    15809400 ..     15809500) |                                        |        0 (profiler_analysis.cpp:700)
2026-10-05 01:37:11.220 | info     |           Metal |   [    15809500 ..     15809600) |                                        |        0 (profiler_analysis.cpp:700)
2026-10-05 01:37:11.220 | info     |           Metal |   [    15809600 ..     15809700) |                                        |        0 (profiler_analysis.cpp:700)
2026-10-05 01:37:11.220 | info     |           Metal |   [    15809700 ..     15809800) |                                        |        0 (profiler_analysis.cpp:700)
2026-10-05 01:37:11.220 | info     |           Metal |   [    15809800 ..     15809900) |                                        |        0 (profiler_analysis.cpp:700)
2026-10-05 01:37:11.220 | info     |           Metal |   [    15809900 ..     15810000) |                                        |        0 (profiler_analysis.cpp:700)
2026-10-05 01:37:11.220 | info     |           Metal |   [    15810000 ..     15810100) |                                        |        0 (profiler_analysis.cpp:700)
[run]   view=orb_22 29.4ms
[SUBCHUNK] tiles_split=79 total_subchunks=1105 max_subchunks_per_tile=3 payload_pages=39599
[SORT] stage=ONELAUNCH P=2502602 P_kept=2502602 num_tiles=1024 max_tile_n=20113 onelaunch=2.71 layout=0.04 pub_host=0.14 total=2.93ms
2026-10-05 01:37:11.249 | info     |           Metal | Device kernel duration perf summary (device=0): count=1, min=15078484ns, avg=15078484.0ns, max=15078484ns (profiler_analysis.cpp:645)
2026-10-05 01:37:11.249 | info     |           Metal | Device kernel duration perf histogram (device=0): (buckets=10, bucket_size=100ns, range=[15078400..15079400), underflow(<15078400ns)=0, overflow(>=15079400ns)=0) (profiler_analysis.cpp:682)
2026-10-05 01:37:11.249 | info     |           Metal |   [    15078400 ..     15078500) |########################################|        1 (profiler_analysis.cpp:700)
2026-10-05 01:37:11.249 | info     |           Metal |   [    15078500 ..     15078600) |                                        |        0 (profiler_analysis.cpp:700)
2026-10-05 01:37:11.249 | info     |           Metal |   [    15078600 ..     15078700) |                                        |        0 (profiler_analysis.cpp:700)
2026-10-05 01:37:11.249 | info     |           Metal |   [    15078700 ..     15078800) |                                        |        0 (profiler_analysis.cpp:700)
2026-10-05 01:37:11.249 | info     |           Metal |   [    15078800 ..     15078900) |                                        |        0 (profiler_analysis.cpp:700)
2026-10-05 01:37:11.249 | info     |           Metal |   [    15078900 ..     15079000) |                                        |        0 (profiler_analysis.cpp:700)
2026-10-05 01:37:11.249 | info     |           Metal |   [    15079000 ..     15079100) |                                        |        0 (profiler_analysis.cpp:700)
2026-10-05 01:37:11.249 | info     |           Metal |   [    15079100 ..     15079200) |                                        |        0 (profiler_analysis.cpp:700)
2026-10-05 01:37:11.249 | info     |           Metal |   [    15079200 ..     15079300) |                                        |        0 (profiler_analysis.cpp:700)
2026-10-05 01:37:11.249 | info     |           Metal |   [    15079300 ..     15079400) |                                        |        0 (profiler_analysis.cpp:700)
[run]   view=orb_23 28.9ms
[SUBCHUNK] tiles_split=74 total_subchunks=1101 max_subchunks_per_tile=3 payload_pages=36830
[SORT] stage=ONELAUNCH P=2324732 P_kept=2324732 num_tiles=1024 max_tile_n=18871 onelaunch=2.72 layout=0.04 pub_host=0.14 total=2.93ms
2026-10-05 01:37:11.277 | info     |           Metal | Device kernel duration perf summary (device=0): count=1, min=14663410ns, avg=14663410.0ns, max=14663410ns (profiler_analysis.cpp:645)
2026-10-05 01:37:11.277 | info     |           Metal | Device kernel duration perf histogram (device=0): (buckets=10, bucket_size=100ns, range=[14663400..14664400), underflow(<14663400ns)=0, overflow(>=14664400ns)=0) (profiler_analysis.cpp:682)
2026-10-05 01:37:11.277 | info     |           Metal |   [    14663400 ..     14663500) |########################################|        1 (profiler_analysis.cpp:700)
2026-10-05 01:37:11.277 | info     |           Metal |   [    14663500 ..     14663600) |                                        |        0 (profiler_analysis.cpp:700)
2026-10-05 01:37:11.277 | info     |           Metal |   [    14663600 ..     14663700) |                                        |        0 (profiler_analysis.cpp:700)
2026-10-05 01:37:11.277 | info     |           Metal |   [    14663700 ..     14663800) |                                        |        0 (profiler_analysis.cpp:700)
2026-10-05 01:37:11.277 | info     |           Metal |   [    14663800 ..     14663900) |                                        |        0 (profiler_analysis.cpp:700)
2026-10-05 01:37:11.277 | info     |           Metal |   [    14663900 ..     14664000) |                                        |        0 (profiler_analysis.cpp:700)
2026-10-05 01:37:11.277 | info     |           Metal |   [    14664000 ..     14664100) |                                        |        0 (profiler_analysis.cpp:700)
2026-10-05 01:37:11.277 | info     |           Metal |   [    14664100 ..     14664200) |                                        |        0 (profiler_analysis.cpp:700)
2026-10-05 01:37:11.277 | info     |           Metal |   [    14664200 ..     14664300) |                                        |        0 (profiler_analysis.cpp:700)
2026-10-05 01:37:11.277 | info     |           Metal |   [    14664300 ..     14664400) |                                        |        0 (profiler_analysis.cpp:700)
[run]   view=orb_24 28.2ms
[SUBCHUNK] tiles_split=67 total_subchunks=1094 max_subchunks_per_tile=3 payload_pages=34707
[SORT] stage=ONELAUNCH P=2188552 P_kept=2188552 num_tiles=1024 max_tile_n=21416 onelaunch=2.48 layout=0.04 pub_host=0.15 total=2.70ms
2026-10-05 01:37:11.305 | info     |           Metal | Device kernel duration perf summary (device=0): count=1, min=14052631ns, avg=14052631.0ns, max=14052631ns (profiler_analysis.cpp:645)
2026-10-05 01:37:11.305 | info     |           Metal | Device kernel duration perf histogram (device=0): (buckets=10, bucket_size=100ns, range=[14052600..14053600), underflow(<14052600ns)=0, overflow(>=14053600ns)=0) (profiler_analysis.cpp:682)
2026-10-05 01:37:11.305 | info     |           Metal |   [    14052600 ..     14052700) |########################################|        1 (profiler_analysis.cpp:700)
2026-10-05 01:37:11.305 | info     |           Metal |   [    14052700 ..     14052800) |                                        |        0 (profiler_analysis.cpp:700)
2026-10-05 01:37:11.305 | info     |           Metal |   [    14052800 ..     14052900) |                                        |        0 (profiler_analysis.cpp:700)
2026-10-05 01:37:11.305 | info     |           Metal |   [    14052900 ..     14053000) |                                        |        0 (profiler_analysis.cpp:700)
2026-10-05 01:37:11.305 | info     |           Metal |   [    14053000 ..     14053100) |                                        |        0 (profiler_analysis.cpp:700)
2026-10-05 01:37:11.305 | info     |           Metal |   [    14053100 ..     14053200) |                                        |        0 (profiler_analysis.cpp:700)
2026-10-05 01:37:11.305 | info     |           Metal |   [    14053200 ..     14053300) |                                        |        0 (profiler_analysis.cpp:700)
2026-10-05 01:37:11.305 | info     |           Metal |   [    14053300 ..     14053400) |                                        |        0 (profiler_analysis.cpp:700)
2026-10-05 01:37:11.305 | info     |           Metal |   [    14053400 ..     14053500) |                                        |        0 (profiler_analysis.cpp:700)
2026-10-05 01:37:11.305 | info     |           Metal |   [    14053500 ..     14053600) |                                        |        0 (profiler_analysis.cpp:700)
[run]   view=orb_25 28.4ms
[SUBCHUNK] tiles_split=65 total_subchunks=1092 max_subchunks_per_tile=3 payload_pages=33318
[SORT] stage=ONELAUNCH P=2100112 P_kept=2100112 num_tiles=1024 max_tile_n=21340 onelaunch=2.32 layout=0.04 pub_host=0.14 total=2.54ms
2026-10-05 01:37:11.333 | info     |           Metal | Device kernel duration perf summary (device=0): count=1, min=13668431ns, avg=13668431.0ns, max=13668431ns (profiler_analysis.cpp:645)
2026-10-05 01:37:11.333 | info     |           Metal | Device kernel duration perf histogram (device=0): (buckets=10, bucket_size=100ns, range=[13668400..13669400), underflow(<13668400ns)=0, overflow(>=13669400ns)=0) (profiler_analysis.cpp:682)
2026-10-05 01:37:11.333 | info     |           Metal |   [    13668400 ..     13668500) |########################################|        1 (profiler_analysis.cpp:700)
2026-10-05 01:37:11.333 | info     |           Metal |   [    13668500 ..     13668600) |                                        |        0 (profiler_analysis.cpp:700)
2026-10-05 01:37:11.333 | info     |           Metal |   [    13668600 ..     13668700) |                                        |        0 (profiler_analysis.cpp:700)
2026-10-05 01:37:11.333 | info     |           Metal |   [    13668700 ..     13668800) |                                        |        0 (profiler_analysis.cpp:700)
2026-10-05 01:37:11.333 | info     |           Metal |   [    13668800 ..     13668900) |                                        |        0 (profiler_analysis.cpp:700)
2026-10-05 01:37:11.333 | info     |           Metal |   [    13668900 ..     13669000) |                                        |        0 (profiler_analysis.cpp:700)
2026-10-05 01:37:11.333 | info     |           Metal |   [    13669000 ..     13669100) |                                        |        0 (profiler_analysis.cpp:700)
2026-10-05 01:37:11.333 | info     |           Metal |   [    13669100 ..     13669200) |                                        |        0 (profiler_analysis.cpp:700)
2026-10-05 01:37:11.333 | info     |           Metal |   [    13669200 ..     13669300) |                                        |        0 (profiler_analysis.cpp:700)
2026-10-05 01:37:11.333 | info     |           Metal |   [    13669300 ..     13669400) |                                        |        0 (profiler_analysis.cpp:700)
[run]   view=orb_26 27.3ms
[SUBCHUNK] tiles_split=65 total_subchunks=1092 max_subchunks_per_tile=3 payload_pages=32594
[SORT] stage=ONELAUNCH P=2053343 P_kept=2053343 num_tiles=1024 max_tile_n=21713 onelaunch=2.19 layout=0.04 pub_host=0.14 total=2.41ms
2026-10-05 01:37:11.365 | info     |           Metal | Device kernel duration perf summary (device=0): count=1, min=13412971ns, avg=13412971.0ns, max=13412971ns (profiler_analysis.cpp:645)
2026-10-05 01:37:11.365 | info     |           Metal | Device kernel duration perf histogram (device=0): (buckets=10, bucket_size=100ns, range=[13412900..13413900), underflow(<13412900ns)=0, overflow(>=13413900ns)=0) (profiler_analysis.cpp:682)
2026-10-05 01:37:11.365 | info     |           Metal |   [    13412900 ..     13413000) |########################################|        1 (profiler_analysis.cpp:700)
2026-10-05 01:37:11.365 | info     |           Metal |   [    13413000 ..     13413100) |                                        |        0 (profiler_analysis.cpp:700)
2026-10-05 01:37:11.365 | info     |           Metal |   [    13413100 ..     13413200) |                                        |        0 (profiler_analysis.cpp:700)
2026-10-05 01:37:11.365 | info     |           Metal |   [    13413200 ..     13413300) |                                        |        0 (profiler_analysis.cpp:700)
2026-10-05 01:37:11.365 | info     |           Metal |   [    13413300 ..     13413400) |                                        |        0 (profiler_analysis.cpp:700)
2026-10-05 01:37:11.365 | info     |           Metal |   [    13413400 ..     13413500) |                                        |        0 (profiler_analysis.cpp:700)
2026-10-05 01:37:11.365 | info     |           Metal |   [    13413500 ..     13413600) |                                        |        0 (profiler_analysis.cpp:700)
2026-10-05 01:37:11.365 | info     |           Metal |   [    13413600 ..     13413700) |                                        |        0 (profiler_analysis.cpp:700)
2026-10-05 01:37:11.365 | info     |           Metal |   [    13413700 ..     13413800) |                                        |        0 (profiler_analysis.cpp:700)
2026-10-05 01:37:11.365 | info     |           Metal |   [    13413800 ..     13413900) |                                        |        0 (profiler_analysis.cpp:700)
[run]   view=orb_27 31.6ms
[SUBCHUNK] tiles_split=60 total_subchunks=1087 max_subchunks_per_tile=3 payload_pages=32524
[SORT] stage=ONELAUNCH P=2050402 P_kept=2050402 num_tiles=1024 max_tile_n=20666 onelaunch=2.26 layout=0.04 pub_host=0.14 total=2.48ms
2026-10-05 01:37:11.401 | info     |           Metal | Device kernel duration perf summary (device=0): count=1, min=13461774ns, avg=13461774.0ns, max=13461774ns (profiler_analysis.cpp:645)
2026-10-05 01:37:11.401 | info     |           Metal | Device kernel duration perf histogram (device=0): (buckets=10, bucket_size=100ns, range=[13461700..13462700), underflow(<13461700ns)=0, overflow(>=13462700ns)=0) (profiler_analysis.cpp:682)
2026-10-05 01:37:11.401 | info     |           Metal |   [    13461700 ..     13461800) |########################################|        1 (profiler_analysis.cpp:700)
2026-10-05 01:37:11.401 | info     |           Metal |   [    13461800 ..     13461900) |                                        |        0 (profiler_analysis.cpp:700)
2026-10-05 01:37:11.401 | info     |           Metal |   [    13461900 ..     13462000) |                                        |        0 (profiler_analysis.cpp:700)
2026-10-05 01:37:11.401 | info     |           Metal |   [    13462000 ..     13462100) |                                        |        0 (profiler_analysis.cpp:700)
2026-10-05 01:37:11.401 | info     |           Metal |   [    13462100 ..     13462200) |                                        |        0 (profiler_analysis.cpp:700)
2026-10-05 01:37:11.401 | info     |           Metal |   [    13462200 ..     13462300) |                                        |        0 (profiler_analysis.cpp:700)
2026-10-05 01:37:11.401 | info     |           Metal |   [    13462300 ..     13462400) |                                        |        0 (profiler_analysis.cpp:700)
2026-10-05 01:37:11.401 | info     |           Metal |   [    13462400 ..     13462500) |                                        |        0 (profiler_analysis.cpp:700)
2026-10-05 01:37:11.401 | info     |           Metal |   [    13462500 ..     13462600) |                                        |        0 (profiler_analysis.cpp:700)
2026-10-05 01:37:11.401 | info     |           Metal |   [    13462600 ..     13462700) |                                        |        0 (profiler_analysis.cpp:700)
[run]   view=orb_28 35.9ms
SUMMARY scene=bicycle hero='hero' hero_vs_ref=100.00dB(8bit-vs-golden) hero_vs_cpu=nandB(float-vs-cpu) avg_frame_ms=30.6 p50_ms=30.4 min_ms=27.3 max_ms=35.9 n_views=30 warmup_s=20.1 out=/localdev/smarton/gstt2-t194/tmp/t194-tip
TTW_METRIC hero_vs_ref=100.00
TTW_TIMING ms_view=30.625
TTW_TIMING blend=30.625
TTW_TIMING stage_head=0.002
TTW_TIMING stage_project=4.380
TTW_TIMING stage_tile_assign=0.004
TTW_TIMING stage_sort=3.334
TTW_TIMING stage_blend_setup=0.000
TTW_TIMING stage_mat=0.000
TTW_TIMING stage_cull=0.000
TTW_TIMING stage_blend=8.541
TTW_TIMING stage_d2h=0.243
TTW_TIMING stage_assemble=0.000
TTW_TIMING stage_tail=14.083
TTW_TIMING stage_view_total=30.588
TTW_TIMING stage_pybind=0.037
STAGES n=30 head=0.002 project=4.380 tile_assign=0.004 sort=3.334 blend_setup=0.000 mat=0.000 cull=0.000 blend=8.541 d2h=0.243 assemble=0.000 tail=14.083 | sum=30.587 view_total=30.588 resid_in_view=+0.001 avg_frame_ms=30.625 resid_vs_frame=+0.038
TTW_TIMING stage_sort_pread=0.014
TTW_TIMING stage_sort_bin_count=0.000
TTW_TIMING stage_sort_bin_hist_d2h=0.000
TTW_TIMING stage_sort_bin_layout=0.044
TTW_TIMING stage_sort_upload=0.000
TTW_TIMING stage_sort_bin_emit=3.028
TTW_TIMING stage_sort_kernel=0.000
TTW_TIMING stage_sort_d2h=0.000
TTW_TIMING stage_sort_compact=0.000
TTW_TIMING stage_sort_publish_host=0.154
TTW_TIMING stage_sort_publish_wait=0.000
TTW_TIMING stage_sort_mat=0.043
TTW_TIMING stage_sort_other=0.051
SORT_STAGES n=30 pread=0.014 bin_count=0.000 bin_hist_d2h=0.000 bin_layout=0.044 upload=0.000 bin_emit=3.028 kernel=0.000 d2h=0.000 compact=0.000 publish_host=0.154 publish_wait=0.000 mat=0.043 | sum=3.282 sort=3.334 resid=+0.051
TTW_TIMING stage_project_cov3d=0.000
TTW_TIMING stage_project_pfwc_setup=0.003
TTW_TIMING stage_project_pfwc_rtargs=0.037
TTW_TIMING stage_project_pfwc_enqueue=0.029
TTW_TIMING stage_project_pfwc_finish=0.000
TTW_TIMING stage_project_gather_setup=0.001
TTW_TIMING stage_project_gather_rtargs=0.000
TTW_TIMING stage_project_gather_enqueue=0.000
TTW_TIMING stage_project_gather_wait=3.983
TTW_TIMING stage_project_gather_result=0.327
TTW_TIMING stage_project_other=0.001
PROJECT_STAGES n=30 cov3d=0.000 pfwc_setup=0.003 pfwc_rtargs=0.037 pfwc_enqueue=0.029 pfwc_finish=0.000 gather_setup=0.001 gather_rtargs=0.000 gather_enqueue=0.000 gather_wait=3.983 gather_result=0.327 | sum=4.379 project=4.380 resid=+0.001
TTW_TIMING stage_tile_assign_setup=0.003
TTW_TIMING stage_tile_assign_rtargs=0.000
TTW_TIMING stage_tile_assign_enqueue=0.000
TTW_TIMING stage_tile_assign_scan_finish=0.000
TTW_TIMING stage_tile_assign_p_d2h=0.000
TTW_TIMING stage_tile_assign_k2_finish=0.000
TTW_TIMING stage_tile_assign_publish=0.000
TTW_TIMING stage_tile_assign_other=0.000
TILE_ASSIGN_STAGES n=30 setup=0.003 rtargs=0.000 enqueue=0.000 scan_finish=0.000 p_d2h=0.000 k2_finish=0.000 publish=0.000 | sum=0.004 tile_assign=0.004 resid=+0.000
[capture-inner] run.py rc=0

Queue delay: 16 ns
Timer resolution: 0 ns

Frames: 2
Time span: 29.55 s
Zones: 558,237
Elapsed time: 21.71 s
Saving trace... done!
Trace size 7418.29 KB (28.01% ratio)
2026-10-05 01:37:12.565 | INFO     | tracy:generate_report:154 - Host side ops time report generated at /localdev/smarton/gstt2-t194/opt/profiler/wrap_out_t194-tip/.logs/tracy_ops_times.csv
2026-10-05 01:37:12.578 | INFO     | tracy:generate_report:165 - Host side ops data report generated at /localdev/smarton/gstt2-t194/opt/profiler/wrap_out_t194-tip/.logs/tracy_ops_data.csv
2026-10-05 01:37:12.579 | INFO     | tracy.process_ops_logs:import_tracy_op_logs:255 - Importing ops logs
/localdev/smarton/tt-metal/tools/tracy/process_ops_logs.py:360: DtypeWarning: Columns (3) have mixed types. Specify dtype option on import or set low_memory=False.
  df = pd.read_csv(tracyOpTimesLog)
2026-10-05 01:37:13.514 | INFO     | tracy.process_ops_logs:get_device_data_generate_report:1014 - Copying runtime artifacts
2026-10-05 01:37:13.566 | INFO     | tracy.process_ops_logs:get_device_data_generate_report:1020 - Getting device only ops data
2026-10-05 01:37:15.424 | INFO     | tracy.process_device_log:core_to_device_timeseries:416 - Importing Data For Device Number : 0
2026-10-05 01:37:18.483 | INFO     | tracy.process_ops_logs:get_device_data_generate_report:1032 - Generating device op report ...
2026-10-05 01:37:18.507 | INFO     | tracy.process_ops_logs:get_device_data_generate_report:1210 - Device only OPs csv generated at: /localdev/smarton/gstt2-t194/opt/profiler/wrap_out_t194-tip/reports/2026_10_05_01_37_13/ops_perf_results_2026_10_05_01_37_13.csv
2026-10-05 01:37:18.509 | INFO     | tracy.process_ops_logs:get_device_data_generate_report:1219 - Device only per core op to op times csv generated at: /localdev/smarton/gstt2-t194/opt/profiler/wrap_out_t194-tip/reports/2026_10_05_01_37_13/per_core_op_to_op_times_2026_10_05_01_37_13.csv
[capture_tracy] wrapper exited rc=0
[capture_tracy] OK tracy: -rw-r--r-- 1 smarton group_1211416483 7597986 Oct  5 01:37 /localdev/smarton/gstt2-t194/opt/profiler/t194-tip/render.tracy
[capture_tracy] device profiler CSV data rows: 477573 (~19.9k rows/view at ttw-142; 30 views + warmup ~616k)
[capture_tracy] per-zone-hash device marker counts (each zone repeats ~30x across views):
  68372 9877
  61380 49375
  61380 17277
  34100 32535
  34100 16443
  34100 13133
  34100 12391
  20460 44536
  20460 33363
  20460 13449
  13640 54179
  13640 50910
  13640 44946
  13640 10436
   6820 4622
   6820 39198
   6820 28605
   6820 25121
   6820 25103
      1  timer_id
[capture_tracy] DONE rc=0 tracy=/localdev/smarton/gstt2-t194/opt/profiler/t194-tip/render.tracy
