== tt_metal/core_descriptors/blackhole_140_arch_eth_dispatch.yaml: 6 dispatch lists cut to 12 ETH cores
16c16
<         [[0, 0], [0, 1], [0, 2], [0, 3], [0, 4], [0, 5], [0, 6], [0, 7], [0, 8], [0, 9], [0, 10], [0, 11], [0, 12], [0, 13]]
---
>         [[0, 0], [0, 1], [0, 2], [0, 3], [0, 4], [0, 5], [0, 6], [0, 7], [0, 8], [0, 9], [0, 10], [0, 11]]
27c27
<         [[0, 0], [0, 1], [0, 2], [0, 3], [0, 4], [0, 5], [0, 6], [0, 7], [0, 8], [0, 9], [0, 10], [0, 11], [0, 12], [0, 13]]
---
>         [[0, 0], [0, 1], [0, 2], [0, 3], [0, 4], [0, 5], [0, 6], [0, 7], [0, 8], [0, 9], [0, 10], [0, 11]]
40c40
<         [[0, 0], [0, 1], [0, 2], [0, 3], [0, 4], [0, 5], [0, 6], [0, 7], [0, 8], [0, 9], [0, 10], [0, 11], [0, 12], [0, 13]]
---
>         [[0, 0], [0, 1], [0, 2], [0, 3], [0, 4], [0, 5], [0, 6], [0, 7], [0, 8], [0, 9], [0, 10], [0, 11]]
51c51
<         [[0, 0], [0, 1], [0, 2], [0, 3], [0, 4], [0, 5], [0, 6], [0, 7], [0, 8], [0, 9], [0, 10], [0, 11], [0, 12], [0, 13]]
---
>         [[0, 0], [0, 1], [0, 2], [0, 3], [0, 4], [0, 5], [0, 6], [0, 7], [0, 8], [0, 9], [0, 10], [0, 11]]
64c64
<         [[0, 0], [0, 1], [0, 2], [0, 3], [0, 4], [0, 5], [0, 6], [0, 7], [0, 8], [0, 9], [0, 10], [0, 11], [0, 12], [0, 13]]
---
>         [[0, 0], [0, 1], [0, 2], [0, 3], [0, 4], [0, 5], [0, 6], [0, 7], [0, 8], [0, 9], [0, 10], [0, 11]]
75c75
<         [[0, 0], [0, 1], [0, 2], [0, 3], [0, 4], [0, 5], [0, 6], [0, 7], [0, 8], [0, 9], [0, 10], [0, 11], [0, 12], [0, 13]]
---
>         [[0, 0], [0, 1], [0, 2], [0, 3], [0, 4], [0, 5], [0, 6], [0, 7], [0, 8], [0, 9], [0, 10], [0, 11]]
== runtime/hw/toolchain/blackhole/kernel_ierisc.ld: idle-ERISC kernel text bound 24 KB -> 36 KB
89c89
<     LONG((24 * 1024)
---
>     LONG((36 * 1024)
== runtime/hw/toolchain/blackhole/kernel_subordinate_ierisc.ld: idle-ERISC kernel text bound 24 KB -> 36 KB
89c89
<     LONG((24 * 1024)
---
>     LONG((36 * 1024)
overlay /localdev/smarton/p150bench/ttm-eth12p36 ready (src /localdev/smarton/viewer/tt-metal, 12 ETH dispatch cores, idle-ERISC bound 36 KB; 3 real files, rest symlinks)
