[eth] card p150b: eth dispatch, overlay /localdev/smarton/p150bench/ttm-eth12-t427, JIT cache /localdev/smarton/p150bench/cache427-eth
[run] warmup (hero='hero', 1024x1024, scene=bicycle)
2026-10-08 03:44:50.168 | info     |             UMD | Creating TopologyDiscovery for architecture: blackhole (topology_discovery.cpp:75)
2026-10-08 03:44:50.168 | info     |             UMD | Starting topology discovery. (topology_discovery.cpp:92)
2026-10-08 03:44:50.171 | warning  |             UMD | Low power mode is disabled while UMD holds open file descriptors. The device will return to low power mode once all file descriptors are closed. (topology_discovery.cpp:140)
2026-10-08 03:44:50.172 | info     |             UMD | Established firmware bundle version: 19.13.2 (topology_discovery.cpp:544)
2026-10-08 03:44:50.172 | info     |             UMD | Firmware bundle version 19.13.2 on the system is newer than the latest fully tested version 19.5.0 for blackhole architecture. Newest features may not be supported. (topology_discovery.cpp:570)
2026-10-08 03:44:50.173 | info     |             UMD | Completed topology discovery. (topology_discovery.cpp:96)
2026-10-08 03:44:50.174 | info     |          Device | Opening user mode device driver (tt_cluster.cpp:225)
2026-10-08 03:44:50.175 | info     |             UMD | Cluster constructor started. (cluster.cpp:317)
2026-10-08 03:44:50.175 | info     |             UMD | Creating TopologyDiscovery for architecture: blackhole (topology_discovery.cpp:75)
2026-10-08 03:44:50.175 | info     |             UMD | Starting topology discovery. (topology_discovery.cpp:92)
2026-10-08 03:44:50.177 | warning  |             UMD | Low power mode is disabled while UMD holds open file descriptors. The device will return to low power mode once all file descriptors are closed. (topology_discovery.cpp:140)
2026-10-08 03:44:50.178 | info     |             UMD | Established firmware bundle version: 19.13.2 (topology_discovery.cpp:544)
2026-10-08 03:44:50.178 | info     |             UMD | Firmware bundle version 19.13.2 on the system is newer than the latest fully tested version 19.5.0 for blackhole architecture. Newest features may not be supported. (topology_discovery.cpp:570)
2026-10-08 03:44:50.179 | info     |             UMD | Completed topology discovery. (topology_discovery.cpp:96)
2026-10-08 03:44:50.179 | info     |             UMD | Harvesting masks for Chip 0: Tensix: 0xc0 DRAM: 0x0 ETH: 0x120 PCIe: 0x2 L2CPU: 0x0 (cluster.cpp:262)
2026-10-08 03:44:50.179 | info     |             UMD | Initializing iommu for sysmem (size: 0x40000000). (silicon_sysmem_manager.cpp:334)
2026-10-08 03:44:50.179 | info     |             UMD | Allocating sysmem for IOMMU (size: 0x40000000). (silicon_sysmem_manager.cpp:340)
2026-10-08 03:44:50.250 | info     |             UMD | Opening local chip ids/PCIe ids: {0}/[0] and remote chip ids {} (cluster.cpp:153)
2026-10-08 03:44:50.250 | info     |             UMD | IOMMU: enabled (cluster.cpp:133)
2026-10-08 03:44:50.250 | info     |             UMD | KMD version: 2.9.0 (cluster.cpp:136)
2026-10-08 03:44:50.250 | info     |             UMD | Cluster constructor completed. (cluster.cpp:409)
2026-10-08 03:44:50.251 | info     |             UMD | Starting devices in cluster (cluster.cpp:1044)
2026-10-08 03:44:50.252 | info     |             UMD | Mapped sysmem without hugepages to IOVA 0xffffffff40000000; NOC address 0x1000000000000000 (silicon_sysmem_manager.cpp:391)
2026-10-08 03:44:50.253 | info     |             UMD | Starting devices in cluster completed. (cluster.cpp:1052)
2026-10-08 03:44:50.570 | info     |     Distributed | Using auto discovery to generate mesh graph. (metal_env.cpp:332)
2026-10-08 03:44:50.570 | info     |     Distributed | Constructing control plane using auto-discovery (no mesh graph descriptor). (metal_env.cpp:394)
2026-10-08 03:44:50.571 | info     |             UMD | Creating TopologyDiscovery for architecture: blackhole (topology_discovery.cpp:75)
2026-10-08 03:44:50.571 | info     |             UMD | Starting topology discovery. (topology_discovery.cpp:92)
2026-10-08 03:44:50.572 | warning  |             UMD | Low power mode is disabled while UMD holds open file descriptors. The device will return to low power mode once all file descriptors are closed. (topology_discovery.cpp:140)
2026-10-08 03:44:50.573 | info     |             UMD | Established firmware bundle version: 19.13.2 (topology_discovery.cpp:544)
2026-10-08 03:44:50.573 | info     |             UMD | Firmware bundle version 19.13.2 on the system is newer than the latest fully tested version 19.5.0 for blackhole architecture. Newest features may not be supported. (topology_discovery.cpp:570)
2026-10-08 03:44:50.574 | info     |             UMD | Completed topology discovery. (topology_discovery.cpp:96)
2026-10-08 03:44:50.575 | warning  |          Always | Unknown motherboard 'H12DSG-O-CPU' for chip_id=0 (bus_id=0x61) — defaulting tray_id to 0. Add this motherboard and its bus IDs to mobo_to_bus_ids in physical_system_discovery.cpp. (physical_system_discovery.cpp:56)
2026-10-08 03:44:50.575 | info     |          Fabric | TopologyMapper: Logical Multi-Mesh Adjacency Map: (topology_mapper.cpp:1474)
2026-10-08 03:44:50.575 | info     |          Fabric | 
=== Logical Mesh-Level Graph Adjacency Map ===
Total nodes: 1
Degree histogram: {0:1}
 (topology_solver.tpp:94)
2026-10-08 03:44:50.575 | info     |          Fabric | 
=== Logical Mesh 0 Internal Graph Adjacency Map ===
Total nodes: 1
Degree histogram: {0:1}
 (topology_solver.tpp:94)
2026-10-08 03:44:50.575 | info     |          Fabric | TopologyMapper: Physical Multi-Mesh Adjacency Map: (topology_mapper.cpp:1485)
2026-10-08 03:44:50.575 | info     |          Fabric | 
=== Physical Mesh-Level Graph Adjacency Map ===
Total nodes: 1
Degree histogram: {0:1}
 (topology_solver.tpp:94)
2026-10-08 03:44:50.575 | info     |          Fabric | 
=== Physical Mesh 0 Internal Graph Adjacency Map ===
Total nodes: 1
Degree histogram: {0:1}
 (topology_solver.tpp:94)
2026-10-08 03:44:50.575 | info     |          Fabric | Starting multi-mesh mapping: 1 logical mesh(es) to 1 physical mesh(es) (topology_mapper_utils.cpp:1465)
2026-10-08 03:44:50.575 | info     |          Fabric | Multi-mesh mapping attempt 1/2: Trying inter-mesh mapping (topology_mapper_utils.cpp:1506)
2026-10-08 03:44:50.575 | info     |          Fabric | Attempt 1: Inter-mesh mapping succeeded, found 1 mesh pair(s) (topology_mapper_utils.cpp:1535)
2026-10-08 03:44:50.575 | info     |          Fabric | Attempt 1: Mapping 1 mesh pair(s) (topology_mapper_utils.cpp:1547)
2026-10-08 03:44:50.575 | info     |          Fabric | Attempt 1: Mapping mesh 0 -> 0 (topology_mapper_utils.cpp:1549)
2026-10-08 03:44:50.575 | info     |          Fabric | Multi-mesh mapping succeeded after 1 attempt(s): 1 mesh pair(s) mapped (topology_mapper_utils.cpp:1682)
[DEV] dispatch eth (eth (forced)), command queues 2, compute grid 12x10
[gsplat_tt::sort] bucket tile stride 513 pages, 8 DRAM banks
[JIT_WARMUP] ideal-path contexts compiled in 3545.2 ms
[TA] K2 fold=1 (enabled 1 dual 1 screen tiles 1024 speed split 1)
[SORT] ONELAUNCH early=1 why=0 (tiles 1024 row_pages 64 cores 120)
[SORT] ONELAUNCH v2 OL_PB=8 OL_RING=8 OL_WIN_PAGES=1024 OL_MAT_SELECT=0 OL_BREC_BULK=1 OL_EMIT_TOWN=1 cb_bytes/mover=567680 shared=23680
[SORT] ONELAUNCH k2_fold=1 early=1 cq1=1 (enqueued behind the K2; cores 120 row_pages 64 tiles 1024)
[SUBCHUNK] tiles_split=86 total_subchunks=1113 max_subchunks_per_tile=3 payload_pages=45770
[SORT] stage=ONELAUNCH P=2895629 P_kept=2895629 num_tiles=1024 max_tile_n=22979 onelaunch=0.61 layout=0.09 pub_host=0.37 total=1.15ms
OUT_RING new pinned slot (slots=1 grows=0 replaced=0)
MATBLEND_PROGRAM fz=1 zerocopy=1 pinned=1 frame=0
[run] timing 30 views (warmup excluded)
[SUBCHUNK] tiles_split=86 total_subchunks=1113 max_subchunks_per_tile=3 payload_pages=45770
[SORT] stage=ONELAUNCH P=2895629 P_kept=2895629 num_tiles=1024 max_tile_n=22979 onelaunch=0.52 layout=0.08 pub_host=0.36 total=0.96ms
OUT_RING new pinned slot (slots=2 grows=1 replaced=0)
VIEW_STAGES i=0 name=hero wall=10.60 project=3.11 sort=1.57 blend=5.71 xview=0.11 view_total=10.52 sort_bin_layout=0.08 sort_bin_emit=0.52 sort_publish_host=0.36 sort_mat=0.13 project_pfwc_rtargs=0.20 project_pfwc_enqueue=0.08 project_gather_wait=2.92
[run]   view=hero 10.6ms saved=view00_hero.png
[SUBCHUNK] tiles_split=64 total_subchunks=1090 max_subchunks_per_tile=3 payload_pages=33181
[SORT] stage=ONELAUNCH P=2090575 P_kept=2090575 num_tiles=1024 max_tile_n=19171 onelaunch=0.54 layout=0.08 pub_host=0.36 total=0.98ms
OUT_RING new pinned slot (slots=3 grows=2 replaced=0)
VIEW_STAGES i=1 name=orb_00 wall=7.20 project=0.88 sort=1.55 blend=4.52 xview=0.15 xview_hits=1.00 view_total=7.13 sort_bin_layout=0.08 sort_bin_emit=0.54 sort_publish_host=0.36 sort_mat=0.10 project_pfwc_rtargs=0.11 project_gather_wait=0.87
[run]   view=orb_00 7.2ms saved=view01_orb_00.png
[SUBCHUNK] tiles_split=63 total_subchunks=1090 max_subchunks_per_tile=3 payload_pages=34324
[SORT] stage=ONELAUNCH P=2164042 P_kept=2164042 num_tiles=1024 max_tile_n=18956 onelaunch=0.51 layout=0.08 pub_host=0.35 total=0.94ms
OUT_RING new pinned slot (slots=4 grows=3 replaced=0)
VIEW_STAGES i=2 name=orb_01 wall=7.24 project=0.84 sort=1.52 blend=4.65 xview=0.14 xview_hits=1.00 view_total=7.17 sort_bin_layout=0.08 sort_bin_emit=0.51 sort_publish_host=0.35 sort_mat=0.10 project_pfwc_rtargs=0.10 project_gather_wait=0.83
[run]   view=orb_01 7.2ms saved=view02_orb_01.png
[SUBCHUNK] tiles_split=66 total_subchunks=1093 max_subchunks_per_tile=3 payload_pages=35760
[SORT] stage=ONELAUNCH P=2255766 P_kept=2255766 num_tiles=1024 max_tile_n=18906 onelaunch=0.51 layout=0.08 pub_host=0.36 total=0.96ms
VIEW_STAGES i=3 name=orb_02 wall=7.00 project=0.87 sort=1.18 blend=4.70 xview=0.15 xview_hits=1.00 view_total=6.93 sort_bin_layout=0.08 sort_bin_emit=0.51 sort_publish_host=0.36 sort_mat=0.10 project_pfwc_rtargs=0.10 project_gather_wait=0.87
[run]   view=orb_02 7.0ms saved=view03_orb_02.png
[SUBCHUNK] tiles_split=62 total_subchunks=1090 max_subchunks_per_tile=3 payload_pages=37612
[SORT] stage=ONELAUNCH P=2374790 P_kept=2374790 num_tiles=1024 max_tile_n=17834 onelaunch=0.51 layout=0.08 pub_host=0.36 total=0.96ms
VIEW_STAGES i=4 name=orb_03 wall=7.27 project=0.90 sort=1.18 blend=4.96 xview=0.13 xview_hits=1.00 view_total=7.20 sort_bin_layout=0.08 sort_bin_emit=0.51 sort_publish_host=0.36 sort_mat=0.10 project_pfwc_rtargs=0.10 project_gather_wait=0.90
[run]   view=orb_03 7.3ms saved=view04_orb_03.png
[SUBCHUNK] tiles_split=68 total_subchunks=1096 max_subchunks_per_tile=3 payload_pages=39937
[SORT] stage=ONELAUNCH P=2523377 P_kept=2523377 num_tiles=1024 max_tile_n=20034 onelaunch=0.49 layout=0.08 pub_host=0.37 total=0.95ms
VIEW_STAGES i=5 name=orb_04 wall=7.56 project=0.94 sort=1.16 blend=5.24 xview=0.13 xview_hits=1.00 view_total=7.50 sort_bin_layout=0.08 sort_bin_emit=0.49 sort_publish_host=0.37 sort_mat=0.10 project_pfwc_rtargs=0.09 project_gather_wait=0.93
[run]   view=orb_04 7.6ms saved=view05_orb_04.png
[SUBCHUNK] tiles_split=70 total_subchunks=1097 max_subchunks_per_tile=3 payload_pages=43036
[SORT] stage=ONELAUNCH P=2722282 P_kept=2722282 num_tiles=1024 max_tile_n=22369 onelaunch=0.51 layout=0.09 pub_host=0.36 total=0.97ms
VIEW_STAGES i=6 name=orb_05 wall=7.89 project=0.99 sort=1.21 blend=5.45 xview=0.14 xview_hits=1.00 view_total=7.83 sort_bin_layout=0.09 sort_bin_emit=0.51 sort_publish_host=0.36 sort_mat=0.10 project_pfwc_rtargs=0.10 project_gather_wait=0.99
[run]   view=orb_05 7.9ms saved=view06_orb_05.png
[SUBCHUNK] tiles_split=75 total_subchunks=1104 max_subchunks_per_tile=3 payload_pages=45752
[SORT] stage=ONELAUNCH P=2895762 P_kept=2895762 num_tiles=1024 max_tile_n=21267 onelaunch=0.49 layout=0.08 pub_host=0.35 total=0.92ms
VIEW_STAGES i=7 name=orb_06 wall=8.37 project=1.05 sort=1.17 blend=5.90 xview=0.14 xview_hits=1.00 view_total=8.30 sort_bin_layout=0.08 sort_bin_emit=0.49 sort_publish_host=0.35 sort_mat=0.13 project_pfwc_rtargs=0.10 project_gather_wait=1.05
[run]   view=orb_06 8.4ms saved=view07_orb_06.png
[SUBCHUNK] tiles_split=81 total_subchunks=1109 max_subchunks_per_tile=3 payload_pages=48611
[SORT] stage=ONELAUNCH P=3078956 P_kept=3078956 num_tiles=1024 max_tile_n=21032 onelaunch=0.50 layout=0.08 pub_host=0.37 total=0.95ms
VIEW_STAGES i=8 name=orb_07 wall=8.68 project=1.11 sort=1.18 blend=6.14 xview=0.14 xview_hits=1.00 view_total=8.62 sort_bin_layout=0.08 sort_bin_emit=0.50 sort_publish_host=0.37 sort_mat=0.10 project_pfwc_rtargs=0.10 project_gather_wait=1.10
[run]   view=orb_07 8.7ms saved=view08_orb_07.png
[SUBCHUNK] tiles_split=85 total_subchunks=1114 max_subchunks_per_tile=3 payload_pages=49703
[SORT] stage=ONELAUNCH P=3149841 P_kept=3149841 num_tiles=1024 max_tile_n=19047 onelaunch=0.79 layout=0.08 pub_host=0.37 total=1.24ms
VIEW_STAGES i=9 name=orb_08 wall=9.15 project=1.15 sort=1.67 blend=6.07 xview=0.13 xview_hits=1.00 view_total=9.08 sort_bin_layout=0.08 sort_bin_emit=0.79 sort_publish_host=0.37 sort_mat=0.31 project_pfwc_rtargs=0.10 project_gather_wait=1.14
[run]   view=orb_08 9.1ms saved=view09_orb_08.png
[SUBCHUNK] tiles_split=84 total_subchunks=1113 max_subchunks_per_tile=3 payload_pages=50216
[SORT] stage=ONELAUNCH P=3181780 P_kept=3181780 num_tiles=1024 max_tile_n=19358 onelaunch=0.51 layout=0.08 pub_host=0.37 total=0.97ms
VIEW_STAGES i=10 name=orb_09 wall=9.03 project=1.15 sort=1.19 blend=6.45 xview=0.13 xview_hits=1.00 view_total=8.97 sort_bin_layout=0.08 sort_bin_emit=0.51 sort_publish_host=0.37 sort_mat=0.10 project_pfwc_rtargs=0.09 project_gather_wait=1.15
[run]   view=orb_09 9.0ms saved=view10_orb_09.png
[SUBCHUNK] tiles_split=81 total_subchunks=1109 max_subchunks_per_tile=3 payload_pages=50327
[SORT] stage=ONELAUNCH P=3188467 P_kept=3188467 num_tiles=1024 max_tile_n=19519 onelaunch=0.44 layout=0.08 pub_host=0.37 total=0.90ms
VIEW_STAGES i=11 name=orb_10 wall=8.91 project=1.13 sort=1.12 blend=6.42 xview=0.15 xview_hits=1.00 view_total=8.84 sort_bin_layout=0.08 sort_bin_emit=0.44 sort_publish_host=0.37 sort_mat=0.10 project_pfwc_rtargs=0.10 project_gather_wait=1.13
[run]   view=orb_10 8.9ms saved=view11_orb_10.png
[SUBCHUNK] tiles_split=82 total_subchunks=1111 max_subchunks_per_tile=3 payload_pages=49049
[SORT] stage=ONELAUNCH P=3106694 P_kept=3106694 num_tiles=1024 max_tile_n=20025 onelaunch=0.46 layout=0.09 pub_host=0.35 total=0.91ms
VIEW_STAGES i=12 name=orb_11 wall=8.78 project=1.12 sort=1.13 blend=6.29 xview=0.13 xview_hits=1.00 view_total=8.71 sort_bin_layout=0.09 sort_bin_emit=0.46 sort_publish_host=0.35 sort_mat=0.10 project_pfwc_rtargs=0.10 project_gather_wait=1.12
[run]   view=orb_11 8.8ms saved=view12_orb_11.png
[SUBCHUNK] tiles_split=81 total_subchunks=1108 max_subchunks_per_tile=3 payload_pages=47132
[SORT] stage=ONELAUNCH P=2984152 P_kept=2984152 num_tiles=1024 max_tile_n=20390 onelaunch=0.55 layout=0.08 pub_host=0.38 total=1.03ms
VIEW_STAGES i=13 name=orb_12 wall=8.70 project=1.15 sort=1.26 blend=5.99 xview=0.15 xview_hits=1.00 view_total=8.60 sort_bin_layout=0.08 sort_bin_emit=0.55 sort_publish_host=0.38 sort_mat=0.11 project_pfwc_rtargs=0.11 project_gather_wait=1.14
[run]   view=orb_12 8.7ms saved=view13_orb_12.png
[SUBCHUNK] tiles_split=79 total_subchunks=1106 max_subchunks_per_tile=3 payload_pages=45617
[SORT] stage=ONELAUNCH P=2887843 P_kept=2887843 num_tiles=1024 max_tile_n=20927 onelaunch=0.45 layout=0.08 pub_host=0.38 total=0.91ms
VIEW_STAGES i=14 name=orb_13 wall=8.24 project=1.07 sort=1.12 blend=5.82 xview=0.14 xview_hits=1.00 view_total=8.18 sort_bin_layout=0.08 sort_bin_emit=0.45 sort_publish_host=0.38 sort_mat=0.10 project_pfwc_rtargs=0.10 project_gather_wait=1.06
[run]   view=orb_13 8.2ms saved=view14_orb_13.png
[SUBCHUNK] tiles_split=75 total_subchunks=1101 max_subchunks_per_tile=3 payload_pages=44556
[SORT] stage=ONELAUNCH P=2818980 P_kept=2818980 num_tiles=1024 max_tile_n=21145 onelaunch=0.46 layout=0.08 pub_host=0.37 total=0.92ms
VIEW_STAGES i=15 name=orb_14 wall=8.09 project=1.08 sort=1.15 blend=5.63 xview=0.14 xview_hits=1.00 view_total=8.02 sort_bin_layout=0.08 sort_bin_emit=0.46 sort_publish_host=0.37 sort_mat=0.10 project_pfwc_rtargs=0.10 project_gather_wait=1.07
[run]   view=orb_14 8.1ms saved=view15_orb_14.png
[SUBCHUNK] tiles_split=75 total_subchunks=1101 max_subchunks_per_tile=3 payload_pages=43664
[SORT] stage=ONELAUNCH P=2762186 P_kept=2762186 num_tiles=1024 max_tile_n=19314 onelaunch=0.50 layout=0.08 pub_host=0.37 total=0.95ms
VIEW_STAGES i=16 name=orb_15 wall=7.92 project=1.03 sort=1.18 blend=5.48 xview=0.14 xview_hits=1.00 view_total=7.86 sort_bin_layout=0.08 sort_bin_emit=0.50 sort_publish_host=0.37 sort_mat=0.11 project_pfwc_rtargs=0.10 project_gather_wait=1.02
[run]   view=orb_15 7.9ms saved=view16_orb_15.png
[SUBCHUNK] tiles_split=80 total_subchunks=1106 max_subchunks_per_tile=3 payload_pages=42989
[SORT] stage=ONELAUNCH P=2719305 P_kept=2719305 num_tiles=1024 max_tile_n=19744 onelaunch=0.48 layout=0.08 pub_host=0.37 total=0.93ms
VIEW_STAGES i=17 name=orb_16 wall=7.81 project=1.00 sort=1.14 blend=5.44 xview=0.14 xview_hits=1.00 view_total=7.75 sort_bin_layout=0.08 sort_bin_emit=0.48 sort_publish_host=0.37 sort_mat=0.10 project_pfwc_rtargs=0.10 project_gather_wait=0.99
[run]   view=orb_16 7.8ms saved=view17_orb_16.png
[SUBCHUNK] tiles_split=79 total_subchunks=1105 max_subchunks_per_tile=3 payload_pages=42964
[SORT] stage=ONELAUNCH P=2717542 P_kept=2717542 num_tiles=1024 max_tile_n=18173 onelaunch=0.51 layout=0.08 pub_host=0.36 total=0.95ms
VIEW_STAGES i=18 name=orb_17 wall=7.85 project=1.00 sort=1.16 blend=5.47 xview=0.13 xview_hits=1.00 view_total=7.79 sort_bin_layout=0.08 sort_bin_emit=0.51 sort_publish_host=0.36 sort_mat=0.10 project_pfwc_rtargs=0.10 project_gather_wait=0.99
[run]   view=orb_17 7.9ms saved=view18_orb_17.png
[SUBCHUNK] tiles_split=82 total_subchunks=1110 max_subchunks_per_tile=3 payload_pages=43226
[SORT] stage=ONELAUNCH P=2733748 P_kept=2733748 num_tiles=1024 max_tile_n=18007 onelaunch=0.50 layout=0.08 pub_host=0.35 total=0.94ms
VIEW_STAGES i=19 name=orb_18 wall=7.95 project=0.99 sort=1.17 blend=5.57 xview=0.13 xview_hits=1.00 view_total=7.88 sort_bin_layout=0.08 sort_bin_emit=0.50 sort_publish_host=0.35 sort_mat=0.10 project_pfwc_rtargs=0.09 project_gather_wait=0.99
[run]   view=orb_18 8.0ms saved=view19_orb_18.png
[SUBCHUNK] tiles_split=78 total_subchunks=1105 max_subchunks_per_tile=3 payload_pages=43149
[SORT] stage=ONELAUNCH P=2729054 P_kept=2729054 num_tiles=1024 max_tile_n=18629 onelaunch=0.49 layout=0.08 pub_host=0.37 total=0.94ms
VIEW_STAGES i=20 name=orb_19 wall=7.95 project=1.01 sort=1.16 blend=5.55 xview=0.13 xview_hits=1.00 view_total=7.88 sort_bin_layout=0.08 sort_bin_emit=0.49 sort_publish_host=0.37 sort_mat=0.10 project_pfwc_rtargs=0.10 project_gather_wait=1.01
[run]   view=orb_19 7.9ms saved=view20_orb_19.png
[SUBCHUNK] tiles_split=85 total_subchunks=1112 max_subchunks_per_tile=3 payload_pages=42920
[SORT] stage=ONELAUNCH P=2713776 P_kept=2713776 num_tiles=1024 max_tile_n=18369 onelaunch=0.38 layout=0.10 pub_host=0.36 total=0.86ms
VIEW_STAGES i=21 name=orb_20 wall=8.06 project=1.11 sort=1.07 blend=5.60 xview=0.15 xview_hits=1.00 view_total=7.97 sort_bin_layout=0.10 sort_bin_emit=0.38 sort_publish_host=0.36 sort_mat=0.08 project_pfwc_rtargs=0.11 project_gather_wait=1.10
[run]   view=orb_20 8.1ms saved=view21_orb_20.png
[SUBCHUNK] tiles_split=82 total_subchunks=1109 max_subchunks_per_tile=3 payload_pages=42444
[SORT] stage=ONELAUNCH P=2684908 P_kept=2684908 num_tiles=1024 max_tile_n=22330 onelaunch=0.43 layout=0.08 pub_host=0.36 total=0.88ms
VIEW_STAGES i=22 name=orb_21 wall=8.06 project=1.08 sort=1.11 blend=5.60 xview=0.15 xview_hits=1.00 view_total=7.96 sort_bin_layout=0.08 sort_bin_emit=0.43 sort_publish_host=0.36 sort_mat=0.09 project_pfwc_rtargs=0.10 project_gather_wait=1.07
[run]   view=orb_21 8.1ms saved=view22_orb_21.png
[SUBCHUNK] tiles_split=84 total_subchunks=1111 max_subchunks_per_tile=3 payload_pages=41219
[SORT] stage=ONELAUNCH P=2605190 P_kept=2605190 num_tiles=1024 max_tile_n=18553 onelaunch=0.42 layout=0.08 pub_host=0.38 total=0.88ms
VIEW_STAGES i=23 name=orb_22 wall=7.81 project=1.03 sort=1.11 blend=5.40 xview=0.15 xview_hits=1.00 view_total=7.72 sort_bin_layout=0.08 sort_bin_emit=0.42 sort_publish_host=0.38 sort_mat=0.10 project_pfwc_rtargs=0.11 project_gather_wait=1.02
[run]   view=orb_22 7.8ms saved=view23_orb_22.png
[SUBCHUNK] tiles_split=79 total_subchunks=1105 max_subchunks_per_tile=3 payload_pages=39602
[SORT] stage=ONELAUNCH P=2502433 P_kept=2502433 num_tiles=1024 max_tile_n=20113 onelaunch=0.39 layout=0.08 pub_host=0.36 total=0.84ms
VIEW_STAGES i=24 name=orb_23 wall=7.49 project=0.97 sort=1.05 blend=5.24 xview=0.15 xview_hits=1.00 view_total=7.42 sort_bin_layout=0.08 sort_bin_emit=0.39 sort_publish_host=0.36 sort_mat=0.09 project_pfwc_rtargs=0.10 project_gather_wait=0.96
[run]   view=orb_23 7.5ms saved=view24_orb_23.png
[SUBCHUNK] tiles_split=74 total_subchunks=1101 max_subchunks_per_tile=3 payload_pages=36821
[SORT] stage=ONELAUNCH P=2324571 P_kept=2324571 num_tiles=1024 max_tile_n=18871 onelaunch=0.66 layout=0.08 pub_host=0.36 total=1.10ms
VIEW_STAGES i=25 name=orb_24 wall=7.33 project=0.90 sort=1.34 blend=4.86 xview=0.14 xview_hits=1.00 view_total=7.26 sort_bin_layout=0.08 sort_bin_emit=0.66 sort_publish_host=0.36 sort_mat=0.11 project_pfwc_rtargs=0.10 project_gather_wait=0.89
[run]   view=orb_24 7.3ms saved=view25_orb_24.png
[SUBCHUNK] tiles_split=67 total_subchunks=1094 max_subchunks_per_tile=3 payload_pages=34703
[SORT] stage=ONELAUNCH P=2188463 P_kept=2188463 num_tiles=1024 max_tile_n=21416 onelaunch=0.39 layout=0.08 pub_host=0.37 total=0.84ms
VIEW_STAGES i=26 name=orb_25 wall=6.87 project=0.87 sort=1.07 blend=4.70 xview=0.14 xview_hits=1.00 view_total=6.80 sort_bin_layout=0.08 sort_bin_emit=0.39 sort_publish_host=0.37 sort_mat=0.11 project_pfwc_rtargs=0.10 project_gather_wait=0.87
[run]   view=orb_25 6.9ms saved=view26_orb_25.png
[SUBCHUNK] tiles_split=65 total_subchunks=1092 max_subchunks_per_tile=3 payload_pages=33321
[SORT] stage=ONELAUNCH P=2100242 P_kept=2100242 num_tiles=1024 max_tile_n=21340 onelaunch=0.40 layout=0.08 pub_host=0.34 total=0.83ms
VIEW_STAGES i=27 name=orb_26 wall=6.92 project=0.82 sort=1.06 blend=4.78 xview=0.13 xview_hits=1.00 view_total=6.83 sort_bin_layout=0.08 sort_bin_emit=0.40 sort_publish_host=0.34 sort_mat=0.11 project_pfwc_rtargs=0.10 project_gather_wait=0.82
[run]   view=orb_26 6.9ms saved=view27_orb_26.png
[SUBCHUNK] tiles_split=65 total_subchunks=1092 max_subchunks_per_tile=3 payload_pages=32586
[SORT] stage=ONELAUNCH P=2052961 P_kept=2052961 num_tiles=1024 max_tile_n=21713 onelaunch=0.60 layout=0.08 pub_host=0.36 total=1.04ms
VIEW_STAGES i=28 name=orb_27 wall=6.84 project=0.82 sort=1.27 blend=4.52 xview=0.15 xview_hits=1.00 view_total=6.78 sort_bin_layout=0.08 sort_bin_emit=0.60 sort_publish_host=0.36 sort_mat=0.10 project_pfwc_rtargs=0.10 project_gather_wait=0.81
[run]   view=orb_27 6.8ms saved=view28_orb_27.png
[SUBCHUNK] tiles_split=60 total_subchunks=1087 max_subchunks_per_tile=3 payload_pages=32524
[SORT] stage=ONELAUNCH P=2050213 P_kept=2050213 num_tiles=1024 max_tile_n=20666 onelaunch=0.39 layout=0.08 pub_host=0.37 total=0.85ms
VIEW_STAGES i=29 name=orb_28 wall=6.67 project=0.80 sort=1.08 blend=4.71 xview_hits=1.00 view_total=6.62 sort_bin_layout=0.08 sort_bin_emit=0.39 sort_publish_host=0.37 sort_mat=0.11 project_gather_wait=0.79
[run]   view=orb_28 6.7ms saved=view29_orb_28.png
SUMMARY scene=bicycle hero='hero' hero_vs_ref=nandB(8bit-vs-golden) hero_vs_cpu=nandB(float-vs-cpu) avg_frame_ms=7.9 p50_ms=7.9 min_ms=6.7 max_ms=10.6 n_views=30 warmup_s=18.9 out=/localdev/smarton/p150bench/tree392/tmp/t427-U
TTW_TIMING ms_view=7.941
TTW_TIMING blend=7.941
TTW_TIMING stage_head=0.006
TTW_TIMING stage_project=1.065
TTW_TIMING stage_tile_assign=0.008
TTW_TIMING stage_sort=1.210
TTW_TIMING stage_blend_setup=0.000
TTW_TIMING stage_mat=0.000
TTW_TIMING stage_cull=0.000
TTW_TIMING stage_blend=5.429
TTW_TIMING stage_d2h=0.009
TTW_TIMING stage_assemble=0.000
TTW_TIMING stage_tail=0.006
TTW_TIMING stage_xview=0.134
TTW_TIMING stage_view_total=7.870
TTW_TIMING stage_pybind=0.072
STAGES n=30 head=0.006 project=1.065 tile_assign=0.008 sort=1.210 blend_setup=0.000 mat=0.000 cull=0.000 blend=5.429 d2h=0.009 assemble=0.000 tail=0.006 xview=0.134 | sum=7.867 view_total=7.870 resid_in_view=+0.002 avg_frame_ms=7.941 resid_vs_frame=+0.074 xview_hits=29 xview_misses=0
TTW_TIMING stage_sort_pread=0.003
TTW_TIMING stage_sort_bin_count=0.000
TTW_TIMING stage_sort_bin_hist_d2h=0.000
TTW_TIMING stage_sort_bin_layout=0.082
TTW_TIMING stage_sort_upload=0.000
TTW_TIMING stage_sort_bin_emit=0.493
TTW_TIMING stage_sort_kernel=0.000
TTW_TIMING stage_sort_d2h=0.000
TTW_TIMING stage_sort_compact=0.000
TTW_TIMING stage_sort_publish_host=0.364
TTW_TIMING stage_sort_publish_wait=0.000
TTW_TIMING stage_sort_mat=0.110
TTW_TIMING stage_sort_other=0.159
SORT_STAGES n=30 pread=0.003 bin_count=0.000 bin_hist_d2h=0.000 bin_layout=0.082 upload=0.000 bin_emit=0.493 kernel=0.000 d2h=0.000 compact=0.000 publish_host=0.364 publish_wait=0.000 mat=0.110 | sum=1.051 sort=1.210 resid=+0.159
TTW_TIMING stage_project_cov3d=0.000
TTW_TIMING stage_project_pfwc_setup=0.006
TTW_TIMING stage_project_pfwc_rtargs=0.099
TTW_TIMING stage_project_pfwc_enqueue=0.033
TTW_TIMING stage_project_pfwc_finish=0.000
TTW_TIMING stage_project_gather_setup=0.004
TTW_TIMING stage_project_gather_rtargs=0.000
TTW_TIMING stage_project_gather_enqueue=0.000
TTW_TIMING stage_project_gather_wait=1.053
TTW_TIMING stage_project_gather_result=0.000
TTW_TIMING stage_project_other=-0.131
PROJECT_STAGES n=30 cov3d=0.000 pfwc_setup=0.006 pfwc_rtargs=0.099 pfwc_enqueue=0.033 pfwc_finish=0.000 gather_setup=0.004 gather_rtargs=0.000 gather_enqueue=0.000 gather_wait=1.053 gather_result=0.000 | sum=1.197 project=1.065 resid=-0.131
TTW_TIMING stage_tile_assign_setup=0.006
TTW_TIMING stage_tile_assign_rtargs=0.000
TTW_TIMING stage_tile_assign_enqueue=0.000
TTW_TIMING stage_tile_assign_scan_finish=0.000
TTW_TIMING stage_tile_assign_p_d2h=0.000
TTW_TIMING stage_tile_assign_k2_finish=0.000
TTW_TIMING stage_tile_assign_publish=0.001
TTW_TIMING stage_tile_assign_other=0.001
TILE_ASSIGN_STAGES n=30 setup=0.006 rtargs=0.000 enqueue=0.000 scan_finish=0.000 p_d2h=0.000 k2_finish=0.000 publish=0.001 | sum=0.007 tile_assign=0.008 resid=+0.001
