[run] warmup (hero='hero', 1024x1024, scene=bicycle)
2026-10-05 19:49:09.962 | info     |             UMD | Creating TopologyDiscovery for architecture: blackhole (topology_discovery.cpp:75)
2026-10-05 19:49:09.962 | info     |             UMD | Starting topology discovery. (topology_discovery.cpp:92)
2026-10-05 19:49:09.965 | warning  |             UMD | Low power mode is disabled while UMD holds open file descriptors. The device will return to low power mode once all file descriptors are closed. (topology_discovery.cpp:140)
2026-10-05 19:49:09.965 | info     |             UMD | Established firmware bundle version: 19.12.0 (topology_discovery.cpp:544)
2026-10-05 19:49:09.965 | info     |             UMD | Firmware bundle version 19.12.0 on the system is newer than the latest fully tested version 19.5.0 for blackhole architecture. Newest features may not be supported. (topology_discovery.cpp:570)
2026-10-05 19:49:09.965 | info     |             UMD | Completed topology discovery. (topology_discovery.cpp:96)
2026-10-05 19:49:09.966 | info     |          Device | Opening user mode device driver (tt_cluster.cpp:225)
2026-10-05 19:49:09.966 | info     |             UMD | Cluster constructor started. (cluster.cpp:317)
2026-10-05 19:49:09.966 | info     |             UMD | Creating TopologyDiscovery for architecture: blackhole (topology_discovery.cpp:75)
2026-10-05 19:49:09.966 | info     |             UMD | Starting topology discovery. (topology_discovery.cpp:92)
2026-10-05 19:49:09.969 | warning  |             UMD | Low power mode is disabled while UMD holds open file descriptors. The device will return to low power mode once all file descriptors are closed. (topology_discovery.cpp:140)
2026-10-05 19:49:09.969 | info     |             UMD | Established firmware bundle version: 19.12.0 (topology_discovery.cpp:544)
2026-10-05 19:49:09.969 | info     |             UMD | Firmware bundle version 19.12.0 on the system is newer than the latest fully tested version 19.5.0 for blackhole architecture. Newest features may not be supported. (topology_discovery.cpp:570)
2026-10-05 19:49:09.969 | info     |             UMD | Completed topology discovery. (topology_discovery.cpp:96)
2026-10-05 19:49:09.969 | info     |             UMD | Harvesting masks for Chip 0: Tensix: 0xc0 DRAM: 0x8 ETH: 0x3fff PCIe: 0x2 L2CPU: 0x0 (cluster.cpp:262)
2026-10-05 19:49:09.969 | info     |             UMD | Initializing iommu for sysmem (size: 0x40000000). (silicon_sysmem_manager.cpp:334)
2026-10-05 19:49:09.969 | info     |             UMD | Allocating sysmem for IOMMU (size: 0x40000000). (silicon_sysmem_manager.cpp:340)
2026-10-05 19:49:10.008 | info     |             UMD | Opening local chip ids/PCIe ids: {0}/[0] and remote chip ids {} (cluster.cpp:153)
2026-10-05 19:49:10.009 | info     |             UMD | IOMMU: enabled (cluster.cpp:133)
2026-10-05 19:49:10.009 | info     |             UMD | KMD version: 2.9.0 (cluster.cpp:136)
2026-10-05 19:49:10.009 | info     |             UMD | Cluster constructor completed. (cluster.cpp:409)
2026-10-05 19:49:10.009 | info     |             UMD | Starting devices in cluster (cluster.cpp:1044)
2026-10-05 19:49:10.010 | info     |             UMD | Mapped sysmem without hugepages to IOVA 0xffffffffc0000000; NOC address 0x1000000000000000 (silicon_sysmem_manager.cpp:391)
2026-10-05 19:49:10.010 | info     |             UMD | Starting devices in cluster completed. (cluster.cpp:1052)
2026-10-05 19:49:10.511 | info     |     Distributed | Using auto discovery to generate mesh graph. (metal_env.cpp:332)
2026-10-05 19:49:10.511 | info     |     Distributed | Constructing control plane using auto-discovery (no mesh graph descriptor). (metal_env.cpp:394)
2026-10-05 19:49:10.511 | info     |             UMD | Creating TopologyDiscovery for architecture: blackhole (topology_discovery.cpp:75)
2026-10-05 19:49:10.511 | info     |             UMD | Starting topology discovery. (topology_discovery.cpp:92)
2026-10-05 19:49:10.512 | warning  |             UMD | Low power mode is disabled while UMD holds open file descriptors. The device will return to low power mode once all file descriptors are closed. (topology_discovery.cpp:140)
2026-10-05 19:49:10.513 | info     |             UMD | Established firmware bundle version: 19.12.0 (topology_discovery.cpp:544)
2026-10-05 19:49:10.513 | info     |             UMD | Firmware bundle version 19.12.0 on the system is newer than the latest fully tested version 19.5.0 for blackhole architecture. Newest features may not be supported. (topology_discovery.cpp:570)
2026-10-05 19:49:10.513 | info     |             UMD | Completed topology discovery. (topology_discovery.cpp:96)
2026-10-05 19:49:10.513 | warning  |          Always | Unknown motherboard 'X670E GAMING PLUS WIFI (MS-7E16)' for chip_id=0 (bus_id=0x1) — defaulting tray_id to 0. Add this motherboard and its bus IDs to mobo_to_bus_ids in physical_system_discovery.cpp. (physical_system_discovery.cpp:56)
2026-10-05 19:49:10.513 | info     |          Fabric | TopologyMapper: Logical Multi-Mesh Adjacency Map: (topology_mapper.cpp:1474)
2026-10-05 19:49:10.514 | info     |          Fabric | 
=== Logical Mesh-Level Graph Adjacency Map ===
Total nodes: 1
Degree histogram: {0:1}
 (topology_solver.tpp:94)
2026-10-05 19:49:10.514 | info     |          Fabric | 
=== Logical Mesh 0 Internal Graph Adjacency Map ===
Total nodes: 1
Degree histogram: {0:1}
 (topology_solver.tpp:94)
2026-10-05 19:49:10.514 | info     |          Fabric | TopologyMapper: Physical Multi-Mesh Adjacency Map: (topology_mapper.cpp:1485)
2026-10-05 19:49:10.514 | info     |          Fabric | 
=== Physical Mesh-Level Graph Adjacency Map ===
Total nodes: 1
Degree histogram: {0:1}
 (topology_solver.tpp:94)
2026-10-05 19:49:10.514 | info     |          Fabric | 
=== Physical Mesh 0 Internal Graph Adjacency Map ===
Total nodes: 1
Degree histogram: {0:1}
 (topology_solver.tpp:94)
2026-10-05 19:49:10.514 | info     |          Fabric | Starting multi-mesh mapping: 1 logical mesh(es) to 1 physical mesh(es) (topology_mapper_utils.cpp:1465)
2026-10-05 19:49:10.514 | info     |          Fabric | Multi-mesh mapping attempt 1/2: Trying inter-mesh mapping (topology_mapper_utils.cpp:1506)
2026-10-05 19:49:10.514 | info     |          Fabric | Attempt 1: Inter-mesh mapping succeeded, found 1 mesh pair(s) (topology_mapper_utils.cpp:1535)
2026-10-05 19:49:10.514 | info     |          Fabric | Attempt 1: Mapping 1 mesh pair(s) (topology_mapper_utils.cpp:1547)
2026-10-05 19:49:10.514 | info     |          Fabric | Attempt 1: Mapping mesh 0 -> 0 (topology_mapper_utils.cpp:1549)
2026-10-05 19:49:10.514 | info     |          Fabric | Multi-mesh mapping succeeded after 1 attempt(s): 1 mesh pair(s) mapped (topology_mapper_utils.cpp:1682)
2026-10-05 19:49:17.612 | info     |           Metal | ShmResourceTracker: removed stale shm '/tt_d2h_1925298_517933609_0' (shm_resource_tracker.cpp:265)
2026-10-05 19:49:17.612 | info     |           Metal | ShmResourceTracker: removed stale manifest '/dev/shm/tt_socket_manifest_1925298' (shm_resource_tracker.cpp:275)
2026-10-05 19:49:18.636 | info     |           Metal | [Real-time profiler] Device 0 sync complete: 100 samples, frequency=1.349978 GHz, device_time_at_sync=39864611574477 cycles (realtime_profiler_manager.cpp:1075)
[DEV] command queues 2, compute grid 11x10
[JIT_WARMUP] ideal-path contexts compiled in 8691.2 ms
[TA] K2 fold=1 (enabled 1 dual 1 screen tiles 1024 speed split 1)
[SORT] ONELAUNCH early=1 why=0 (tiles 1024 row_pages 64 cores 110)
[SORT] ONELAUNCH v2 OL_PB=8 OL_RING=8 OL_WIN_PAGES=1024 OL_MAT_SELECT=0 OL_BREC_BULK=1 OL_EMIT_TOWN=1 cb_bytes/mover=567680 shared=22400
[SORT] ONELAUNCH k2_fold=1 early=1 cq1=1 (enqueued behind the K2; cores 110 row_pages 64 tiles 1024)
[SUBCHUNK] tiles_split=86 total_subchunks=1113 max_subchunks_per_tile=3 payload_pages=45763
[SORT] stage=ONELAUNCH P=2895701 P_kept=2895701 num_tiles=1024 max_tile_n=22980 onelaunch=0.59 layout=0.05 pub_host=0.16 total=0.84ms
2026-10-05 19:49:27.062 | critical |          Always | TT_THROW: Statically allocated circular buffers on core range [0-0 - 10-9] grow to 1594112 B which is beyond max L1 size of 1572864 B (assert.hpp:104)
[gsplat_tt::sort] resident-pairs path failed: TT_THROW @ /localdev/smarton/tt-metal/tt_metal/impl/program/program.cpp:1372: tt::exception
info:
Statically allocated circular buffers on core range [0-0 - 10-9] grow to 1594112 B which is beyond max L1 size of 1572864 B
backtrace:
 --- tt::tt_metal::detail::ProgramImpl::validate_circular_buffer_region(tt::tt_metal::IDevice const*)
 --- tt::tt_metal::distributed::MeshWorkloadImpl::compile_program(tt::tt_metal::distributed::MeshCoordinateRange const&, tt::tt_metal::distributed::MeshDevice*)
 --- tt::tt_metal::distributed::MeshWorkloadImpl::compile(tt::tt_metal::distributed::MeshDevice*)
 --- tt::tt_metal::distributed::EnqueueMeshWorkload(tt::tt_metal::distributed::MeshCommandQueue&, tt::tt_metal::distributed::MeshWorkload&, bool)
 --- /localdev/smarton/gstt2-t289/render/render_clean.cpython-310-x86_64-linux-gnu.so(+0xe214f) [0x7f41d63a314f]
 --- gsplat_tt::blend_mb_devcull_resident(float, bool, int, int, int, int, unsigned char*, bool*, double*, double*, float)
 --- /localdev/smarton/gstt2-t289/render/render_clean.cpython-310-x86_64-linux-gnu.so(+0xb633f) [0x7f41d637733f]
 --- /localdev/smarton/gstt2-t289/render/render_clean.cpython-310-x86_64-linux-gnu.so(+0xd21a2) [0x7f41d63931a2]
 --- gsplat_tt::sort_and_bin_tt(long const*, long const*, float const*, unsigned long, unsigned long, int, int, gsplat_cpu::ThreadPool*, bool*, gsplat_tt::SortCallTimings*, bool, gsplat_tt::SortBlendContinuation*)
 --- /localdev/smarton/gstt2-t289/render/render_clean.cpython-310-x86_64-linux-gnu.so(+0x4a0d2) [0x7f41d630b0d2]
 --- /localdev/smarton/gstt2-t289/render/render_clean.cpython-310-x86_64-linux-gnu.so(+0x65ea2) [0x7f41d6326ea2]
 --- /localdev/smarton/gstt2-t289/render/render_clean.cpython-310-x86_64-linux-gnu.so(+0x64de2) [0x7f41d6325de2]
 --- /localdev/smarton/gstt2-t289/render/render_clean.cpython-310-x86_64-linux-gnu.so(+0x4ba03) [0x7f41d630ca03]
 --- python3(+0x17ec7f) [0x55ef8843fc7f]
 --- python3(_PyEval_EvalFrameDefault+0x56d3) [0x55ef8843bcd3]
 --- python3(_PyFunction_Vectorcall+0x7c) [0x55ef8844caec]
 --- python3(_PyEval_EvalFrameDefault+0x807) [0x55ef88436e07]
 --- python3(_PyFunction_Vectorcall+0x7c) [0x55ef8844caec]
 --- python3(_PyEval_EvalFrameDefault+0x807) [0x55ef88436e07]
 --- python3(_PyFunction_Vectorcall+0x7c) [0x55ef8844caec]
 --- python3(_PyEval_EvalFrameDefault+0x6c0) [0x55ef88436cc0]
 --- python3(_PyFunction_Vectorcall+0x7c) [0x55ef8844caec]
 --- python3(_PyEval_EvalFrameDefault+0x6c0) [0x55ef88436cc0]
 --- python3(+0x25b036) [0x55ef8851c036]
 --- python3(PyEval_EvalCode+0x86) [0x55ef8851bf06]
 --- python3(+0x281a88) [0x55ef88542a88]
 --- python3(+0x27c0df) [0x55ef8853d0df]
 --- python3(+0x281825) [0x55ef88542825]
 --- python3(_PyRun_SimpleFileObject+0x1a8) [0x55ef88541d68]
 --- python3(_PyRun_AnyFileObject+0x47) [0x55ef88541a47]
 --- python3(Py_RunMain+0x2be) [0x55ef88535eae]
 --- python3(Py_BytesMain+0x2d) [0x55ef8850ff4d]
 --- /lib/x86_64-linux-gnu/libc.so.6(+0x29d90) [0x7f42aaf83d90]
 --- /lib/x86_64-linux-gnu/libc.so.6(__libc_start_main+0x80) [0x7f42aaf83e40]
 --- python3(_start+0x25) [0x55ef8850fe45]

Traceback (most recent call last):
  File "/localdev/smarton/gstt2-t289/render/run.py", line 582, in <module>
    main()
  File "/localdev/smarton/gstt2-t289/render/run.py", line 394, in main
    warm_img, _ = render_clean_view_timed(clean_pipeline, gauss, hero_view["c2w"], K, H, W)
  File "/localdev/smarton/gstt2-t289/render/run.py", line 234, in render_clean_view_timed
    res = pipeline.render(gauss, extr, K, H, W)
  File "/localdev/smarton/gstt2-t289/gsplat/pipeline.py", line 151, in render
    image, stats = self.backend.render_fused(
  File "/localdev/smarton/gstt2-t289/render/run.py", line 120, in render_fused
    image, stats = self._clean.render_view(
RuntimeError: render_clean: device sort failed; single-path TT, no CPU fallback
[yyzo-bh-07-special-smarton-for-reservation-237429:1927888] *** Process received signal ***
[yyzo-bh-07-special-smarton-for-reservation-237429:1927888] Signal: Segmentation fault (11)
[yyzo-bh-07-special-smarton-for-reservation-237429:1927888] Signal code: Address not mapped (1)
[yyzo-bh-07-special-smarton-for-reservation-237429:1927888] Failing at address: 0x55eaf513c510
[yyzo-bh-07-special-smarton-for-reservation-237429:1927888] [ 0] /lib/x86_64-linux-gnu/libc.so.6(+0x42520)[0x7f42aaf9c520]
[yyzo-bh-07-special-smarton-for-reservation-237429:1927888] [ 1] /localdev/smarton/tt-metal/build/lib/libtt_metal.so(_ZNSt8__detail9_Map_baseIjSt4pairIKjNSt6chrono10time_pointINS3_3_V212steady_clockENS3_8durationIlSt5ratioILl1ELl1000000000EEEEEEESaISC_ENS_10_Select1stESt8equal_toIjESt4hashIjENS_18_Mod_range_hashingENS_20_Default_ranged_hashENS_20_Prime_rehash_policyENS_17_Hashtable_traitsILb0ELb0ELb1EEELb1EEixEOj+0x48)[0x7f41d5540488]
[yyzo-bh-07-special-smarton-for-reservation-237429:1927888] [ 2] /localdev/smarton/tt-metal/build/lib/libtt_metal.so(_ZN2tt8tt_metal25SharedMemoryStatsProvider21update_from_allocatorEPKNS0_6DeviceEi+0x9c)[0x7f41d552ff9c]
[yyzo-bh-07-special-smarton-for-reservation-237429:1927888] [ 3] /localdev/smarton/tt-metal/build/lib/libtt_metal.so(_ZN2tt8tt_metal6detail11ProgramImpl27deallocate_circular_buffersEv+0xc0)[0x7f41d55e95c0]
[yyzo-bh-07-special-smarton-for-reservation-237429:1927888] [ 4] /localdev/smarton/tt-metal/build/lib/libtt_metal.so(_ZN2tt8tt_metal6detail11ProgramImplD1Ev+0x1a)[0x7f41d55f47fa]
[yyzo-bh-07-special-smarton-for-reservation-237429:1927888] [ 5] /localdev/smarton/tt-metal/build/lib/libtt_metal.so(+0x5dfc26)[0x7f41d53cdc26]
[yyzo-bh-07-special-smarton-for-reservation-237429:1927888] [ 6] /localdev/smarton/tt-metal/build/lib/libtt_metal.so(_ZN2tt8tt_metal11distributed16MeshWorkloadImplD2Ev+0xa8)[0x7f41d5905168]
[yyzo-bh-07-special-smarton-for-reservation-237429:1927888] [ 7] /localdev/smarton/tt-metal/build/lib/libtt_metal.so(_ZN2tt8tt_metal11distributed12MeshWorkloadD1Ev+0x15)[0x7f41d59055e5]
[yyzo-bh-07-special-smarton-for-reservation-237429:1927888] [ 8] /localdev/smarton/gstt2-t289/render/render_clean.cpython-310-x86_64-linux-gnu.so(+0xba3cd)[0x7f41d637b3cd]
[yyzo-bh-07-special-smarton-for-reservation-237429:1927888] [ 9] /localdev/smarton/gstt2-t289/render/render_clean.cpython-310-x86_64-linux-gnu.so(+0xba68d)[0x7f41d637b68d]
[yyzo-bh-07-special-smarton-for-reservation-237429:1927888] [10] /lib/x86_64-linux-gnu/libc.so.6(+0x45495)[0x7f42aaf9f495]
[yyzo-bh-07-special-smarton-for-reservation-237429:1927888] [11] /lib/x86_64-linux-gnu/libc.so.6(on_exit+0x0)[0x7f42aaf9f610]
[yyzo-bh-07-special-smarton-for-reservation-237429:1927888] [12] /lib/x86_64-linux-gnu/libc.so.6(+0x29d97)[0x7f42aaf83d97]
[yyzo-bh-07-special-smarton-for-reservation-237429:1927888] [13] /lib/x86_64-linux-gnu/libc.so.6(__libc_start_main+0x80)[0x7f42aaf83e40]
[yyzo-bh-07-special-smarton-for-reservation-237429:1927888] [14] python3(_start+0x25)[0x55ef8850fe45]
[yyzo-bh-07-special-smarton-for-reservation-237429:1927888] *** End of error message ***
timeout: the monitored command dumped core
