================ BUILD ID ================
  cpp : #127 sha=ed3d3baf bin=6dea21cfb9e76223 t469 ed3d3baf K2_TRISC b2b A/B (yyzo-bh-04)
  data: # sha= 
=========================================
host=yyzo-bh-04  tag=t469-dump  timeout=380s  worry=600s  ts=2026-10-10T07:22:27-0700
cmd: T=/localdev/smarton/gstt2-t469 bash /localdev/smarton/gstt2-t469/docs/k2-b2b-t469/remote_ab.sh 9 dump off def
-----------------------------------------
=== r9-dump-off ed3d3ba K2_TRISC=0 14:22:28 load=2.82
run rc=0
[DEV] dispatch worker (worker), command queues 2, compute grid 11x10
SUMMARY scene=bicycle hero='hero' hero_vs_ref=nandB(8bit-vs-golden) hero_vs_cpu=nandB(float-vs-cpu) avg_frame_ms=8.1 p50_ms=8.1 min_ms=6.5 max_ms=10.5 n_views=30 warmup_s=1.5 out=/localdev/smarton/gstt2-t469/tmp/t469-r9-dump-off
TTW_TIMING ms_view=8.095
STAGES n=30 head=0.003 project=1.109 tile_assign=0.004 sort=0.464 blend_setup=0.000 mat=0.000 cull=0.000 blend=6.420 d2h=0.004 assemble=0.000 tail=0.003 xview=0.053 | sum=8.059 view_total=8.060 resid_in_view=+0.001 avg_frame_ms=8.095 resid_vs_frame=+0.037 xview_hits=29 xview_misses=0
MD5_GOLDEN_OK grid 11x10: list 906e0435 = golden (30/30 views)
=== r9-dump-def ed3d3ba K2_TRISC=unset 14:22:38 load=2.86
run rc=0
[DEV] dispatch worker (worker), command queues 2, compute grid 11x10
SUMMARY scene=bicycle hero='hero' hero_vs_ref=nandB(8bit-vs-golden) hero_vs_cpu=nandB(float-vs-cpu) avg_frame_ms=7.8 p50_ms=7.8 min_ms=6.4 max_ms=10.2 n_views=30 warmup_s=1.5 out=/localdev/smarton/gstt2-t469/tmp/t469-r9-dump-def
TTW_TIMING ms_view=7.805
STAGES n=30 head=0.003 project=0.809 tile_assign=0.004 sort=0.462 blend_setup=0.000 mat=0.000 cull=0.000 blend=6.425 d2h=0.003 assemble=0.000 tail=0.003 xview=0.056 | sum=7.766 view_total=7.767 resid_in_view=+0.001 avg_frame_ms=7.805 resid_vs_frame=+0.039 xview_hits=29 xview_misses=0
MD5_GOLDEN_OK grid 11x10: list 906e0435 = golden (30/30 views)
=== done 9 dump 14:22:49
[ttw] log: /Users/smarton/dev/gsplat_tt/tt-project/worktrees/t469/tmp/ttw-state/logs/t469-dump-20261010-072227.log
