[run] warmup (hero='hero', 1024x1024, scene=bicycle)
2026-10-07 07:43:30.383 | info     |             UMD | Creating TopologyDiscovery for architecture: blackhole (topology_discovery.cpp:75)
2026-10-07 07:43:30.383 | info     |             UMD | Starting topology discovery. (topology_discovery.cpp:92)
2026-10-07 07:43:30.386 | warning  |             UMD | Low power mode is disabled while UMD holds open file descriptors. The device will return to low power mode once all file descriptors are closed. (topology_discovery.cpp:140)
2026-10-07 07:43:30.386 | info     |             UMD | Established firmware bundle version: 19.12.0 (topology_discovery.cpp:544)
2026-10-07 07:43:30.386 | info     |             UMD | Firmware bundle version 19.12.0 on the system is newer than the latest fully tested version 19.5.0 for blackhole architecture. Newest features may not be supported. (topology_discovery.cpp:570)
2026-10-07 07:43:30.386 | info     |             UMD | Completed topology discovery. (topology_discovery.cpp:96)
2026-10-07 07:43:30.387 | info     |          Device | Opening user mode device driver (tt_cluster.cpp:225)
2026-10-07 07:43:30.387 | info     |             UMD | Cluster constructor started. (cluster.cpp:317)
2026-10-07 07:43:30.387 | info     |             UMD | Creating TopologyDiscovery for architecture: blackhole (topology_discovery.cpp:75)
2026-10-07 07:43:30.387 | info     |             UMD | Starting topology discovery. (topology_discovery.cpp:92)
2026-10-07 07:43:30.390 | warning  |             UMD | Low power mode is disabled while UMD holds open file descriptors. The device will return to low power mode once all file descriptors are closed. (topology_discovery.cpp:140)
2026-10-07 07:43:30.390 | info     |             UMD | Established firmware bundle version: 19.12.0 (topology_discovery.cpp:544)
2026-10-07 07:43:30.390 | info     |             UMD | Firmware bundle version 19.12.0 on the system is newer than the latest fully tested version 19.5.0 for blackhole architecture. Newest features may not be supported. (topology_discovery.cpp:570)
2026-10-07 07:43:30.390 | info     |             UMD | Completed topology discovery. (topology_discovery.cpp:96)
2026-10-07 07:43:30.390 | info     |             UMD | Harvesting masks for Chip 0: Tensix: 0x280 DRAM: 0x20 ETH: 0x3fff PCIe: 0x2 L2CPU: 0x0 (cluster.cpp:262)
2026-10-07 07:43:30.390 | info     |             UMD | Initializing iommu for sysmem (size: 0x40000000). (silicon_sysmem_manager.cpp:334)
2026-10-07 07:43:30.390 | info     |             UMD | Allocating sysmem for IOMMU (size: 0x40000000). (silicon_sysmem_manager.cpp:340)
2026-10-07 07:43:30.431 | info     |             UMD | Opening local chip ids/PCIe ids: {0}/[0] and remote chip ids {} (cluster.cpp:153)
2026-10-07 07:43:30.431 | info     |             UMD | IOMMU: enabled (cluster.cpp:133)
2026-10-07 07:43:30.431 | info     |             UMD | KMD version: 2.9.0 (cluster.cpp:136)
2026-10-07 07:43:30.431 | info     |             UMD | Cluster constructor completed. (cluster.cpp:409)
2026-10-07 07:43:30.431 | info     |             UMD | Starting devices in cluster (cluster.cpp:1044)
2026-10-07 07:43:30.432 | info     |             UMD | Mapped sysmem without hugepages to IOVA 0x80000000; NOC address 0x1000000000000000 (silicon_sysmem_manager.cpp:391)
2026-10-07 07:43:30.432 | info     |             UMD | Starting devices in cluster completed. (cluster.cpp:1052)
2026-10-07 07:43:30.914 | info     |     Distributed | Using auto discovery to generate mesh graph. (metal_env.cpp:332)
2026-10-07 07:43:30.914 | info     |     Distributed | Constructing control plane using auto-discovery (no mesh graph descriptor). (metal_env.cpp:394)
2026-10-07 07:43:30.914 | info     |             UMD | Creating TopologyDiscovery for architecture: blackhole (topology_discovery.cpp:75)
2026-10-07 07:43:30.914 | info     |             UMD | Starting topology discovery. (topology_discovery.cpp:92)
2026-10-07 07:43:30.915 | warning  |             UMD | Low power mode is disabled while UMD holds open file descriptors. The device will return to low power mode once all file descriptors are closed. (topology_discovery.cpp:140)
2026-10-07 07:43:30.915 | info     |             UMD | Established firmware bundle version: 19.12.0 (topology_discovery.cpp:544)
2026-10-07 07:43:30.915 | info     |             UMD | Firmware bundle version 19.12.0 on the system is newer than the latest fully tested version 19.5.0 for blackhole architecture. Newest features may not be supported. (topology_discovery.cpp:570)
2026-10-07 07:43:30.915 | info     |             UMD | Completed topology discovery. (topology_discovery.cpp:96)
2026-10-07 07:43:30.916 | warning  |          Always | Unknown motherboard 'X670E GAMING PLUS WIFI (MS-7E16)' for chip_id=0 (bus_id=0x1) — defaulting tray_id to 0. Add this motherboard and its bus IDs to mobo_to_bus_ids in physical_system_discovery.cpp. (physical_system_discovery.cpp:56)
2026-10-07 07:43:30.916 | info     |          Fabric | TopologyMapper: Logical Multi-Mesh Adjacency Map: (topology_mapper.cpp:1474)
2026-10-07 07:43:30.916 | info     |          Fabric | 
=== Logical Mesh-Level Graph Adjacency Map ===
Total nodes: 1
Degree histogram: {0:1}
 (topology_solver.tpp:94)
2026-10-07 07:43:30.916 | info     |          Fabric | 
=== Logical Mesh 0 Internal Graph Adjacency Map ===
Total nodes: 1
Degree histogram: {0:1}
 (topology_solver.tpp:94)
2026-10-07 07:43:30.916 | info     |          Fabric | TopologyMapper: Physical Multi-Mesh Adjacency Map: (topology_mapper.cpp:1485)
2026-10-07 07:43:30.917 | info     |          Fabric | 
=== Physical Mesh-Level Graph Adjacency Map ===
Total nodes: 1
Degree histogram: {0:1}
 (topology_solver.tpp:94)
2026-10-07 07:43:30.917 | info     |          Fabric | 
=== Physical Mesh 0 Internal Graph Adjacency Map ===
Total nodes: 1
Degree histogram: {0:1}
 (topology_solver.tpp:94)
2026-10-07 07:43:30.917 | info     |          Fabric | Starting multi-mesh mapping: 1 logical mesh(es) to 1 physical mesh(es) (topology_mapper_utils.cpp:1465)
2026-10-07 07:43:30.917 | info     |          Fabric | Multi-mesh mapping attempt 1/2: Trying inter-mesh mapping (topology_mapper_utils.cpp:1506)
2026-10-07 07:43:30.917 | info     |          Fabric | Attempt 1: Inter-mesh mapping succeeded, found 1 mesh pair(s) (topology_mapper_utils.cpp:1535)
2026-10-07 07:43:30.917 | info     |          Fabric | Attempt 1: Mapping 1 mesh pair(s) (topology_mapper_utils.cpp:1547)
2026-10-07 07:43:30.917 | info     |          Fabric | Attempt 1: Mapping mesh 0 -> 0 (topology_mapper_utils.cpp:1549)
2026-10-07 07:43:30.917 | info     |          Fabric | Multi-mesh mapping succeeded after 1 attempt(s): 1 mesh pair(s) mapped (topology_mapper_utils.cpp:1682)
2026-10-07 07:43:30.919 | info     |    BuildKernels | Using pre-compiled firmware from: /localdev/smarton/tt-metal/tt_metal/pre-compiled/5481144561508939120/ (build_env_manager.cpp:257)
2026-10-07 07:43:30.962 | info     |           Metal | ShmResourceTracker: removed stale shm '/tt_d2h_112931_2457924604_0' (shm_resource_tracker.cpp:265)
2026-10-07 07:43:30.962 | info     |           Metal | ShmResourceTracker: removed stale manifest '/dev/shm/tt_socket_manifest_112931' (shm_resource_tracker.cpp:275)
2026-10-07 07:43:30.962 | info     |           Metal | ShmResourceTracker: removed orphaned shm '/tt_device_198001_memory' (shm_resource_tracker.cpp:282)
2026-10-07 07:43:31.540 | info     |           Metal | [Real-time profiler] Device 0 sync complete: 100 samples, frequency=1.349982 GHz, device_time_at_sync=532734037221 cycles (realtime_profiler_manager.cpp:1075)
[DEV] command queues 2, compute grid 11x10
[JIT_WARMUP] ideal-path contexts compiled in 1173.8 ms
[TA] K2 fold=1 (enabled 1 dual 1 screen tiles 1024 speed split 1)
[SORT] ONELAUNCH early=1 why=0 (tiles 1024 row_pages 64 cores 110)
[SORT] ONELAUNCH v2 OL_PB=8 OL_RING=8 OL_WIN_PAGES=1024 OL_MAT_SELECT=0 OL_BREC_BULK=1 OL_EMIT_TOWN=1 cb_bytes/mover=567680 shared=22400
[SORT] ONELAUNCH k2_fold=1 early=1 cq1=1 (enqueued behind the K2; cores 110 row_pages 64 tiles 1024)
[gsplat_tt::sort] tile 554 holds 35888 (padded) records > bucket capacity 32768; sort failed, the view is retried at a coarser floor
[render_clean] tile overflow (35888 records): bucket grown to 65472, retrying the view at contrib floor 1/255
[SUBCHUNK] tiles_split=104 total_subchunks=1178 max_subchunks_per_tile=5 payload_pages=48883
[SORT] stage=ONELAUNCH P=3096303 P_kept=3096303 num_tiles=1024 max_tile_n=35032 onelaunch=0.57 layout=0.06 pub_host=0.18 total=0.81ms
[run] timing 3 views (warmup excluded)
[SUBCHUNK] tiles_split=104 total_subchunks=1178 max_subchunks_per_tile=5 payload_pages=48883
[SORT] stage=ONELAUNCH P=3096303 P_kept=3096303 num_tiles=1024 max_tile_n=35032 onelaunch=0.58 layout=0.05 pub_host=0.17 total=0.80ms
[run]   view=hero 14.2ms saved=view00_hero.png
[SUBCHUNK] tiles_split=104 total_subchunks=1178 max_subchunks_per_tile=5 payload_pages=48883
[SORT] stage=ONELAUNCH P=3096303 P_kept=3096303 num_tiles=1024 max_tile_n=35032 onelaunch=0.56 layout=0.04 pub_host=0.15 total=0.75ms
[run]   view=rep1 14.2ms saved=view01_rep1.png
[SUBCHUNK] tiles_split=104 total_subchunks=1178 max_subchunks_per_tile=5 payload_pages=48883
[SORT] stage=ONELAUNCH P=3096303 P_kept=3096303 num_tiles=1024 max_tile_n=35032 onelaunch=0.56 layout=0.04 pub_host=0.15 total=0.75ms
[run]   view=rep2 14.2ms saved=view02_rep2.png
SUMMARY scene=bicycle hero='hero' hero_vs_ref=nandB(8bit-vs-golden) hero_vs_cpu=nandB(float-vs-cpu) avg_frame_ms=14.2 p50_ms=14.2 min_ms=14.2 max_ms=14.2 n_views=3 warmup_s=1.5 out=/localdev/smarton/gstt2-t284/tmp/t284-r3-far2_255
TTW_TIMING ms_view=14.209
TTW_TIMING blend=14.209
TTW_TIMING stage_head=0.003
TTW_TIMING stage_project=3.431
TTW_TIMING stage_tile_assign=0.002
TTW_TIMING stage_sort=0.842
TTW_TIMING stage_blend_setup=0.000
TTW_TIMING stage_mat=0.000
TTW_TIMING stage_cull=0.000
TTW_TIMING stage_blend=9.691
TTW_TIMING stage_d2h=0.202
TTW_TIMING stage_assemble=0.000
TTW_TIMING stage_tail=0.002
TTW_TIMING stage_view_total=14.174
TTW_TIMING stage_pybind=0.036
STAGES n=3 head=0.003 project=3.431 tile_assign=0.002 sort=0.842 blend_setup=0.000 mat=0.000 cull=0.000 blend=9.691 d2h=0.202 assemble=0.000 tail=0.002 | sum=14.172 view_total=14.174 resid_in_view=+0.001 avg_frame_ms=14.209 resid_vs_frame=+0.037
TTW_TIMING stage_sort_pread=0.001
TTW_TIMING stage_sort_bin_count=0.000
TTW_TIMING stage_sort_bin_hist_d2h=0.000
TTW_TIMING stage_sort_bin_layout=0.044
TTW_TIMING stage_sort_upload=0.000
TTW_TIMING stage_sort_bin_emit=0.563
TTW_TIMING stage_sort_kernel=0.000
TTW_TIMING stage_sort_d2h=0.000
TTW_TIMING stage_sort_compact=0.000
TTW_TIMING stage_sort_publish_host=0.155
TTW_TIMING stage_sort_publish_wait=0.000
TTW_TIMING stage_sort_mat=0.033
TTW_TIMING stage_sort_other=0.045
SORT_STAGES n=3 pread=0.001 bin_count=0.000 bin_hist_d2h=0.000 bin_layout=0.044 upload=0.000 bin_emit=0.563 kernel=0.000 d2h=0.000 compact=0.000 publish_host=0.155 publish_wait=0.000 mat=0.033 | sum=0.797 sort=0.842 resid=+0.045
TTW_TIMING stage_project_cov3d=0.000
TTW_TIMING stage_project_pfwc_setup=0.004
TTW_TIMING stage_project_pfwc_rtargs=0.042
TTW_TIMING stage_project_pfwc_enqueue=0.032
TTW_TIMING stage_project_pfwc_finish=0.000
TTW_TIMING stage_project_gather_setup=0.001
TTW_TIMING stage_project_gather_rtargs=0.000
TTW_TIMING stage_project_gather_enqueue=0.000
TTW_TIMING stage_project_gather_wait=3.350
TTW_TIMING stage_project_gather_result=0.000
TTW_TIMING stage_project_other=0.001
PROJECT_STAGES n=3 cov3d=0.000 pfwc_setup=0.004 pfwc_rtargs=0.042 pfwc_enqueue=0.032 pfwc_finish=0.000 gather_setup=0.001 gather_rtargs=0.000 gather_enqueue=0.000 gather_wait=3.350 gather_result=0.000 | sum=3.429 project=3.431 resid=+0.001
TTW_TIMING stage_tile_assign_setup=0.001
TTW_TIMING stage_tile_assign_rtargs=0.000
TTW_TIMING stage_tile_assign_enqueue=0.000
TTW_TIMING stage_tile_assign_scan_finish=0.000
TTW_TIMING stage_tile_assign_p_d2h=0.000
TTW_TIMING stage_tile_assign_k2_finish=0.000
TTW_TIMING stage_tile_assign_publish=0.001
TTW_TIMING stage_tile_assign_other=0.000
TILE_ASSIGN_STAGES n=3 setup=0.001 rtargs=0.000 enqueue=0.000 scan_finish=0.000 p_d2h=0.000 k2_finish=0.000 publish=0.001 | sum=0.002 tile_assign=0.002 resid=+0.000
