[run] warmup (hero='hero', 1024x1024, scene=bicycle)
2026-10-08 00:24:57.078 | info     |             UMD | Creating TopologyDiscovery for architecture: blackhole (topology_discovery.cpp:75)
2026-10-08 00:24:57.078 | info     |             UMD | Starting topology discovery. (topology_discovery.cpp:92)
2026-10-08 00:24:57.081 | warning  |             UMD | Low power mode is disabled while UMD holds open file descriptors. The device will return to low power mode once all file descriptors are closed. (topology_discovery.cpp:140)
2026-10-08 00:24:57.082 | info     |             UMD | Established firmware bundle version: 19.13.2 (topology_discovery.cpp:544)
2026-10-08 00:24:57.082 | info     |             UMD | Firmware bundle version 19.13.2 on the system is newer than the latest fully tested version 19.5.0 for blackhole architecture. Newest features may not be supported. (topology_discovery.cpp:570)
2026-10-08 00:24:57.082 | info     |             UMD | Completed topology discovery. (topology_discovery.cpp:96)
2026-10-08 00:24:57.084 | info     |          Device | Opening user mode device driver (tt_cluster.cpp:225)
2026-10-08 00:24:57.084 | info     |             UMD | Cluster constructor started. (cluster.cpp:317)
2026-10-08 00:24:57.084 | info     |             UMD | Creating TopologyDiscovery for architecture: blackhole (topology_discovery.cpp:75)
2026-10-08 00:24:57.084 | info     |             UMD | Starting topology discovery. (topology_discovery.cpp:92)
2026-10-08 00:24:57.087 | warning  |             UMD | Low power mode is disabled while UMD holds open file descriptors. The device will return to low power mode once all file descriptors are closed. (topology_discovery.cpp:140)
2026-10-08 00:24:57.088 | info     |             UMD | Established firmware bundle version: 19.13.2 (topology_discovery.cpp:544)
2026-10-08 00:24:57.088 | info     |             UMD | Firmware bundle version 19.13.2 on the system is newer than the latest fully tested version 19.5.0 for blackhole architecture. Newest features may not be supported. (topology_discovery.cpp:570)
2026-10-08 00:24:57.088 | info     |             UMD | Completed topology discovery. (topology_discovery.cpp:96)
2026-10-08 00:24:57.088 | info     |             UMD | Harvesting masks for Chip 0: Tensix: 0xc0 DRAM: 0x0 ETH: 0x120 PCIe: 0x2 L2CPU: 0x0 (cluster.cpp:262)
2026-10-08 00:24:57.088 | info     |             UMD | Initializing iommu for sysmem (size: 0x40000000). (silicon_sysmem_manager.cpp:334)
2026-10-08 00:24:57.089 | info     |             UMD | Allocating sysmem for IOMMU (size: 0x40000000). (silicon_sysmem_manager.cpp:340)
2026-10-08 00:24:57.160 | info     |             UMD | Opening local chip ids/PCIe ids: {0}/[0] and remote chip ids {} (cluster.cpp:153)
2026-10-08 00:24:57.160 | info     |             UMD | IOMMU: enabled (cluster.cpp:133)
2026-10-08 00:24:57.160 | info     |             UMD | KMD version: 2.9.0 (cluster.cpp:136)
2026-10-08 00:24:57.160 | info     |             UMD | Cluster constructor completed. (cluster.cpp:409)
2026-10-08 00:24:57.161 | info     |             UMD | Starting devices in cluster (cluster.cpp:1044)
2026-10-08 00:24:57.162 | info     |             UMD | Mapped sysmem without hugepages to IOVA 0xffffffff40000000; NOC address 0x1000000000000000 (silicon_sysmem_manager.cpp:391)
2026-10-08 00:24:57.163 | info     |             UMD | Starting devices in cluster completed. (cluster.cpp:1052)
2026-10-08 00:24:57.482 | info     |     Distributed | Using auto discovery to generate mesh graph. (metal_env.cpp:332)
2026-10-08 00:24:57.482 | info     |     Distributed | Constructing control plane using auto-discovery (no mesh graph descriptor). (metal_env.cpp:394)
2026-10-08 00:24:57.482 | info     |             UMD | Creating TopologyDiscovery for architecture: blackhole (topology_discovery.cpp:75)
2026-10-08 00:24:57.482 | info     |             UMD | Starting topology discovery. (topology_discovery.cpp:92)
2026-10-08 00:24:57.484 | warning  |             UMD | Low power mode is disabled while UMD holds open file descriptors. The device will return to low power mode once all file descriptors are closed. (topology_discovery.cpp:140)
2026-10-08 00:24:57.485 | info     |             UMD | Established firmware bundle version: 19.13.2 (topology_discovery.cpp:544)
2026-10-08 00:24:57.485 | info     |             UMD | Firmware bundle version 19.13.2 on the system is newer than the latest fully tested version 19.5.0 for blackhole architecture. Newest features may not be supported. (topology_discovery.cpp:570)
2026-10-08 00:24:57.486 | info     |             UMD | Completed topology discovery. (topology_discovery.cpp:96)
2026-10-08 00:24:57.487 | warning  |          Always | Unknown motherboard 'H12DSG-O-CPU' for chip_id=0 (bus_id=0x61) — defaulting tray_id to 0. Add this motherboard and its bus IDs to mobo_to_bus_ids in physical_system_discovery.cpp. (physical_system_discovery.cpp:56)
2026-10-08 00:24:57.487 | info     |          Fabric | TopologyMapper: Logical Multi-Mesh Adjacency Map: (topology_mapper.cpp:1474)
2026-10-08 00:24:57.487 | info     |          Fabric | 
=== Logical Mesh-Level Graph Adjacency Map ===
Total nodes: 1
Degree histogram: {0:1}
 (topology_solver.tpp:94)
2026-10-08 00:24:57.487 | info     |          Fabric | 
=== Logical Mesh 0 Internal Graph Adjacency Map ===
Total nodes: 1
Degree histogram: {0:1}
 (topology_solver.tpp:94)
2026-10-08 00:24:57.487 | info     |          Fabric | TopologyMapper: Physical Multi-Mesh Adjacency Map: (topology_mapper.cpp:1485)
2026-10-08 00:24:57.487 | info     |          Fabric | 
=== Physical Mesh-Level Graph Adjacency Map ===
Total nodes: 1
Degree histogram: {0:1}
 (topology_solver.tpp:94)
2026-10-08 00:24:57.487 | info     |          Fabric | 
=== Physical Mesh 0 Internal Graph Adjacency Map ===
Total nodes: 1
Degree histogram: {0:1}
 (topology_solver.tpp:94)
2026-10-08 00:24:57.487 | info     |          Fabric | Starting multi-mesh mapping: 1 logical mesh(es) to 1 physical mesh(es) (topology_mapper_utils.cpp:1465)
2026-10-08 00:24:57.487 | info     |          Fabric | Multi-mesh mapping attempt 1/2: Trying inter-mesh mapping (topology_mapper_utils.cpp:1506)
2026-10-08 00:24:57.487 | info     |          Fabric | Attempt 1: Inter-mesh mapping succeeded, found 1 mesh pair(s) (topology_mapper_utils.cpp:1535)
2026-10-08 00:24:57.487 | info     |          Fabric | Attempt 1: Mapping 1 mesh pair(s) (topology_mapper_utils.cpp:1547)
2026-10-08 00:24:57.487 | info     |          Fabric | Attempt 1: Mapping mesh 0 -> 0 (topology_mapper_utils.cpp:1549)
2026-10-08 00:24:57.487 | info     |          Fabric | Multi-mesh mapping succeeded after 1 attempt(s): 1 mesh pair(s) mapped (topology_mapper_utils.cpp:1682)
Traceback (most recent call last):
  File "/localdev/smarton/p150bench/tree387/render/run.py", line 589, in main
    _main()
  File "/localdev/smarton/p150bench/tree387/render/run.py", line 394, in _main
    warm_img, _ = render_clean_view_timed(clean_pipeline, gauss, hero_view["c2w"], K, H, W)
  File "/localdev/smarton/p150bench/tree387/render/run.py", line 234, in render_clean_view_timed
    res = pipeline.render(gauss, extr, K, H, W)
  File "/localdev/smarton/p150bench/tree387/gsplat/pipeline.py", line 151, in render
    image, stats = self.backend.render_fused(
  File "/localdev/smarton/p150bench/tree387/render/run.py", line 120, in render_fused
    image, stats = self._clean.render_view(
RuntimeError: No core coordinate found at location: (0, 12, ETH, LOGICAL)
Location: /localdev/smarton/viewer/tt-metal/tt_metal/third_party/umd/device/coordinates/coordinate_manager.cpp:153
 1. tt::umd::SocDescriptor::translate_coord_to(tt::umd::CoreCoord, tt::CoordSystem) const
 2. tt::Cluster::get_virtual_coordinate_from_logical_coordinates(int, tt::xy_pair, tt::CoreType const&) const
 3. tt::tt_metal::L1BankingAllocator::generate_config(tt::tt_metal::dispatch_core_manager&, tt::tt_metal::MetalEnvImpl&, int, unsigned char, unsigned long, unsigned long, unsigned long, std::vector<unsigned int, std::allocator<unsigned int> >)
 4. tt::tt_metal::RiscFirmwareInitializer::generate_device_bank_to_noc_tables(int, std::vector<int, std::allocator<int> >&, std::vector<int, std::allocator<int> >&, std::vector<unsigned short, std::allocator<unsigned short> >&, std::vector<unsigned short, std::allocator<unsigned short> >&)
 5. /localdev/smarton/viewer/tt-metal/build/tt_metal/libtt_metal.so(+0x99a498) [0x70cda379a498]
 6. /localdev/smarton/viewer/tt-metal/build/tt_metal/libtt_metal.so(+0x6a39cd) [0x70cda34a39cd]
 7. /lib/x86_64-linux-gnu/libc.so.6(+0x99ea8) [0x70cdfeb46ea8]
 8. /localdev/smarton/viewer/tt-metal/build/tt_metal/libtt_metal.so(+0x98b6a4) [0x70cda378b6a4]
 9. /localdev/smarton/viewer/tt-metal/build/tt_metal/libtt_metal.so(+0x867400) [0x70cda3667400]
10. /localdev/smarton/viewer/tt-metal/build/tt_metal/libtt_metal.so(+0x866002) [0x70cda3666002]
11. /localdev/smarton/viewer/tt-metal/build/tt_metal/libtt_metal.so(+0x866645) [0x70cda3666645]
12. /lib/x86_64-linux-gnu/libstdc++.so.6(+0xdc253) [0x70cdfc0b0253]
13. /lib/x86_64-linux-gnu/libc.so.6(+0x94a83) [0x70cdfeb41a83]
14. /lib/x86_64-linux-gnu/libc.so.6(+0x1268e0) [0x70cdfebd38e0]

