[ttw 2026-10-07T23:24:41-0400] WARNING: devrun (--timeout / ttw.toml timeout_s) timeout=420s is over the 400s reservation limit — RUNNING IT ANYWAY.
[ttw 2026-10-07T23:24:41-0400]   timeout_sec IS the reservation: a crash squats on the shared device for the full 420s.
[ttw 2026-10-07T23:24:41-0400]   FIX THE RUN — never skip it, never just raise the number. Two levers:
[ttw 2026-10-07T23:24:41-0400]   (a) MOVE WORK OFF THE RESERVATION (it carries device compute only):
[ttw 2026-10-07T23:24:41-0400]       cold JIT compile       -> tt_metal/tools/kernel_prewarm/prewarm_and_submit.sh
[ttw 2026-10-07T23:24:41-0400]       profiler post-process  -> capture with 'tracy -p' only; process_ops_logs.py on the host
[ttw 2026-10-07T23:24:41-0400]       CPU reference / PCC    -> run the oracle off-reservation
[ttw 2026-10-07T23:24:41-0400]   (b) CHUNK IT — each chunk lands under the limit, and ALL the work still runs:
[ttw 2026-10-07T23:24:41-0400]       monolithic pipeline    -> one capture per stage/block, stitch off-device
[ttw 2026-10-07T23:24:41-0400]       long sweep             -> several shorter jobs
[ttw 2026-10-07T23:24:41-0400]       untraced/eager gen     -> the traced/warm path
[ttw 2026-10-07T23:24:41-0400]   Proceeding with this run. Size the next from the MEASURED device-held time (aim <=400s).
================ BUILD ID ================
  cpp : #124 sha=8353878c bin=2ccf60bf72cdfb62 t425 8353878c NoC perm (yyzo-bh-04)
  data: # sha=
=========================================
host=yyzo-bh-04  tag=t425-r2-xvcpu  timeout=420s  worry=600s  ts=2026-10-07T23:24:41-0400
cmd: T=/localdev/smarton/gstt2-t425 bash /localdev/smarton/gstt2-t425/tmp/t379_remote_time.sh 2 xvcpu:GSPLAT_TT_PERM_NOC=0
-----------------------------------------
=== r2-xvcpu 8353878 GSPLAT_TT_PERM_NOC=0 03:24:42
run rc=0
SUMMARY scene=bicycle hero='hero' hero_vs_ref=nandB(8bit-vs-golden) hero_vs_cpu=nandB(float-vs-cpu) avg_frame_ms=8.2 p50_ms=8.3 min_ms=6.7 max_ms=10.9 n_views=30 warmup_s=1.5 out=/localdev/smarton/gstt2-t425/tmp/t379-r2-xvcpu
STAGES n=30 head=0.003 project=1.081 tile_assign=0.004 sort=0.470 blend_setup=0.000 mat=0.000 cull=0.000 blend=6.584 d2h=0.003 assemble=0.000 tail=0.003 xview=0.053 | sum=8.202 view_total=8.203 resid_in_view=+0.001 avg_frame_ms=8.239 resid_vs_frame=+0.037 xview_hits=29 xview_misses=0
SORT_STAGES n=30 pread=0.001 bin_count=0.000 bin_hist_d2h=0.000 bin_layout=0.044 upload=0.000 bin_emit=0.180 kernel=0.000 d2h=0.000 compact=0.000 publish_host=0.162 publish_wait=0.000 mat=0.033 | sum=0.420 sort=0.470 resid=+0.050
PROJECT_STAGES n=30 cov3d=0.000 pfwc_setup=0.003 pfwc_rtargs=0.041 pfwc_enqueue=0.012 pfwc_finish=0.000 gather_setup=0.002 gather_rtargs=0.000 gather_enqueue=0.000 gather_wait=1.075 gather_result=0.000 | sum=1.133 project=1.081 resid=-0.052
TILE_ASSIGN_STAGES n=30 setup=0.003 rtargs=0.000 enqueue=0.000 scan_finish=0.000 p_d2h=0.000 k2_finish=0.000 publish=0.001 | sum=0.004 tile_assign=0.004 resid=+0.000
ALL_VIEWS_IDENTICAL (30 views)
XVIEW_HITS_OK hits=29 views=30
=== done round 2 03:24:52
[ttw] log: /Users/smarton/dev/gsplat_tt/tt-project/worktrees/t425/tmp/ttw-state/logs/t425-r2-xvcpu-20261007-232441.log
