[ttw 2026-10-07T19:55:04-0400] WARNING: devrun (--timeout / ttw.toml timeout_s) timeout=420s is over the 400s reservation limit — RUNNING IT ANYWAY.
[ttw 2026-10-07T19:55:04-0400]   timeout_sec IS the reservation: a crash squats on the shared device for the full 420s.
[ttw 2026-10-07T19:55:04-0400]   FIX THE RUN — never skip it, never just raise the number. Two levers:
[ttw 2026-10-07T19:55:04-0400]   (a) MOVE WORK OFF THE RESERVATION (it carries device compute only):
[ttw 2026-10-07T19:55:04-0400]       cold JIT compile       -> tt_metal/tools/kernel_prewarm/prewarm_and_submit.sh
[ttw 2026-10-07T19:55:04-0400]       profiler post-process  -> capture with 'tracy -p' only; process_ops_logs.py on the host
[ttw 2026-10-07T19:55:04-0400]       CPU reference / PCC    -> run the oracle off-reservation
[ttw 2026-10-07T19:55:04-0400]   (b) CHUNK IT — each chunk lands under the limit, and ALL the work still runs:
[ttw 2026-10-07T19:55:04-0400]       monolithic pipeline    -> one capture per stage/block, stitch off-device
[ttw 2026-10-07T19:55:04-0400]       long sweep             -> several shorter jobs
[ttw 2026-10-07T19:55:04-0400]       untraced/eager gen     -> the traced/warm path
[ttw 2026-10-07T19:55:04-0400]   Proceeding with this run. Size the next from the MEASURED device-held time (aim <=400s).
================ BUILD ID ================
  cpp : #124 sha=8fd193fd bin=b088c8ecb74e652a t374 iter-211 8fd193fd zero-copy pinned output (yyzo-bh-04)
  data: # sha=
=========================================
host=yyzo-bh-04  tag=t374-r3-pin  timeout=420s  worry=600s  ts=2026-10-07T19:55:04-0400
cmd: T=/localdev/smarton/gstt2-t374 bash /localdev/smarton/gstt2-t374/tmp/t374_remote_time.sh 3 pin
-----------------------------------------
=== r3-pin 8fd193f GSPLAT_TT_OUT_PINNED=1 23:55:04
run rc=0
SUMMARY scene=bicycle hero='hero' hero_vs_ref=nandB(8bit-vs-golden) hero_vs_cpu=nandB(float-vs-cpu) avg_frame_ms=11.0 p50_ms=11.2 min_ms=9.3 max_ms=12.9 n_views=30 warmup_s=1.5 out=/localdev/smarton/gstt2-t374/tmp/t374-r3-pin
STAGES n=30 head=0.003 project=3.021 tile_assign=0.005 sort=0.503 blend_setup=0.000 mat=0.000 cull=0.000 blend=7.084 d2h=0.378 assemble=0.000 tail=0.002 | sum=10.997 view_total=10.998 resid_in_view=+0.002 avg_frame_ms=11.033 resid_vs_frame=+0.037
SORT_STAGES n=30 pread=0.002 bin_count=0.000 bin_hist_d2h=0.000 bin_layout=0.050 upload=0.000 bin_emit=0.190 kernel=0.000 d2h=0.000 compact=0.000 publish_host=0.171 publish_wait=0.000 mat=0.038 | sum=0.451 sort=0.503 resid=+0.053
PROJECT_STAGES n=30 cov3d=0.000 pfwc_setup=0.004 pfwc_rtargs=0.043 pfwc_enqueue=0.037 pfwc_finish=0.000 gather_setup=0.001 gather_rtargs=0.000 gather_enqueue=0.000 gather_wait=2.935 gather_result=0.000 | sum=3.019 project=3.021 resid=+0.001
TILE_ASSIGN_STAGES n=30 setup=0.004 rtargs=0.000 enqueue=0.000 scan_finish=0.000 p_d2h=0.000 k2_finish=0.000 publish=0.001 | sum=0.005 tile_assign=0.005 resid=+0.001
ALL_VIEWS_IDENTICAL (30 views)
=== done round 3 23:55:15
[ttw] log: /Users/smarton/dev/gsplat_tt/tt-project/worktrees/t374/tmp/ttw-state/logs/t374-r3-pin-20261007-195504.log
