2026-10-08 01:09:53.343 | INFO     | __main__:main:175 - Setting profiler artifacts folder to /localdev/smarton/p150bench/prof397-eth
2026-10-08 01:09:53.345 | INFO     | __main__:main:336 - Using port 8086
2026-10-08 01:09:53.345 | INFO     | tracy:run_report_setup:88 - Verifying tracy profiling tools
2026-10-08 01:09:53.351 | INFO     | tracy:run_report_setup:108 - Capture command: ('/localdev/smarton/viewer/tt-metal/build/tools/profiler/bin/capture-release -o /localdev/smarton/p150bench/prof397-eth/.logs/tracy_profile_log_host.tracy -f -p 8086',)
Connecting to 127.0.0.1:8086...2026-10-08 01:09:53.370 | INFO     | __main__:main:400 - Test process started
2026-10-08 01:09:54.585 | INFO     | __main__:main:175 - Setting profiler artifacts folder to /localdev/smarton/p150bench/prof397-eth
[run] warmup (hero='hero', 1024x1024, scene=bicycle)
2026-10-08 01:09:57.106 | info     |             UMD | Creating TopologyDiscovery for architecture: blackhole (topology_discovery.cpp:75)
2026-10-08 01:09:57.106 | info     |             UMD | Starting topology discovery. (topology_discovery.cpp:92)
2026-10-08 01:09:57.110 | warning  |             UMD | Low power mode is disabled while UMD holds open file descriptors. The device will return to low power mode once all file descriptors are closed. (topology_discovery.cpp:140)
2026-10-08 01:09:57.110 | info     |             UMD | Established firmware bundle version: 19.13.2 (topology_discovery.cpp:544)
2026-10-08 01:09:57.110 | info     |             UMD | Firmware bundle version 19.13.2 on the system is newer than the latest fully tested version 19.5.0 for blackhole architecture. Newest features may not be supported. (topology_discovery.cpp:570)
2026-10-08 01:09:57.111 | info     |             UMD | Completed topology discovery. (topology_discovery.cpp:96)
2026-10-08 01:09:57.113 | info     |          Device | Opening user mode device driver (tt_cluster.cpp:225)
2026-10-08 01:09:57.113 | info     |             UMD | Cluster constructor started. (cluster.cpp:317)
2026-10-08 01:09:57.113 | info     |             UMD | Creating TopologyDiscovery for architecture: blackhole (topology_discovery.cpp:75)
2026-10-08 01:09:57.113 | info     |             UMD | Starting topology discovery. (topology_discovery.cpp:92)
2026-10-08 01:09:57.116 | warning  |             UMD | Low power mode is disabled while UMD holds open file descriptors. The device will return to low power mode once all file descriptors are closed. (topology_discovery.cpp:140)
2026-10-08 01:09:57.117 | info     |             UMD | Established firmware bundle version: 19.13.2 (topology_discovery.cpp:544)
2026-10-08 01:09:57.117 | info     |             UMD | Firmware bundle version 19.13.2 on the system is newer than the latest fully tested version 19.5.0 for blackhole architecture. Newest features may not be supported. (topology_discovery.cpp:570)
2026-10-08 01:09:57.118 | info     |             UMD | Completed topology discovery. (topology_discovery.cpp:96)
2026-10-08 01:09:57.118 | info     |             UMD | Harvesting masks for Chip 0: Tensix: 0xc0 DRAM: 0x0 ETH: 0x120 PCIe: 0x2 L2CPU: 0x0 (cluster.cpp:262)
2026-10-08 01:09:57.118 | info     |             UMD | Initializing iommu for sysmem (size: 0x40000000). (silicon_sysmem_manager.cpp:334)
2026-10-08 01:09:57.118 | info     |             UMD | Allocating sysmem for IOMMU (size: 0x40000000). (silicon_sysmem_manager.cpp:340)
2026-10-08 01:09:57.192 | info     |             UMD | Opening local chip ids/PCIe ids: {0}/[0] and remote chip ids {} (cluster.cpp:153)
2026-10-08 01:09:57.192 | info     |             UMD | IOMMU: enabled (cluster.cpp:133)
2026-10-08 01:09:57.192 | info     |             UMD | KMD version: 2.9.0 (cluster.cpp:136)
2026-10-08 01:09:57.192 | info     |             UMD | Cluster constructor completed. (cluster.cpp:409)
2026-10-08 01:09:57.193 | info     |             UMD | Starting devices in cluster (cluster.cpp:1044)
2026-10-08 01:09:57.194 | info     |             UMD | Mapped sysmem without hugepages to IOVA 0xffffffff40000000; NOC address 0x1000000000000000 (silicon_sysmem_manager.cpp:391)
2026-10-08 01:09:57.195 | info     |             UMD | Starting devices in cluster completed. (cluster.cpp:1052)
2026-10-08 01:09:57.513 | info     |     Distributed | Using auto discovery to generate mesh graph. (metal_env.cpp:332)
2026-10-08 01:09:57.513 | info     |     Distributed | Constructing control plane using auto-discovery (no mesh graph descriptor). (metal_env.cpp:394)
2026-10-08 01:09:57.513 | info     |             UMD | Creating TopologyDiscovery for architecture: blackhole (topology_discovery.cpp:75)
2026-10-08 01:09:57.513 | info     |             UMD | Starting topology discovery. (topology_discovery.cpp:92)
2026-10-08 01:09:57.515 | warning  |             UMD | Low power mode is disabled while UMD holds open file descriptors. The device will return to low power mode once all file descriptors are closed. (topology_discovery.cpp:140)
2026-10-08 01:09:57.516 | info     |             UMD | Established firmware bundle version: 19.13.2 (topology_discovery.cpp:544)
2026-10-08 01:09:57.516 | info     |             UMD | Firmware bundle version 19.13.2 on the system is newer than the latest fully tested version 19.5.0 for blackhole architecture. Newest features may not be supported. (topology_discovery.cpp:570)
2026-10-08 01:09:57.517 | info     |             UMD | Completed topology discovery. (topology_discovery.cpp:96)
2026-10-08 01:09:57.518 | warning  |          Always | Unknown motherboard 'H12DSG-O-CPU' for chip_id=0 (bus_id=0x61) — defaulting tray_id to 0. Add this motherboard and its bus IDs to mobo_to_bus_ids in physical_system_discovery.cpp. (physical_system_discovery.cpp:56)
2026-10-08 01:09:57.518 | info     |          Fabric | TopologyMapper: Logical Multi-Mesh Adjacency Map: (topology_mapper.cpp:1474)
2026-10-08 01:09:57.518 | info     |          Fabric | 
=== Logical Mesh-Level Graph Adjacency Map ===
Total nodes: 1
Degree histogram: {0:1}
 (topology_solver.tpp:94)
2026-10-08 01:09:57.518 | info     |          Fabric | 
=== Logical Mesh 0 Internal Graph Adjacency Map ===
Total nodes: 1
Degree histogram: {0:1}
 (topology_solver.tpp:94)
2026-10-08 01:09:57.518 | info     |          Fabric | TopologyMapper: Physical Multi-Mesh Adjacency Map: (topology_mapper.cpp:1485)
2026-10-08 01:09:57.518 | info     |          Fabric | 
=== Physical Mesh-Level Graph Adjacency Map ===
Total nodes: 1
Degree histogram: {0:1}
 (topology_solver.tpp:94)
2026-10-08 01:09:57.518 | info     |          Fabric | 
=== Physical Mesh 0 Internal Graph Adjacency Map ===
Total nodes: 1
Degree histogram: {0:1}
 (topology_solver.tpp:94)
2026-10-08 01:09:57.518 | info     |          Fabric | Starting multi-mesh mapping: 1 logical mesh(es) to 1 physical mesh(es) (topology_mapper_utils.cpp:1465)
2026-10-08 01:09:57.518 | info     |          Fabric | Multi-mesh mapping attempt 1/2: Trying inter-mesh mapping (topology_mapper_utils.cpp:1506)
2026-10-08 01:09:57.518 | info     |          Fabric | Attempt 1: Inter-mesh mapping succeeded, found 1 mesh pair(s) (topology_mapper_utils.cpp:1535)
2026-10-08 01:09:57.518 | info     |          Fabric | Attempt 1: Mapping 1 mesh pair(s) (topology_mapper_utils.cpp:1547)
2026-10-08 01:09:57.518 | info     |          Fabric | Attempt 1: Mapping mesh 0 -> 0 (topology_mapper_utils.cpp:1549)
2026-10-08 01:09:57.518 | info     |          Fabric | Multi-mesh mapping succeeded after 1 attempt(s): 1 mesh pair(s) mapped (topology_mapper_utils.cpp:1682)
2026-10-08 01:09:58.831 | info     |           Metal | Profiler started on device 0 (profiler_initializer.cpp:49)
2026-10-08 01:10:00.743 | critical |          Always | TT_THROW: /localdev/smarton/p150bench/cache392-prof/render/tt-metal-cache7639736265178029683/kernels/cq_prefetch/15350822012842015559//idle_erisc/idle_erisc.elf: segment[0] [0x6e90,+0x4664) overflows region:0 limit of 0x4490 bytes, reduce the size of code (assert.hpp:104)
2026-10-08 01:10:00.745 | critical |          Always | TT_THROW: /localdev/smarton/p150bench/cache392-prof/render/tt-metal-cache7639736265178029683/kernels/cq_prefetch/13380360176573959629//idle_erisc/idle_erisc.elf: segment[0] [0x6e90,+0x4668) overflows region:0 limit of 0x4490 bytes, reduce the size of code (assert.hpp:104)
Traceback (most recent call last):
  File "/localdev/smarton/p150bench/tree392/render/run.py", line 589, in main
    _main()
  File "/localdev/smarton/p150bench/tree392/render/run.py", line 394, in _main
    warm_img, _ = render_clean_view_timed(clean_pipeline, gauss, hero_view["c2w"], K, H, W)
  File "/localdev/smarton/p150bench/tree392/render/run.py", line 234, in render_clean_view_timed
    res = pipeline.render(gauss, extr, K, H, W)
  File "/localdev/smarton/p150bench/tree392/gsplat/pipeline.py", line 151, in render
    image, stats = self.backend.render_fused(
  File "/localdev/smarton/p150bench/tree392/render/run.py", line 120, in render_fused
    image, stats = self._clean.render_view(
RuntimeError: TT_THROW @ /localdev/smarton/viewer/tt-metal/tt_metal/llrt/tt_elffile.cpp:393: tt::exception
info:
/localdev/smarton/p150bench/cache392-prof/render/tt-metal-cache7639736265178029683/kernels/cq_prefetch/13380360176573959629//idle_erisc/idle_erisc.elf: segment[0] [0x6e90,+0x4668) overflows region:0 limit of 0x4490 bytes, reduce the size of code
backtrace:
 --- ll_api::ElfFile::Impl::TrimSegments(std::span<unsigned int const, 18446744073709551615ul>)
 --- ll_api::memory::memory(std::__cxx11::basic_string<char, std::char_traits<char>, std::allocator<char> > const&, ll_api::memory::Loading)
 --- tt::llrt::get_risc_binary(std::__cxx11::basic_string<char, std::char_traits<char>, std::allocator<char> > const&, ll_api::memory::Loading, std::function<void (ll_api::memory&)> const&)
 --- tt::tt_metal::EthernetKernel::read_binaries(tt::tt_metal::IDevice*, std::__cxx11::basic_string<char, std::char_traits<char>, std::allocator<char> > const&)
 --- /localdev/smarton/viewer/tt-metal/build/tt_metal/libtt_metal.so(+0x849cdd) [0x7e3484449cdd]
 --- /localdev/smarton/viewer/tt-metal/build/tt_metal/libtt_metal.so(+0xa40665) [0x7e3484640665]
 --- /localdev/smarton/viewer/tt-metal/build/tt_metal/libtt_metal.so(+0x6a39cd) [0x7e34842a39cd]
 --- /lib/x86_64-linux-gnu/libc.so.6(+0x99ea8) [0x7e34df8a8ea8]
 --- /localdev/smarton/viewer/tt-metal/build/tt_metal/libtt_metal.so(+0xa4245a) [0x7e348464245a]
 --- /localdev/smarton/viewer/tt-metal/build/tt_metal/libtt_metal.so(+0x867400) [0x7e3484467400]
 --- /localdev/smarton/viewer/tt-metal/build/tt_metal/libtt_metal.so(+0x866002) [0x7e3484466002]
 --- /localdev/smarton/viewer/tt-metal/build/tt_metal/libtt_metal.so(+0x866645) [0x7e3484466645]
 --- /lib/x86_64-linux-gnu/libstdc++.so.6(+0xdc253) [0x7e34dceb0253]
 --- /lib/x86_64-linux-gnu/libc.so.6(+0x94a83) [0x7e34df8a3a83]
 --- /lib/x86_64-linux-gnu/libc.so.6(+0x1268e0) [0x7e34df9358e0]

Traceback (most recent call last):
  File "/usr/lib/python3.10/runpy.py", line 196, in _run_module_as_main
    return _run_code(code, main_globals, None,
  File "/usr/lib/python3.10/runpy.py", line 86, in _run_code
    exec(code, run_globals)
  File "/localdev/smarton/viewer/tt-metal/tools/tracy/__main__.py", line 441, in <module>
    main()
  File "/localdev/smarton/viewer/tt-metal/tools/tracy/__main__.py", line 369, in main
    subprocess.run(" ".join(args), shell=True, check=True)
  File "/usr/lib/python3.10/subprocess.py", line 526, in run
    raise CalledProcessError(retcode, process.args,
subprocess.CalledProcessError: Command '/localdev/smarton/p150bench/prof397-eth/inner.sh' returned non-zero exit status 1.

Queue delay: 36 ns
Timer resolution: 9 ns

Frames: 2
Time span: 5.14 s
Zones: 700
Elapsed time: 5.41 s
Saving trace... done!
Trace size 208.87 KB (30.42% ratio)
2026-10-08 01:10:02.613 | INFO     | tracy:generate_report:154 - Host side ops time report generated at /localdev/smarton/p150bench/prof397-eth/.logs/tracy_ops_times.csv
2026-10-08 01:10:02.623 | INFO     | tracy:generate_report:165 - Host side ops data report generated at /localdev/smarton/p150bench/prof397-eth/.logs/tracy_ops_data.csv
2026-10-08 01:10:02.623 | INFO     | tracy.process_ops_logs:import_tracy_op_logs:255 - Importing ops logs
2026-10-08 01:10:02.631 | INFO     | tracy.process_ops_logs:get_device_data_generate_report:1014 - Copying runtime artifacts
2026-10-08 01:10:02.638 | INFO     | tracy.process_ops_logs:get_device_data_generate_report:1020 - Getting device only ops data
2026-10-08 01:10:02.641 | INFO     | tracy.process_ops_logs:get_device_data_generate_report:1032 - Generating device op report ...
2026-10-08 01:10:02.642 | INFO     | tracy.process_ops_logs:get_device_data_generate_report:1210 - Device only OPs csv generated at: /localdev/smarton/p150bench/prof397-eth/reports/2026_10_08_01_10_02/ops_perf_results_2026_10_08_01_10_02.csv
2026-10-08 01:10:02.642 | INFO     | tracy.process_ops_logs:get_device_data_generate_report:1219 - Device only per core op to op times csv generated at: /localdev/smarton/p150bench/prof397-eth/reports/2026_10_08_01_10_02/per_core_op_to_op_times_2026_10_08_01_10_02.csv
