2026-10-08 01:10:04.171 | INFO     | __main__:main:175 - Setting profiler artifacts folder to /localdev/smarton/p150bench/prof397-worker
2026-10-08 01:10:04.173 | INFO     | __main__:main:336 - Using port 8086
2026-10-08 01:10:04.173 | INFO     | tracy:run_report_setup:88 - Verifying tracy profiling tools
2026-10-08 01:10:04.178 | INFO     | tracy:run_report_setup:108 - Capture command: ('/localdev/smarton/viewer/tt-metal/build/tools/profiler/bin/capture-release -o /localdev/smarton/p150bench/prof397-worker/.logs/tracy_profile_log_host.tracy -f -p 8086',)
Connecting to 127.0.0.1:8086...2026-10-08 01:10:04.196 | INFO     | __main__:main:400 - Test process started
2026-10-08 01:10:05.477 | INFO     | __main__:main:175 - Setting profiler artifacts folder to /localdev/smarton/p150bench/prof397-worker
[run] warmup (hero='hero', 1024x1024, scene=bicycle)
2026-10-08 01:10:08.026 | info     |             UMD | Creating TopologyDiscovery for architecture: blackhole (topology_discovery.cpp:75)
2026-10-08 01:10:08.026 | info     |             UMD | Starting topology discovery. (topology_discovery.cpp:92)
2026-10-08 01:10:08.029 | warning  |             UMD | Low power mode is disabled while UMD holds open file descriptors. The device will return to low power mode once all file descriptors are closed. (topology_discovery.cpp:140)
2026-10-08 01:10:08.030 | info     |             UMD | Established firmware bundle version: 19.13.2 (topology_discovery.cpp:544)
2026-10-08 01:10:08.030 | info     |             UMD | Firmware bundle version 19.13.2 on the system is newer than the latest fully tested version 19.5.0 for blackhole architecture. Newest features may not be supported. (topology_discovery.cpp:570)
2026-10-08 01:10:08.030 | info     |             UMD | Completed topology discovery. (topology_discovery.cpp:96)
2026-10-08 01:10:08.032 | info     |          Device | Opening user mode device driver (tt_cluster.cpp:225)
2026-10-08 01:10:08.032 | info     |             UMD | Cluster constructor started. (cluster.cpp:317)
2026-10-08 01:10:08.032 | info     |             UMD | Creating TopologyDiscovery for architecture: blackhole (topology_discovery.cpp:75)
2026-10-08 01:10:08.032 | info     |             UMD | Starting topology discovery. (topology_discovery.cpp:92)
2026-10-08 01:10:08.035 | warning  |             UMD | Low power mode is disabled while UMD holds open file descriptors. The device will return to low power mode once all file descriptors are closed. (topology_discovery.cpp:140)
2026-10-08 01:10:08.036 | info     |             UMD | Established firmware bundle version: 19.13.2 (topology_discovery.cpp:544)
2026-10-08 01:10:08.036 | info     |             UMD | Firmware bundle version 19.13.2 on the system is newer than the latest fully tested version 19.5.0 for blackhole architecture. Newest features may not be supported. (topology_discovery.cpp:570)
2026-10-08 01:10:08.036 | info     |             UMD | Completed topology discovery. (topology_discovery.cpp:96)
2026-10-08 01:10:08.036 | info     |             UMD | Harvesting masks for Chip 0: Tensix: 0xc0 DRAM: 0x0 ETH: 0x120 PCIe: 0x2 L2CPU: 0x0 (cluster.cpp:262)
2026-10-08 01:10:08.037 | info     |             UMD | Initializing iommu for sysmem (size: 0x40000000). (silicon_sysmem_manager.cpp:334)
2026-10-08 01:10:08.037 | info     |             UMD | Allocating sysmem for IOMMU (size: 0x40000000). (silicon_sysmem_manager.cpp:340)
2026-10-08 01:10:08.111 | info     |             UMD | Opening local chip ids/PCIe ids: {0}/[0] and remote chip ids {} (cluster.cpp:153)
2026-10-08 01:10:08.111 | info     |             UMD | IOMMU: enabled (cluster.cpp:133)
2026-10-08 01:10:08.111 | info     |             UMD | KMD version: 2.9.0 (cluster.cpp:136)
2026-10-08 01:10:08.111 | info     |             UMD | Cluster constructor completed. (cluster.cpp:409)
2026-10-08 01:10:08.112 | info     |             UMD | Starting devices in cluster (cluster.cpp:1044)
2026-10-08 01:10:08.113 | info     |             UMD | Mapped sysmem without hugepages to IOVA 0xffffffff40000000; NOC address 0x1000000000000000 (silicon_sysmem_manager.cpp:391)
2026-10-08 01:10:08.114 | info     |             UMD | Starting devices in cluster completed. (cluster.cpp:1052)
2026-10-08 01:10:08.436 | info     |     Distributed | Using auto discovery to generate mesh graph. (metal_env.cpp:332)
2026-10-08 01:10:08.436 | info     |     Distributed | Constructing control plane using auto-discovery (no mesh graph descriptor). (metal_env.cpp:394)
2026-10-08 01:10:08.436 | info     |             UMD | Creating TopologyDiscovery for architecture: blackhole (topology_discovery.cpp:75)
2026-10-08 01:10:08.436 | info     |             UMD | Starting topology discovery. (topology_discovery.cpp:92)
2026-10-08 01:10:08.438 | warning  |             UMD | Low power mode is disabled while UMD holds open file descriptors. The device will return to low power mode once all file descriptors are closed. (topology_discovery.cpp:140)
2026-10-08 01:10:08.439 | info     |             UMD | Established firmware bundle version: 19.13.2 (topology_discovery.cpp:544)
2026-10-08 01:10:08.439 | info     |             UMD | Firmware bundle version 19.13.2 on the system is newer than the latest fully tested version 19.5.0 for blackhole architecture. Newest features may not be supported. (topology_discovery.cpp:570)
2026-10-08 01:10:08.440 | info     |             UMD | Completed topology discovery. (topology_discovery.cpp:96)
2026-10-08 01:10:08.441 | warning  |          Always | Unknown motherboard 'H12DSG-O-CPU' for chip_id=0 (bus_id=0x61) — defaulting tray_id to 0. Add this motherboard and its bus IDs to mobo_to_bus_ids in physical_system_discovery.cpp. (physical_system_discovery.cpp:56)
2026-10-08 01:10:08.441 | info     |          Fabric | TopologyMapper: Logical Multi-Mesh Adjacency Map: (topology_mapper.cpp:1474)
2026-10-08 01:10:08.441 | info     |          Fabric | 
=== Logical Mesh-Level Graph Adjacency Map ===
Total nodes: 1
Degree histogram: {0:1}
 (topology_solver.tpp:94)
2026-10-08 01:10:08.441 | info     |          Fabric | 
=== Logical Mesh 0 Internal Graph Adjacency Map ===
Total nodes: 1
Degree histogram: {0:1}
 (topology_solver.tpp:94)
2026-10-08 01:10:08.441 | info     |          Fabric | TopologyMapper: Physical Multi-Mesh Adjacency Map: (topology_mapper.cpp:1485)
2026-10-08 01:10:08.441 | info     |          Fabric | 
=== Physical Mesh-Level Graph Adjacency Map ===
Total nodes: 1
Degree histogram: {0:1}
 (topology_solver.tpp:94)
2026-10-08 01:10:08.441 | info     |          Fabric | 
=== Physical Mesh 0 Internal Graph Adjacency Map ===
Total nodes: 1
Degree histogram: {0:1}
 (topology_solver.tpp:94)
2026-10-08 01:10:08.441 | info     |          Fabric | Starting multi-mesh mapping: 1 logical mesh(es) to 1 physical mesh(es) (topology_mapper_utils.cpp:1465)
2026-10-08 01:10:08.441 | info     |          Fabric | Multi-mesh mapping attempt 1/2: Trying inter-mesh mapping (topology_mapper_utils.cpp:1506)
2026-10-08 01:10:08.441 | info     |          Fabric | Attempt 1: Inter-mesh mapping succeeded, found 1 mesh pair(s) (topology_mapper_utils.cpp:1535)
2026-10-08 01:10:08.441 | info     |          Fabric | Attempt 1: Mapping 1 mesh pair(s) (topology_mapper_utils.cpp:1547)
2026-10-08 01:10:08.441 | info     |          Fabric | Attempt 1: Mapping mesh 0 -> 0 (topology_mapper_utils.cpp:1549)
2026-10-08 01:10:08.441 | info     |          Fabric | Multi-mesh mapping succeeded after 1 attempt(s): 1 mesh pair(s) mapped (topology_mapper_utils.cpp:1682)
2026-10-08 01:10:09.759 | info     |           Metal | Profiler started on device 0 (profiler_initializer.cpp:49)
2026-10-08 01:10:12.953 | info     |           Metal | ShmResourceTracker: removed stale shm '/tt_d2h_82374_3193534264_0' (shm_resource_tracker.cpp:265)
2026-10-08 01:10:12.953 | info     |           Metal | ShmResourceTracker: removed stale manifest '/dev/shm/tt_socket_manifest_82374' (shm_resource_tracker.cpp:275)
2026-10-08 01:10:12.953 | info     |           Metal | ShmResourceTracker: removed orphaned shm '/tt_device_7293119525253728464_memory' (shm_resource_tracker.cpp:282)
2026-10-08 01:10:14.589 | info     |           Metal | [Real-time profiler] Device 0 sync complete: 100 samples, frequency=1.349984 GHz, device_time_at_sync=108132630178589 cycles (realtime_profiler_manager.cpp:1075)
[DEV] dispatch worker (worker), command queues 2, compute grid 11x10
[gsplat_tt::sort] bucket tile stride 513 pages, 8 DRAM banks
[JIT_WARMUP] ideal-path contexts compiled in 6589.8 ms
[TA] K2 fold=1 (enabled 1 dual 1 screen tiles 1024 speed split 1)
[SORT] ONELAUNCH early=1 why=0 (tiles 1024 row_pages 64 cores 110)
[SORT] ONELAUNCH v2 OL_PB=8 OL_RING=8 OL_WIN_PAGES=1024 OL_MAT_SELECT=0 OL_BREC_BULK=1 OL_EMIT_TOWN=1 cb_bytes/mover=567680 shared=22400
[SORT] ONELAUNCH k2_fold=1 early=1 cq1=1 (enqueued behind the K2; cores 110 row_pages 64 tiles 1024)
[SUBCHUNK] tiles_split=86 total_subchunks=1113 max_subchunks_per_tile=3 payload_pages=45770
[SORT] stage=ONELAUNCH P=2895629 P_kept=2895629 num_tiles=1024 max_tile_n=22979 onelaunch=0.49 layout=0.10 pub_host=0.31 total=0.98ms
2026-10-08 01:10:30.498 | info     |           Metal | Device kernel duration perf summary (device=0): count=1, min=8402280236ns, avg=8402280236.0ns, max=8402280236ns (profiler_analysis.cpp:645)
2026-10-08 01:10:30.498 | info     |           Metal | Device kernel duration perf histogram (device=0): (buckets=10, bucket_size=100ns, range=[8402280200..8402281200), underflow(<8402280200ns)=0, overflow(>=8402281200ns)=0) (profiler_analysis.cpp:682)
2026-10-08 01:10:30.498 | info     |           Metal |   [  8402280200 ..   8402280300) |########################################|        1 (profiler_analysis.cpp:700)
2026-10-08 01:10:30.498 | info     |           Metal |   [  8402280300 ..   8402280400) |                                        |        0 (profiler_analysis.cpp:700)
2026-10-08 01:10:30.498 | info     |           Metal |   [  8402280400 ..   8402280500) |                                        |        0 (profiler_analysis.cpp:700)
2026-10-08 01:10:30.498 | info     |           Metal |   [  8402280500 ..   8402280600) |                                        |        0 (profiler_analysis.cpp:700)
2026-10-08 01:10:30.498 | info     |           Metal |   [  8402280600 ..   8402280700) |                                        |        0 (profiler_analysis.cpp:700)
2026-10-08 01:10:30.498 | info     |           Metal |   [  8402280700 ..   8402280800) |                                        |        0 (profiler_analysis.cpp:700)
2026-10-08 01:10:30.498 | info     |           Metal |   [  8402280800 ..   8402280900) |                                        |        0 (profiler_analysis.cpp:700)
2026-10-08 01:10:30.498 | info     |           Metal |   [  8402280900 ..   8402281000) |                                        |        0 (profiler_analysis.cpp:700)
2026-10-08 01:10:30.498 | info     |           Metal |   [  8402281000 ..   8402281100) |                                        |        0 (profiler_analysis.cpp:700)
2026-10-08 01:10:30.498 | info     |           Metal |   [  8402281100 ..   8402281200) |                                        |        0 (profiler_analysis.cpp:700)
[run] timing 30 views (warmup excluded)
[SUBCHUNK] tiles_split=86 total_subchunks=1113 max_subchunks_per_tile=3 payload_pages=45770
[SORT] stage=ONELAUNCH P=2895629 P_kept=2895629 num_tiles=1024 max_tile_n=22979 onelaunch=1.42 layout=0.10 pub_host=0.37 total=1.90ms
2026-10-08 01:10:30.557 | info     |           Metal | Device kernel duration perf summary (device=0): count=1, min=11673227ns, avg=11673227.0ns, max=11673227ns (profiler_analysis.cpp:645)
2026-10-08 01:10:30.557 | info     |           Metal | Device kernel duration perf histogram (device=0): (buckets=10, bucket_size=100ns, range=[11673200..11674200), underflow(<11673200ns)=0, overflow(>=11674200ns)=0) (profiler_analysis.cpp:682)
2026-10-08 01:10:30.557 | info     |           Metal |   [    11673200 ..     11673300) |########################################|        1 (profiler_analysis.cpp:700)
2026-10-08 01:10:30.557 | info     |           Metal |   [    11673300 ..     11673400) |                                        |        0 (profiler_analysis.cpp:700)
2026-10-08 01:10:30.557 | info     |           Metal |   [    11673400 ..     11673500) |                                        |        0 (profiler_analysis.cpp:700)
2026-10-08 01:10:30.557 | info     |           Metal |   [    11673500 ..     11673600) |                                        |        0 (profiler_analysis.cpp:700)
2026-10-08 01:10:30.557 | info     |           Metal |   [    11673600 ..     11673700) |                                        |        0 (profiler_analysis.cpp:700)
2026-10-08 01:10:30.557 | info     |           Metal |   [    11673700 ..     11673800) |                                        |        0 (profiler_analysis.cpp:700)
2026-10-08 01:10:30.557 | info     |           Metal |   [    11673800 ..     11673900) |                                        |        0 (profiler_analysis.cpp:700)
2026-10-08 01:10:30.557 | info     |           Metal |   [    11673900 ..     11674000) |                                        |        0 (profiler_analysis.cpp:700)
2026-10-08 01:10:30.557 | info     |           Metal |   [    11674000 ..     11674100) |                                        |        0 (profiler_analysis.cpp:700)
2026-10-08 01:10:30.557 | info     |           Metal |   [    11674100 ..     11674200) |                                        |        0 (profiler_analysis.cpp:700)
[run]   view=hero 57.5ms
[SUBCHUNK] tiles_split=64 total_subchunks=1090 max_subchunks_per_tile=3 payload_pages=33181
[SORT] stage=ONELAUNCH P=2090575 P_kept=2090575 num_tiles=1024 max_tile_n=19171 onelaunch=1.33 layout=0.11 pub_host=0.39 total=1.84ms
2026-10-08 01:10:30.612 | info     |           Metal | Device kernel duration perf summary (device=0): count=1, min=9678621ns, avg=9678621.0ns, max=9678621ns (profiler_analysis.cpp:645)
2026-10-08 01:10:30.612 | info     |           Metal | Device kernel duration perf histogram (device=0): (buckets=10, bucket_size=100ns, range=[9678600..9679600), underflow(<9678600ns)=0, overflow(>=9679600ns)=0) (profiler_analysis.cpp:682)
2026-10-08 01:10:30.612 | info     |           Metal |   [     9678600 ..      9678700) |########################################|        1 (profiler_analysis.cpp:700)
2026-10-08 01:10:30.612 | info     |           Metal |   [     9678700 ..      9678800) |                                        |        0 (profiler_analysis.cpp:700)
2026-10-08 01:10:30.612 | info     |           Metal |   [     9678800 ..      9678900) |                                        |        0 (profiler_analysis.cpp:700)
2026-10-08 01:10:30.612 | info     |           Metal |   [     9678900 ..      9679000) |                                        |        0 (profiler_analysis.cpp:700)
2026-10-08 01:10:30.612 | info     |           Metal |   [     9679000 ..      9679100) |                                        |        0 (profiler_analysis.cpp:700)
2026-10-08 01:10:30.612 | info     |           Metal |   [     9679100 ..      9679200) |                                        |        0 (profiler_analysis.cpp:700)
2026-10-08 01:10:30.612 | info     |           Metal |   [     9679200 ..      9679300) |                                        |        0 (profiler_analysis.cpp:700)
2026-10-08 01:10:30.612 | info     |           Metal |   [     9679300 ..      9679400) |                                        |        0 (profiler_analysis.cpp:700)
2026-10-08 01:10:30.612 | info     |           Metal |   [     9679400 ..      9679500) |                                        |        0 (profiler_analysis.cpp:700)
2026-10-08 01:10:30.612 | info     |           Metal |   [     9679500 ..      9679600) |                                        |        0 (profiler_analysis.cpp:700)
[run]   view=orb_00 54.6ms
[SUBCHUNK] tiles_split=63 total_subchunks=1090 max_subchunks_per_tile=3 payload_pages=34324
[SORT] stage=ONELAUNCH P=2164042 P_kept=2164042 num_tiles=1024 max_tile_n=18956 onelaunch=1.31 layout=0.10 pub_host=0.39 total=1.80ms
2026-10-08 01:10:30.667 | info     |           Metal | Device kernel duration perf summary (device=0): count=1, min=9813953ns, avg=9813953.0ns, max=9813953ns (profiler_analysis.cpp:645)
2026-10-08 01:10:30.667 | info     |           Metal | Device kernel duration perf histogram (device=0): (buckets=10, bucket_size=100ns, range=[9813900..9814900), underflow(<9813900ns)=0, overflow(>=9814900ns)=0) (profiler_analysis.cpp:682)
2026-10-08 01:10:30.667 | info     |           Metal |   [     9813900 ..      9814000) |########################################|        1 (profiler_analysis.cpp:700)
2026-10-08 01:10:30.667 | info     |           Metal |   [     9814000 ..      9814100) |                                        |        0 (profiler_analysis.cpp:700)
2026-10-08 01:10:30.667 | info     |           Metal |   [     9814100 ..      9814200) |                                        |        0 (profiler_analysis.cpp:700)
2026-10-08 01:10:30.667 | info     |           Metal |   [     9814200 ..      9814300) |                                        |        0 (profiler_analysis.cpp:700)
2026-10-08 01:10:30.667 | info     |           Metal |   [     9814300 ..      9814400) |                                        |        0 (profiler_analysis.cpp:700)
2026-10-08 01:10:30.667 | info     |           Metal |   [     9814400 ..      9814500) |                                        |        0 (profiler_analysis.cpp:700)
2026-10-08 01:10:30.667 | info     |           Metal |   [     9814500 ..      9814600) |                                        |        0 (profiler_analysis.cpp:700)
2026-10-08 01:10:30.667 | info     |           Metal |   [     9814600 ..      9814700) |                                        |        0 (profiler_analysis.cpp:700)
2026-10-08 01:10:30.667 | info     |           Metal |   [     9814700 ..      9814800) |                                        |        0 (profiler_analysis.cpp:700)
2026-10-08 01:10:30.667 | info     |           Metal |   [     9814800 ..      9814900) |                                        |        0 (profiler_analysis.cpp:700)
[run]   view=orb_01 55.0ms
[SUBCHUNK] tiles_split=66 total_subchunks=1093 max_subchunks_per_tile=3 payload_pages=35760
[SORT] stage=ONELAUNCH P=2255766 P_kept=2255766 num_tiles=1024 max_tile_n=18906 onelaunch=1.19 layout=0.10 pub_host=0.39 total=1.69ms
2026-10-08 01:10:30.721 | info     |           Metal | Device kernel duration perf summary (device=0): count=1, min=9872210ns, avg=9872210.0ns, max=9872210ns (profiler_analysis.cpp:645)
2026-10-08 01:10:30.721 | info     |           Metal | Device kernel duration perf histogram (device=0): (buckets=10, bucket_size=100ns, range=[9872200..9873200), underflow(<9872200ns)=0, overflow(>=9873200ns)=0) (profiler_analysis.cpp:682)
2026-10-08 01:10:30.721 | info     |           Metal |   [     9872200 ..      9872300) |########################################|        1 (profiler_analysis.cpp:700)
2026-10-08 01:10:30.721 | info     |           Metal |   [     9872300 ..      9872400) |                                        |        0 (profiler_analysis.cpp:700)
2026-10-08 01:10:30.721 | info     |           Metal |   [     9872400 ..      9872500) |                                        |        0 (profiler_analysis.cpp:700)
2026-10-08 01:10:30.721 | info     |           Metal |   [     9872500 ..      9872600) |                                        |        0 (profiler_analysis.cpp:700)
2026-10-08 01:10:30.721 | info     |           Metal |   [     9872600 ..      9872700) |                                        |        0 (profiler_analysis.cpp:700)
2026-10-08 01:10:30.721 | info     |           Metal |   [     9872700 ..      9872800) |                                        |        0 (profiler_analysis.cpp:700)
2026-10-08 01:10:30.721 | info     |           Metal |   [     9872800 ..      9872900) |                                        |        0 (profiler_analysis.cpp:700)
2026-10-08 01:10:30.721 | info     |           Metal |   [     9872900 ..      9873000) |                                        |        0 (profiler_analysis.cpp:700)
2026-10-08 01:10:30.721 | info     |           Metal |   [     9873000 ..      9873100) |                                        |        0 (profiler_analysis.cpp:700)
2026-10-08 01:10:30.721 | info     |           Metal |   [     9873100 ..      9873200) |                                        |        0 (profiler_analysis.cpp:700)
[run]   view=orb_02 53.5ms
[SUBCHUNK] tiles_split=62 total_subchunks=1090 max_subchunks_per_tile=3 payload_pages=37612
[SORT] stage=ONELAUNCH P=2374790 P_kept=2374790 num_tiles=1024 max_tile_n=17834 onelaunch=1.23 layout=0.10 pub_host=0.38 total=1.72ms
2026-10-08 01:10:30.775 | info     |           Metal | Device kernel duration perf summary (device=0): count=1, min=10167628ns, avg=10167628.0ns, max=10167628ns (profiler_analysis.cpp:645)
2026-10-08 01:10:30.775 | info     |           Metal | Device kernel duration perf histogram (device=0): (buckets=10, bucket_size=100ns, range=[10167600..10168600), underflow(<10167600ns)=0, overflow(>=10168600ns)=0) (profiler_analysis.cpp:682)
2026-10-08 01:10:30.775 | info     |           Metal |   [    10167600 ..     10167700) |########################################|        1 (profiler_analysis.cpp:700)
2026-10-08 01:10:30.775 | info     |           Metal |   [    10167700 ..     10167800) |                                        |        0 (profiler_analysis.cpp:700)
2026-10-08 01:10:30.775 | info     |           Metal |   [    10167800 ..     10167900) |                                        |        0 (profiler_analysis.cpp:700)
2026-10-08 01:10:30.775 | info     |           Metal |   [    10167900 ..     10168000) |                                        |        0 (profiler_analysis.cpp:700)
2026-10-08 01:10:30.775 | info     |           Metal |   [    10168000 ..     10168100) |                                        |        0 (profiler_analysis.cpp:700)
2026-10-08 01:10:30.775 | info     |           Metal |   [    10168100 ..     10168200) |                                        |        0 (profiler_analysis.cpp:700)
2026-10-08 01:10:30.775 | info     |           Metal |   [    10168200 ..     10168300) |                                        |        0 (profiler_analysis.cpp:700)
2026-10-08 01:10:30.775 | info     |           Metal |   [    10168300 ..     10168400) |                                        |        0 (profiler_analysis.cpp:700)
2026-10-08 01:10:30.775 | info     |           Metal |   [    10168400 ..     10168500) |                                        |        0 (profiler_analysis.cpp:700)
2026-10-08 01:10:30.775 | info     |           Metal |   [    10168500 ..     10168600) |                                        |        0 (profiler_analysis.cpp:700)
[run]   view=orb_03 53.7ms
[SUBCHUNK] tiles_split=68 total_subchunks=1096 max_subchunks_per_tile=3 payload_pages=39937
[SORT] stage=ONELAUNCH P=2523377 P_kept=2523377 num_tiles=1024 max_tile_n=20034 onelaunch=1.18 layout=0.10 pub_host=0.39 total=1.68ms
2026-10-08 01:10:30.830 | info     |           Metal | Device kernel duration perf summary (device=0): count=1, min=10518330ns, avg=10518330.0ns, max=10518330ns (profiler_analysis.cpp:645)
2026-10-08 01:10:30.830 | info     |           Metal | Device kernel duration perf histogram (device=0): (buckets=10, bucket_size=100ns, range=[10518300..10519300), underflow(<10518300ns)=0, overflow(>=10519300ns)=0) (profiler_analysis.cpp:682)
2026-10-08 01:10:30.830 | info     |           Metal |   [    10518300 ..     10518400) |########################################|        1 (profiler_analysis.cpp:700)
2026-10-08 01:10:30.830 | info     |           Metal |   [    10518400 ..     10518500) |                                        |        0 (profiler_analysis.cpp:700)
2026-10-08 01:10:30.830 | info     |           Metal |   [    10518500 ..     10518600) |                                        |        0 (profiler_analysis.cpp:700)
2026-10-08 01:10:30.830 | info     |           Metal |   [    10518600 ..     10518700) |                                        |        0 (profiler_analysis.cpp:700)
2026-10-08 01:10:30.830 | info     |           Metal |   [    10518700 ..     10518800) |                                        |        0 (profiler_analysis.cpp:700)
2026-10-08 01:10:30.830 | info     |           Metal |   [    10518800 ..     10518900) |                                        |        0 (profiler_analysis.cpp:700)
2026-10-08 01:10:30.830 | info     |           Metal |   [    10518900 ..     10519000) |                                        |        0 (profiler_analysis.cpp:700)
2026-10-08 01:10:30.830 | info     |           Metal |   [    10519000 ..     10519100) |                                        |        0 (profiler_analysis.cpp:700)
2026-10-08 01:10:30.830 | info     |           Metal |   [    10519100 ..     10519200) |                                        |        0 (profiler_analysis.cpp:700)
2026-10-08 01:10:30.830 | info     |           Metal |   [    10519200 ..     10519300) |                                        |        0 (profiler_analysis.cpp:700)
[run]   view=orb_04 54.2ms
[SUBCHUNK] tiles_split=70 total_subchunks=1097 max_subchunks_per_tile=3 payload_pages=43036
[SORT] stage=ONELAUNCH P=2722282 P_kept=2722282 num_tiles=1024 max_tile_n=22369 onelaunch=1.18 layout=0.10 pub_host=0.38 total=1.67ms
2026-10-08 01:10:30.885 | info     |           Metal | Device kernel duration perf summary (device=0): count=1, min=10961884ns, avg=10961884.0ns, max=10961884ns (profiler_analysis.cpp:645)
2026-10-08 01:10:30.885 | info     |           Metal | Device kernel duration perf histogram (device=0): (buckets=10, bucket_size=100ns, range=[10961800..10962800), underflow(<10961800ns)=0, overflow(>=10962800ns)=0) (profiler_analysis.cpp:682)
2026-10-08 01:10:30.885 | info     |           Metal |   [    10961800 ..     10961900) |########################################|        1 (profiler_analysis.cpp:700)
2026-10-08 01:10:30.885 | info     |           Metal |   [    10961900 ..     10962000) |                                        |        0 (profiler_analysis.cpp:700)
2026-10-08 01:10:30.885 | info     |           Metal |   [    10962000 ..     10962100) |                                        |        0 (profiler_analysis.cpp:700)
2026-10-08 01:10:30.885 | info     |           Metal |   [    10962100 ..     10962200) |                                        |        0 (profiler_analysis.cpp:700)
2026-10-08 01:10:30.885 | info     |           Metal |   [    10962200 ..     10962300) |                                        |        0 (profiler_analysis.cpp:700)
2026-10-08 01:10:30.885 | info     |           Metal |   [    10962300 ..     10962400) |                                        |        0 (profiler_analysis.cpp:700)
2026-10-08 01:10:30.885 | info     |           Metal |   [    10962400 ..     10962500) |                                        |        0 (profiler_analysis.cpp:700)
2026-10-08 01:10:30.885 | info     |           Metal |   [    10962500 ..     10962600) |                                        |        0 (profiler_analysis.cpp:700)
2026-10-08 01:10:30.885 | info     |           Metal |   [    10962600 ..     10962700) |                                        |        0 (profiler_analysis.cpp:700)
2026-10-08 01:10:30.885 | info     |           Metal |   [    10962700 ..     10962800) |                                        |        0 (profiler_analysis.cpp:700)
[run]   view=orb_05 55.5ms
[SUBCHUNK] tiles_split=75 total_subchunks=1104 max_subchunks_per_tile=3 payload_pages=45752
[SORT] stage=ONELAUNCH P=2895762 P_kept=2895762 num_tiles=1024 max_tile_n=21267 onelaunch=1.18 layout=0.10 pub_host=0.38 total=1.67ms
2026-10-08 01:10:30.948 | info     |           Metal | Device kernel duration perf summary (device=0): count=1, min=11516004ns, avg=11516004.0ns, max=11516004ns (profiler_analysis.cpp:645)
2026-10-08 01:10:30.948 | info     |           Metal | Device kernel duration perf histogram (device=0): (buckets=10, bucket_size=100ns, range=[11516000..11517000), underflow(<11516000ns)=0, overflow(>=11517000ns)=0) (profiler_analysis.cpp:682)
2026-10-08 01:10:30.948 | info     |           Metal |   [    11516000 ..     11516100) |########################################|        1 (profiler_analysis.cpp:700)
2026-10-08 01:10:30.948 | info     |           Metal |   [    11516100 ..     11516200) |                                        |        0 (profiler_analysis.cpp:700)
2026-10-08 01:10:30.948 | info     |           Metal |   [    11516200 ..     11516300) |                                        |        0 (profiler_analysis.cpp:700)
2026-10-08 01:10:30.948 | info     |           Metal |   [    11516300 ..     11516400) |                                        |        0 (profiler_analysis.cpp:700)
2026-10-08 01:10:30.948 | info     |           Metal |   [    11516400 ..     11516500) |                                        |        0 (profiler_analysis.cpp:700)
2026-10-08 01:10:30.948 | info     |           Metal |   [    11516500 ..     11516600) |                                        |        0 (profiler_analysis.cpp:700)
2026-10-08 01:10:30.948 | info     |           Metal |   [    11516600 ..     11516700) |                                        |        0 (profiler_analysis.cpp:700)
2026-10-08 01:10:30.948 | info     |           Metal |   [    11516700 ..     11516800) |                                        |        0 (profiler_analysis.cpp:700)
2026-10-08 01:10:30.948 | info     |           Metal |   [    11516800 ..     11516900) |                                        |        0 (profiler_analysis.cpp:700)
2026-10-08 01:10:30.948 | info     |           Metal |   [    11516900 ..     11517000) |                                        |        0 (profiler_analysis.cpp:700)
[run]   view=orb_06 63.2ms
[SUBCHUNK] tiles_split=81 total_subchunks=1109 max_subchunks_per_tile=3 payload_pages=48611
[SORT] stage=ONELAUNCH P=3078956 P_kept=3078956 num_tiles=1024 max_tile_n=21032 onelaunch=1.17 layout=0.10 pub_host=0.37 total=1.65ms
2026-10-08 01:10:31.006 | info     |           Metal | Device kernel duration perf summary (device=0): count=1, min=11976224ns, avg=11976224.0ns, max=11976224ns (profiler_analysis.cpp:645)
2026-10-08 01:10:31.006 | info     |           Metal | Device kernel duration perf histogram (device=0): (buckets=10, bucket_size=100ns, range=[11976200..11977200), underflow(<11976200ns)=0, overflow(>=11977200ns)=0) (profiler_analysis.cpp:682)
2026-10-08 01:10:31.006 | info     |           Metal |   [    11976200 ..     11976300) |########################################|        1 (profiler_analysis.cpp:700)
2026-10-08 01:10:31.006 | info     |           Metal |   [    11976300 ..     11976400) |                                        |        0 (profiler_analysis.cpp:700)
2026-10-08 01:10:31.006 | info     |           Metal |   [    11976400 ..     11976500) |                                        |        0 (profiler_analysis.cpp:700)
2026-10-08 01:10:31.006 | info     |           Metal |   [    11976500 ..     11976600) |                                        |        0 (profiler_analysis.cpp:700)
2026-10-08 01:10:31.006 | info     |           Metal |   [    11976600 ..     11976700) |                                        |        0 (profiler_analysis.cpp:700)
2026-10-08 01:10:31.006 | info     |           Metal |   [    11976700 ..     11976800) |                                        |        0 (profiler_analysis.cpp:700)
2026-10-08 01:10:31.006 | info     |           Metal |   [    11976800 ..     11976900) |                                        |        0 (profiler_analysis.cpp:700)
2026-10-08 01:10:31.006 | info     |           Metal |   [    11976900 ..     11977000) |                                        |        0 (profiler_analysis.cpp:700)
2026-10-08 01:10:31.006 | info     |           Metal |   [    11977000 ..     11977100) |                                        |        0 (profiler_analysis.cpp:700)
2026-10-08 01:10:31.006 | info     |           Metal |   [    11977100 ..     11977200) |                                        |        0 (profiler_analysis.cpp:700)
[run]   view=orb_07 56.9ms
[SUBCHUNK] tiles_split=85 total_subchunks=1114 max_subchunks_per_tile=3 payload_pages=49703
[SORT] stage=ONELAUNCH P=3149841 P_kept=3149841 num_tiles=1024 max_tile_n=19047 onelaunch=1.25 layout=0.12 pub_host=0.38 total=1.76ms
2026-10-08 01:10:31.062 | info     |           Metal | Device kernel duration perf summary (device=0): count=1, min=12333120ns, avg=12333120.0ns, max=12333120ns (profiler_analysis.cpp:645)
2026-10-08 01:10:31.062 | info     |           Metal | Device kernel duration perf histogram (device=0): (buckets=10, bucket_size=100ns, range=[12333100..12334100), underflow(<12333100ns)=0, overflow(>=12334100ns)=0) (profiler_analysis.cpp:682)
2026-10-08 01:10:31.062 | info     |           Metal |   [    12333100 ..     12333200) |########################################|        1 (profiler_analysis.cpp:700)
2026-10-08 01:10:31.062 | info     |           Metal |   [    12333200 ..     12333300) |                                        |        0 (profiler_analysis.cpp:700)
2026-10-08 01:10:31.062 | info     |           Metal |   [    12333300 ..     12333400) |                                        |        0 (profiler_analysis.cpp:700)
2026-10-08 01:10:31.062 | info     |           Metal |   [    12333400 ..     12333500) |                                        |        0 (profiler_analysis.cpp:700)
2026-10-08 01:10:31.062 | info     |           Metal |   [    12333500 ..     12333600) |                                        |        0 (profiler_analysis.cpp:700)
2026-10-08 01:10:31.062 | info     |           Metal |   [    12333600 ..     12333700) |                                        |        0 (profiler_analysis.cpp:700)
2026-10-08 01:10:31.062 | info     |           Metal |   [    12333700 ..     12333800) |                                        |        0 (profiler_analysis.cpp:700)
2026-10-08 01:10:31.062 | info     |           Metal |   [    12333800 ..     12333900) |                                        |        0 (profiler_analysis.cpp:700)
2026-10-08 01:10:31.062 | info     |           Metal |   [    12333900 ..     12334000) |                                        |        0 (profiler_analysis.cpp:700)
2026-10-08 01:10:31.062 | info     |           Metal |   [    12334000 ..     12334100) |                                        |        0 (profiler_analysis.cpp:700)
[run]   view=orb_08 55.3ms
[SUBCHUNK] tiles_split=84 total_subchunks=1113 max_subchunks_per_tile=3 payload_pages=50216
[SORT] stage=ONELAUNCH P=3181780 P_kept=3181780 num_tiles=1024 max_tile_n=19358 onelaunch=1.20 layout=0.10 pub_host=0.37 total=1.68ms
2026-10-08 01:10:31.118 | info     |           Metal | Device kernel duration perf summary (device=0): count=1, min=12425641ns, avg=12425641.0ns, max=12425641ns (profiler_analysis.cpp:645)
2026-10-08 01:10:31.118 | info     |           Metal | Device kernel duration perf histogram (device=0): (buckets=10, bucket_size=100ns, range=[12425600..12426600), underflow(<12425600ns)=0, overflow(>=12426600ns)=0) (profiler_analysis.cpp:682)
2026-10-08 01:10:31.118 | info     |           Metal |   [    12425600 ..     12425700) |########################################|        1 (profiler_analysis.cpp:700)
2026-10-08 01:10:31.118 | info     |           Metal |   [    12425700 ..     12425800) |                                        |        0 (profiler_analysis.cpp:700)
2026-10-08 01:10:31.118 | info     |           Metal |   [    12425800 ..     12425900) |                                        |        0 (profiler_analysis.cpp:700)
2026-10-08 01:10:31.118 | info     |           Metal |   [    12425900 ..     12426000) |                                        |        0 (profiler_analysis.cpp:700)
2026-10-08 01:10:31.118 | info     |           Metal |   [    12426000 ..     12426100) |                                        |        0 (profiler_analysis.cpp:700)
2026-10-08 01:10:31.118 | info     |           Metal |   [    12426100 ..     12426200) |                                        |        0 (profiler_analysis.cpp:700)
2026-10-08 01:10:31.118 | info     |           Metal |   [    12426200 ..     12426300) |                                        |        0 (profiler_analysis.cpp:700)
2026-10-08 01:10:31.118 | info     |           Metal |   [    12426300 ..     12426400) |                                        |        0 (profiler_analysis.cpp:700)
2026-10-08 01:10:31.118 | info     |           Metal |   [    12426400 ..     12426500) |                                        |        0 (profiler_analysis.cpp:700)
2026-10-08 01:10:31.118 | info     |           Metal |   [    12426500 ..     12426600) |                                        |        0 (profiler_analysis.cpp:700)
[run]   view=orb_09 56.3ms
[SUBCHUNK] tiles_split=81 total_subchunks=1109 max_subchunks_per_tile=3 payload_pages=50327
[SORT] stage=ONELAUNCH P=3188467 P_kept=3188467 num_tiles=1024 max_tile_n=19519 onelaunch=1.33 layout=0.11 pub_host=0.40 total=1.85ms
2026-10-08 01:10:31.178 | info     |           Metal | Device kernel duration perf summary (device=0): count=1, min=12451722ns, avg=12451722.0ns, max=12451722ns (profiler_analysis.cpp:645)
2026-10-08 01:10:31.178 | info     |           Metal | Device kernel duration perf histogram (device=0): (buckets=10, bucket_size=100ns, range=[12451700..12452700), underflow(<12451700ns)=0, overflow(>=12452700ns)=0) (profiler_analysis.cpp:682)
2026-10-08 01:10:31.178 | info     |           Metal |   [    12451700 ..     12451800) |########################################|        1 (profiler_analysis.cpp:700)
2026-10-08 01:10:31.178 | info     |           Metal |   [    12451800 ..     12451900) |                                        |        0 (profiler_analysis.cpp:700)
2026-10-08 01:10:31.178 | info     |           Metal |   [    12451900 ..     12452000) |                                        |        0 (profiler_analysis.cpp:700)
2026-10-08 01:10:31.178 | info     |           Metal |   [    12452000 ..     12452100) |                                        |        0 (profiler_analysis.cpp:700)
2026-10-08 01:10:31.178 | info     |           Metal |   [    12452100 ..     12452200) |                                        |        0 (profiler_analysis.cpp:700)
2026-10-08 01:10:31.178 | info     |           Metal |   [    12452200 ..     12452300) |                                        |        0 (profiler_analysis.cpp:700)
2026-10-08 01:10:31.178 | info     |           Metal |   [    12452300 ..     12452400) |                                        |        0 (profiler_analysis.cpp:700)
2026-10-08 01:10:31.178 | info     |           Metal |   [    12452400 ..     12452500) |                                        |        0 (profiler_analysis.cpp:700)
2026-10-08 01:10:31.178 | info     |           Metal |   [    12452500 ..     12452600) |                                        |        0 (profiler_analysis.cpp:700)
2026-10-08 01:10:31.178 | info     |           Metal |   [    12452600 ..     12452700) |                                        |        0 (profiler_analysis.cpp:700)
[run]   view=orb_10 59.3ms
[SUBCHUNK] tiles_split=82 total_subchunks=1111 max_subchunks_per_tile=3 payload_pages=49049
[SORT] stage=ONELAUNCH P=3106694 P_kept=3106694 num_tiles=1024 max_tile_n=20025 onelaunch=1.32 layout=0.11 pub_host=0.36 total=1.80ms
2026-10-08 01:10:31.236 | info     |           Metal | Device kernel duration perf summary (device=0): count=1, min=12209381ns, avg=12209381.0ns, max=12209381ns (profiler_analysis.cpp:645)
2026-10-08 01:10:31.236 | info     |           Metal | Device kernel duration perf histogram (device=0): (buckets=10, bucket_size=100ns, range=[12209300..12210300), underflow(<12209300ns)=0, overflow(>=12210300ns)=0) (profiler_analysis.cpp:682)
2026-10-08 01:10:31.236 | info     |           Metal |   [    12209300 ..     12209400) |########################################|        1 (profiler_analysis.cpp:700)
2026-10-08 01:10:31.236 | info     |           Metal |   [    12209400 ..     12209500) |                                        |        0 (profiler_analysis.cpp:700)
2026-10-08 01:10:31.236 | info     |           Metal |   [    12209500 ..     12209600) |                                        |        0 (profiler_analysis.cpp:700)
2026-10-08 01:10:31.236 | info     |           Metal |   [    12209600 ..     12209700) |                                        |        0 (profiler_analysis.cpp:700)
2026-10-08 01:10:31.236 | info     |           Metal |   [    12209700 ..     12209800) |                                        |        0 (profiler_analysis.cpp:700)
2026-10-08 01:10:31.236 | info     |           Metal |   [    12209800 ..     12209900) |                                        |        0 (profiler_analysis.cpp:700)
2026-10-08 01:10:31.236 | info     |           Metal |   [    12209900 ..     12210000) |                                        |        0 (profiler_analysis.cpp:700)
2026-10-08 01:10:31.236 | info     |           Metal |   [    12210000 ..     12210100) |                                        |        0 (profiler_analysis.cpp:700)
2026-10-08 01:10:31.236 | info     |           Metal |   [    12210100 ..     12210200) |                                        |        0 (profiler_analysis.cpp:700)
2026-10-08 01:10:31.236 | info     |           Metal |   [    12210200 ..     12210300) |                                        |        0 (profiler_analysis.cpp:700)
[run]   view=orb_11 57.8ms
[SUBCHUNK] tiles_split=81 total_subchunks=1108 max_subchunks_per_tile=3 payload_pages=47132
[SORT] stage=ONELAUNCH P=2984152 P_kept=2984152 num_tiles=1024 max_tile_n=20390 onelaunch=1.67 layout=0.11 pub_host=0.37 total=2.15ms
2026-10-08 01:10:31.295 | info     |           Metal | Device kernel duration perf summary (device=0): count=1, min=12193306ns, avg=12193306.0ns, max=12193306ns (profiler_analysis.cpp:645)
2026-10-08 01:10:31.295 | info     |           Metal | Device kernel duration perf histogram (device=0): (buckets=10, bucket_size=100ns, range=[12193300..12194300), underflow(<12193300ns)=0, overflow(>=12194300ns)=0) (profiler_analysis.cpp:682)
2026-10-08 01:10:31.295 | info     |           Metal |   [    12193300 ..     12193400) |########################################|        1 (profiler_analysis.cpp:700)
2026-10-08 01:10:31.295 | info     |           Metal |   [    12193400 ..     12193500) |                                        |        0 (profiler_analysis.cpp:700)
2026-10-08 01:10:31.295 | info     |           Metal |   [    12193500 ..     12193600) |                                        |        0 (profiler_analysis.cpp:700)
2026-10-08 01:10:31.295 | info     |           Metal |   [    12193600 ..     12193700) |                                        |        0 (profiler_analysis.cpp:700)
2026-10-08 01:10:31.295 | info     |           Metal |   [    12193700 ..     12193800) |                                        |        0 (profiler_analysis.cpp:700)
2026-10-08 01:10:31.295 | info     |           Metal |   [    12193800 ..     12193900) |                                        |        0 (profiler_analysis.cpp:700)
2026-10-08 01:10:31.295 | info     |           Metal |   [    12193900 ..     12194000) |                                        |        0 (profiler_analysis.cpp:700)
2026-10-08 01:10:31.295 | info     |           Metal |   [    12194000 ..     12194100) |                                        |        0 (profiler_analysis.cpp:700)
2026-10-08 01:10:31.295 | info     |           Metal |   [    12194100 ..     12194200) |                                        |        0 (profiler_analysis.cpp:700)
2026-10-08 01:10:31.295 | info     |           Metal |   [    12194200 ..     12194300) |                                        |        0 (profiler_analysis.cpp:700)
[run]   view=orb_12 58.3ms
[SUBCHUNK] tiles_split=79 total_subchunks=1106 max_subchunks_per_tile=3 payload_pages=45617
[SORT] stage=ONELAUNCH P=2887843 P_kept=2887843 num_tiles=1024 max_tile_n=20927 onelaunch=1.37 layout=0.11 pub_host=0.38 total=1.86ms
2026-10-08 01:10:31.355 | info     |           Metal | Device kernel duration perf summary (device=0): count=1, min=11670003ns, avg=11670003.0ns, max=11670003ns (profiler_analysis.cpp:645)
2026-10-08 01:10:31.355 | info     |           Metal | Device kernel duration perf histogram (device=0): (buckets=10, bucket_size=100ns, range=[11670000..11671000), underflow(<11670000ns)=0, overflow(>=11671000ns)=0) (profiler_analysis.cpp:682)
2026-10-08 01:10:31.355 | info     |           Metal |   [    11670000 ..     11670100) |########################################|        1 (profiler_analysis.cpp:700)
2026-10-08 01:10:31.355 | info     |           Metal |   [    11670100 ..     11670200) |                                        |        0 (profiler_analysis.cpp:700)
2026-10-08 01:10:31.355 | info     |           Metal |   [    11670200 ..     11670300) |                                        |        0 (profiler_analysis.cpp:700)
2026-10-08 01:10:31.355 | info     |           Metal |   [    11670300 ..     11670400) |                                        |        0 (profiler_analysis.cpp:700)
2026-10-08 01:10:31.355 | info     |           Metal |   [    11670400 ..     11670500) |                                        |        0 (profiler_analysis.cpp:700)
2026-10-08 01:10:31.355 | info     |           Metal |   [    11670500 ..     11670600) |                                        |        0 (profiler_analysis.cpp:700)
2026-10-08 01:10:31.355 | info     |           Metal |   [    11670600 ..     11670700) |                                        |        0 (profiler_analysis.cpp:700)
2026-10-08 01:10:31.355 | info     |           Metal |   [    11670700 ..     11670800) |                                        |        0 (profiler_analysis.cpp:700)
2026-10-08 01:10:31.355 | info     |           Metal |   [    11670800 ..     11670900) |                                        |        0 (profiler_analysis.cpp:700)
2026-10-08 01:10:31.355 | info     |           Metal |   [    11670900 ..     11671000) |                                        |        0 (profiler_analysis.cpp:700)
[run]   view=orb_13 60.4ms
[SUBCHUNK] tiles_split=75 total_subchunks=1101 max_subchunks_per_tile=3 payload_pages=44556
[SORT] stage=ONELAUNCH P=2818980 P_kept=2818980 num_tiles=1024 max_tile_n=21145 onelaunch=1.83 layout=0.11 pub_host=0.37 total=2.32ms
2026-10-08 01:10:31.414 | info     |           Metal | Device kernel duration perf summary (device=0): count=1, min=11825044ns, avg=11825044.0ns, max=11825044ns (profiler_analysis.cpp:645)
2026-10-08 01:10:31.414 | info     |           Metal | Device kernel duration perf histogram (device=0): (buckets=10, bucket_size=100ns, range=[11825000..11826000), underflow(<11825000ns)=0, overflow(>=11826000ns)=0) (profiler_analysis.cpp:682)
2026-10-08 01:10:31.414 | info     |           Metal |   [    11825000 ..     11825100) |########################################|        1 (profiler_analysis.cpp:700)
2026-10-08 01:10:31.414 | info     |           Metal |   [    11825100 ..     11825200) |                                        |        0 (profiler_analysis.cpp:700)
2026-10-08 01:10:31.414 | info     |           Metal |   [    11825200 ..     11825300) |                                        |        0 (profiler_analysis.cpp:700)
2026-10-08 01:10:31.414 | info     |           Metal |   [    11825300 ..     11825400) |                                        |        0 (profiler_analysis.cpp:700)
2026-10-08 01:10:31.414 | info     |           Metal |   [    11825400 ..     11825500) |                                        |        0 (profiler_analysis.cpp:700)
2026-10-08 01:10:31.414 | info     |           Metal |   [    11825500 ..     11825600) |                                        |        0 (profiler_analysis.cpp:700)
2026-10-08 01:10:31.414 | info     |           Metal |   [    11825600 ..     11825700) |                                        |        0 (profiler_analysis.cpp:700)
2026-10-08 01:10:31.414 | info     |           Metal |   [    11825700 ..     11825800) |                                        |        0 (profiler_analysis.cpp:700)
2026-10-08 01:10:31.414 | info     |           Metal |   [    11825800 ..     11825900) |                                        |        0 (profiler_analysis.cpp:700)
2026-10-08 01:10:31.414 | info     |           Metal |   [    11825900 ..     11826000) |                                        |        0 (profiler_analysis.cpp:700)
[run]   view=orb_14 57.6ms
[SUBCHUNK] tiles_split=75 total_subchunks=1101 max_subchunks_per_tile=3 payload_pages=43664
[SORT] stage=ONELAUNCH P=2762186 P_kept=2762186 num_tiles=1024 max_tile_n=19314 onelaunch=1.43 layout=0.10 pub_host=0.37 total=1.91ms
2026-10-08 01:10:31.471 | info     |           Metal | Device kernel duration perf summary (device=0): count=1, min=11284760ns, avg=11284760.0ns, max=11284760ns (profiler_analysis.cpp:645)
2026-10-08 01:10:31.471 | info     |           Metal | Device kernel duration perf histogram (device=0): (buckets=10, bucket_size=100ns, range=[11284700..11285700), underflow(<11284700ns)=0, overflow(>=11285700ns)=0) (profiler_analysis.cpp:682)
2026-10-08 01:10:31.471 | info     |           Metal |   [    11284700 ..     11284800) |########################################|        1 (profiler_analysis.cpp:700)
2026-10-08 01:10:31.471 | info     |           Metal |   [    11284800 ..     11284900) |                                        |        0 (profiler_analysis.cpp:700)
2026-10-08 01:10:31.471 | info     |           Metal |   [    11284900 ..     11285000) |                                        |        0 (profiler_analysis.cpp:700)
2026-10-08 01:10:31.471 | info     |           Metal |   [    11285000 ..     11285100) |                                        |        0 (profiler_analysis.cpp:700)
2026-10-08 01:10:31.471 | info     |           Metal |   [    11285100 ..     11285200) |                                        |        0 (profiler_analysis.cpp:700)
2026-10-08 01:10:31.471 | info     |           Metal |   [    11285200 ..     11285300) |                                        |        0 (profiler_analysis.cpp:700)
2026-10-08 01:10:31.471 | info     |           Metal |   [    11285300 ..     11285400) |                                        |        0 (profiler_analysis.cpp:700)
2026-10-08 01:10:31.471 | info     |           Metal |   [    11285400 ..     11285500) |                                        |        0 (profiler_analysis.cpp:700)
2026-10-08 01:10:31.471 | info     |           Metal |   [    11285500 ..     11285600) |                                        |        0 (profiler_analysis.cpp:700)
2026-10-08 01:10:31.471 | info     |           Metal |   [    11285600 ..     11285700) |                                        |        0 (profiler_analysis.cpp:700)
[run]   view=orb_15 57.3ms
[SUBCHUNK] tiles_split=80 total_subchunks=1106 max_subchunks_per_tile=3 payload_pages=42989
[SORT] stage=ONELAUNCH P=2719305 P_kept=2719305 num_tiles=1024 max_tile_n=19744 onelaunch=1.39 layout=0.10 pub_host=0.36 total=1.86ms
2026-10-08 01:10:31.530 | info     |           Metal | Device kernel duration perf summary (device=0): count=1, min=11114739ns, avg=11114739.0ns, max=11114739ns (profiler_analysis.cpp:645)
2026-10-08 01:10:31.530 | info     |           Metal | Device kernel duration perf histogram (device=0): (buckets=10, bucket_size=100ns, range=[11114700..11115700), underflow(<11114700ns)=0, overflow(>=11115700ns)=0) (profiler_analysis.cpp:682)
2026-10-08 01:10:31.530 | info     |           Metal |   [    11114700 ..     11114800) |########################################|        1 (profiler_analysis.cpp:700)
2026-10-08 01:10:31.530 | info     |           Metal |   [    11114800 ..     11114900) |                                        |        0 (profiler_analysis.cpp:700)
2026-10-08 01:10:31.530 | info     |           Metal |   [    11114900 ..     11115000) |                                        |        0 (profiler_analysis.cpp:700)
2026-10-08 01:10:31.530 | info     |           Metal |   [    11115000 ..     11115100) |                                        |        0 (profiler_analysis.cpp:700)
2026-10-08 01:10:31.530 | info     |           Metal |   [    11115100 ..     11115200) |                                        |        0 (profiler_analysis.cpp:700)
2026-10-08 01:10:31.530 | info     |           Metal |   [    11115200 ..     11115300) |                                        |        0 (profiler_analysis.cpp:700)
2026-10-08 01:10:31.530 | info     |           Metal |   [    11115300 ..     11115400) |                                        |        0 (profiler_analysis.cpp:700)
2026-10-08 01:10:31.530 | info     |           Metal |   [    11115400 ..     11115500) |                                        |        0 (profiler_analysis.cpp:700)
2026-10-08 01:10:31.530 | info     |           Metal |   [    11115500 ..     11115600) |                                        |        0 (profiler_analysis.cpp:700)
2026-10-08 01:10:31.530 | info     |           Metal |   [    11115600 ..     11115700) |                                        |        0 (profiler_analysis.cpp:700)
[run]   view=orb_16 59.0ms
[SUBCHUNK] tiles_split=79 total_subchunks=1105 max_subchunks_per_tile=3 payload_pages=42964
[SORT] stage=ONELAUNCH P=2717542 P_kept=2717542 num_tiles=1024 max_tile_n=18173 onelaunch=1.39 layout=0.10 pub_host=0.36 total=1.86ms
2026-10-08 01:10:31.587 | info     |           Metal | Device kernel duration perf summary (device=0): count=1, min=11132512ns, avg=11132512.0ns, max=11132512ns (profiler_analysis.cpp:645)
2026-10-08 01:10:31.587 | info     |           Metal | Device kernel duration perf histogram (device=0): (buckets=10, bucket_size=100ns, range=[11132500..11133500), underflow(<11132500ns)=0, overflow(>=11133500ns)=0) (profiler_analysis.cpp:682)
2026-10-08 01:10:31.587 | info     |           Metal |   [    11132500 ..     11132600) |########################################|        1 (profiler_analysis.cpp:700)
2026-10-08 01:10:31.587 | info     |           Metal |   [    11132600 ..     11132700) |                                        |        0 (profiler_analysis.cpp:700)
2026-10-08 01:10:31.587 | info     |           Metal |   [    11132700 ..     11132800) |                                        |        0 (profiler_analysis.cpp:700)
2026-10-08 01:10:31.587 | info     |           Metal |   [    11132800 ..     11132900) |                                        |        0 (profiler_analysis.cpp:700)
2026-10-08 01:10:31.587 | info     |           Metal |   [    11132900 ..     11133000) |                                        |        0 (profiler_analysis.cpp:700)
2026-10-08 01:10:31.587 | info     |           Metal |   [    11133000 ..     11133100) |                                        |        0 (profiler_analysis.cpp:700)
2026-10-08 01:10:31.587 | info     |           Metal |   [    11133100 ..     11133200) |                                        |        0 (profiler_analysis.cpp:700)
2026-10-08 01:10:31.587 | info     |           Metal |   [    11133200 ..     11133300) |                                        |        0 (profiler_analysis.cpp:700)
2026-10-08 01:10:31.587 | info     |           Metal |   [    11133300 ..     11133400) |                                        |        0 (profiler_analysis.cpp:700)
2026-10-08 01:10:31.587 | info     |           Metal |   [    11133400 ..     11133500) |                                        |        0 (profiler_analysis.cpp:700)
[run]   view=orb_17 55.9ms
[SUBCHUNK] tiles_split=82 total_subchunks=1110 max_subchunks_per_tile=3 payload_pages=43226
[SORT] stage=ONELAUNCH P=2733748 P_kept=2733748 num_tiles=1024 max_tile_n=18007 onelaunch=1.35 layout=0.10 pub_host=0.37 total=1.83ms
2026-10-08 01:10:31.645 | info     |           Metal | Device kernel duration perf summary (device=0): count=1, min=11196864ns, avg=11196864.0ns, max=11196864ns (profiler_analysis.cpp:645)
2026-10-08 01:10:31.645 | info     |           Metal | Device kernel duration perf histogram (device=0): (buckets=10, bucket_size=100ns, range=[11196800..11197800), underflow(<11196800ns)=0, overflow(>=11197800ns)=0) (profiler_analysis.cpp:682)
2026-10-08 01:10:31.645 | info     |           Metal |   [    11196800 ..     11196900) |########################################|        1 (profiler_analysis.cpp:700)
2026-10-08 01:10:31.645 | info     |           Metal |   [    11196900 ..     11197000) |                                        |        0 (profiler_analysis.cpp:700)
2026-10-08 01:10:31.645 | info     |           Metal |   [    11197000 ..     11197100) |                                        |        0 (profiler_analysis.cpp:700)
2026-10-08 01:10:31.645 | info     |           Metal |   [    11197100 ..     11197200) |                                        |        0 (profiler_analysis.cpp:700)
2026-10-08 01:10:31.645 | info     |           Metal |   [    11197200 ..     11197300) |                                        |        0 (profiler_analysis.cpp:700)
2026-10-08 01:10:31.645 | info     |           Metal |   [    11197300 ..     11197400) |                                        |        0 (profiler_analysis.cpp:700)
2026-10-08 01:10:31.645 | info     |           Metal |   [    11197400 ..     11197500) |                                        |        0 (profiler_analysis.cpp:700)
2026-10-08 01:10:31.645 | info     |           Metal |   [    11197500 ..     11197600) |                                        |        0 (profiler_analysis.cpp:700)
2026-10-08 01:10:31.645 | info     |           Metal |   [    11197600 ..     11197700) |                                        |        0 (profiler_analysis.cpp:700)
2026-10-08 01:10:31.645 | info     |           Metal |   [    11197700 ..     11197800) |                                        |        0 (profiler_analysis.cpp:700)
[run]   view=orb_18 58.3ms
[SUBCHUNK] tiles_split=78 total_subchunks=1105 max_subchunks_per_tile=3 payload_pages=43149
[SORT] stage=ONELAUNCH P=2729054 P_kept=2729054 num_tiles=1024 max_tile_n=18629 onelaunch=1.47 layout=0.11 pub_host=0.37 total=1.96ms
2026-10-08 01:10:31.703 | info     |           Metal | Device kernel duration perf summary (device=0): count=1, min=11273761ns, avg=11273761.0ns, max=11273761ns (profiler_analysis.cpp:645)
2026-10-08 01:10:31.703 | info     |           Metal | Device kernel duration perf histogram (device=0): (buckets=10, bucket_size=100ns, range=[11273700..11274700), underflow(<11273700ns)=0, overflow(>=11274700ns)=0) (profiler_analysis.cpp:682)
2026-10-08 01:10:31.703 | info     |           Metal |   [    11273700 ..     11273800) |########################################|        1 (profiler_analysis.cpp:700)
2026-10-08 01:10:31.703 | info     |           Metal |   [    11273800 ..     11273900) |                                        |        0 (profiler_analysis.cpp:700)
2026-10-08 01:10:31.703 | info     |           Metal |   [    11273900 ..     11274000) |                                        |        0 (profiler_analysis.cpp:700)
2026-10-08 01:10:31.703 | info     |           Metal |   [    11274000 ..     11274100) |                                        |        0 (profiler_analysis.cpp:700)
2026-10-08 01:10:31.703 | info     |           Metal |   [    11274100 ..     11274200) |                                        |        0 (profiler_analysis.cpp:700)
2026-10-08 01:10:31.703 | info     |           Metal |   [    11274200 ..     11274300) |                                        |        0 (profiler_analysis.cpp:700)
2026-10-08 01:10:31.703 | info     |           Metal |   [    11274300 ..     11274400) |                                        |        0 (profiler_analysis.cpp:700)
2026-10-08 01:10:31.703 | info     |           Metal |   [    11274400 ..     11274500) |                                        |        0 (profiler_analysis.cpp:700)
2026-10-08 01:10:31.703 | info     |           Metal |   [    11274500 ..     11274600) |                                        |        0 (profiler_analysis.cpp:700)
2026-10-08 01:10:31.703 | info     |           Metal |   [    11274600 ..     11274700) |                                        |        0 (profiler_analysis.cpp:700)
[run]   view=orb_19 58.0ms
[SUBCHUNK] tiles_split=85 total_subchunks=1112 max_subchunks_per_tile=3 payload_pages=42920
[SORT] stage=ONELAUNCH P=2713776 P_kept=2713776 num_tiles=1024 max_tile_n=18369 onelaunch=1.85 layout=0.10 pub_host=0.37 total=2.33ms
2026-10-08 01:10:31.761 | info     |           Metal | Device kernel duration perf summary (device=0): count=1, min=11604646ns, avg=11604646.0ns, max=11604646ns (profiler_analysis.cpp:645)
2026-10-08 01:10:31.761 | info     |           Metal | Device kernel duration perf histogram (device=0): (buckets=10, bucket_size=100ns, range=[11604600..11605600), underflow(<11604600ns)=0, overflow(>=11605600ns)=0) (profiler_analysis.cpp:682)
2026-10-08 01:10:31.761 | info     |           Metal |   [    11604600 ..     11604700) |########################################|        1 (profiler_analysis.cpp:700)
2026-10-08 01:10:31.761 | info     |           Metal |   [    11604700 ..     11604800) |                                        |        0 (profiler_analysis.cpp:700)
2026-10-08 01:10:31.761 | info     |           Metal |   [    11604800 ..     11604900) |                                        |        0 (profiler_analysis.cpp:700)
2026-10-08 01:10:31.761 | info     |           Metal |   [    11604900 ..     11605000) |                                        |        0 (profiler_analysis.cpp:700)
2026-10-08 01:10:31.761 | info     |           Metal |   [    11605000 ..     11605100) |                                        |        0 (profiler_analysis.cpp:700)
2026-10-08 01:10:31.761 | info     |           Metal |   [    11605100 ..     11605200) |                                        |        0 (profiler_analysis.cpp:700)
2026-10-08 01:10:31.761 | info     |           Metal |   [    11605200 ..     11605300) |                                        |        0 (profiler_analysis.cpp:700)
2026-10-08 01:10:31.761 | info     |           Metal |   [    11605300 ..     11605400) |                                        |        0 (profiler_analysis.cpp:700)
2026-10-08 01:10:31.761 | info     |           Metal |   [    11605400 ..     11605500) |                                        |        0 (profiler_analysis.cpp:700)
2026-10-08 01:10:31.761 | info     |           Metal |   [    11605500 ..     11605600) |                                        |        0 (profiler_analysis.cpp:700)
[run]   view=orb_20 56.4ms
[SUBCHUNK] tiles_split=82 total_subchunks=1109 max_subchunks_per_tile=3 payload_pages=42444
[SORT] stage=ONELAUNCH P=2684908 P_kept=2684908 num_tiles=1024 max_tile_n=22330 onelaunch=1.34 layout=0.10 pub_host=0.36 total=1.80ms
2026-10-08 01:10:31.818 | info     |           Metal | Device kernel duration perf summary (device=0): count=1, min=10991530ns, avg=10991530.0ns, max=10991530ns (profiler_analysis.cpp:645)
2026-10-08 01:10:31.818 | info     |           Metal | Device kernel duration perf histogram (device=0): (buckets=10, bucket_size=100ns, range=[10991500..10992500), underflow(<10991500ns)=0, overflow(>=10992500ns)=0) (profiler_analysis.cpp:682)
2026-10-08 01:10:31.818 | info     |           Metal |   [    10991500 ..     10991600) |########################################|        1 (profiler_analysis.cpp:700)
2026-10-08 01:10:31.818 | info     |           Metal |   [    10991600 ..     10991700) |                                        |        0 (profiler_analysis.cpp:700)
2026-10-08 01:10:31.818 | info     |           Metal |   [    10991700 ..     10991800) |                                        |        0 (profiler_analysis.cpp:700)
2026-10-08 01:10:31.818 | info     |           Metal |   [    10991800 ..     10991900) |                                        |        0 (profiler_analysis.cpp:700)
2026-10-08 01:10:31.818 | info     |           Metal |   [    10991900 ..     10992000) |                                        |        0 (profiler_analysis.cpp:700)
2026-10-08 01:10:31.818 | info     |           Metal |   [    10992000 ..     10992100) |                                        |        0 (profiler_analysis.cpp:700)
2026-10-08 01:10:31.818 | info     |           Metal |   [    10992100 ..     10992200) |                                        |        0 (profiler_analysis.cpp:700)
2026-10-08 01:10:31.818 | info     |           Metal |   [    10992200 ..     10992300) |                                        |        0 (profiler_analysis.cpp:700)
2026-10-08 01:10:31.818 | info     |           Metal |   [    10992300 ..     10992400) |                                        |        0 (profiler_analysis.cpp:700)
2026-10-08 01:10:31.818 | info     |           Metal |   [    10992400 ..     10992500) |                                        |        0 (profiler_analysis.cpp:700)
[run]   view=orb_21 57.5ms
[SUBCHUNK] tiles_split=84 total_subchunks=1111 max_subchunks_per_tile=3 payload_pages=41219
[SORT] stage=ONELAUNCH P=2605190 P_kept=2605190 num_tiles=1024 max_tile_n=18553 onelaunch=1.36 layout=0.11 pub_host=0.37 total=1.84ms
2026-10-08 01:10:31.876 | info     |           Metal | Device kernel duration perf summary (device=0): count=1, min=10822870ns, avg=10822870.0ns, max=10822870ns (profiler_analysis.cpp:645)
2026-10-08 01:10:31.876 | info     |           Metal | Device kernel duration perf histogram (device=0): (buckets=10, bucket_size=100ns, range=[10822800..10823800), underflow(<10822800ns)=0, overflow(>=10823800ns)=0) (profiler_analysis.cpp:682)
2026-10-08 01:10:31.876 | info     |           Metal |   [    10822800 ..     10822900) |########################################|        1 (profiler_analysis.cpp:700)
2026-10-08 01:10:31.876 | info     |           Metal |   [    10822900 ..     10823000) |                                        |        0 (profiler_analysis.cpp:700)
2026-10-08 01:10:31.876 | info     |           Metal |   [    10823000 ..     10823100) |                                        |        0 (profiler_analysis.cpp:700)
2026-10-08 01:10:31.876 | info     |           Metal |   [    10823100 ..     10823200) |                                        |        0 (profiler_analysis.cpp:700)
2026-10-08 01:10:31.876 | info     |           Metal |   [    10823200 ..     10823300) |                                        |        0 (profiler_analysis.cpp:700)
2026-10-08 01:10:31.876 | info     |           Metal |   [    10823300 ..     10823400) |                                        |        0 (profiler_analysis.cpp:700)
2026-10-08 01:10:31.876 | info     |           Metal |   [    10823400 ..     10823500) |                                        |        0 (profiler_analysis.cpp:700)
2026-10-08 01:10:31.876 | info     |           Metal |   [    10823500 ..     10823600) |                                        |        0 (profiler_analysis.cpp:700)
2026-10-08 01:10:31.876 | info     |           Metal |   [    10823600 ..     10823700) |                                        |        0 (profiler_analysis.cpp:700)
2026-10-08 01:10:31.876 | info     |           Metal |   [    10823700 ..     10823800) |                                        |        0 (profiler_analysis.cpp:700)
[run]   view=orb_22 56.6ms
[SUBCHUNK] tiles_split=79 total_subchunks=1105 max_subchunks_per_tile=3 payload_pages=39602
[SORT] stage=ONELAUNCH P=2502433 P_kept=2502433 num_tiles=1024 max_tile_n=20113 onelaunch=1.34 layout=0.11 pub_host=0.38 total=1.84ms
2026-10-08 01:10:31.931 | info     |           Metal | Device kernel duration perf summary (device=0): count=1, min=10545295ns, avg=10545295.0ns, max=10545295ns (profiler_analysis.cpp:645)
2026-10-08 01:10:31.931 | info     |           Metal | Device kernel duration perf histogram (device=0): (buckets=10, bucket_size=100ns, range=[10545200..10546200), underflow(<10545200ns)=0, overflow(>=10546200ns)=0) (profiler_analysis.cpp:682)
2026-10-08 01:10:31.931 | info     |           Metal |   [    10545200 ..     10545300) |########################################|        1 (profiler_analysis.cpp:700)
2026-10-08 01:10:31.931 | info     |           Metal |   [    10545300 ..     10545400) |                                        |        0 (profiler_analysis.cpp:700)
2026-10-08 01:10:31.931 | info     |           Metal |   [    10545400 ..     10545500) |                                        |        0 (profiler_analysis.cpp:700)
2026-10-08 01:10:31.931 | info     |           Metal |   [    10545500 ..     10545600) |                                        |        0 (profiler_analysis.cpp:700)
2026-10-08 01:10:31.931 | info     |           Metal |   [    10545600 ..     10545700) |                                        |        0 (profiler_analysis.cpp:700)
2026-10-08 01:10:31.931 | info     |           Metal |   [    10545700 ..     10545800) |                                        |        0 (profiler_analysis.cpp:700)
2026-10-08 01:10:31.931 | info     |           Metal |   [    10545800 ..     10545900) |                                        |        0 (profiler_analysis.cpp:700)
2026-10-08 01:10:31.931 | info     |           Metal |   [    10545900 ..     10546000) |                                        |        0 (profiler_analysis.cpp:700)
2026-10-08 01:10:31.931 | info     |           Metal |   [    10546000 ..     10546100) |                                        |        0 (profiler_analysis.cpp:700)
2026-10-08 01:10:31.931 | info     |           Metal |   [    10546100 ..     10546200) |                                        |        0 (profiler_analysis.cpp:700)
[run]   view=orb_23 55.2ms
[SUBCHUNK] tiles_split=74 total_subchunks=1101 max_subchunks_per_tile=3 payload_pages=36821
[SORT] stage=ONELAUNCH P=2324571 P_kept=2324571 num_tiles=1024 max_tile_n=18871 onelaunch=1.56 layout=0.10 pub_host=0.42 total=2.09ms
2026-10-08 01:10:31.987 | info     |           Metal | Device kernel duration perf summary (device=0): count=1, min=10410048ns, avg=10410048.0ns, max=10410048ns (profiler_analysis.cpp:645)
2026-10-08 01:10:31.987 | info     |           Metal | Device kernel duration perf histogram (device=0): (buckets=10, bucket_size=100ns, range=[10410000..10411000), underflow(<10410000ns)=0, overflow(>=10411000ns)=0) (profiler_analysis.cpp:682)
2026-10-08 01:10:31.987 | info     |           Metal |   [    10410000 ..     10410100) |########################################|        1 (profiler_analysis.cpp:700)
2026-10-08 01:10:31.987 | info     |           Metal |   [    10410100 ..     10410200) |                                        |        0 (profiler_analysis.cpp:700)
2026-10-08 01:10:31.987 | info     |           Metal |   [    10410200 ..     10410300) |                                        |        0 (profiler_analysis.cpp:700)
2026-10-08 01:10:31.987 | info     |           Metal |   [    10410300 ..     10410400) |                                        |        0 (profiler_analysis.cpp:700)
2026-10-08 01:10:31.987 | info     |           Metal |   [    10410400 ..     10410500) |                                        |        0 (profiler_analysis.cpp:700)
2026-10-08 01:10:31.987 | info     |           Metal |   [    10410500 ..     10410600) |                                        |        0 (profiler_analysis.cpp:700)
2026-10-08 01:10:31.987 | info     |           Metal |   [    10410600 ..     10410700) |                                        |        0 (profiler_analysis.cpp:700)
2026-10-08 01:10:31.987 | info     |           Metal |   [    10410700 ..     10410800) |                                        |        0 (profiler_analysis.cpp:700)
2026-10-08 01:10:31.987 | info     |           Metal |   [    10410800 ..     10410900) |                                        |        0 (profiler_analysis.cpp:700)
2026-10-08 01:10:31.987 | info     |           Metal |   [    10410900 ..     10411000) |                                        |        0 (profiler_analysis.cpp:700)
[run]   view=orb_24 56.4ms
[SUBCHUNK] tiles_split=67 total_subchunks=1094 max_subchunks_per_tile=3 payload_pages=34703
[SORT] stage=ONELAUNCH P=2188463 P_kept=2188463 num_tiles=1024 max_tile_n=21416 onelaunch=1.92 layout=0.10 pub_host=0.42 total=2.45ms
2026-10-08 01:10:32.044 | info     |           Metal | Device kernel duration perf summary (device=0): count=1, min=10486420ns, avg=10486420.0ns, max=10486420ns (profiler_analysis.cpp:645)
2026-10-08 01:10:32.044 | info     |           Metal | Device kernel duration perf histogram (device=0): (buckets=10, bucket_size=100ns, range=[10486400..10487400), underflow(<10486400ns)=0, overflow(>=10487400ns)=0) (profiler_analysis.cpp:682)
2026-10-08 01:10:32.044 | info     |           Metal |   [    10486400 ..     10486500) |########################################|        1 (profiler_analysis.cpp:700)
2026-10-08 01:10:32.044 | info     |           Metal |   [    10486500 ..     10486600) |                                        |        0 (profiler_analysis.cpp:700)
2026-10-08 01:10:32.044 | info     |           Metal |   [    10486600 ..     10486700) |                                        |        0 (profiler_analysis.cpp:700)
2026-10-08 01:10:32.044 | info     |           Metal |   [    10486700 ..     10486800) |                                        |        0 (profiler_analysis.cpp:700)
2026-10-08 01:10:32.044 | info     |           Metal |   [    10486800 ..     10486900) |                                        |        0 (profiler_analysis.cpp:700)
2026-10-08 01:10:32.044 | info     |           Metal |   [    10486900 ..     10487000) |                                        |        0 (profiler_analysis.cpp:700)
2026-10-08 01:10:32.044 | info     |           Metal |   [    10487000 ..     10487100) |                                        |        0 (profiler_analysis.cpp:700)
2026-10-08 01:10:32.044 | info     |           Metal |   [    10487100 ..     10487200) |                                        |        0 (profiler_analysis.cpp:700)
2026-10-08 01:10:32.044 | info     |           Metal |   [    10487200 ..     10487300) |                                        |        0 (profiler_analysis.cpp:700)
2026-10-08 01:10:32.044 | info     |           Metal |   [    10487300 ..     10487400) |                                        |        0 (profiler_analysis.cpp:700)
[run]   view=orb_25 56.6ms
[SUBCHUNK] tiles_split=65 total_subchunks=1092 max_subchunks_per_tile=3 payload_pages=33321
[SORT] stage=ONELAUNCH P=2100242 P_kept=2100242 num_tiles=1024 max_tile_n=21340 onelaunch=1.39 layout=0.11 pub_host=0.38 total=1.88ms
2026-10-08 01:10:32.104 | info     |           Metal | Device kernel duration perf summary (device=0): count=1, min=9745761ns, avg=9745761.0ns, max=9745761ns (profiler_analysis.cpp:645)
2026-10-08 01:10:32.104 | info     |           Metal | Device kernel duration perf histogram (device=0): (buckets=10, bucket_size=100ns, range=[9745700..9746700), underflow(<9745700ns)=0, overflow(>=9746700ns)=0) (profiler_analysis.cpp:682)
2026-10-08 01:10:32.104 | info     |           Metal |   [     9745700 ..      9745800) |########################################|        1 (profiler_analysis.cpp:700)
2026-10-08 01:10:32.104 | info     |           Metal |   [     9745800 ..      9745900) |                                        |        0 (profiler_analysis.cpp:700)
2026-10-08 01:10:32.104 | info     |           Metal |   [     9745900 ..      9746000) |                                        |        0 (profiler_analysis.cpp:700)
2026-10-08 01:10:32.104 | info     |           Metal |   [     9746000 ..      9746100) |                                        |        0 (profiler_analysis.cpp:700)
2026-10-08 01:10:32.104 | info     |           Metal |   [     9746100 ..      9746200) |                                        |        0 (profiler_analysis.cpp:700)
2026-10-08 01:10:32.104 | info     |           Metal |   [     9746200 ..      9746300) |                                        |        0 (profiler_analysis.cpp:700)
2026-10-08 01:10:32.104 | info     |           Metal |   [     9746300 ..      9746400) |                                        |        0 (profiler_analysis.cpp:700)
2026-10-08 01:10:32.104 | info     |           Metal |   [     9746400 ..      9746500) |                                        |        0 (profiler_analysis.cpp:700)
2026-10-08 01:10:32.104 | info     |           Metal |   [     9746500 ..      9746600) |                                        |        0 (profiler_analysis.cpp:700)
2026-10-08 01:10:32.104 | info     |           Metal |   [     9746600 ..      9746700) |                                        |        0 (profiler_analysis.cpp:700)
[run]   view=orb_26 63.0ms
[SUBCHUNK] tiles_split=65 total_subchunks=1092 max_subchunks_per_tile=3 payload_pages=32586
[SORT] stage=ONELAUNCH P=2052961 P_kept=2052961 num_tiles=1024 max_tile_n=21713 onelaunch=1.24 layout=0.11 pub_host=0.40 total=1.76ms
2026-10-08 01:10:32.163 | info     |           Metal | Device kernel duration perf summary (device=0): count=1, min=9542571ns, avg=9542571.0ns, max=9542571ns (profiler_analysis.cpp:645)
2026-10-08 01:10:32.163 | info     |           Metal | Device kernel duration perf histogram (device=0): (buckets=10, bucket_size=100ns, range=[9542500..9543500), underflow(<9542500ns)=0, overflow(>=9543500ns)=0) (profiler_analysis.cpp:682)
2026-10-08 01:10:32.163 | info     |           Metal |   [     9542500 ..      9542600) |########################################|        1 (profiler_analysis.cpp:700)
2026-10-08 01:10:32.163 | info     |           Metal |   [     9542600 ..      9542700) |                                        |        0 (profiler_analysis.cpp:700)
2026-10-08 01:10:32.163 | info     |           Metal |   [     9542700 ..      9542800) |                                        |        0 (profiler_analysis.cpp:700)
2026-10-08 01:10:32.163 | info     |           Metal |   [     9542800 ..      9542900) |                                        |        0 (profiler_analysis.cpp:700)
2026-10-08 01:10:32.163 | info     |           Metal |   [     9542900 ..      9543000) |                                        |        0 (profiler_analysis.cpp:700)
2026-10-08 01:10:32.163 | info     |           Metal |   [     9543000 ..      9543100) |                                        |        0 (profiler_analysis.cpp:700)
2026-10-08 01:10:32.163 | info     |           Metal |   [     9543100 ..      9543200) |                                        |        0 (profiler_analysis.cpp:700)
2026-10-08 01:10:32.163 | info     |           Metal |   [     9543200 ..      9543300) |                                        |        0 (profiler_analysis.cpp:700)
2026-10-08 01:10:32.163 | info     |           Metal |   [     9543300 ..      9543400) |                                        |        0 (profiler_analysis.cpp:700)
2026-10-08 01:10:32.163 | info     |           Metal |   [     9543400 ..      9543500) |                                        |        0 (profiler_analysis.cpp:700)
[run]   view=orb_27 54.8ms
[SUBCHUNK] tiles_split=60 total_subchunks=1087 max_subchunks_per_tile=3 payload_pages=32524
[SORT] stage=ONELAUNCH P=2050213 P_kept=2050213 num_tiles=1024 max_tile_n=20666 onelaunch=1.16 layout=0.10 pub_host=0.39 total=1.66ms
2026-10-08 01:10:32.218 | info     |           Metal | Device kernel duration perf summary (device=0): count=1, min=9438075ns, avg=9438075.0ns, max=9438075ns (profiler_analysis.cpp:645)
2026-10-08 01:10:32.218 | info     |           Metal | Device kernel duration perf histogram (device=0): (buckets=10, bucket_size=100ns, range=[9438000..9439000), underflow(<9438000ns)=0, overflow(>=9439000ns)=0) (profiler_analysis.cpp:682)
2026-10-08 01:10:32.218 | info     |           Metal |   [     9438000 ..      9438100) |########################################|        1 (profiler_analysis.cpp:700)
2026-10-08 01:10:32.218 | info     |           Metal |   [     9438100 ..      9438200) |                                        |        0 (profiler_analysis.cpp:700)
2026-10-08 01:10:32.218 | info     |           Metal |   [     9438200 ..      9438300) |                                        |        0 (profiler_analysis.cpp:700)
2026-10-08 01:10:32.218 | info     |           Metal |   [     9438300 ..      9438400) |                                        |        0 (profiler_analysis.cpp:700)
2026-10-08 01:10:32.218 | info     |           Metal |   [     9438400 ..      9438500) |                                        |        0 (profiler_analysis.cpp:700)
2026-10-08 01:10:32.218 | info     |           Metal |   [     9438500 ..      9438600) |                                        |        0 (profiler_analysis.cpp:700)
2026-10-08 01:10:32.218 | info     |           Metal |   [     9438600 ..      9438700) |                                        |        0 (profiler_analysis.cpp:700)
2026-10-08 01:10:32.218 | info     |           Metal |   [     9438700 ..      9438800) |                                        |        0 (profiler_analysis.cpp:700)
2026-10-08 01:10:32.218 | info     |           Metal |   [     9438800 ..      9438900) |                                        |        0 (profiler_analysis.cpp:700)
2026-10-08 01:10:32.218 | info     |           Metal |   [     9438900 ..      9439000) |                                        |        0 (profiler_analysis.cpp:700)
[run]   view=orb_28 54.5ms
SUMMARY scene=bicycle hero='hero' hero_vs_ref=nandB(8bit-vs-golden) hero_vs_cpu=nandB(float-vs-cpu) avg_frame_ms=57.0 p50_ms=56.6 min_ms=53.5 max_ms=63.2 n_views=30 warmup_s=22.6 out=/localdev/smarton/p150bench/tree392/tmp/t397-T-worker
TTW_TIMING ms_view=56.962
TTW_TIMING blend=56.962
TTW_TIMING stage_head=0.009
TTW_TIMING stage_project=2.975
TTW_TIMING stage_tile_assign=0.009
TTW_TIMING stage_sort=2.089
TTW_TIMING stage_blend_setup=0.000
TTW_TIMING stage_mat=0.000
TTW_TIMING stage_cull=0.000
TTW_TIMING stage_blend=6.194
TTW_TIMING stage_d2h=0.546
TTW_TIMING stage_assemble=0.000
TTW_TIMING stage_tail=45.029
TTW_TIMING stage_view_total=56.855
TTW_TIMING stage_pybind=0.107
STAGES n=30 head=0.009 project=2.975 tile_assign=0.009 sort=2.089 blend_setup=0.000 mat=0.000 cull=0.000 blend=6.194 d2h=0.546 assemble=0.000 tail=45.029 | sum=56.851 view_total=56.855 resid_in_view=+0.004 avg_frame_ms=56.962 resid_vs_frame=+0.111
TTW_TIMING stage_sort_pread=0.004
TTW_TIMING stage_sort_bin_count=0.000
TTW_TIMING stage_sort_bin_hist_d2h=0.000
TTW_TIMING stage_sort_bin_layout=0.106
TTW_TIMING stage_sort_upload=0.000
TTW_TIMING stage_sort_bin_emit=1.379
TTW_TIMING stage_sort_kernel=0.000
TTW_TIMING stage_sort_d2h=0.000
TTW_TIMING stage_sort_compact=0.000
TTW_TIMING stage_sort_publish_host=0.380
TTW_TIMING stage_sort_publish_wait=0.000
TTW_TIMING stage_sort_mat=0.105
TTW_TIMING stage_sort_other=0.115
SORT_STAGES n=30 pread=0.004 bin_count=0.000 bin_hist_d2h=0.000 bin_layout=0.106 upload=0.000 bin_emit=1.379 kernel=0.000 d2h=0.000 compact=0.000 publish_host=0.380 publish_wait=0.000 mat=0.105 | sum=1.973 sort=2.089 resid=+0.115
TTW_TIMING stage_project_cov3d=0.000
TTW_TIMING stage_project_pfwc_setup=0.012
TTW_TIMING stage_project_pfwc_rtargs=0.105
TTW_TIMING stage_project_pfwc_enqueue=0.104
TTW_TIMING stage_project_pfwc_finish=0.000
TTW_TIMING stage_project_gather_setup=0.003
TTW_TIMING stage_project_gather_rtargs=0.000
TTW_TIMING stage_project_gather_enqueue=0.000
TTW_TIMING stage_project_gather_wait=2.746
TTW_TIMING stage_project_gather_result=0.000
TTW_TIMING stage_project_other=0.004
PROJECT_STAGES n=30 cov3d=0.000 pfwc_setup=0.012 pfwc_rtargs=0.105 pfwc_enqueue=0.104 pfwc_finish=0.000 gather_setup=0.003 gather_rtargs=0.000 gather_enqueue=0.000 gather_wait=2.746 gather_result=0.000 | sum=2.971 project=2.975 resid=+0.004
TTW_TIMING stage_tile_assign_setup=0.007
TTW_TIMING stage_tile_assign_rtargs=0.000
TTW_TIMING stage_tile_assign_enqueue=0.000
TTW_TIMING stage_tile_assign_scan_finish=0.000
TTW_TIMING stage_tile_assign_p_d2h=0.000
TTW_TIMING stage_tile_assign_k2_finish=0.000
TTW_TIMING stage_tile_assign_publish=0.001
TTW_TIMING stage_tile_assign_other=0.001
TILE_ASSIGN_STAGES n=30 setup=0.007 rtargs=0.000 enqueue=0.000 scan_finish=0.000 p_d2h=0.000 k2_finish=0.000 publish=0.001 | sum=0.008 tile_assign=0.009 resid=+0.001

Queue delay: 35 ns
Timer resolution: 9 ns

Frames: 2
Time span: 33.26 s
Zones: 661,727
Elapsed time: 25.43 s
Saving trace... done!
Trace size 8311.62 KB (28.59% ratio)
2026-10-08 01:10:34.439 | INFO     | tracy:generate_report:154 - Host side ops time report generated at /localdev/smarton/p150bench/prof397-worker/.logs/tracy_ops_times.csv
2026-10-08 01:10:34.487 | INFO     | tracy:generate_report:165 - Host side ops data report generated at /localdev/smarton/p150bench/prof397-worker/.logs/tracy_ops_data.csv
2026-10-08 01:10:34.487 | INFO     | tracy.process_ops_logs:import_tracy_op_logs:255 - Importing ops logs
/localdev/smarton/viewer/tt-metal/tools/tracy/process_ops_logs.py:360: DtypeWarning: Columns (3) have mixed types. Specify dtype option on import or set low_memory=False.
  df = pd.read_csv(tracyOpTimesLog)
2026-10-08 01:10:36.397 | INFO     | tracy.process_ops_logs:get_device_data_generate_report:1014 - Copying runtime artifacts
2026-10-08 01:10:36.436 | INFO     | tracy.process_ops_logs:get_device_data_generate_report:1020 - Getting device only ops data
2026-10-08 01:10:40.618 | INFO     | tracy.process_device_log:core_to_device_timeseries:416 - Importing Data For Device Number : 0
2026-10-08 01:10:47.440 | INFO     | tracy.process_ops_logs:get_device_data_generate_report:1032 - Generating device op report ...
2026-10-08 01:10:47.486 | INFO     | tracy.process_ops_logs:get_device_data_generate_report:1210 - Device only OPs csv generated at: /localdev/smarton/p150bench/prof397-worker/reports/2026_10_08_01_10_36/ops_perf_results_2026_10_08_01_10_36.csv
2026-10-08 01:10:47.491 | INFO     | tracy.process_ops_logs:get_device_data_generate_report:1219 - Device only per core op to op times csv generated at: /localdev/smarton/p150bench/prof397-worker/reports/2026_10_08_01_10_36/per_core_op_to_op_times_2026_10_08_01_10_36.csv
