[capture_tracy] render_clean capture (iter-dir=t188-on views=all) -> /localdev/smarton/gstt2-t188/opt/profiler/t188-on/render.tracy
[capture_tracy] CMD: /localdev/smarton/gstt2-t188/.venv/bin/python3 -m tracy -r -p -v --dump-device-data-mid-run -o /localdev/smarton/gstt2-t188/opt/profiler/wrap_out_t188-on /localdev/smarton/gstt2-t188/opt/profiler/_capture_inner.sh
2026-10-05 01:12:06.388 | INFO     | __main__:main:175 - Setting profiler artifacts folder to /localdev/smarton/gstt2-t188/opt/profiler/wrap_out_t188-on
2026-10-05 01:12:06.389 | INFO     | __main__:main:336 - Using port 8086
2026-10-05 01:12:06.389 | INFO     | tracy:run_report_setup:88 - Verifying tracy profiling tools
2026-10-05 01:12:06.392 | INFO     | tracy:run_report_setup:108 - Capture command: ('/localdev/smarton/tt-metal/build/tools/profiler/bin/capture-release -o /localdev/smarton/gstt2-t188/opt/profiler/wrap_out_t188-on/.logs/tracy_profile_log_host.tracy -f -p 8086',)
Connecting to 127.0.0.1:8086...2026-10-05 01:12:06.397 | INFO     | __main__:main:400 - Test process started
2026-10-05 01:12:06.994 | INFO     | __main__:main:175 - Setting profiler artifacts folder to /localdev/smarton/gstt2-t188/opt/profiler/wrap_out_t188-on
[capture-inner] python3 render/run.py --no-ref --iter-dir t188-on  (MID_RUN_DUMP=1 DEVICE_PROFILER=1 GSPLAT_TT_PROFILE=1 TRACY_PORT=8086)
[run] warmup (hero='hero', 1024x1024, scene=bicycle)
2026-10-05 01:12:09.211 | info     |             UMD | Creating TopologyDiscovery for architecture: blackhole (topology_discovery.cpp:75)
2026-10-05 01:12:09.211 | info     |             UMD | Starting topology discovery. (topology_discovery.cpp:92)
2026-10-05 01:12:09.214 | warning  |             UMD | Low power mode is disabled while UMD holds open file descriptors. The device will return to low power mode once all file descriptors are closed. (topology_discovery.cpp:140)
2026-10-05 01:12:09.214 | info     |             UMD | Established firmware bundle version: 19.12.0 (topology_discovery.cpp:544)
2026-10-05 01:12:09.214 | info     |             UMD | Firmware bundle version 19.12.0 on the system is newer than the latest fully tested version 19.5.0 for blackhole architecture. Newest features may not be supported. (topology_discovery.cpp:570)
2026-10-05 01:12:09.214 | info     |             UMD | Completed topology discovery. (topology_discovery.cpp:96)
2026-10-05 01:12:09.215 | info     |          Device | Opening user mode device driver (tt_cluster.cpp:225)
2026-10-05 01:12:09.215 | info     |             UMD | Cluster constructor started. (cluster.cpp:317)
2026-10-05 01:12:09.215 | info     |             UMD | Creating TopologyDiscovery for architecture: blackhole (topology_discovery.cpp:75)
2026-10-05 01:12:09.215 | info     |             UMD | Starting topology discovery. (topology_discovery.cpp:92)
2026-10-05 01:12:09.219 | warning  |             UMD | Low power mode is disabled while UMD holds open file descriptors. The device will return to low power mode once all file descriptors are closed. (topology_discovery.cpp:140)
2026-10-05 01:12:09.219 | info     |             UMD | Established firmware bundle version: 19.12.0 (topology_discovery.cpp:544)
2026-10-05 01:12:09.219 | info     |             UMD | Firmware bundle version 19.12.0 on the system is newer than the latest fully tested version 19.5.0 for blackhole architecture. Newest features may not be supported. (topology_discovery.cpp:570)
2026-10-05 01:12:09.219 | info     |             UMD | Completed topology discovery. (topology_discovery.cpp:96)
2026-10-05 01:12:09.219 | info     |             UMD | Harvesting masks for Chip 0: Tensix: 0xc0 DRAM: 0x8 ETH: 0x3fff PCIe: 0x2 L2CPU: 0x0 (cluster.cpp:262)
2026-10-05 01:12:09.222 | info     |             UMD | Initializing iommu for sysmem (size: 0x40000000). (silicon_sysmem_manager.cpp:334)
2026-10-05 01:12:09.222 | info     |             UMD | Allocating sysmem for IOMMU (size: 0x40000000). (silicon_sysmem_manager.cpp:340)
2026-10-05 01:12:09.261 | info     |             UMD | Opening local chip ids/PCIe ids: {0}/[0] and remote chip ids {} (cluster.cpp:153)
2026-10-05 01:12:09.261 | info     |             UMD | IOMMU: enabled (cluster.cpp:133)
2026-10-05 01:12:09.261 | info     |             UMD | KMD version: 2.9.0 (cluster.cpp:136)
2026-10-05 01:12:09.261 | info     |             UMD | Cluster constructor completed. (cluster.cpp:409)
2026-10-05 01:12:09.262 | info     |             UMD | Starting devices in cluster (cluster.cpp:1044)
2026-10-05 01:12:09.263 | info     |             UMD | Mapped sysmem without hugepages to IOVA 0xffffffffc0000000; NOC address 0x1000000000000000 (silicon_sysmem_manager.cpp:391)
2026-10-05 01:12:09.263 | info     |             UMD | Starting devices in cluster completed. (cluster.cpp:1052)
2026-10-05 01:12:09.755 | info     |     Distributed | Using auto discovery to generate mesh graph. (metal_env.cpp:332)
2026-10-05 01:12:09.755 | info     |     Distributed | Constructing control plane using auto-discovery (no mesh graph descriptor). (metal_env.cpp:394)
2026-10-05 01:12:09.755 | info     |             UMD | Creating TopologyDiscovery for architecture: blackhole (topology_discovery.cpp:75)
2026-10-05 01:12:09.755 | info     |             UMD | Starting topology discovery. (topology_discovery.cpp:92)
2026-10-05 01:12:09.755 | warning  |             UMD | Low power mode is disabled while UMD holds open file descriptors. The device will return to low power mode once all file descriptors are closed. (topology_discovery.cpp:140)
2026-10-05 01:12:09.756 | info     |             UMD | Established firmware bundle version: 19.12.0 (topology_discovery.cpp:544)
2026-10-05 01:12:09.756 | info     |             UMD | Firmware bundle version 19.12.0 on the system is newer than the latest fully tested version 19.5.0 for blackhole architecture. Newest features may not be supported. (topology_discovery.cpp:570)
2026-10-05 01:12:09.756 | info     |             UMD | Completed topology discovery. (topology_discovery.cpp:96)
2026-10-05 01:12:09.757 | warning  |          Always | Unknown motherboard 'X670E GAMING PLUS WIFI (MS-7E16)' for chip_id=0 (bus_id=0x1) — defaulting tray_id to 0. Add this motherboard and its bus IDs to mobo_to_bus_ids in physical_system_discovery.cpp. (physical_system_discovery.cpp:56)
2026-10-05 01:12:09.758 | info     |          Fabric | TopologyMapper: Logical Multi-Mesh Adjacency Map: (topology_mapper.cpp:1474)
2026-10-05 01:12:09.758 | info     |          Fabric |
=== Logical Mesh-Level Graph Adjacency Map ===
Total nodes: 1
Degree histogram: {0:1}
 (topology_solver.tpp:94)
2026-10-05 01:12:09.758 | info     |          Fabric |
=== Logical Mesh 0 Internal Graph Adjacency Map ===
Total nodes: 1
Degree histogram: {0:1}
 (topology_solver.tpp:94)
2026-10-05 01:12:09.758 | info     |          Fabric | TopologyMapper: Physical Multi-Mesh Adjacency Map: (topology_mapper.cpp:1485)
2026-10-05 01:12:09.758 | info     |          Fabric |
=== Physical Mesh-Level Graph Adjacency Map ===
Total nodes: 1
Degree histogram: {0:1}
 (topology_solver.tpp:94)
2026-10-05 01:12:09.758 | info     |          Fabric |
=== Physical Mesh 0 Internal Graph Adjacency Map ===
Total nodes: 1
Degree histogram: {0:1}
 (topology_solver.tpp:94)
2026-10-05 01:12:09.758 | info     |          Fabric | Starting multi-mesh mapping: 1 logical mesh(es) to 1 physical mesh(es) (topology_mapper_utils.cpp:1465)
2026-10-05 01:12:09.758 | info     |          Fabric | Multi-mesh mapping attempt 1/2: Trying inter-mesh mapping (topology_mapper_utils.cpp:1506)
2026-10-05 01:12:09.758 | info     |          Fabric | Attempt 1: Inter-mesh mapping succeeded, found 1 mesh pair(s) (topology_mapper_utils.cpp:1535)
2026-10-05 01:12:09.758 | info     |          Fabric | Attempt 1: Mapping 1 mesh pair(s) (topology_mapper_utils.cpp:1547)
2026-10-05 01:12:09.758 | info     |          Fabric | Attempt 1: Mapping mesh 0 -> 0 (topology_mapper_utils.cpp:1549)
2026-10-05 01:12:09.758 | info     |          Fabric | Multi-mesh mapping succeeded after 1 attempt(s): 1 mesh pair(s) mapped (topology_mapper_utils.cpp:1682)
2026-10-05 01:12:35.377 | info     |           Metal | Profiler started on device 0 (profiler_initializer.cpp:49)
2026-10-05 01:12:37.977 | info     |           Metal | ShmResourceTracker: removed stale shm '/tt_d2h_1612406_1295766317_0' (shm_resource_tracker.cpp:265)
2026-10-05 01:12:37.977 | info     |           Metal | ShmResourceTracker: removed stale manifest '/dev/shm/tt_socket_manifest_1612406' (shm_resource_tracker.cpp:275)
2026-10-05 01:12:39.037 | info     |           Metal | [Real-time profiler] Device 0 sync complete: 100 samples, frequency=1.349970 GHz, device_time_at_sync=33485064531001 cycles (realtime_profiler_manager.cpp:1075)
[JIT_WARMUP] ideal-path contexts compiled in 29843.2 ms
[TA] K2 fold=1 (enabled 1 dual 1 screen tiles 1024 speed split 1)
[SORT] ONELAUNCH v2 OL_PB=8 OL_RING=8 OL_WIN_PAGES=1024 OL_MAT_SELECT=0 cb_bytes/mover=504896 shared=22400
[SORT] ONELAUNCH k2_fold=1 why=0 (K2 rows published: cores 110/110 row_pages 64/64 tiles 1024/1024 P 2895701/2895701 speed_split 1)
[SUBCHUNK] tiles_split=86 total_subchunks=1113 max_subchunks_per_tile=3 payload_pages=45763
[SORT] stage=ONELAUNCH P=2895701 P_kept=2895701 num_tiles=1024 max_tile_n=22980 onelaunch=871.16 layout=0.07 pub_host=0.17 total=871.78ms
2026-10-05 01:12:50.982 | info     |           Metal | Device kernel duration perf summary (device=0): count=1, min=6366077237ns, avg=6366077237.0ns, max=6366077237ns (profiler_analysis.cpp:645)
2026-10-05 01:12:50.982 | info     |           Metal | Device kernel duration perf histogram (device=0): (buckets=10, bucket_size=100ns, range=[6366077200..6366078200), underflow(<6366077200ns)=0, overflow(>=6366078200ns)=0) (profiler_analysis.cpp:682)
2026-10-05 01:12:50.982 | info     |           Metal |   [  6366077200 ..   6366077300) |########################################|        1 (profiler_analysis.cpp:700)
2026-10-05 01:12:50.982 | info     |           Metal |   [  6366077300 ..   6366077400) |                                        |        0 (profiler_analysis.cpp:700)
2026-10-05 01:12:50.982 | info     |           Metal |   [  6366077400 ..   6366077500) |                                        |        0 (profiler_analysis.cpp:700)
2026-10-05 01:12:50.982 | info     |           Metal |   [  6366077500 ..   6366077600) |                                        |        0 (profiler_analysis.cpp:700)
2026-10-05 01:12:50.982 | info     |           Metal |   [  6366077600 ..   6366077700) |                                        |        0 (profiler_analysis.cpp:700)
2026-10-05 01:12:50.982 | info     |           Metal |   [  6366077700 ..   6366077800) |                                        |        0 (profiler_analysis.cpp:700)
2026-10-05 01:12:50.982 | info     |           Metal |   [  6366077800 ..   6366077900) |                                        |        0 (profiler_analysis.cpp:700)
2026-10-05 01:12:50.982 | info     |           Metal |   [  6366077900 ..   6366078000) |                                        |        0 (profiler_analysis.cpp:700)
2026-10-05 01:12:50.982 | info     |           Metal |   [  6366078000 ..   6366078100) |                                        |        0 (profiler_analysis.cpp:700)
2026-10-05 01:12:50.982 | info     |           Metal |   [  6366078100 ..   6366078200) |                                        |        0 (profiler_analysis.cpp:700)
[run] timing 30 views (warmup excluded)
[SUBCHUNK] tiles_split=86 total_subchunks=1113 max_subchunks_per_tile=3 payload_pages=45763
[SORT] stage=ONELAUNCH P=2895701 P_kept=2895701 num_tiles=1024 max_tile_n=22980 onelaunch=4.15 layout=0.05 pub_host=0.16 total=4.43ms
2026-10-05 01:12:51.020 | info     |           Metal | Device kernel duration perf summary (device=0): count=1, min=20002533ns, avg=20002533.0ns, max=20002533ns (profiler_analysis.cpp:645)
2026-10-05 01:12:51.020 | info     |           Metal | Device kernel duration perf histogram (device=0): (buckets=10, bucket_size=100ns, range=[20002500..20003500), underflow(<20002500ns)=0, overflow(>=20003500ns)=0) (profiler_analysis.cpp:682)
2026-10-05 01:12:51.020 | info     |           Metal |   [    20002500 ..     20002600) |########################################|        1 (profiler_analysis.cpp:700)
2026-10-05 01:12:51.020 | info     |           Metal |   [    20002600 ..     20002700) |                                        |        0 (profiler_analysis.cpp:700)
2026-10-05 01:12:51.020 | info     |           Metal |   [    20002700 ..     20002800) |                                        |        0 (profiler_analysis.cpp:700)
2026-10-05 01:12:51.020 | info     |           Metal |   [    20002800 ..     20002900) |                                        |        0 (profiler_analysis.cpp:700)
2026-10-05 01:12:51.020 | info     |           Metal |   [    20002900 ..     20003000) |                                        |        0 (profiler_analysis.cpp:700)
2026-10-05 01:12:51.020 | info     |           Metal |   [    20003000 ..     20003100) |                                        |        0 (profiler_analysis.cpp:700)
2026-10-05 01:12:51.020 | info     |           Metal |   [    20003100 ..     20003200) |                                        |        0 (profiler_analysis.cpp:700)
2026-10-05 01:12:51.020 | info     |           Metal |   [    20003200 ..     20003300) |                                        |        0 (profiler_analysis.cpp:700)
2026-10-05 01:12:51.020 | info     |           Metal |   [    20003300 ..     20003400) |                                        |        0 (profiler_analysis.cpp:700)
2026-10-05 01:12:51.020 | info     |           Metal |   [    20003400 ..     20003500) |                                        |        0 (profiler_analysis.cpp:700)
[run]   view=hero 34.7ms
[SUBCHUNK] tiles_split=64 total_subchunks=1090 max_subchunks_per_tile=3 payload_pages=33180
[SORT] stage=ONELAUNCH P=2090634 P_kept=2090634 num_tiles=1024 max_tile_n=19171 onelaunch=2.72 layout=0.05 pub_host=0.15 total=2.96ms
2026-10-05 01:12:51.050 | info     |           Metal | Device kernel duration perf summary (device=0): count=1, min=14343142ns, avg=14343142.0ns, max=14343142ns (profiler_analysis.cpp:645)
2026-10-05 01:12:51.050 | info     |           Metal | Device kernel duration perf histogram (device=0): (buckets=10, bucket_size=100ns, range=[14343100..14344100), underflow(<14343100ns)=0, overflow(>=14344100ns)=0) (profiler_analysis.cpp:682)
2026-10-05 01:12:51.050 | info     |           Metal |   [    14343100 ..     14343200) |########################################|        1 (profiler_analysis.cpp:700)
2026-10-05 01:12:51.050 | info     |           Metal |   [    14343200 ..     14343300) |                                        |        0 (profiler_analysis.cpp:700)
2026-10-05 01:12:51.050 | info     |           Metal |   [    14343300 ..     14343400) |                                        |        0 (profiler_analysis.cpp:700)
2026-10-05 01:12:51.050 | info     |           Metal |   [    14343400 ..     14343500) |                                        |        0 (profiler_analysis.cpp:700)
2026-10-05 01:12:51.050 | info     |           Metal |   [    14343500 ..     14343600) |                                        |        0 (profiler_analysis.cpp:700)
2026-10-05 01:12:51.050 | info     |           Metal |   [    14343600 ..     14343700) |                                        |        0 (profiler_analysis.cpp:700)
2026-10-05 01:12:51.050 | info     |           Metal |   [    14343700 ..     14343800) |                                        |        0 (profiler_analysis.cpp:700)
2026-10-05 01:12:51.050 | info     |           Metal |   [    14343800 ..     14343900) |                                        |        0 (profiler_analysis.cpp:700)
2026-10-05 01:12:51.050 | info     |           Metal |   [    14343900 ..     14344000) |                                        |        0 (profiler_analysis.cpp:700)
2026-10-05 01:12:51.050 | info     |           Metal |   [    14344000 ..     14344100) |                                        |        0 (profiler_analysis.cpp:700)
[run]   view=orb_00 29.3ms
[SUBCHUNK] tiles_split=63 total_subchunks=1090 max_subchunks_per_tile=3 payload_pages=34332
[SORT] stage=ONELAUNCH P=2164209 P_kept=2164209 num_tiles=1024 max_tile_n=18956 onelaunch=2.81 layout=0.05 pub_host=0.15 total=3.06ms
2026-10-05 01:12:51.080 | info     |           Metal | Device kernel duration perf summary (device=0): count=1, min=15298668ns, avg=15298668.0ns, max=15298668ns (profiler_analysis.cpp:645)
2026-10-05 01:12:51.080 | info     |           Metal | Device kernel duration perf histogram (device=0): (buckets=10, bucket_size=100ns, range=[15298600..15299600), underflow(<15298600ns)=0, overflow(>=15299600ns)=0) (profiler_analysis.cpp:682)
2026-10-05 01:12:51.080 | info     |           Metal |   [    15298600 ..     15298700) |########################################|        1 (profiler_analysis.cpp:700)
2026-10-05 01:12:51.080 | info     |           Metal |   [    15298700 ..     15298800) |                                        |        0 (profiler_analysis.cpp:700)
2026-10-05 01:12:51.080 | info     |           Metal |   [    15298800 ..     15298900) |                                        |        0 (profiler_analysis.cpp:700)
2026-10-05 01:12:51.080 | info     |           Metal |   [    15298900 ..     15299000) |                                        |        0 (profiler_analysis.cpp:700)
2026-10-05 01:12:51.080 | info     |           Metal |   [    15299000 ..     15299100) |                                        |        0 (profiler_analysis.cpp:700)
2026-10-05 01:12:51.080 | info     |           Metal |   [    15299100 ..     15299200) |                                        |        0 (profiler_analysis.cpp:700)
2026-10-05 01:12:51.080 | info     |           Metal |   [    15299200 ..     15299300) |                                        |        0 (profiler_analysis.cpp:700)
2026-10-05 01:12:51.080 | info     |           Metal |   [    15299300 ..     15299400) |                                        |        0 (profiler_analysis.cpp:700)
2026-10-05 01:12:51.080 | info     |           Metal |   [    15299400 ..     15299500) |                                        |        0 (profiler_analysis.cpp:700)
2026-10-05 01:12:51.080 | info     |           Metal |   [    15299500 ..     15299600) |                                        |        0 (profiler_analysis.cpp:700)
[run]   view=orb_01 29.9ms
[SUBCHUNK] tiles_split=66 total_subchunks=1093 max_subchunks_per_tile=3 payload_pages=35758
[SORT] stage=ONELAUNCH P=2255879 P_kept=2255879 num_tiles=1024 max_tile_n=18906 onelaunch=3.19 layout=0.05 pub_host=0.16 total=3.44ms
2026-10-05 01:12:51.110 | info     |           Metal | Device kernel duration perf summary (device=0): count=1, min=15286273ns, avg=15286273.0ns, max=15286273ns (profiler_analysis.cpp:645)
2026-10-05 01:12:51.110 | info     |           Metal | Device kernel duration perf histogram (device=0): (buckets=10, bucket_size=100ns, range=[15286200..15287200), underflow(<15286200ns)=0, overflow(>=15287200ns)=0) (profiler_analysis.cpp:682)
2026-10-05 01:12:51.110 | info     |           Metal |   [    15286200 ..     15286300) |########################################|        1 (profiler_analysis.cpp:700)
2026-10-05 01:12:51.110 | info     |           Metal |   [    15286300 ..     15286400) |                                        |        0 (profiler_analysis.cpp:700)
2026-10-05 01:12:51.110 | info     |           Metal |   [    15286400 ..     15286500) |                                        |        0 (profiler_analysis.cpp:700)
2026-10-05 01:12:51.110 | info     |           Metal |   [    15286500 ..     15286600) |                                        |        0 (profiler_analysis.cpp:700)
2026-10-05 01:12:51.110 | info     |           Metal |   [    15286600 ..     15286700) |                                        |        0 (profiler_analysis.cpp:700)
2026-10-05 01:12:51.110 | info     |           Metal |   [    15286700 ..     15286800) |                                        |        0 (profiler_analysis.cpp:700)
2026-10-05 01:12:51.110 | info     |           Metal |   [    15286800 ..     15286900) |                                        |        0 (profiler_analysis.cpp:700)
2026-10-05 01:12:51.110 | info     |           Metal |   [    15286900 ..     15287000) |                                        |        0 (profiler_analysis.cpp:700)
2026-10-05 01:12:51.110 | info     |           Metal |   [    15287000 ..     15287100) |                                        |        0 (profiler_analysis.cpp:700)
2026-10-05 01:12:51.110 | info     |           Metal |   [    15287100 ..     15287200) |                                        |        0 (profiler_analysis.cpp:700)
[run]   view=orb_02 29.8ms
[SUBCHUNK] tiles_split=62 total_subchunks=1090 max_subchunks_per_tile=3 payload_pages=37614
[SORT] stage=ONELAUNCH P=2374669 P_kept=2374669 num_tiles=1024 max_tile_n=17834 onelaunch=3.12 layout=0.05 pub_host=0.16 total=3.36ms
2026-10-05 01:12:51.142 | info     |           Metal | Device kernel duration perf summary (device=0): count=1, min=17093464ns, avg=17093464.0ns, max=17093464ns (profiler_analysis.cpp:645)
2026-10-05 01:12:51.142 | info     |           Metal | Device kernel duration perf histogram (device=0): (buckets=10, bucket_size=100ns, range=[17093400..17094400), underflow(<17093400ns)=0, overflow(>=17094400ns)=0) (profiler_analysis.cpp:682)
2026-10-05 01:12:51.142 | info     |           Metal |   [    17093400 ..     17093500) |########################################|        1 (profiler_analysis.cpp:700)
2026-10-05 01:12:51.142 | info     |           Metal |   [    17093500 ..     17093600) |                                        |        0 (profiler_analysis.cpp:700)
2026-10-05 01:12:51.142 | info     |           Metal |   [    17093600 ..     17093700) |                                        |        0 (profiler_analysis.cpp:700)
2026-10-05 01:12:51.142 | info     |           Metal |   [    17093700 ..     17093800) |                                        |        0 (profiler_analysis.cpp:700)
2026-10-05 01:12:51.142 | info     |           Metal |   [    17093800 ..     17093900) |                                        |        0 (profiler_analysis.cpp:700)
2026-10-05 01:12:51.142 | info     |           Metal |   [    17093900 ..     17094000) |                                        |        0 (profiler_analysis.cpp:700)
2026-10-05 01:12:51.142 | info     |           Metal |   [    17094000 ..     17094100) |                                        |        0 (profiler_analysis.cpp:700)
2026-10-05 01:12:51.142 | info     |           Metal |   [    17094100 ..     17094200) |                                        |        0 (profiler_analysis.cpp:700)
2026-10-05 01:12:51.142 | info     |           Metal |   [    17094200 ..     17094300) |                                        |        0 (profiler_analysis.cpp:700)
2026-10-05 01:12:51.142 | info     |           Metal |   [    17094300 ..     17094400) |                                        |        0 (profiler_analysis.cpp:700)
[run]   view=orb_03 31.6ms
[SUBCHUNK] tiles_split=68 total_subchunks=1096 max_subchunks_per_tile=3 payload_pages=39943
[SORT] stage=ONELAUNCH P=2523453 P_kept=2523453 num_tiles=1024 max_tile_n=20034 onelaunch=3.34 layout=0.04 pub_host=0.16 total=3.58ms
2026-10-05 01:12:51.172 | info     |           Metal | Device kernel duration perf summary (device=0): count=1, min=16013640ns, avg=16013640.0ns, max=16013640ns (profiler_analysis.cpp:645)
2026-10-05 01:12:51.172 | info     |           Metal | Device kernel duration perf histogram (device=0): (buckets=10, bucket_size=100ns, range=[16013600..16014600), underflow(<16013600ns)=0, overflow(>=16014600ns)=0) (profiler_analysis.cpp:682)
2026-10-05 01:12:51.172 | info     |           Metal |   [    16013600 ..     16013700) |########################################|        1 (profiler_analysis.cpp:700)
2026-10-05 01:12:51.172 | info     |           Metal |   [    16013700 ..     16013800) |                                        |        0 (profiler_analysis.cpp:700)
2026-10-05 01:12:51.172 | info     |           Metal |   [    16013800 ..     16013900) |                                        |        0 (profiler_analysis.cpp:700)
2026-10-05 01:12:51.172 | info     |           Metal |   [    16013900 ..     16014000) |                                        |        0 (profiler_analysis.cpp:700)
2026-10-05 01:12:51.172 | info     |           Metal |   [    16014000 ..     16014100) |                                        |        0 (profiler_analysis.cpp:700)
2026-10-05 01:12:51.172 | info     |           Metal |   [    16014100 ..     16014200) |                                        |        0 (profiler_analysis.cpp:700)
2026-10-05 01:12:51.172 | info     |           Metal |   [    16014200 ..     16014300) |                                        |        0 (profiler_analysis.cpp:700)
2026-10-05 01:12:51.172 | info     |           Metal |   [    16014300 ..     16014400) |                                        |        0 (profiler_analysis.cpp:700)
2026-10-05 01:12:51.172 | info     |           Metal |   [    16014400 ..     16014500) |                                        |        0 (profiler_analysis.cpp:700)
2026-10-05 01:12:51.172 | info     |           Metal |   [    16014500 ..     16014600) |                                        |        0 (profiler_analysis.cpp:700)
[run]   view=orb_04 30.3ms
[SUBCHUNK] tiles_split=70 total_subchunks=1097 max_subchunks_per_tile=3 payload_pages=43041
[SORT] stage=ONELAUNCH P=2722737 P_kept=2722737 num_tiles=1024 max_tile_n=22369 onelaunch=3.36 layout=0.05 pub_host=0.15 total=3.59ms
2026-10-05 01:12:51.203 | info     |           Metal | Device kernel duration perf summary (device=0): count=1, min=16786621ns, avg=16786621.0ns, max=16786621ns (profiler_analysis.cpp:645)
2026-10-05 01:12:51.203 | info     |           Metal | Device kernel duration perf histogram (device=0): (buckets=10, bucket_size=100ns, range=[16786600..16787600), underflow(<16786600ns)=0, overflow(>=16787600ns)=0) (profiler_analysis.cpp:682)
2026-10-05 01:12:51.203 | info     |           Metal |   [    16786600 ..     16786700) |########################################|        1 (profiler_analysis.cpp:700)
2026-10-05 01:12:51.203 | info     |           Metal |   [    16786700 ..     16786800) |                                        |        0 (profiler_analysis.cpp:700)
2026-10-05 01:12:51.203 | info     |           Metal |   [    16786800 ..     16786900) |                                        |        0 (profiler_analysis.cpp:700)
2026-10-05 01:12:51.203 | info     |           Metal |   [    16786900 ..     16787000) |                                        |        0 (profiler_analysis.cpp:700)
2026-10-05 01:12:51.203 | info     |           Metal |   [    16787000 ..     16787100) |                                        |        0 (profiler_analysis.cpp:700)
2026-10-05 01:12:51.203 | info     |           Metal |   [    16787100 ..     16787200) |                                        |        0 (profiler_analysis.cpp:700)
2026-10-05 01:12:51.203 | info     |           Metal |   [    16787200 ..     16787300) |                                        |        0 (profiler_analysis.cpp:700)
2026-10-05 01:12:51.203 | info     |           Metal |   [    16787300 ..     16787400) |                                        |        0 (profiler_analysis.cpp:700)
2026-10-05 01:12:51.203 | info     |           Metal |   [    16787400 ..     16787500) |                                        |        0 (profiler_analysis.cpp:700)
2026-10-05 01:12:51.203 | info     |           Metal |   [    16787500 ..     16787600) |                                        |        0 (profiler_analysis.cpp:700)
[run]   view=orb_05 31.0ms
[SUBCHUNK] tiles_split=76 total_subchunks=1105 max_subchunks_per_tile=3 payload_pages=45751
[SORT] stage=ONELAUNCH P=2895974 P_kept=2895974 num_tiles=1024 max_tile_n=21267 onelaunch=3.65 layout=0.05 pub_host=0.15 total=3.88ms
2026-10-05 01:12:51.236 | info     |           Metal | Device kernel duration perf summary (device=0): count=1, min=17620010ns, avg=17620010.0ns, max=17620010ns (profiler_analysis.cpp:645)
2026-10-05 01:12:51.236 | info     |           Metal | Device kernel duration perf histogram (device=0): (buckets=10, bucket_size=100ns, range=[17620000..17621000), underflow(<17620000ns)=0, overflow(>=17621000ns)=0) (profiler_analysis.cpp:682)
2026-10-05 01:12:51.236 | info     |           Metal |   [    17620000 ..     17620100) |########################################|        1 (profiler_analysis.cpp:700)
2026-10-05 01:12:51.236 | info     |           Metal |   [    17620100 ..     17620200) |                                        |        0 (profiler_analysis.cpp:700)
2026-10-05 01:12:51.236 | info     |           Metal |   [    17620200 ..     17620300) |                                        |        0 (profiler_analysis.cpp:700)
2026-10-05 01:12:51.236 | info     |           Metal |   [    17620300 ..     17620400) |                                        |        0 (profiler_analysis.cpp:700)
2026-10-05 01:12:51.236 | info     |           Metal |   [    17620400 ..     17620500) |                                        |        0 (profiler_analysis.cpp:700)
2026-10-05 01:12:51.236 | info     |           Metal |   [    17620500 ..     17620600) |                                        |        0 (profiler_analysis.cpp:700)
2026-10-05 01:12:51.236 | info     |           Metal |   [    17620600 ..     17620700) |                                        |        0 (profiler_analysis.cpp:700)
2026-10-05 01:12:51.236 | info     |           Metal |   [    17620700 ..     17620800) |                                        |        0 (profiler_analysis.cpp:700)
2026-10-05 01:12:51.236 | info     |           Metal |   [    17620800 ..     17620900) |                                        |        0 (profiler_analysis.cpp:700)
2026-10-05 01:12:51.236 | info     |           Metal |   [    17620900 ..     17621000) |                                        |        0 (profiler_analysis.cpp:700)
[run]   view=orb_06 32.1ms
[SUBCHUNK] tiles_split=80 total_subchunks=1108 max_subchunks_per_tile=3 payload_pages=48610
[SORT] stage=ONELAUNCH P=3079201 P_kept=3079201 num_tiles=1024 max_tile_n=21034 onelaunch=4.17 layout=0.05 pub_host=0.16 total=4.42ms
2026-10-05 01:12:51.269 | info     |           Metal | Device kernel duration perf summary (device=0): count=1, min=18539973ns, avg=18539973.0ns, max=18539973ns (profiler_analysis.cpp:645)
2026-10-05 01:12:51.269 | info     |           Metal | Device kernel duration perf histogram (device=0): (buckets=10, bucket_size=100ns, range=[18539900..18540900), underflow(<18539900ns)=0, overflow(>=18540900ns)=0) (profiler_analysis.cpp:682)
2026-10-05 01:12:51.269 | info     |           Metal |   [    18539900 ..     18540000) |########################################|        1 (profiler_analysis.cpp:700)
2026-10-05 01:12:51.269 | info     |           Metal |   [    18540000 ..     18540100) |                                        |        0 (profiler_analysis.cpp:700)
2026-10-05 01:12:51.269 | info     |           Metal |   [    18540100 ..     18540200) |                                        |        0 (profiler_analysis.cpp:700)
2026-10-05 01:12:51.269 | info     |           Metal |   [    18540200 ..     18540300) |                                        |        0 (profiler_analysis.cpp:700)
2026-10-05 01:12:51.269 | info     |           Metal |   [    18540300 ..     18540400) |                                        |        0 (profiler_analysis.cpp:700)
2026-10-05 01:12:51.269 | info     |           Metal |   [    18540400 ..     18540500) |                                        |        0 (profiler_analysis.cpp:700)
2026-10-05 01:12:51.269 | info     |           Metal |   [    18540500 ..     18540600) |                                        |        0 (profiler_analysis.cpp:700)
2026-10-05 01:12:51.269 | info     |           Metal |   [    18540600 ..     18540700) |                                        |        0 (profiler_analysis.cpp:700)
2026-10-05 01:12:51.269 | info     |           Metal |   [    18540700 ..     18540800) |                                        |        0 (profiler_analysis.cpp:700)
2026-10-05 01:12:51.269 | info     |           Metal |   [    18540800 ..     18540900) |                                        |        0 (profiler_analysis.cpp:700)
[run]   view=orb_07 33.4ms
[SUBCHUNK] tiles_split=85 total_subchunks=1114 max_subchunks_per_tile=3 payload_pages=49704
[SORT] stage=ONELAUNCH P=3150113 P_kept=3150113 num_tiles=1024 max_tile_n=19050 onelaunch=4.21 layout=0.05 pub_host=0.16 total=4.47ms
2026-10-05 01:12:51.312 | info     |           Metal | Device kernel duration perf summary (device=0): count=1, min=21220746ns, avg=21220746.0ns, max=21220746ns (profiler_analysis.cpp:645)
2026-10-05 01:12:51.312 | info     |           Metal | Device kernel duration perf histogram (device=0): (buckets=10, bucket_size=100ns, range=[21220700..21221700), underflow(<21220700ns)=0, overflow(>=21221700ns)=0) (profiler_analysis.cpp:682)
2026-10-05 01:12:51.312 | info     |           Metal |   [    21220700 ..     21220800) |########################################|        1 (profiler_analysis.cpp:700)
2026-10-05 01:12:51.312 | info     |           Metal |   [    21220800 ..     21220900) |                                        |        0 (profiler_analysis.cpp:700)
2026-10-05 01:12:51.312 | info     |           Metal |   [    21220900 ..     21221000) |                                        |        0 (profiler_analysis.cpp:700)
2026-10-05 01:12:51.312 | info     |           Metal |   [    21221000 ..     21221100) |                                        |        0 (profiler_analysis.cpp:700)
2026-10-05 01:12:51.312 | info     |           Metal |   [    21221100 ..     21221200) |                                        |        0 (profiler_analysis.cpp:700)
2026-10-05 01:12:51.312 | info     |           Metal |   [    21221200 ..     21221300) |                                        |        0 (profiler_analysis.cpp:700)
2026-10-05 01:12:51.312 | info     |           Metal |   [    21221300 ..     21221400) |                                        |        0 (profiler_analysis.cpp:700)
2026-10-05 01:12:51.312 | info     |           Metal |   [    21221400 ..     21221500) |                                        |        0 (profiler_analysis.cpp:700)
2026-10-05 01:12:51.312 | info     |           Metal |   [    21221500 ..     21221600) |                                        |        0 (profiler_analysis.cpp:700)
2026-10-05 01:12:51.312 | info     |           Metal |   [    21221600 ..     21221700) |                                        |        0 (profiler_analysis.cpp:700)
[run]   view=orb_08 42.0ms
[SUBCHUNK] tiles_split=84 total_subchunks=1113 max_subchunks_per_tile=3 payload_pages=50220
[SORT] stage=ONELAUNCH P=3181817 P_kept=3181817 num_tiles=1024 max_tile_n=19360 onelaunch=4.37 layout=0.04 pub_host=0.15 total=4.61ms
2026-10-05 01:12:51.345 | info     |           Metal | Device kernel duration perf summary (device=0): count=1, min=19169275ns, avg=19169275.0ns, max=19169275ns (profiler_analysis.cpp:645)
2026-10-05 01:12:51.345 | info     |           Metal | Device kernel duration perf histogram (device=0): (buckets=10, bucket_size=100ns, range=[19169200..19170200), underflow(<19169200ns)=0, overflow(>=19170200ns)=0) (profiler_analysis.cpp:682)
2026-10-05 01:12:51.345 | info     |           Metal |   [    19169200 ..     19169300) |########################################|        1 (profiler_analysis.cpp:700)
2026-10-05 01:12:51.345 | info     |           Metal |   [    19169300 ..     19169400) |                                        |        0 (profiler_analysis.cpp:700)
2026-10-05 01:12:51.345 | info     |           Metal |   [    19169400 ..     19169500) |                                        |        0 (profiler_analysis.cpp:700)
2026-10-05 01:12:51.345 | info     |           Metal |   [    19169500 ..     19169600) |                                        |        0 (profiler_analysis.cpp:700)
2026-10-05 01:12:51.345 | info     |           Metal |   [    19169600 ..     19169700) |                                        |        0 (profiler_analysis.cpp:700)
2026-10-05 01:12:51.345 | info     |           Metal |   [    19169700 ..     19169800) |                                        |        0 (profiler_analysis.cpp:700)
2026-10-05 01:12:51.345 | info     |           Metal |   [    19169800 ..     19169900) |                                        |        0 (profiler_analysis.cpp:700)
2026-10-05 01:12:51.345 | info     |           Metal |   [    19169900 ..     19170000) |                                        |        0 (profiler_analysis.cpp:700)
2026-10-05 01:12:51.345 | info     |           Metal |   [    19170000 ..     19170100) |                                        |        0 (profiler_analysis.cpp:700)
2026-10-05 01:12:51.345 | info     |           Metal |   [    19170100 ..     19170200) |                                        |        0 (profiler_analysis.cpp:700)
[run]   view=orb_09 33.3ms
[SUBCHUNK] tiles_split=81 total_subchunks=1109 max_subchunks_per_tile=3 payload_pages=50320
[SORT] stage=ONELAUNCH P=3188777 P_kept=3188777 num_tiles=1024 max_tile_n=19524 onelaunch=4.45 layout=0.04 pub_host=0.16 total=4.70ms
2026-10-05 01:12:51.384 | info     |           Metal | Device kernel duration perf summary (device=0): count=1, min=19173433ns, avg=19173433.0ns, max=19173433ns (profiler_analysis.cpp:645)
2026-10-05 01:12:51.384 | info     |           Metal | Device kernel duration perf histogram (device=0): (buckets=10, bucket_size=100ns, range=[19173400..19174400), underflow(<19173400ns)=0, overflow(>=19174400ns)=0) (profiler_analysis.cpp:682)
2026-10-05 01:12:51.384 | info     |           Metal |   [    19173400 ..     19173500) |########################################|        1 (profiler_analysis.cpp:700)
2026-10-05 01:12:51.384 | info     |           Metal |   [    19173500 ..     19173600) |                                        |        0 (profiler_analysis.cpp:700)
2026-10-05 01:12:51.384 | info     |           Metal |   [    19173600 ..     19173700) |                                        |        0 (profiler_analysis.cpp:700)
2026-10-05 01:12:51.384 | info     |           Metal |   [    19173700 ..     19173800) |                                        |        0 (profiler_analysis.cpp:700)
2026-10-05 01:12:51.384 | info     |           Metal |   [    19173800 ..     19173900) |                                        |        0 (profiler_analysis.cpp:700)
2026-10-05 01:12:51.384 | info     |           Metal |   [    19173900 ..     19174000) |                                        |        0 (profiler_analysis.cpp:700)
2026-10-05 01:12:51.384 | info     |           Metal |   [    19174000 ..     19174100) |                                        |        0 (profiler_analysis.cpp:700)
2026-10-05 01:12:51.384 | info     |           Metal |   [    19174100 ..     19174200) |                                        |        0 (profiler_analysis.cpp:700)
2026-10-05 01:12:51.384 | info     |           Metal |   [    19174200 ..     19174300) |                                        |        0 (profiler_analysis.cpp:700)
2026-10-05 01:12:51.384 | info     |           Metal |   [    19174300 ..     19174400) |                                        |        0 (profiler_analysis.cpp:700)
[run]   view=orb_10 38.2ms
[SUBCHUNK] tiles_split=82 total_subchunks=1111 max_subchunks_per_tile=3 payload_pages=49050
[SORT] stage=ONELAUNCH P=3106604 P_kept=3106604 num_tiles=1024 max_tile_n=20018 onelaunch=4.43 layout=0.04 pub_host=0.15 total=4.65ms
2026-10-05 01:12:51.416 | info     |           Metal | Device kernel duration perf summary (device=0): count=1, min=18719481ns, avg=18719481.0ns, max=18719481ns (profiler_analysis.cpp:645)
2026-10-05 01:12:51.416 | info     |           Metal | Device kernel duration perf histogram (device=0): (buckets=10, bucket_size=100ns, range=[18719400..18720400), underflow(<18719400ns)=0, overflow(>=18720400ns)=0) (profiler_analysis.cpp:682)
2026-10-05 01:12:51.416 | info     |           Metal |   [    18719400 ..     18719500) |########################################|        1 (profiler_analysis.cpp:700)
2026-10-05 01:12:51.416 | info     |           Metal |   [    18719500 ..     18719600) |                                        |        0 (profiler_analysis.cpp:700)
2026-10-05 01:12:51.416 | info     |           Metal |   [    18719600 ..     18719700) |                                        |        0 (profiler_analysis.cpp:700)
2026-10-05 01:12:51.416 | info     |           Metal |   [    18719700 ..     18719800) |                                        |        0 (profiler_analysis.cpp:700)
2026-10-05 01:12:51.416 | info     |           Metal |   [    18719800 ..     18719900) |                                        |        0 (profiler_analysis.cpp:700)
2026-10-05 01:12:51.416 | info     |           Metal |   [    18719900 ..     18720000) |                                        |        0 (profiler_analysis.cpp:700)
2026-10-05 01:12:51.416 | info     |           Metal |   [    18720000 ..     18720100) |                                        |        0 (profiler_analysis.cpp:700)
2026-10-05 01:12:51.416 | info     |           Metal |   [    18720100 ..     18720200) |                                        |        0 (profiler_analysis.cpp:700)
2026-10-05 01:12:51.416 | info     |           Metal |   [    18720200 ..     18720300) |                                        |        0 (profiler_analysis.cpp:700)
2026-10-05 01:12:51.416 | info     |           Metal |   [    18720300 ..     18720400) |                                        |        0 (profiler_analysis.cpp:700)
[run]   view=orb_11 32.6ms
[SUBCHUNK] tiles_split=81 total_subchunks=1108 max_subchunks_per_tile=3 payload_pages=47136
[SORT] stage=ONELAUNCH P=2984362 P_kept=2984362 num_tiles=1024 max_tile_n=20383 onelaunch=4.31 layout=0.04 pub_host=0.15 total=4.53ms
2026-10-05 01:12:51.449 | info     |           Metal | Device kernel duration perf summary (device=0): count=1, min=18361654ns, avg=18361654.0ns, max=18361654ns (profiler_analysis.cpp:645)
2026-10-05 01:12:51.449 | info     |           Metal | Device kernel duration perf histogram (device=0): (buckets=10, bucket_size=100ns, range=[18361600..18362600), underflow(<18361600ns)=0, overflow(>=18362600ns)=0) (profiler_analysis.cpp:682)
2026-10-05 01:12:51.449 | info     |           Metal |   [    18361600 ..     18361700) |########################################|        1 (profiler_analysis.cpp:700)
2026-10-05 01:12:51.449 | info     |           Metal |   [    18361700 ..     18361800) |                                        |        0 (profiler_analysis.cpp:700)
2026-10-05 01:12:51.449 | info     |           Metal |   [    18361800 ..     18361900) |                                        |        0 (profiler_analysis.cpp:700)
2026-10-05 01:12:51.449 | info     |           Metal |   [    18361900 ..     18362000) |                                        |        0 (profiler_analysis.cpp:700)
2026-10-05 01:12:51.449 | info     |           Metal |   [    18362000 ..     18362100) |                                        |        0 (profiler_analysis.cpp:700)
2026-10-05 01:12:51.449 | info     |           Metal |   [    18362100 ..     18362200) |                                        |        0 (profiler_analysis.cpp:700)
2026-10-05 01:12:51.449 | info     |           Metal |   [    18362200 ..     18362300) |                                        |        0 (profiler_analysis.cpp:700)
2026-10-05 01:12:51.449 | info     |           Metal |   [    18362300 ..     18362400) |                                        |        0 (profiler_analysis.cpp:700)
2026-10-05 01:12:51.449 | info     |           Metal |   [    18362400 ..     18362500) |                                        |        0 (profiler_analysis.cpp:700)
2026-10-05 01:12:51.449 | info     |           Metal |   [    18362500 ..     18362600) |                                        |        0 (profiler_analysis.cpp:700)
[run]   view=orb_12 32.0ms
[SUBCHUNK] tiles_split=79 total_subchunks=1106 max_subchunks_per_tile=3 payload_pages=45626
[SORT] stage=ONELAUNCH P=2888398 P_kept=2888398 num_tiles=1024 max_tile_n=20940 onelaunch=4.07 layout=0.04 pub_host=0.15 total=4.29ms
2026-10-05 01:12:51.480 | info     |           Metal | Device kernel duration perf summary (device=0): count=1, min=17682926ns, avg=17682926.0ns, max=17682926ns (profiler_analysis.cpp:645)
2026-10-05 01:12:51.480 | info     |           Metal | Device kernel duration perf histogram (device=0): (buckets=10, bucket_size=100ns, range=[17682900..17683900), underflow(<17682900ns)=0, overflow(>=17683900ns)=0) (profiler_analysis.cpp:682)
2026-10-05 01:12:51.480 | info     |           Metal |   [    17682900 ..     17683000) |########################################|        1 (profiler_analysis.cpp:700)
2026-10-05 01:12:51.480 | info     |           Metal |   [    17683000 ..     17683100) |                                        |        0 (profiler_analysis.cpp:700)
2026-10-05 01:12:51.480 | info     |           Metal |   [    17683100 ..     17683200) |                                        |        0 (profiler_analysis.cpp:700)
2026-10-05 01:12:51.480 | info     |           Metal |   [    17683200 ..     17683300) |                                        |        0 (profiler_analysis.cpp:700)
2026-10-05 01:12:51.480 | info     |           Metal |   [    17683300 ..     17683400) |                                        |        0 (profiler_analysis.cpp:700)
2026-10-05 01:12:51.480 | info     |           Metal |   [    17683400 ..     17683500) |                                        |        0 (profiler_analysis.cpp:700)
2026-10-05 01:12:51.480 | info     |           Metal |   [    17683500 ..     17683600) |                                        |        0 (profiler_analysis.cpp:700)
2026-10-05 01:12:51.480 | info     |           Metal |   [    17683600 ..     17683700) |                                        |        0 (profiler_analysis.cpp:700)
2026-10-05 01:12:51.480 | info     |           Metal |   [    17683700 ..     17683800) |                                        |        0 (profiler_analysis.cpp:700)
2026-10-05 01:12:51.480 | info     |           Metal |   [    17683800 ..     17683900) |                                        |        0 (profiler_analysis.cpp:700)
[run]   view=orb_13 31.6ms
[SUBCHUNK] tiles_split=75 total_subchunks=1101 max_subchunks_per_tile=3 payload_pages=44542
[SORT] stage=ONELAUNCH P=2818574 P_kept=2818574 num_tiles=1024 max_tile_n=21162 onelaunch=4.20 layout=0.04 pub_host=0.15 total=4.43ms
2026-10-05 01:12:51.512 | info     |           Metal | Device kernel duration perf summary (device=0): count=1, min=17433480ns, avg=17433480.0ns, max=17433480ns (profiler_analysis.cpp:645)
2026-10-05 01:12:51.512 | info     |           Metal | Device kernel duration perf histogram (device=0): (buckets=10, bucket_size=100ns, range=[17433400..17434400), underflow(<17433400ns)=0, overflow(>=17434400ns)=0) (profiler_analysis.cpp:682)
2026-10-05 01:12:51.512 | info     |           Metal |   [    17433400 ..     17433500) |########################################|        1 (profiler_analysis.cpp:700)
2026-10-05 01:12:51.512 | info     |           Metal |   [    17433500 ..     17433600) |                                        |        0 (profiler_analysis.cpp:700)
2026-10-05 01:12:51.512 | info     |           Metal |   [    17433600 ..     17433700) |                                        |        0 (profiler_analysis.cpp:700)
2026-10-05 01:12:51.512 | info     |           Metal |   [    17433700 ..     17433800) |                                        |        0 (profiler_analysis.cpp:700)
2026-10-05 01:12:51.512 | info     |           Metal |   [    17433800 ..     17433900) |                                        |        0 (profiler_analysis.cpp:700)
2026-10-05 01:12:51.512 | info     |           Metal |   [    17433900 ..     17434000) |                                        |        0 (profiler_analysis.cpp:700)
2026-10-05 01:12:51.512 | info     |           Metal |   [    17434000 ..     17434100) |                                        |        0 (profiler_analysis.cpp:700)
2026-10-05 01:12:51.512 | info     |           Metal |   [    17434100 ..     17434200) |                                        |        0 (profiler_analysis.cpp:700)
2026-10-05 01:12:51.512 | info     |           Metal |   [    17434200 ..     17434300) |                                        |        0 (profiler_analysis.cpp:700)
2026-10-05 01:12:51.512 | info     |           Metal |   [    17434300 ..     17434400) |                                        |        0 (profiler_analysis.cpp:700)
[run]   view=orb_14 31.2ms
[SUBCHUNK] tiles_split=75 total_subchunks=1101 max_subchunks_per_tile=3 payload_pages=43661
[SORT] stage=ONELAUNCH P=2762207 P_kept=2762207 num_tiles=1024 max_tile_n=19338 onelaunch=3.83 layout=0.04 pub_host=0.15 total=4.05ms
2026-10-05 01:12:51.543 | info     |           Metal | Device kernel duration perf summary (device=0): count=1, min=17009066ns, avg=17009066.0ns, max=17009066ns (profiler_analysis.cpp:645)
2026-10-05 01:12:51.543 | info     |           Metal | Device kernel duration perf histogram (device=0): (buckets=10, bucket_size=100ns, range=[17009000..17010000), underflow(<17009000ns)=0, overflow(>=17010000ns)=0) (profiler_analysis.cpp:682)
2026-10-05 01:12:51.543 | info     |           Metal |   [    17009000 ..     17009100) |########################################|        1 (profiler_analysis.cpp:700)
2026-10-05 01:12:51.543 | info     |           Metal |   [    17009100 ..     17009200) |                                        |        0 (profiler_analysis.cpp:700)
2026-10-05 01:12:51.543 | info     |           Metal |   [    17009200 ..     17009300) |                                        |        0 (profiler_analysis.cpp:700)
2026-10-05 01:12:51.543 | info     |           Metal |   [    17009300 ..     17009400) |                                        |        0 (profiler_analysis.cpp:700)
2026-10-05 01:12:51.543 | info     |           Metal |   [    17009400 ..     17009500) |                                        |        0 (profiler_analysis.cpp:700)
2026-10-05 01:12:51.543 | info     |           Metal |   [    17009500 ..     17009600) |                                        |        0 (profiler_analysis.cpp:700)
2026-10-05 01:12:51.543 | info     |           Metal |   [    17009600 ..     17009700) |                                        |        0 (profiler_analysis.cpp:700)
2026-10-05 01:12:51.543 | info     |           Metal |   [    17009700 ..     17009800) |                                        |        0 (profiler_analysis.cpp:700)
2026-10-05 01:12:51.543 | info     |           Metal |   [    17009800 ..     17009900) |                                        |        0 (profiler_analysis.cpp:700)
2026-10-05 01:12:51.543 | info     |           Metal |   [    17009900 ..     17010000) |                                        |        0 (profiler_analysis.cpp:700)
[run]   view=orb_15 30.8ms
[SUBCHUNK] tiles_split=80 total_subchunks=1106 max_subchunks_per_tile=3 payload_pages=43001
[SORT] stage=ONELAUNCH P=2719362 P_kept=2719362 num_tiles=1024 max_tile_n=19767 onelaunch=3.71 layout=0.04 pub_host=0.14 total=3.93ms
2026-10-05 01:12:51.573 | info     |           Metal | Device kernel duration perf summary (device=0): count=1, min=16782727ns, avg=16782727.0ns, max=16782727ns (profiler_analysis.cpp:645)
2026-10-05 01:12:51.573 | info     |           Metal | Device kernel duration perf histogram (device=0): (buckets=10, bucket_size=100ns, range=[16782700..16783700), underflow(<16782700ns)=0, overflow(>=16783700ns)=0) (profiler_analysis.cpp:682)
2026-10-05 01:12:51.573 | info     |           Metal |   [    16782700 ..     16782800) |########################################|        1 (profiler_analysis.cpp:700)
2026-10-05 01:12:51.573 | info     |           Metal |   [    16782800 ..     16782900) |                                        |        0 (profiler_analysis.cpp:700)
2026-10-05 01:12:51.573 | info     |           Metal |   [    16782900 ..     16783000) |                                        |        0 (profiler_analysis.cpp:700)
2026-10-05 01:12:51.573 | info     |           Metal |   [    16783000 ..     16783100) |                                        |        0 (profiler_analysis.cpp:700)
2026-10-05 01:12:51.573 | info     |           Metal |   [    16783100 ..     16783200) |                                        |        0 (profiler_analysis.cpp:700)
2026-10-05 01:12:51.573 | info     |           Metal |   [    16783200 ..     16783300) |                                        |        0 (profiler_analysis.cpp:700)
2026-10-05 01:12:51.573 | info     |           Metal |   [    16783300 ..     16783400) |                                        |        0 (profiler_analysis.cpp:700)
2026-10-05 01:12:51.573 | info     |           Metal |   [    16783400 ..     16783500) |                                        |        0 (profiler_analysis.cpp:700)
2026-10-05 01:12:51.573 | info     |           Metal |   [    16783500 ..     16783600) |                                        |        0 (profiler_analysis.cpp:700)
2026-10-05 01:12:51.573 | info     |           Metal |   [    16783600 ..     16783700) |                                        |        0 (profiler_analysis.cpp:700)
[run]   view=orb_16 30.6ms
[SUBCHUNK] tiles_split=78 total_subchunks=1104 max_subchunks_per_tile=3 payload_pages=42965
[SORT] stage=ONELAUNCH P=2717689 P_kept=2717689 num_tiles=1024 max_tile_n=18194 onelaunch=3.62 layout=0.04 pub_host=0.15 total=3.84ms
2026-10-05 01:12:51.604 | info     |           Metal | Device kernel duration perf summary (device=0): count=1, min=16660731ns, avg=16660731.0ns, max=16660731ns (profiler_analysis.cpp:645)
2026-10-05 01:12:51.604 | info     |           Metal | Device kernel duration perf histogram (device=0): (buckets=10, bucket_size=100ns, range=[16660700..16661700), underflow(<16660700ns)=0, overflow(>=16661700ns)=0) (profiler_analysis.cpp:682)
2026-10-05 01:12:51.604 | info     |           Metal |   [    16660700 ..     16660800) |########################################|        1 (profiler_analysis.cpp:700)
2026-10-05 01:12:51.604 | info     |           Metal |   [    16660800 ..     16660900) |                                        |        0 (profiler_analysis.cpp:700)
2026-10-05 01:12:51.604 | info     |           Metal |   [    16660900 ..     16661000) |                                        |        0 (profiler_analysis.cpp:700)
2026-10-05 01:12:51.604 | info     |           Metal |   [    16661000 ..     16661100) |                                        |        0 (profiler_analysis.cpp:700)
2026-10-05 01:12:51.604 | info     |           Metal |   [    16661100 ..     16661200) |                                        |        0 (profiler_analysis.cpp:700)
2026-10-05 01:12:51.604 | info     |           Metal |   [    16661200 ..     16661300) |                                        |        0 (profiler_analysis.cpp:700)
2026-10-05 01:12:51.604 | info     |           Metal |   [    16661300 ..     16661400) |                                        |        0 (profiler_analysis.cpp:700)
2026-10-05 01:12:51.604 | info     |           Metal |   [    16661400 ..     16661500) |                                        |        0 (profiler_analysis.cpp:700)
2026-10-05 01:12:51.604 | info     |           Metal |   [    16661500 ..     16661600) |                                        |        0 (profiler_analysis.cpp:700)
2026-10-05 01:12:51.604 | info     |           Metal |   [    16661600 ..     16661700) |                                        |        0 (profiler_analysis.cpp:700)
[run]   view=orb_17 30.3ms
[SUBCHUNK] tiles_split=82 total_subchunks=1110 max_subchunks_per_tile=3 payload_pages=43227
[SORT] stage=ONELAUNCH P=2733618 P_kept=2733618 num_tiles=1024 max_tile_n=18007 onelaunch=3.69 layout=0.05 pub_host=0.17 total=3.94ms
2026-10-05 01:12:51.635 | info     |           Metal | Device kernel duration perf summary (device=0): count=1, min=16797388ns, avg=16797388.0ns, max=16797388ns (profiler_analysis.cpp:645)
2026-10-05 01:12:51.635 | info     |           Metal | Device kernel duration perf histogram (device=0): (buckets=10, bucket_size=100ns, range=[16797300..16798300), underflow(<16797300ns)=0, overflow(>=16798300ns)=0) (profiler_analysis.cpp:682)
2026-10-05 01:12:51.635 | info     |           Metal |   [    16797300 ..     16797400) |########################################|        1 (profiler_analysis.cpp:700)
2026-10-05 01:12:51.635 | info     |           Metal |   [    16797400 ..     16797500) |                                        |        0 (profiler_analysis.cpp:700)
2026-10-05 01:12:51.635 | info     |           Metal |   [    16797500 ..     16797600) |                                        |        0 (profiler_analysis.cpp:700)
2026-10-05 01:12:51.635 | info     |           Metal |   [    16797600 ..     16797700) |                                        |        0 (profiler_analysis.cpp:700)
2026-10-05 01:12:51.635 | info     |           Metal |   [    16797700 ..     16797800) |                                        |        0 (profiler_analysis.cpp:700)
2026-10-05 01:12:51.635 | info     |           Metal |   [    16797800 ..     16797900) |                                        |        0 (profiler_analysis.cpp:700)
2026-10-05 01:12:51.635 | info     |           Metal |   [    16797900 ..     16798000) |                                        |        0 (profiler_analysis.cpp:700)
2026-10-05 01:12:51.635 | info     |           Metal |   [    16798000 ..     16798100) |                                        |        0 (profiler_analysis.cpp:700)
2026-10-05 01:12:51.635 | info     |           Metal |   [    16798100 ..     16798200) |                                        |        0 (profiler_analysis.cpp:700)
2026-10-05 01:12:51.635 | info     |           Metal |   [    16798200 ..     16798300) |                                        |        0 (profiler_analysis.cpp:700)
[run]   view=orb_18 31.2ms
[SUBCHUNK] tiles_split=78 total_subchunks=1105 max_subchunks_per_tile=3 payload_pages=43154
[SORT] stage=ONELAUNCH P=2729010 P_kept=2729010 num_tiles=1024 max_tile_n=18629 onelaunch=3.75 layout=0.04 pub_host=0.14 total=3.97ms
2026-10-05 01:12:51.666 | info     |           Metal | Device kernel duration perf summary (device=0): count=1, min=16891930ns, avg=16891930.0ns, max=16891930ns (profiler_analysis.cpp:645)
2026-10-05 01:12:51.666 | info     |           Metal | Device kernel duration perf histogram (device=0): (buckets=10, bucket_size=100ns, range=[16891900..16892900), underflow(<16891900ns)=0, overflow(>=16892900ns)=0) (profiler_analysis.cpp:682)
2026-10-05 01:12:51.666 | info     |           Metal |   [    16891900 ..     16892000) |########################################|        1 (profiler_analysis.cpp:700)
2026-10-05 01:12:51.666 | info     |           Metal |   [    16892000 ..     16892100) |                                        |        0 (profiler_analysis.cpp:700)
2026-10-05 01:12:51.666 | info     |           Metal |   [    16892100 ..     16892200) |                                        |        0 (profiler_analysis.cpp:700)
2026-10-05 01:12:51.666 | info     |           Metal |   [    16892200 ..     16892300) |                                        |        0 (profiler_analysis.cpp:700)
2026-10-05 01:12:51.666 | info     |           Metal |   [    16892300 ..     16892400) |                                        |        0 (profiler_analysis.cpp:700)
2026-10-05 01:12:51.666 | info     |           Metal |   [    16892400 ..     16892500) |                                        |        0 (profiler_analysis.cpp:700)
2026-10-05 01:12:51.666 | info     |           Metal |   [    16892500 ..     16892600) |                                        |        0 (profiler_analysis.cpp:700)
2026-10-05 01:12:51.666 | info     |           Metal |   [    16892600 ..     16892700) |                                        |        0 (profiler_analysis.cpp:700)
2026-10-05 01:12:51.666 | info     |           Metal |   [    16892700 ..     16892800) |                                        |        0 (profiler_analysis.cpp:700)
2026-10-05 01:12:51.666 | info     |           Metal |   [    16892800 ..     16892900) |                                        |        0 (profiler_analysis.cpp:700)
[run]   view=orb_19 30.7ms
[SUBCHUNK] tiles_split=85 total_subchunks=1112 max_subchunks_per_tile=3 payload_pages=42920
[SORT] stage=ONELAUNCH P=2713859 P_kept=2713859 num_tiles=1024 max_tile_n=18384 onelaunch=3.88 layout=0.04 pub_host=0.15 total=4.10ms
2026-10-05 01:12:51.697 | info     |           Metal | Device kernel duration perf summary (device=0): count=1, min=17062527ns, avg=17062527.0ns, max=17062527ns (profiler_analysis.cpp:645)
2026-10-05 01:12:51.697 | info     |           Metal | Device kernel duration perf histogram (device=0): (buckets=10, bucket_size=100ns, range=[17062500..17063500), underflow(<17062500ns)=0, overflow(>=17063500ns)=0) (profiler_analysis.cpp:682)
2026-10-05 01:12:51.697 | info     |           Metal |   [    17062500 ..     17062600) |########################################|        1 (profiler_analysis.cpp:700)
2026-10-05 01:12:51.697 | info     |           Metal |   [    17062600 ..     17062700) |                                        |        0 (profiler_analysis.cpp:700)
2026-10-05 01:12:51.697 | info     |           Metal |   [    17062700 ..     17062800) |                                        |        0 (profiler_analysis.cpp:700)
2026-10-05 01:12:51.697 | info     |           Metal |   [    17062800 ..     17062900) |                                        |        0 (profiler_analysis.cpp:700)
2026-10-05 01:12:51.697 | info     |           Metal |   [    17062900 ..     17063000) |                                        |        0 (profiler_analysis.cpp:700)
2026-10-05 01:12:51.697 | info     |           Metal |   [    17063000 ..     17063100) |                                        |        0 (profiler_analysis.cpp:700)
2026-10-05 01:12:51.697 | info     |           Metal |   [    17063100 ..     17063200) |                                        |        0 (profiler_analysis.cpp:700)
2026-10-05 01:12:51.697 | info     |           Metal |   [    17063200 ..     17063300) |                                        |        0 (profiler_analysis.cpp:700)
2026-10-05 01:12:51.697 | info     |           Metal |   [    17063300 ..     17063400) |                                        |        0 (profiler_analysis.cpp:700)
2026-10-05 01:12:51.697 | info     |           Metal |   [    17063400 ..     17063500) |                                        |        0 (profiler_analysis.cpp:700)
[run]   view=orb_20 31.2ms
[SUBCHUNK] tiles_split=82 total_subchunks=1109 max_subchunks_per_tile=3 payload_pages=42434
[SORT] stage=ONELAUNCH P=2684591 P_kept=2684591 num_tiles=1024 max_tile_n=22331 onelaunch=3.75 layout=0.04 pub_host=0.14 total=3.97ms
2026-10-05 01:12:51.728 | info     |           Metal | Device kernel duration perf summary (device=0): count=1, min=16719145ns, avg=16719145.0ns, max=16719145ns (profiler_analysis.cpp:645)
2026-10-05 01:12:51.728 | info     |           Metal | Device kernel duration perf histogram (device=0): (buckets=10, bucket_size=100ns, range=[16719100..16720100), underflow(<16719100ns)=0, overflow(>=16720100ns)=0) (profiler_analysis.cpp:682)
2026-10-05 01:12:51.728 | info     |           Metal |   [    16719100 ..     16719200) |########################################|        1 (profiler_analysis.cpp:700)
2026-10-05 01:12:51.728 | info     |           Metal |   [    16719200 ..     16719300) |                                        |        0 (profiler_analysis.cpp:700)
2026-10-05 01:12:51.728 | info     |           Metal |   [    16719300 ..     16719400) |                                        |        0 (profiler_analysis.cpp:700)
2026-10-05 01:12:51.728 | info     |           Metal |   [    16719400 ..     16719500) |                                        |        0 (profiler_analysis.cpp:700)
2026-10-05 01:12:51.728 | info     |           Metal |   [    16719500 ..     16719600) |                                        |        0 (profiler_analysis.cpp:700)
2026-10-05 01:12:51.728 | info     |           Metal |   [    16719600 ..     16719700) |                                        |        0 (profiler_analysis.cpp:700)
2026-10-05 01:12:51.728 | info     |           Metal |   [    16719700 ..     16719800) |                                        |        0 (profiler_analysis.cpp:700)
2026-10-05 01:12:51.728 | info     |           Metal |   [    16719800 ..     16719900) |                                        |        0 (profiler_analysis.cpp:700)
2026-10-05 01:12:51.728 | info     |           Metal |   [    16719900 ..     16720000) |                                        |        0 (profiler_analysis.cpp:700)
2026-10-05 01:12:51.728 | info     |           Metal |   [    16720000 ..     16720100) |                                        |        0 (profiler_analysis.cpp:700)
[run]   view=orb_21 30.4ms
[SUBCHUNK] tiles_split=84 total_subchunks=1111 max_subchunks_per_tile=3 payload_pages=41213
[SORT] stage=ONELAUNCH P=2605234 P_kept=2605234 num_tiles=1024 max_tile_n=18553 onelaunch=3.49 layout=0.04 pub_host=0.14 total=3.71ms
2026-10-05 01:12:51.758 | info     |           Metal | Device kernel duration perf summary (device=0): count=1, min=16280207ns, avg=16280207.0ns, max=16280207ns (profiler_analysis.cpp:645)
2026-10-05 01:12:51.758 | info     |           Metal | Device kernel duration perf histogram (device=0): (buckets=10, bucket_size=100ns, range=[16280200..16281200), underflow(<16280200ns)=0, overflow(>=16281200ns)=0) (profiler_analysis.cpp:682)
2026-10-05 01:12:51.758 | info     |           Metal |   [    16280200 ..     16280300) |########################################|        1 (profiler_analysis.cpp:700)
2026-10-05 01:12:51.758 | info     |           Metal |   [    16280300 ..     16280400) |                                        |        0 (profiler_analysis.cpp:700)
2026-10-05 01:12:51.758 | info     |           Metal |   [    16280400 ..     16280500) |                                        |        0 (profiler_analysis.cpp:700)
2026-10-05 01:12:51.758 | info     |           Metal |   [    16280500 ..     16280600) |                                        |        0 (profiler_analysis.cpp:700)
2026-10-05 01:12:51.758 | info     |           Metal |   [    16280600 ..     16280700) |                                        |        0 (profiler_analysis.cpp:700)
2026-10-05 01:12:51.758 | info     |           Metal |   [    16280700 ..     16280800) |                                        |        0 (profiler_analysis.cpp:700)
2026-10-05 01:12:51.758 | info     |           Metal |   [    16280800 ..     16280900) |                                        |        0 (profiler_analysis.cpp:700)
2026-10-05 01:12:51.758 | info     |           Metal |   [    16280900 ..     16281000) |                                        |        0 (profiler_analysis.cpp:700)
2026-10-05 01:12:51.758 | info     |           Metal |   [    16281000 ..     16281100) |                                        |        0 (profiler_analysis.cpp:700)
2026-10-05 01:12:51.758 | info     |           Metal |   [    16281100 ..     16281200) |                                        |        0 (profiler_analysis.cpp:700)
[run]   view=orb_22 30.3ms
[SUBCHUNK] tiles_split=79 total_subchunks=1105 max_subchunks_per_tile=3 payload_pages=39599
[SORT] stage=ONELAUNCH P=2502602 P_kept=2502602 num_tiles=1024 max_tile_n=20113 onelaunch=3.15 layout=0.04 pub_host=0.14 total=3.38ms
2026-10-05 01:12:51.788 | info     |           Metal | Device kernel duration perf summary (device=0): count=1, min=15585777ns, avg=15585777.0ns, max=15585777ns (profiler_analysis.cpp:645)
2026-10-05 01:12:51.788 | info     |           Metal | Device kernel duration perf histogram (device=0): (buckets=10, bucket_size=100ns, range=[15585700..15586700), underflow(<15585700ns)=0, overflow(>=15586700ns)=0) (profiler_analysis.cpp:682)
2026-10-05 01:12:51.788 | info     |           Metal |   [    15585700 ..     15585800) |########################################|        1 (profiler_analysis.cpp:700)
2026-10-05 01:12:51.788 | info     |           Metal |   [    15585800 ..     15585900) |                                        |        0 (profiler_analysis.cpp:700)
2026-10-05 01:12:51.788 | info     |           Metal |   [    15585900 ..     15586000) |                                        |        0 (profiler_analysis.cpp:700)
2026-10-05 01:12:51.788 | info     |           Metal |   [    15586000 ..     15586100) |                                        |        0 (profiler_analysis.cpp:700)
2026-10-05 01:12:51.788 | info     |           Metal |   [    15586100 ..     15586200) |                                        |        0 (profiler_analysis.cpp:700)
2026-10-05 01:12:51.788 | info     |           Metal |   [    15586200 ..     15586300) |                                        |        0 (profiler_analysis.cpp:700)
2026-10-05 01:12:51.788 | info     |           Metal |   [    15586300 ..     15586400) |                                        |        0 (profiler_analysis.cpp:700)
2026-10-05 01:12:51.788 | info     |           Metal |   [    15586400 ..     15586500) |                                        |        0 (profiler_analysis.cpp:700)
2026-10-05 01:12:51.788 | info     |           Metal |   [    15586500 ..     15586600) |                                        |        0 (profiler_analysis.cpp:700)
2026-10-05 01:12:51.788 | info     |           Metal |   [    15586600 ..     15586700) |                                        |        0 (profiler_analysis.cpp:700)
[run]   view=orb_23 29.5ms
[SUBCHUNK] tiles_split=74 total_subchunks=1101 max_subchunks_per_tile=3 payload_pages=36830
[SORT] stage=ONELAUNCH P=2324732 P_kept=2324732 num_tiles=1024 max_tile_n=18871 onelaunch=3.24 layout=0.04 pub_host=0.14 total=3.47ms
2026-10-05 01:12:51.817 | info     |           Metal | Device kernel duration perf summary (device=0): count=1, min=15226981ns, avg=15226981.0ns, max=15226981ns (profiler_analysis.cpp:645)
2026-10-05 01:12:51.817 | info     |           Metal | Device kernel duration perf histogram (device=0): (buckets=10, bucket_size=100ns, range=[15226900..15227900), underflow(<15226900ns)=0, overflow(>=15227900ns)=0) (profiler_analysis.cpp:682)
2026-10-05 01:12:51.817 | info     |           Metal |   [    15226900 ..     15227000) |########################################|        1 (profiler_analysis.cpp:700)
2026-10-05 01:12:51.817 | info     |           Metal |   [    15227000 ..     15227100) |                                        |        0 (profiler_analysis.cpp:700)
2026-10-05 01:12:51.817 | info     |           Metal |   [    15227100 ..     15227200) |                                        |        0 (profiler_analysis.cpp:700)
2026-10-05 01:12:51.817 | info     |           Metal |   [    15227200 ..     15227300) |                                        |        0 (profiler_analysis.cpp:700)
2026-10-05 01:12:51.817 | info     |           Metal |   [    15227300 ..     15227400) |                                        |        0 (profiler_analysis.cpp:700)
2026-10-05 01:12:51.817 | info     |           Metal |   [    15227400 ..     15227500) |                                        |        0 (profiler_analysis.cpp:700)
2026-10-05 01:12:51.817 | info     |           Metal |   [    15227500 ..     15227600) |                                        |        0 (profiler_analysis.cpp:700)
2026-10-05 01:12:51.817 | info     |           Metal |   [    15227600 ..     15227700) |                                        |        0 (profiler_analysis.cpp:700)
2026-10-05 01:12:51.817 | info     |           Metal |   [    15227700 ..     15227800) |                                        |        0 (profiler_analysis.cpp:700)
2026-10-05 01:12:51.817 | info     |           Metal |   [    15227800 ..     15227900) |                                        |        0 (profiler_analysis.cpp:700)
[run]   view=orb_24 28.8ms
[SUBCHUNK] tiles_split=67 total_subchunks=1094 max_subchunks_per_tile=3 payload_pages=34707
[SORT] stage=ONELAUNCH P=2188552 P_kept=2188552 num_tiles=1024 max_tile_n=21416 onelaunch=2.90 layout=0.05 pub_host=0.15 total=3.13ms
2026-10-05 01:12:51.845 | info     |           Metal | Device kernel duration perf summary (device=0): count=1, min=14529385ns, avg=14529385.0ns, max=14529385ns (profiler_analysis.cpp:645)
2026-10-05 01:12:51.845 | info     |           Metal | Device kernel duration perf histogram (device=0): (buckets=10, bucket_size=100ns, range=[14529300..14530300), underflow(<14529300ns)=0, overflow(>=14530300ns)=0) (profiler_analysis.cpp:682)
2026-10-05 01:12:51.845 | info     |           Metal |   [    14529300 ..     14529400) |########################################|        1 (profiler_analysis.cpp:700)
2026-10-05 01:12:51.845 | info     |           Metal |   [    14529400 ..     14529500) |                                        |        0 (profiler_analysis.cpp:700)
2026-10-05 01:12:51.845 | info     |           Metal |   [    14529500 ..     14529600) |                                        |        0 (profiler_analysis.cpp:700)
2026-10-05 01:12:51.845 | info     |           Metal |   [    14529600 ..     14529700) |                                        |        0 (profiler_analysis.cpp:700)
2026-10-05 01:12:51.845 | info     |           Metal |   [    14529700 ..     14529800) |                                        |        0 (profiler_analysis.cpp:700)
2026-10-05 01:12:51.845 | info     |           Metal |   [    14529800 ..     14529900) |                                        |        0 (profiler_analysis.cpp:700)
2026-10-05 01:12:51.845 | info     |           Metal |   [    14529900 ..     14530000) |                                        |        0 (profiler_analysis.cpp:700)
2026-10-05 01:12:51.845 | info     |           Metal |   [    14530000 ..     14530100) |                                        |        0 (profiler_analysis.cpp:700)
2026-10-05 01:12:51.845 | info     |           Metal |   [    14530100 ..     14530200) |                                        |        0 (profiler_analysis.cpp:700)
2026-10-05 01:12:51.845 | info     |           Metal |   [    14530200 ..     14530300) |                                        |        0 (profiler_analysis.cpp:700)
[run]   view=orb_25 28.3ms
[SUBCHUNK] tiles_split=65 total_subchunks=1092 max_subchunks_per_tile=3 payload_pages=33318
[SORT] stage=ONELAUNCH P=2100112 P_kept=2100112 num_tiles=1024 max_tile_n=21340 onelaunch=2.65 layout=0.04 pub_host=0.14 total=2.87ms
2026-10-05 01:12:51.873 | info     |           Metal | Device kernel duration perf summary (device=0): count=1, min=13998504ns, avg=13998504.0ns, max=13998504ns (profiler_analysis.cpp:645)
2026-10-05 01:12:51.873 | info     |           Metal | Device kernel duration perf histogram (device=0): (buckets=10, bucket_size=100ns, range=[13998500..13999500), underflow(<13998500ns)=0, overflow(>=13999500ns)=0) (profiler_analysis.cpp:682)
2026-10-05 01:12:51.873 | info     |           Metal |   [    13998500 ..     13998600) |########################################|        1 (profiler_analysis.cpp:700)
2026-10-05 01:12:51.873 | info     |           Metal |   [    13998600 ..     13998700) |                                        |        0 (profiler_analysis.cpp:700)
2026-10-05 01:12:51.873 | info     |           Metal |   [    13998700 ..     13998800) |                                        |        0 (profiler_analysis.cpp:700)
2026-10-05 01:12:51.873 | info     |           Metal |   [    13998800 ..     13998900) |                                        |        0 (profiler_analysis.cpp:700)
2026-10-05 01:12:51.873 | info     |           Metal |   [    13998900 ..     13999000) |                                        |        0 (profiler_analysis.cpp:700)
2026-10-05 01:12:51.873 | info     |           Metal |   [    13999000 ..     13999100) |                                        |        0 (profiler_analysis.cpp:700)
2026-10-05 01:12:51.873 | info     |           Metal |   [    13999100 ..     13999200) |                                        |        0 (profiler_analysis.cpp:700)
2026-10-05 01:12:51.873 | info     |           Metal |   [    13999200 ..     13999300) |                                        |        0 (profiler_analysis.cpp:700)
2026-10-05 01:12:51.873 | info     |           Metal |   [    13999300 ..     13999400) |                                        |        0 (profiler_analysis.cpp:700)
2026-10-05 01:12:51.873 | info     |           Metal |   [    13999400 ..     13999500) |                                        |        0 (profiler_analysis.cpp:700)
[run]   view=orb_26 27.8ms
[SUBCHUNK] tiles_split=65 total_subchunks=1092 max_subchunks_per_tile=3 payload_pages=32594
[SORT] stage=ONELAUNCH P=2053343 P_kept=2053343 num_tiles=1024 max_tile_n=21713 onelaunch=2.50 layout=0.05 pub_host=0.14 total=2.74ms
2026-10-05 01:12:51.901 | info     |           Metal | Device kernel duration perf summary (device=0): count=1, min=13748475ns, avg=13748475.0ns, max=13748475ns (profiler_analysis.cpp:645)
2026-10-05 01:12:51.901 | info     |           Metal | Device kernel duration perf histogram (device=0): (buckets=10, bucket_size=100ns, range=[13748400..13749400), underflow(<13748400ns)=0, overflow(>=13749400ns)=0) (profiler_analysis.cpp:682)
2026-10-05 01:12:51.901 | info     |           Metal |   [    13748400 ..     13748500) |########################################|        1 (profiler_analysis.cpp:700)
2026-10-05 01:12:51.901 | info     |           Metal |   [    13748500 ..     13748600) |                                        |        0 (profiler_analysis.cpp:700)
2026-10-05 01:12:51.901 | info     |           Metal |   [    13748600 ..     13748700) |                                        |        0 (profiler_analysis.cpp:700)
2026-10-05 01:12:51.901 | info     |           Metal |   [    13748700 ..     13748800) |                                        |        0 (profiler_analysis.cpp:700)
2026-10-05 01:12:51.901 | info     |           Metal |   [    13748800 ..     13748900) |                                        |        0 (profiler_analysis.cpp:700)
2026-10-05 01:12:51.901 | info     |           Metal |   [    13748900 ..     13749000) |                                        |        0 (profiler_analysis.cpp:700)
2026-10-05 01:12:51.901 | info     |           Metal |   [    13749000 ..     13749100) |                                        |        0 (profiler_analysis.cpp:700)
2026-10-05 01:12:51.901 | info     |           Metal |   [    13749100 ..     13749200) |                                        |        0 (profiler_analysis.cpp:700)
2026-10-05 01:12:51.901 | info     |           Metal |   [    13749200 ..     13749300) |                                        |        0 (profiler_analysis.cpp:700)
2026-10-05 01:12:51.901 | info     |           Metal |   [    13749300 ..     13749400) |                                        |        0 (profiler_analysis.cpp:700)
[run]   view=orb_27 28.6ms
[SUBCHUNK] tiles_split=60 total_subchunks=1087 max_subchunks_per_tile=3 payload_pages=32524
[SORT] stage=ONELAUNCH P=2050402 P_kept=2050402 num_tiles=1024 max_tile_n=20666 onelaunch=2.53 layout=0.07 pub_host=0.19 total=2.83ms
2026-10-05 01:12:51.932 | info     |           Metal | Device kernel duration perf summary (device=0): count=1, min=15561836ns, avg=15561836.0ns, max=15561836ns (profiler_analysis.cpp:645)
2026-10-05 01:12:51.932 | info     |           Metal | Device kernel duration perf histogram (device=0): (buckets=10, bucket_size=100ns, range=[15561800..15562800), underflow(<15561800ns)=0, overflow(>=15562800ns)=0) (profiler_analysis.cpp:682)
2026-10-05 01:12:51.932 | info     |           Metal |   [    15561800 ..     15561900) |########################################|        1 (profiler_analysis.cpp:700)
2026-10-05 01:12:51.932 | info     |           Metal |   [    15561900 ..     15562000) |                                        |        0 (profiler_analysis.cpp:700)
2026-10-05 01:12:51.932 | info     |           Metal |   [    15562000 ..     15562100) |                                        |        0 (profiler_analysis.cpp:700)
2026-10-05 01:12:51.932 | info     |           Metal |   [    15562100 ..     15562200) |                                        |        0 (profiler_analysis.cpp:700)
2026-10-05 01:12:51.932 | info     |           Metal |   [    15562200 ..     15562300) |                                        |        0 (profiler_analysis.cpp:700)
2026-10-05 01:12:51.932 | info     |           Metal |   [    15562300 ..     15562400) |                                        |        0 (profiler_analysis.cpp:700)
2026-10-05 01:12:51.932 | info     |           Metal |   [    15562400 ..     15562500) |                                        |        0 (profiler_analysis.cpp:700)
2026-10-05 01:12:51.932 | info     |           Metal |   [    15562500 ..     15562600) |                                        |        0 (profiler_analysis.cpp:700)
2026-10-05 01:12:51.932 | info     |           Metal |   [    15562600 ..     15562700) |                                        |        0 (profiler_analysis.cpp:700)
2026-10-05 01:12:51.932 | info     |           Metal |   [    15562700 ..     15562800) |                                        |        0 (profiler_analysis.cpp:700)
[run]   view=orb_28 29.8ms
SUMMARY scene=bicycle hero='hero' hero_vs_ref=100.00dB(8bit-vs-golden) hero_vs_cpu=nandB(float-vs-cpu) avg_frame_ms=31.4 p50_ms=30.8 min_ms=27.8 max_ms=42.0 n_views=30 warmup_s=42.3 out=/localdev/smarton/gstt2-t188/tmp/t188-on
TTW_METRIC hero_vs_ref=100.00
TTW_TIMING ms_view=31.387
TTW_TIMING blend=31.387
TTW_TIMING stage_head=0.003
TTW_TIMING stage_project=4.502
TTW_TIMING stage_tile_assign=0.006
TTW_TIMING stage_sort=3.888
TTW_TIMING stage_blend_setup=0.000
TTW_TIMING stage_mat=0.000
TTW_TIMING stage_cull=0.000
TTW_TIMING stage_blend=8.544
TTW_TIMING stage_d2h=0.250
TTW_TIMING stage_assemble=0.000
TTW_TIMING stage_tail=14.146
TTW_TIMING stage_view_total=31.340
TTW_TIMING stage_pybind=0.047
STAGES n=30 head=0.003 project=4.502 tile_assign=0.006 sort=3.888 blend_setup=0.000 mat=0.000 cull=0.000 blend=8.544 d2h=0.250 assemble=0.000 tail=14.146 | sum=31.338 view_total=31.340 resid_in_view=+0.001 avg_frame_ms=31.387 resid_vs_frame=+0.048
TTW_TIMING stage_sort_pread=0.015
TTW_TIMING stage_sort_bin_count=0.000
TTW_TIMING stage_sort_bin_hist_d2h=0.000
TTW_TIMING stage_sort_bin_layout=0.046
TTW_TIMING stage_sort_upload=0.000
TTW_TIMING stage_sort_bin_emit=3.574
TTW_TIMING stage_sort_kernel=0.000
TTW_TIMING stage_sort_d2h=0.000
TTW_TIMING stage_sort_compact=0.000
TTW_TIMING stage_sort_publish_host=0.152
TTW_TIMING stage_sort_publish_wait=0.000
TTW_TIMING stage_sort_mat=0.046
TTW_TIMING stage_sort_other=0.055
SORT_STAGES n=30 pread=0.015 bin_count=0.000 bin_hist_d2h=0.000 bin_layout=0.046 upload=0.000 bin_emit=3.574 kernel=0.000 d2h=0.000 compact=0.000 publish_host=0.152 publish_wait=0.000 mat=0.046 | sum=3.833 sort=3.888 resid=+0.055
TTW_TIMING stage_project_cov3d=0.000
TTW_TIMING stage_project_pfwc_setup=0.004
TTW_TIMING stage_project_pfwc_rtargs=0.039
TTW_TIMING stage_project_pfwc_enqueue=0.031
TTW_TIMING stage_project_pfwc_finish=0.000
TTW_TIMING stage_project_gather_setup=0.001
TTW_TIMING stage_project_gather_rtargs=0.000
TTW_TIMING stage_project_gather_enqueue=0.000
TTW_TIMING stage_project_gather_wait=3.983
TTW_TIMING stage_project_gather_result=0.442
TTW_TIMING stage_project_other=0.001
PROJECT_STAGES n=30 cov3d=0.000 pfwc_setup=0.004 pfwc_rtargs=0.039 pfwc_enqueue=0.031 pfwc_finish=0.000 gather_setup=0.001 gather_rtargs=0.000 gather_enqueue=0.000 gather_wait=3.983 gather_result=0.442 | sum=4.500 project=4.502 resid=+0.001
TTW_TIMING stage_tile_assign_setup=0.004
TTW_TIMING stage_tile_assign_rtargs=0.000
TTW_TIMING stage_tile_assign_enqueue=0.000
TTW_TIMING stage_tile_assign_scan_finish=0.000
TTW_TIMING stage_tile_assign_p_d2h=0.000
TTW_TIMING stage_tile_assign_k2_finish=0.000
TTW_TIMING stage_tile_assign_publish=0.001
TTW_TIMING stage_tile_assign_other=0.001
TILE_ASSIGN_STAGES n=30 setup=0.004 rtargs=0.000 enqueue=0.000 scan_finish=0.000 p_d2h=0.000 k2_finish=0.000 publish=0.001 | sum=0.005 tile_assign=0.006 resid=+0.001
[capture-inner] run.py rc=0

Queue delay: 16 ns
Timer resolution: 0 ns

Frames: 2
Time span: 51.7 s
Zones: 544,577
Elapsed time: 44.02 s
Saving trace... done!
Trace size 7239.54 KB (28.03% ratio)
2026-10-05 01:12:53.228 | INFO     | tracy:generate_report:154 - Host side ops time report generated at /localdev/smarton/gstt2-t188/opt/profiler/wrap_out_t188-on/.logs/tracy_ops_times.csv
2026-10-05 01:12:53.243 | INFO     | tracy:generate_report:165 - Host side ops data report generated at /localdev/smarton/gstt2-t188/opt/profiler/wrap_out_t188-on/.logs/tracy_ops_data.csv
2026-10-05 01:12:53.243 | INFO     | tracy.process_ops_logs:import_tracy_op_logs:255 - Importing ops logs
/localdev/smarton/tt-metal/tools/tracy/process_ops_logs.py:360: DtypeWarning: Columns (3) have mixed types. Specify dtype option on import or set low_memory=False.
  df = pd.read_csv(tracyOpTimesLog)
2026-10-05 01:12:54.012 | INFO     | tracy.process_ops_logs:get_device_data_generate_report:1014 - Copying runtime artifacts
2026-10-05 01:12:54.067 | INFO     | tracy.process_ops_logs:get_device_data_generate_report:1020 - Getting device only ops data
2026-10-05 01:12:55.740 | INFO     | tracy.process_device_log:core_to_device_timeseries:416 - Importing Data For Device Number : 0
2026-10-05 01:12:58.512 | INFO     | tracy.process_ops_logs:get_device_data_generate_report:1032 - Generating device op report ...
2026-10-05 01:12:58.534 | INFO     | tracy.process_ops_logs:get_device_data_generate_report:1210 - Device only OPs csv generated at: /localdev/smarton/gstt2-t188/opt/profiler/wrap_out_t188-on/reports/2026_10_05_01_12_54/ops_perf_results_2026_10_05_01_12_54.csv
2026-10-05 01:12:58.537 | INFO     | tracy.process_ops_logs:get_device_data_generate_report:1219 - Device only per core op to op times csv generated at: /localdev/smarton/gstt2-t188/opt/profiler/wrap_out_t188-on/reports/2026_10_05_01_12_54/per_core_op_to_op_times_2026_10_05_01_12_54.csv
[capture_tracy] wrapper exited rc=0
[capture_tracy] OK tracy: -rw-r--r-- 1 smarton group_1211416483 7414911 Oct  5 01:12 /localdev/smarton/gstt2-t188/opt/profiler/t188-on/render.tracy
[capture_tracy] device profiler CSV data rows: 463933 (~19.9k rows/view at ttw-142; 30 views + warmup ~616k)
[capture_tracy] per-zone-hash device marker counts (each zone repeats ~30x across views):
  68372 51207
  61380 49375
  61380 17277
  34100 32535
  34100 16443
  34100 13133
  34100 12391
  20460 59873
  20460 22543
  20460 2157
  13640 6704
  13640 6401
  13640 19601
  13640 19013
   6820 55685
   6820 16036
   6820 13299
      1  timer_id
[capture_tracy] DONE rc=0 tracy=/localdev/smarton/gstt2-t188/opt/profiler/t188-on/render.tracy
