[sync_remote] sha=31838f2de07a141be02109859719491670c55fcb so_md5=fd474d423d3b94fd406db320b77354f4 
=== t100r4-base 31838f2 
run rc=0
SUMMARY scene=bicycle hero='hero' hero_vs_ref=100.00dB(8bit-vs-golden) hero_vs_cpu=nandB(float-vs-cpu) avg_frame_ms=29.6 p50_ms=30.0 min_ms=25.5 max_ms=34.1 n_views=30 warmup_s=1.9 out=/localdev/smarton/gstt2-t100/tmp/t100-t100r4-base
STAGES n=30 head=0.002 project=6.462 tile_assign=1.442 sort=10.706 blend_setup=0.000 mat=0.000 cull=0.000 blend=10.675 d2h=0.320 assemble=0.000 tail=0.002 | sum=29.611 view_total=29.612 resid_in_view=+0.001 avg_frame_ms=29.643 resid_vs_frame=+0.033
SORT_STAGES n=30 pread=0.019 bin_count=0.917 bin_hist_d2h=0.255 bin_layout=0.235 upload=0.068 bin_emit=5.290 kernel=0.038 d2h=0.000 compact=0.000 publish_host=0.212 publish_wait=3.568 mat=0.057 | sum=10.659 sort=10.706 resid=+0.048
PROJECT_STAGES n=30 cov3d=0.000 pfwc_setup=0.001 pfwc_rtargs=0.026 pfwc_enqueue=0.029 pfwc_finish=2.484 gather_setup=0.002 gather_rtargs=0.017 gather_enqueue=0.029 gather_wait=3.768 gather_result=0.103 | sum=6.460 project=6.462 resid=+0.002
TILE_ASSIGN_STAGES n=30 setup=0.004 rtargs=0.014 enqueue=0.020 scan_finish=0.000 p_d2h=0.000 k2_finish=1.402 publish=0.001 | sum=1.441 tile_assign=1.442 resid=+0.001
ALL_VIEWS_IDENTICAL (30 views)
=== t100r4-legacy 31838f2 GSPLAT_TT_EMIT_PB=1 GSPLAT_TT_EMIT_RING=0 GSPLAT_TT_EMIT_PUBOC=0
run rc=0
SUMMARY scene=bicycle hero='hero' hero_vs_ref=100.00dB(8bit-vs-golden) hero_vs_cpu=nandB(float-vs-cpu) avg_frame_ms=32.8 p50_ms=33.3 min_ms=27.9 max_ms=37.8 n_views=30 warmup_s=2.3 out=/localdev/smarton/gstt2-t100/tmp/t100-t100r4-legacy
STAGES n=30 head=0.003 project=6.005 tile_assign=1.434 sort=14.315 blend_setup=0.000 mat=0.000 cull=0.000 blend=10.726 d2h=0.278 assemble=0.000 tail=0.002 | sum=32.763 view_total=32.763 resid_in_view=+0.001 avg_frame_ms=32.796 resid_vs_frame=+0.033
SORT_STAGES n=30 pread=0.015 bin_count=0.916 bin_hist_d2h=0.250 bin_layout=0.235 upload=0.067 bin_emit=8.926 kernel=0.028 d2h=0.000 compact=0.000 publish_host=0.185 publish_wait=3.603 mat=0.048 | sum=14.274 sort=14.315 resid=+0.041
PROJECT_STAGES n=30 cov3d=0.000 pfwc_setup=0.001 pfwc_rtargs=0.028 pfwc_enqueue=0.031 pfwc_finish=2.477 gather_setup=0.002 gather_rtargs=0.013 gather_enqueue=0.022 gather_wait=3.324 gather_result=0.106 | sum=6.003 project=6.005 resid=+0.002
TILE_ASSIGN_STAGES n=30 setup=0.003 rtargs=0.014 enqueue=0.015 scan_finish=0.000 p_d2h=0.000 k2_finish=1.401 publish=0.001 | sum=1.433 tile_assign=1.434 resid=+0.001
ALL_VIEWS_IDENTICAL (30 views)
=== t100r4-base 31838f2 
run rc=0
SUMMARY scene=bicycle hero='hero' hero_vs_ref=100.00dB(8bit-vs-golden) hero_vs_cpu=nandB(float-vs-cpu) avg_frame_ms=29.5 p50_ms=29.9 min_ms=25.3 max_ms=33.9 n_views=30 warmup_s=2.2 out=/localdev/smarton/gstt2-t100/tmp/t100-t100r4-base
STAGES n=30 head=0.003 project=6.439 tile_assign=1.429 sort=10.651 blend_setup=0.000 mat=0.000 cull=0.000 blend=10.737 d2h=0.231 assemble=0.000 tail=0.002 | sum=29.492 view_total=29.493 resid_in_view=+0.001 avg_frame_ms=29.526 resid_vs_frame=+0.034
SORT_STAGES n=30 pread=0.014 bin_count=0.910 bin_hist_d2h=0.247 bin_layout=0.246 upload=0.069 bin_emit=5.280 kernel=0.025 d2h=0.000 compact=0.000 publish_host=0.178 publish_wait=3.599 mat=0.044 | sum=10.611 sort=10.651 resid=+0.039
PROJECT_STAGES n=30 cov3d=0.000 pfwc_setup=0.002 pfwc_rtargs=0.029 pfwc_enqueue=0.033 pfwc_finish=2.474 gather_setup=0.002 gather_rtargs=0.014 gather_enqueue=0.021 gather_wait=3.761 gather_result=0.103 | sum=6.438 project=6.439 resid=+0.002
TILE_ASSIGN_STAGES n=30 setup=0.003 rtargs=0.013 enqueue=0.012 scan_finish=0.000 p_d2h=0.000 k2_finish=1.399 publish=0.001 | sum=1.429 tile_assign=1.429 resid=+0.001
ALL_VIEWS_IDENTICAL (30 views)
=== done round 4
